Archive member included because of file (symbol)

/home/josepintor/Documentos/gcc-arm-none-eabi-4_9-2015q3/bin/../lib/gcc/arm-none-eabi/4.9.3/../../../../arm-none-eabi/lib/armv6-m/libm.a(lib_a-w_pow.o)
                              _build/SparkFunTSL2561.o (pow)
/home/josepintor/Documentos/gcc-arm-none-eabi-4_9-2015q3/bin/../lib/gcc/arm-none-eabi/4.9.3/../../../../arm-none-eabi/lib/armv6-m/libm.a(lib_a-e_pow.o)
                              /home/josepintor/Documentos/gcc-arm-none-eabi-4_9-2015q3/bin/../lib/gcc/arm-none-eabi/4.9.3/../../../../arm-none-eabi/lib/armv6-m/libm.a(lib_a-w_pow.o) (__ieee754_pow)
/home/josepintor/Documentos/gcc-arm-none-eabi-4_9-2015q3/bin/../lib/gcc/arm-none-eabi/4.9.3/../../../../arm-none-eabi/lib/armv6-m/libm.a(lib_a-e_sqrt.o)
                              /home/josepintor/Documentos/gcc-arm-none-eabi-4_9-2015q3/bin/../lib/gcc/arm-none-eabi/4.9.3/../../../../arm-none-eabi/lib/armv6-m/libm.a(lib_a-e_pow.o) (__ieee754_sqrt)
/home/josepintor/Documentos/gcc-arm-none-eabi-4_9-2015q3/bin/../lib/gcc/arm-none-eabi/4.9.3/../../../../arm-none-eabi/lib/armv6-m/libm.a(lib_a-s_fabs.o)
                              /home/josepintor/Documentos/gcc-arm-none-eabi-4_9-2015q3/bin/../lib/gcc/arm-none-eabi/4.9.3/../../../../arm-none-eabi/lib/armv6-m/libm.a(lib_a-e_pow.o) (fabs)
/home/josepintor/Documentos/gcc-arm-none-eabi-4_9-2015q3/bin/../lib/gcc/arm-none-eabi/4.9.3/../../../../arm-none-eabi/lib/armv6-m/libm.a(lib_a-s_finite.o)
                              /home/josepintor/Documentos/gcc-arm-none-eabi-4_9-2015q3/bin/../lib/gcc/arm-none-eabi/4.9.3/../../../../arm-none-eabi/lib/armv6-m/libm.a(lib_a-w_pow.o) (finite)
/home/josepintor/Documentos/gcc-arm-none-eabi-4_9-2015q3/bin/../lib/gcc/arm-none-eabi/4.9.3/../../../../arm-none-eabi/lib/armv6-m/libm.a(lib_a-s_fpclassify.o)
                              /home/josepintor/Documentos/gcc-arm-none-eabi-4_9-2015q3/bin/../lib/gcc/arm-none-eabi/4.9.3/../../../../arm-none-eabi/lib/armv6-m/libm.a(lib_a-w_pow.o) (__fpclassifyd)
/home/josepintor/Documentos/gcc-arm-none-eabi-4_9-2015q3/bin/../lib/gcc/arm-none-eabi/4.9.3/../../../../arm-none-eabi/lib/armv6-m/libm.a(lib_a-s_lib_ver.o)
                              /home/josepintor/Documentos/gcc-arm-none-eabi-4_9-2015q3/bin/../lib/gcc/arm-none-eabi/4.9.3/../../../../arm-none-eabi/lib/armv6-m/libm.a(lib_a-w_pow.o) (__fdlib_version)
/home/josepintor/Documentos/gcc-arm-none-eabi-4_9-2015q3/bin/../lib/gcc/arm-none-eabi/4.9.3/../../../../arm-none-eabi/lib/armv6-m/libm.a(lib_a-s_matherr.o)
                              /home/josepintor/Documentos/gcc-arm-none-eabi-4_9-2015q3/bin/../lib/gcc/arm-none-eabi/4.9.3/../../../../arm-none-eabi/lib/armv6-m/libm.a(lib_a-w_pow.o) (matherr)
/home/josepintor/Documentos/gcc-arm-none-eabi-4_9-2015q3/bin/../lib/gcc/arm-none-eabi/4.9.3/../../../../arm-none-eabi/lib/armv6-m/libm.a(lib_a-s_nan.o)
                              /home/josepintor/Documentos/gcc-arm-none-eabi-4_9-2015q3/bin/../lib/gcc/arm-none-eabi/4.9.3/../../../../arm-none-eabi/lib/armv6-m/libm.a(lib_a-e_pow.o) (nan)
/home/josepintor/Documentos/gcc-arm-none-eabi-4_9-2015q3/bin/../lib/gcc/arm-none-eabi/4.9.3/../../../../arm-none-eabi/lib/armv6-m/libm.a(lib_a-s_rint.o)
                              /home/josepintor/Documentos/gcc-arm-none-eabi-4_9-2015q3/bin/../lib/gcc/arm-none-eabi/4.9.3/../../../../arm-none-eabi/lib/armv6-m/libm.a(lib_a-w_pow.o) (rint)
/home/josepintor/Documentos/gcc-arm-none-eabi-4_9-2015q3/bin/../lib/gcc/arm-none-eabi/4.9.3/../../../../arm-none-eabi/lib/armv6-m/libm.a(lib_a-s_scalbn.o)
                              /home/josepintor/Documentos/gcc-arm-none-eabi-4_9-2015q3/bin/../lib/gcc/arm-none-eabi/4.9.3/../../../../arm-none-eabi/lib/armv6-m/libm.a(lib_a-e_pow.o) (scalbn)
/home/josepintor/Documentos/gcc-arm-none-eabi-4_9-2015q3/bin/../lib/gcc/arm-none-eabi/4.9.3/../../../../arm-none-eabi/lib/armv6-m/libm.a(lib_a-s_copysign.o)
                              /home/josepintor/Documentos/gcc-arm-none-eabi-4_9-2015q3/bin/../lib/gcc/arm-none-eabi/4.9.3/../../../../arm-none-eabi/lib/armv6-m/libm.a(lib_a-s_scalbn.o) (copysign)
/home/josepintor/Documentos/gcc-arm-none-eabi-4_9-2015q3/bin/../lib/gcc/arm-none-eabi/4.9.3/armv6-m/libgcc.a(_udivsi3.o)
                              _build/utils.o (__aeabi_uidiv)
/home/josepintor/Documentos/gcc-arm-none-eabi-4_9-2015q3/bin/../lib/gcc/arm-none-eabi/4.9.3/armv6-m/libgcc.a(_divsi3.o)
                              _build/utils.o (__aeabi_idiv)
/home/josepintor/Documentos/gcc-arm-none-eabi-4_9-2015q3/bin/../lib/gcc/arm-none-eabi/4.9.3/armv6-m/libgcc.a(_dvmd_tls.o)
                              /home/josepintor/Documentos/gcc-arm-none-eabi-4_9-2015q3/bin/../lib/gcc/arm-none-eabi/4.9.3/armv6-m/libgcc.a(_udivsi3.o) (__aeabi_idiv0)
/home/josepintor/Documentos/gcc-arm-none-eabi-4_9-2015q3/bin/../lib/gcc/arm-none-eabi/4.9.3/armv6-m/libgcc.a(_arm_cmpdf2.o)
[...]
Memory Configuration

Name             Origin             Length             Attributes
FLASH            0x00016000         0x0002a000         xr
RAM              0x20002000         0x00002000         xrw
*default*        0x00000000         0xffffffff

Linker script and memory map

LOAD /home/josepintor/Documentos/gcc-arm-none-eabi-4_9-2015q3/bin/../lib/gcc/arm-none-eabi/4.9.3/armv6-m/crti.o
LOAD /home/josepintor/Documentos/gcc-arm-none-eabi-4_9-2015q3/bin/../lib/gcc/arm-none-eabi/4.9.3/armv6-m/crtbegin.o
LOAD /home/josepintor/Documentos/gcc-arm-none-eabi-4_9-2015q3/bin/../lib/gcc/arm-none-eabi/4.9.3/../../../../arm-none-eabi/lib/armv6-m/crt0.o
LOAD _build/init.o
LOAD _build/utils.o
LOAD _build/nosso.o
LOAD _build/ble_ambient.o
LOAD _build/main.o
LOAD _build/sd_card.o
LOAD _build/SparkFunTSL2561.o
LOAD _build/SparkFunMS1.o
LOAD _build/rain.o
LOAD _build/temp.o
LOAD _build/lum.o
LOAD _build/pr.o
LOAD _build/hum.o
LOAD _build/humsolo.o
LOAD _build/battery.o
LOAD _build/max1161x.o
LOAD _build/mpu9x50.o
LOAD _build/max17048.o
LOAD _build/pca9538.o
LOAD _build/fhp_gpio.o
LOAD _build/nrf_pwm.o
LOAD _build/bme280.o
LOAD _build/SEGGER_RTT.o
LOAD _build/ff.o
LOAD _build/diskio.o
LOAD _build/spi_fhp_master.o
LOAD _build/twi_hw_master.o
LOAD _build/ble_dis.o
LOAD _build/ble_srv_common.o
LOAD _build/softdevice_handler.o
LOAD _build/ble_advdata.o
LOAD _build/ble_conn_params.o
LOAD _build/app_timer.o
LOAD _build/pstorage.o
LOAD _build/device_manager_peripheral.o
LOAD _build/app_gpiote.o
LOAD _build/nrf_delay.o
LOAD _build/app_scheduler.o
LOAD _build/system_nrf51.o
LOAD _build/gcc_startup_nrf51.o
LOAD /home/josepintor/Documentos/gcc-arm-none-eabi-4_9-2015q3/bin/../lib/gcc/arm-none-eabi/4.9.3/../../../../arm-none-eabi/lib/armv6-m/libm.a
START GROUP
LOAD /home/josepintor/Documentos/gcc-arm-none-eabi-4_9-2015q3/bin/../lib/gcc/arm-none-eabi/4.9.3/armv6-m/libgcc.a
LOAD /home/josepintor/Documentos/gcc-arm-none-eabi-4_9-2015q3/bin/../lib/gcc/arm-none-eabi/4.9.3/../../../../arm-none-eabi/lib/armv6-m/libc_nano.a
END GROUP
START GROUP
LOAD /home/josepintor/Documentos/gcc-arm-none-eabi-4_9-2015q3/bin/../lib/gcc/arm-none-eabi/4.9.3/armv6-m/libgcc.a
LOAD /home/josepintor/Documentos/gcc-arm-none-eabi-4_9-2015q3/bin/../lib/gcc/arm-none-eabi/4.9.3/../../../../arm-none-eabi/lib/armv6-m/libc_nano.a
END GROUP
LOAD /home/josepintor/Documentos/gcc-arm-none-eabi-4_9-2015q3/bin/../lib/gcc/arm-none-eabi/4.9.3/armv6-m/crtend.o
LOAD /home/josepintor/Documentos/gcc-arm-none-eabi-4_9-2015q3/bin/../lib/gcc/arm-none-eabi/4.9.3/armv6-m/crtn.o
START GROUP
LOAD /home/josepintor/Documentos/gcc-arm-none-eabi-4_9-2015q3/bin/../lib/gcc/arm-none-eabi/4.9.3/armv6-m/libgcc.a
LOAD /home/josepintor/Documentos/gcc-arm-none-eabi-4_9-2015q3/bin/../lib/gcc/arm-none-eabi/4.9.3/../../../../arm-none-eabi/lib/armv6-m/libc.a
LOAD /home/josepintor/Documentos/gcc-arm-none-eabi-4_9-2015q3/bin/../lib/gcc/arm-none-eabi/4.9.3/../../../../arm-none-eabi/lib/armv6-m/libnosys.a
END GROUP

.text           0x00016000    0x18adb
 *(.Vectors)
 .Vectors       0x00016000       0xc0 _build/gcc_startup_nrf51.o
                0x00016000                __Vectors
 *(.text*)
 .text          0x000160c0       0x78 /home/josepintor/Documentos/gcc-arm-none-eabi-4_9-2015q3/bin/../lib/gcc/arm-none-eabi/4.9.3/../../../../arm-none-eabi/lib/armv6-m/crt0.o
                0x000160c0                _mainCRTStartup
                0x000160c0                _start
 .text.NVIC_SetPriority
                0x00016138       0xd4 _build/init.o
 .text.nrf_gpio_cfg_output
                0x0001620c       0x20 _build/init.o
 .text.nrf_gpio_cfg_input
                0x0001622c       0x2c _build/init.o
 .text.nrf_gpio_pin_set
                0x00016258       0x20 _build/init.o
 .text.nrf_gpio_pin_read
                0x00016278       0x24 _build/init.o
 .text.sd_ble_gap_tx_power_set
                0x0001629c        0x8 _build/init.o
 .text.sd_ble_gap_appearance_set
                0x000162a4        0x8 _build/init.o
 .text.sd_ble_gap_ppcp_set
                0x000162ac        0x8 _build/init.o
 .text.sd_ble_gap_device_name_set
                0x000162b4        0x8 _build/init.o
 .text.sd_ble_enable
                0x000162bc        0x8 _build/init.o
 .text.sd_ble_opt_set
                0x000162c4        0x8 _build/init.o
 .text.gpio_init
                0x000162cc       0x60 _build/init.o
                0x000162cc                gpio_init
 .text.leds_init
                0x0001632c       0x20 _build/init.o
                0x0001632c                leds_init
 .text.timers_init
                0x0001634c      0x128 _build/init.o
                0x0001634c                timers_init
 .text.gpiote_init
                0x00016474       0x98 _build/init.o
                0x00016474                gpiote_init
 .text.ble_stack_init
                0x0001650c      0x120 _build/init.o
                0x0001650c                ble_stack_init
 .text.scheduler_init
                0x0001662c       0x3c _build/init.o
                0x0001662c                scheduler_init
 .text.device_manager_init
                0x00016668       0xf4 _build/init.o
                0x00016668                device_manager_init
 .text.gap_params_init
                0x0001675c       0xc8 _build/init.o
                0x0001675c                gap_params_init
 .text.services_init
                0x00016824      0x118 _build/init.o
                0x00016824                services_init
 .text.advertising_init
                0x0001693c       0x84 _build/init.o
                0x0001693c                advertising_init
 .text.conn_params_init
                0x000169c0       0x84 _build/init.o
                0x000169c0                conn_params_init
 .text.drivers_init
                0x00016a44      0x118 _build/init.o
                0x00016a44                drivers_init
 .text.sensors_init
                0x00016b5c      0x1c0 _build/init.o
                0x00016b5c                sensors_init
 .text.watchdog_init
                0x00016d1c       0x80 _build/init.o
                0x00016d1c                watchdog_init
 .text.application_work_start
                0x00016d9c      0x1c0 _build/init.o
                0x00016d9c                application_work_start
 .text.getBaseTimer
                0x00016f5c       0x14 _build/utils.o
                0x00016f5c                getBaseTimer
 .text.deleteFile
                0x00016f70       0x18 _build/utils.o
                0x00016f70                deleteFile
 .text.msec_to_ticks
                0x00016f88       0x30 _build/utils.o
                0x00016f88                msec_to_ticks
 .text.check_ble_service_err_code
                0x00016fb8       0x70 _build/utils.o
                0x00016fb8                check_ble_service_err_code
 .text.add_zeroes_twenty
                0x00017028      0x14c _build/utils.o
                0x00017028                add_zeroes_twenty
 .text.add_zeroes
                0x00017174      0x108 _build/utils.o
                0x00017174                add_zeroes
 .text.log_to_sd
                0x0001727c      0x180 _build/utils.o
                0x0001727c                log_to_sd
 .text.log2sd   0x000173fc       0x98 _build/utils.o
                0x000173fc                log2sd
 .text.getTimeStamp
                0x00017494       0x14 _build/nosso.o
                0x00017494                getTimeStamp
 .text.getflagBAT
                0x000174a8       0x14 _build/nosso.o
                0x000174a8                getflagBAT
 .text.getflagACC
                0x000174bc       0x14 _build/nosso.o
                0x000174bc                getflagACC
 .text.getflag_sd
                0x000174d0       0x14 _build/nosso.o
                0x000174d0                getflag_sd
 .text.setTimeStamp
                0x000174e4       0x18 _build/nosso.o
                0x000174e4                setTimeStamp
 .text.setflagBAT
                0x000174fc       0x18 _build/nosso.o
                0x000174fc                setflagBAT
 .text.setflagACC
                0x00017514       0x18 _build/nosso.o
                0x00017514                setflagACC
 .text.setflag_sd
                0x0001752c       0x18 _build/nosso.o
                0x0001752c                setflag_sd
 .text.increTimeStamp
                0x00017544       0x18 _build/nosso.o
                0x00017544                increTimeStamp
 .text.sd_ble_gatts_service_add
                0x0001755c        0x8 _build/ble_ambient.o
 .text.sd_ble_gatts_characteristic_add
                0x00017564        0x8 _build/ble_ambient.o
 .text.sd_ble_gatts_value_set
                0x0001756c        0x8 _build/ble_ambient.o
 .text.sd_ble_gatts_hvx
                0x00017574        0x8 _build/ble_ambient.o
 .text.sd_ble_uuid_vs_add
                0x0001757c        0x8 _build/ble_ambient.o
 .text.on_connect
                0x00017584       0x18 _build/ble_ambient.o
 .text.on_disconnect
                0x0001759c       0x50 _build/ble_ambient.o
 .text.on_write
                0x000175ec      0x284 _build/ble_ambient.o
 .text.ble_ambient_on_ble_evt
                0x00017870       0x5c _build/ble_ambient.o
                0x00017870                ble_ambient_on_ble_evt
 .text.sensors_char_add
                0x000178cc      0xc00 _build/ble_ambient.o
 .text.ble_ambient_init
                0x000184cc      0x298 _build/ble_ambient.o
                0x000184cc                ble_ambient_init
 .text.ble_ambient_sensor_update
                0x00018764      0x128 _build/ble_ambient.o
                0x00018764                ble_ambient_sensor_update
 .text.sd_handler
                0x0001888c      0x180 _build/ble_ambient.o
                0x0001888c                sd_handler
 .text.lerCartao2
                0x00018a0c      0x118 _build/ble_ambient.o
                0x00018a0c                lerCartao2
 .text.ble_ambient_config_update
                0x00018b24      0x194 _build/ble_ambient.o
                0x00018b24                ble_ambient_config_update
 .text.rtc_timer_handler
                0x00018cb8       0x14 _build/ble_ambient.o
                0x00018cb8                rtc_timer_handler
 .text.ble_install_config_update
                0x00018ccc      0x174 _build/ble_ambient.o
                0x00018ccc                ble_install_config_update
 .text.NVIC_SystemReset
                0x00018e40       0x1c _build/main.o
 .text.nrf_gpio_pin_clear
                0x00018e5c       0x24 _build/main.o
 .text.sd_ble_gap_adv_start
                0x00018e80        0x8 _build/main.o
 .text.sd_app_evt_wait
                0x00018e88        0x8 _build/main.o
 .text.app_error_handler
                0x00018e90       0x6c _build/main.o
                0x00018e90                app_error_handler
 .text.HardFault_Handler
                0x00018efc       0x44 _build/main.o
                0x00018efc                HardFault_Handler
 .text.assert_nrf_callback
                0x00018f40       0x60 _build/main.o
                0x00018f40                assert_nrf_callback
 .text.conn_params_error_handler
                0x00018fa0       0x20 _build/main.o
                0x00018fa0                conn_params_error_handler
 .text.on_conn_params_evt
                0x00018fc0       0x3c _build/main.o
                0x00018fc0                on_conn_params_evt
 .text.advertising_start
                0x00018ffc       0xb8 _build/main.o
                0x00018ffc                advertising_start
 .text.on_ble_evt
                0x000190b4       0xf4 _build/main.o
 .text.device_manager_evt_handler
                0x000191a8       0x34 _build/main.o
                0x000191a8                device_manager_evt_handler
 .text.ble_evt_dispatch
                0x000191dc       0x38 _build/main.o
                0x000191dc                ble_evt_dispatch
 .text.on_sys_evt
                0x00019214       0x10 _build/main.o
 .text.sys_evt_dispatch
                0x00019224       0x20 _build/main.o
                0x00019224                sys_evt_dispatch
 .text.ble_amb_evt
                0x00019244      0x298 _build/main.o
                0x00019244                ble_amb_evt
 .text.sensor_timer_handler
                0x000194dc       0xe0 _build/main.o
                0x000194dc                sensor_timer_handler
 .text.base_timer_handler
                0x000195bc       0x44 _build/main.o
                0x000195bc                base_timer_handler
 .text.watchdog_timer_handler
                0x00019600       0x20 _build/main.o
                0x00019600                watchdog_timer_handler
 .text.power_manage
                0x00019620       0x34 _build/main.o
 .text.setup    0x00019654      0x1f4 _build/main.o
 .text.main     0x00019848       0x5c _build/main.o
                0x00019848                main
 .text.nrf_delay_us
                0x000198a4       0x34 _build/sd_card.o
 .text.nrf_gpio_cfg_output
                0x000198d8       0x20 _build/sd_card.o
 .text.nrf_gpio_pin_set
                0x000198f8       0x20 _build/sd_card.o
 .text.nrf_gpio_pin_clear
                0x00019918       0x24 _build/sd_card.o
 .text.spi_init
                0x0001993c       0x28 _build/sd_card.o
                0x0001993c                spi_init
 .text.send_mmc
                0x00019964       0x74 _build/sd_card.o
                0x00019964                send_mmc
 .text.receive_mmc
                0x000199d8       0x90 _build/sd_card.o
                0x000199d8                receive_mmc
 .text.wait_ready
                0x00019a68       0x48 _build/sd_card.o
                0x00019a68                wait_ready
 .text.select   0x00019ab0       0x30 _build/sd_card.o
                0x00019ab0                select
 .text.deselect
                0x00019ae0       0x1c _build/sd_card.o
                0x00019ae0                deselect
 .text.receive_datablock
                0x00019afc       0x70 _build/sd_card.o
                0x00019afc                receive_datablock
 .text.send_datablock
                0x00019b6c       0x78 _build/sd_card.o
                0x00019b6c                send_datablock
 .text.send_cmd
                0x00019be4      0x140 _build/sd_card.o
                0x00019be4                send_cmd
 .text.begin    0x00019d24       0x28 _build/SparkFunTSL2561.o
                0x00019d24                begin
 .text.SparkFunTSL2561_init
                0x00019d4c       0xe0 _build/SparkFunTSL2561.o
                0x00019d4c                SparkFunTSL2561_init
 .text.SparkFunTSL2561_bring_the_light
                0x00019e2c       0x90 _build/SparkFunTSL2561.o
                0x00019e2c                SparkFunTSL2561_bring_the_light
 .text.SFE_TSL2561_begin
                0x00019ebc       0x1c _build/SparkFunTSL2561.o
                0x00019ebc                SFE_TSL2561_begin
 .text.SFE_TSL2561_setPowerUp
                0x00019ed8       0x1c _build/SparkFunTSL2561.o
                0x00019ed8                SFE_TSL2561_setPowerUp
 .text.setTiming
                0x00019ef4       0xb4 _build/SparkFunTSL2561.o
                0x00019ef4                setTiming
 .text.SFE_TSL2561_setTiming
                0x00019fa8       0x60 _build/SparkFunTSL2561.o
                0x00019fa8                SFE_TSL2561_setTiming
 .text.SFE_TSL2561_getData
                0x0001a008       0x5c _build/SparkFunTSL2561.o
                0x0001a008                SFE_TSL2561_getData
 .text.SFE_TSL2561_getLux
                0x0001a064      0x360 _build/SparkFunTSL2561.o
                0x0001a064                SFE_TSL2561_getLux
 .text.SFE_TSL2561_getID
                0x0001a3c4       0x2c _build/SparkFunTSL2561.o
                0x0001a3c4                SFE_TSL2561_getID
 .text.SFE_TSL2561_readByte
                0x0001a3f0       0xac _build/SparkFunTSL2561.o
                0x0001a3f0                SFE_TSL2561_readByte
 .text.SFE_TSL2561_writeByte
                0x0001a49c       0xa4 _build/SparkFunTSL2561.o
                0x0001a49c                SFE_TSL2561_writeByte
 .text.SFE_TSL2561_readUInt
                0x0001a540       0xb8 _build/SparkFunTSL2561.o
                0x0001a540                SFE_TSL2561_readUInt
 .text.SparkFunMS1_read1
                0x0001a5f8       0x84 _build/SparkFunMS1.o
                0x0001a5f8                SparkFunMS1_read1
 .text.SparkFunMS1_read3
                0x0001a67c       0x70 _build/SparkFunMS1.o
                0x0001a67c                SparkFunMS1_read3
 .text.rain_init
                0x0001a6ec       0x50 _build/rain.o
                0x0001a6ec                rain_init
 .text.rain_configs_update
                0x0001a73c      0x11c _build/rain.o
                0x0001a73c                rain_configs_update
 .text.rain_values_handler
                0x0001a858       0x68 _build/rain.o
                0x0001a858                rain_values_handler
 .text.temp_init
                0x0001a8c0       0x50 _build/temp.o
                0x0001a8c0                temp_init
 .text.temp_configs_update
                0x0001a910      0x120 _build/temp.o
                0x0001a910                temp_configs_update
 .text.temp_values_handler
                0x0001aa30       0xa0 _build/temp.o
                0x0001aa30                temp_values_handler
 .text.lum_init
                0x0001aad0       0x4c _build/lum.o
                0x0001aad0                lum_init
 .text.lum_configs_update
                0x0001ab1c      0x118 _build/lum.o
                0x0001ab1c                lum_configs_update
 .text.lum_values_handler
                0x0001ac34       0x88 _build/lum.o
                0x0001ac34                lum_values_handler
 .text.hum_init
                0x0001acbc       0x4c _build/hum.o
                0x0001acbc                hum_init
 .text.hum_configs_update
                0x0001ad08      0x11c _build/hum.o
                0x0001ad08                hum_configs_update
 .text.hum_values_handler
                0x0001ae24       0x68 _build/hum.o
                0x0001ae24                hum_values_handler
 .text.humsolo_init
                0x0001ae8c       0x50 _build/humsolo.o
                0x0001ae8c                humsolo_init
 .text.humsolo_configs_update
                0x0001aedc      0x118 _build/humsolo.o
                0x0001aedc                humsolo_configs_update
 .text.humsolo_values_handler
                0x0001aff4       0x54 _build/humsolo.o
                0x0001aff4                humsolo_values_handler
 .text.nrf_gpio_pin_set
                0x0001b048       0x20 _build/battery.o
 .text.nrf_gpio_pin_clear
                0x0001b068       0x24 _build/battery.o
 .text.nrf_gpio_pin_read
                0x0001b08c       0x24 _build/battery.o
 .text.battery_init
                0x0001b0b0       0x20 _build/battery.o
                0x0001b0b0                battery_init
 .text.induction_charging
                0x0001b0d0       0x88 _build/battery.o
                0x0001b0d0                induction_charging
 .text.wired_charging
                0x0001b158       0x88 _build/battery.o
                0x0001b158                wired_charging
 .text.battery_charge_handler
                0x0001b1e0       0xac _build/battery.o
                0x0001b1e0                battery_charge_handler
 .text.gauge_timer_handler
                0x0001b28c      0x150 _build/battery.o
                0x0001b28c                gauge_timer_handler
 .text.enable_high_voltage
                0x0001b3dc       0x4c _build/battery.o
                0x0001b3dc                enable_high_voltage
 .text.nrf_delay_us
                0x0001b428       0x34 _build/max1161x.o
 .text.max1161x_write_data
                0x0001b45c       0x48 _build/max1161x.o
                0x0001b45c                max1161x_write_data
 .text.max1161x_read_data
                0x0001b4a4       0x54 _build/max1161x.o
                0x0001b4a4                max1161x_read_data
 .text.max1161x_init
                0x0001b4f8       0x48 _build/max1161x.o
                0x0001b4f8                max1161x_init
 .text.max1161x_read_channel
                0x0001b540       0x88 _build/max1161x.o
                0x0001b540                max1161x_read_channel
 .text.nrf_delay_us
                0x0001b5c8       0x34 _build/mpu9x50.o
 .text.mpu9x50_initMoveSensor
                0x0001b5fc       0x80 _build/mpu9x50.o
                0x0001b5fc                mpu9x50_initMoveSensor
 .text.read_mult
                0x0001b67c       0xd4 _build/mpu9x50.o
                0x0001b67c                read_mult
 .text.read     0x0001b750       0x28 _build/mpu9x50.o
                0x0001b750                read
 .text.write_mult
                0x0001b778      0x114 _build/mpu9x50.o
                0x0001b778                write_mult
 .text.write    0x0001b88c       0x2c _build/mpu9x50.o
                0x0001b88c                write
 .text.writeBits
                0x0001b8b8       0xe8 _build/mpu9x50.o
                0x0001b8b8                writeBits
 .text.writeBit
                0x0001b9a0       0x40 _build/mpu9x50.o
                0x0001b9a0                writeBit
 .text.mpu9x50_fifoCtrl
                0x0001b9e0       0x68 _build/mpu9x50.o
                0x0001b9e0                mpu9x50_fifoCtrl
 .text.mpu9x50_reset
                0x0001ba48       0x14 _build/mpu9x50.o
                0x0001ba48                mpu9x50_reset
 .text.mpu9x50_gyroStandby
                0x0001ba5c       0x20 _build/mpu9x50.o
                0x0001ba5c                mpu9x50_gyroStandby
 .text.mpu9x50_sleep
                0x0001ba7c       0x2c _build/mpu9x50.o
                0x0001ba7c                mpu9x50_sleep
 .text.mpu9x50_cycleMode
                0x0001baa8       0x20 _build/mpu9x50.o
                0x0001baa8                mpu9x50_cycleMode
 .text.mpu9x50_setCycleWakeFrequency
                0x0001bac8       0x20 _build/mpu9x50.o
                0x0001bac8                mpu9x50_setCycleWakeFrequency
 .text.mpu9x50_setStandbyAccX
                0x0001bae8       0x20 _build/mpu9x50.o
                0x0001bae8                mpu9x50_setStandbyAccX
 .text.mpu9x50_setStandbyAccY
                0x0001bb08       0x20 _build/mpu9x50.o
                0x0001bb08                mpu9x50_setStandbyAccY
 .text.mpu9x50_setStandbyAccZ
                0x0001bb28       0x20 _build/mpu9x50.o
                0x0001bb28                mpu9x50_setStandbyAccZ
 .text.mpu9x50_setStandbyGyroX
                0x0001bb48       0x20 _build/mpu9x50.o
                0x0001bb48                mpu9x50_setStandbyGyroX
 .text.mpu9x50_setStandbyGyroY
                0x0001bb68       0x20 _build/mpu9x50.o
                0x0001bb68                mpu9x50_setStandbyGyroY
 .text.mpu9x50_setStandbyGyroZ
                0x0001bb88       0x20 _build/mpu9x50.o
                0x0001bb88                mpu9x50_setStandbyGyroZ
 .text.mpu9x50_setAccelerometerDigitalLowPassFilter
                0x0001bba8       0x20 _build/mpu9x50.o
                0x0001bba8                mpu9x50_setAccelerometerDigitalLowPassFilter
 .text.mpu9x50_setAccelerometerDigitalLowPassFilterOn
                0x0001bbc8       0x20 _build/mpu9x50.o
                0x0001bbc8                mpu9x50_setAccelerometerDigitalLowPassFilterOn
 .text.mpu9x50_setInterruptDataReadyEnable
                0x0001bbe8       0x20 _build/mpu9x50.o
                0x0001bbe8                mpu9x50_setInterruptDataReadyEnable
 .text.mpu9x50_setMotionInterrupt
                0x0001bc08       0x10 _build/mpu9x50.o
                0x0001bc08                mpu9x50_setMotionInterrupt
 .text.mpu9x50_setMotionThreshold
                0x0001bc18       0x10 _build/mpu9x50.o
                0x0001bc18                mpu9x50_setMotionThreshold
 .text.mpu9x50_setEnableFifo
                0x0001bc28       0x20 _build/mpu9x50.o
                0x0001bc28                mpu9x50_setEnableFifo
 .text.mpu9x50_setFifoReset
                0x0001bc48       0x20 _build/mpu9x50.o
                0x0001bc48                mpu9x50_setFifoReset
 .text.nrf_delay_us
                0x0001bc68       0x34 _build/max17048.o
 .text.max17048_write_data
                0x0001bc9c      0x11c _build/max17048.o
                0x0001bc9c                max17048_write_data
 .text.max17048_read_data
                0x0001bdb8       0x88 _build/max17048.o
                0x0001bdb8                max17048_read_data
 .text.max17048_clear_alert
                0x0001be40       0x6c _build/max17048.o
                0x0001be40                max17048_clear_alert
 .text.max17048_init
                0x0001beac      0x114 _build/max17048.o
                0x0001beac                max17048_init
 .text.max17048_read_soc
                0x0001bfc0       0x2c _build/max17048.o
                0x0001bfc0                max17048_read_soc
 .text.max17048_get_alert
                0x0001bfec       0xbc _build/max17048.o
                0x0001bfec                max17048_get_alert
 .text.nrf_delay_us
                0x0001c0a8       0x34 _build/pca9538.o
 .text.pca9538_write
                0x0001c0dc       0x64 _build/pca9538.o
                0x0001c0dc                pca9538_write
 .text.pca9538_init
                0x0001c140       0x84 _build/pca9538.o
                0x0001c140                pca9538_init
 .text.nrf_gpio_cfg_output
                0x0001c1c4       0x20 _build/fhp_gpio.o
 .text.nrf_gpio_pin_set
                0x0001c1e4       0x20 _build/fhp_gpio.o
 .text.nrf_gpio_pin_clear
                0x0001c204       0x24 _build/fhp_gpio.o
 .text.fhp_gpio_init
                0x0001c228       0x58 _build/fhp_gpio.o
                0x0001c228                fhp_gpio_init
 .text.clear_pwm_pin
                0x0001c280      0x15c _build/fhp_gpio.o
 .text.fhp_gpio_set
                0x0001c3dc       0x3c _build/fhp_gpio.o
                0x0001c3dc                fhp_gpio_set
 .text.fhp_gpio_clear
                0x0001c418       0x3c _build/fhp_gpio.o
                0x0001c418                fhp_gpio_clear
 .text.fhp_gpio_config
                0x0001c454      0x2cc _build/fhp_gpio.o
 .text.fhp_gpio_blink
                0x0001c720       0x60 _build/fhp_gpio.o
                0x0001c720                fhp_gpio_blink
 .text.fhp_gpio_fade
                0x0001c780       0x68 _build/fhp_gpio.o
                0x0001c780                fhp_gpio_fade
 .text.timer_handler
                0x0001c7e8      0x214 _build/fhp_gpio.o
 .text.nrf_gpiote_task_config
                0x0001c9fc       0xb4 _build/nrf_pwm.o
 .text.nrf_gpiote_unconfig
                0x0001cab0       0x24 _build/nrf_pwm.o
 .text.nrf_gpio_cfg_output
                0x0001cad4       0x20 _build/nrf_pwm.o
 .text.nrf_gpio_pin_set
                0x0001caf4       0x20 _build/nrf_pwm.o
 .text.nrf_gpio_pin_clear
                0x0001cb14       0x24 _build/nrf_pwm.o
 .text.nrf_gpio_pin_write
                0x0001cb38       0x28 _build/nrf_pwm.o
 .text.sd_ppi_channel_enable_set
                0x0001cb60        0x8 _build/nrf_pwm.o
 .text.sd_ppi_channel_assign
                0x0001cb68        0x8 _build/nrf_pwm.o
 .text.sd_radio_session_open
                0x0001cb70        0x8 _build/nrf_pwm.o
 .text.sd_radio_request
                0x0001cb78        0x8 _build/nrf_pwm.o
 .text.apply_pan73_workaround
                0x0001cb80       0x60 _build/nrf_pwm.o
 .text.safe_margins_present
                0x0001cbe0       0x64 _build/nrf_pwm.o
 .text.ppi_enable_channel
                0x0001cc44       0x3c _build/nrf_pwm.o
 .text.nrf_radio_signal_callback
                0x0001cc80       0x40 _build/nrf_pwm.o
                0x0001cc80                nrf_radio_signal_callback
 .text.nrf_pwm_init
                0x0001ccc0      0x368 _build/nrf_pwm.o
                0x0001ccc0                nrf_pwm_init
 .text.nrf_pwm_set_value
                0x0001d028       0x64 _build/nrf_pwm.o
                0x0001d028                nrf_pwm_set_value
 .text.nrf_pwm_set_enabled
                0x0001d08c       0x9c _build/nrf_pwm.o
                0x0001d08c                nrf_pwm_set_enabled
 .text.TIMER2_IRQHandler
                0x0001d128      0x384 _build/nrf_pwm.o
                0x0001d128                TIMER2_IRQHandler
 .text.nrf_delay_us
                0x0001d4ac       0x34 _build/bme280.o
 .text.bme280_init
                0x0001d4e0       0x7c _build/bme280.o
                0x0001d4e0                bme280_init
 .text.bme280_read_uncomp_temperature
                0x0001d55c       0x90 _build/bme280.o
                0x0001d55c                bme280_read_uncomp_temperature
 .text.bme280_compensate_temperature_int32
                0x0001d5ec       0x88 _build/bme280.o
                0x0001d5ec                bme280_compensate_temperature_int32
 .text.bme280_read_uncomp_humidity
                0x0001d674       0x7c _build/bme280.o
                0x0001d674                bme280_read_uncomp_humidity
 .text.bme280_compensate_humidity_int32
                0x0001d6f0       0xd4 _build/bme280.o
                0x0001d6f0                bme280_compensate_humidity_int32
 .text.bme280_get_calib_param
                0x0001d7c4      0x26c _build/bme280.o
                0x0001d7c4                bme280_get_calib_param
 .text.bme280_set_oversamp_temperature
                0x0001da30      0x1fc _build/bme280.o
                0x0001da30                bme280_set_oversamp_temperature
 .text.bme280_set_oversamp_pressure
                0x0001dc2c      0x1e8 _build/bme280.o
                0x0001dc2c                bme280_set_oversamp_pressure
 .text.bme280_set_oversamp_humidity
                0x0001de14      0x24c _build/bme280.o
                0x0001de14                bme280_set_oversamp_humidity
 .text.bme280_get_power_mode
                0x0001e060       0x6c _build/bme280.o
                0x0001e060                bme280_get_power_mode
 .text.bme280_set_power_mode
                0x0001e0cc      0x208 _build/bme280.o
                0x0001e0cc                bme280_set_power_mode
 .text.bme280_set_soft_rst
                0x0001e2d4       0x50 _build/bme280.o
                0x0001e2d4                bme280_set_soft_rst
 .text.bme280_set_filter
                0x0001e324      0x208 _build/bme280.o
                0x0001e324                bme280_set_filter
 .text.bme280_write_register
                0x0001e52c       0x60 _build/bme280.o
                0x0001e52c                bme280_write_register
 .text.bme280_read_register
                0x0001e58c       0x60 _build/bme280.o
                0x0001e58c                bme280_read_register
 .text.bme280_init_nrf51
                0x0001e5ec       0xac _build/bme280.o
                0x0001e5ec                bme280_init_nrf51
 .text.BME280_I2C_bus_write
                0x0001e698      0x1c8 _build/bme280.o
                0x0001e698                BME280_I2C_bus_write
 .text.BME280_I2C_bus_read
                0x0001e860       0xb0 _build/bme280.o
                0x0001e860                BME280_I2C_bus_read
 .text.bme280_read_temperature
                0x0001e910       0x54 _build/bme280.o
                0x0001e910                bme280_read_temperature
 .text.bme280_read_humidity
                0x0001e964       0x54 _build/bme280.o
                0x0001e964                bme280_read_humidity
 .text.BME280_delay_msek
                0x0001e9b8       0x1c _build/bme280.o
                0x0001e9b8                BME280_delay_msek
 .text._strlen  0x0001e9d4       0x3c _build/SEGGER_RTT.o
 .text._Init    0x0001ea10        0x8 _build/SEGGER_RTT.o
 .text.SEGGER_RTT_Write
                0x0001ea18      0x224 _build/SEGGER_RTT.o
                0x0001ea18                SEGGER_RTT_Write
 .text.SEGGER_RTT_WriteString
                0x0001ec3c       0x30 _build/SEGGER_RTT.o
                0x0001ec3c                SEGGER_RTT_WriteString
 .text.mem_cpy  0x0001ec6c       0x38 _build/ff.o
 .text.mem_set  0x0001eca4       0x30 _build/ff.o
 .text.mem_cmp  0x0001ecd4       0x4c _build/ff.o
 .text.chk_chr  0x0001ed20       0x34 _build/ff.o
 .text.sync_window
                0x0001ed54       0xa0 _build/ff.o
 .text.move_window
                0x0001edf4       0x74 _build/ff.o
 .text.sync_fs  0x0001ee68      0x194 _build/ff.o
 .text.clust2sect
                0x0001effc       0x38 _build/ff.o
                0x0001effc                clust2sect
 .text.get_fat  0x0001f034      0x16c _build/ff.o
                0x0001f034                get_fat
 .text.put_fat  0x0001f1a0      0x23c _build/ff.o
                0x0001f1a0                put_fat
 .text.remove_chain
                0x0001f3dc       0xc4 _build/ff.o
 .text.create_chain
                0x0001f4a0      0x154 _build/ff.o
 .text.dir_sdi  0x0001f5f4      0x104 _build/ff.o
 .text.dir_next
                0x0001f6f8      0x1a4 _build/ff.o
 .text.dir_alloc
                0x0001f89c       0xb4 _build/ff.o
 .text.ld_clust
                0x0001f950       0x58 _build/ff.o
 .text.st_clust
                0x0001f9a8       0x48 _build/ff.o
 .text.dir_find
                0x0001f9f0       0xc4 _build/ff.o
 .text.dir_read
                0x0001fab4       0xec _build/ff.o
 .text.dir_register
                0x0001fba0       0x7c _build/ff.o
 .text.dir_remove
                0x0001fc1c       0x78 _build/ff.o
 .text.create_name
                0x0001fc94      0x29c _build/ff.o
 .text.follow_path
                0x0001ff30      0x100 _build/ff.o
 .text.get_ldnumber
                0x00020030       0x84 _build/ff.o
 .text.check_fs
                0x000200b4       0xd0 _build/ff.o
 .text.find_volume
                0x00020184      0x5ec _build/ff.o
 .text.validate
                0x00020770       0x5c _build/ff.o
 .text.f_mount  0x000207cc       0x94 _build/ff.o
                0x000207cc                f_mount
 .text.f_open   0x00020860      0x300 _build/ff.o
                0x00020860                f_open
 .text.f_read   0x00020b60      0x24c _build/ff.o
                0x00020b60                f_read
 .text.f_write  0x00020dac      0x2f0 _build/ff.o
                0x00020dac                f_write
 .text.f_sync   0x0002109c      0x13c _build/ff.o
                0x0002109c                f_sync
 .text.f_close  0x000211d8       0x50 _build/ff.o
                0x000211d8                f_close
 .text.f_lseek  0x00021228      0x224 _build/ff.o
                0x00021228                f_lseek
 .text.f_unlink
                0x0002144c      0x19c _build/ff.o
                0x0002144c                f_unlink
 .text.nrf_delay_us
                0x000215e8       0x34 _build/diskio.o
 .text.disk_status
                0x0002161c       0x28 _build/diskio.o
                0x0002161c                disk_status
 .text.disk_initialize
                0x00021644      0x1c8 _build/diskio.o
                0x00021644                disk_initialize
 .text.disk_read
                0x0002180c       0xbc _build/diskio.o
                0x0002180c                disk_read
 .text.disk_write
                0x000218c8       0xdc _build/diskio.o
                0x000218c8                disk_write
 .text.disk_ioctl
                0x000219a4      0x160 _build/diskio.o
                0x000219a4                disk_ioctl
 .text.nrf_gpio_cfg_output
                0x00021b04       0x20 _build/spi_fhp_master.o
 .text.nrf_gpio_cfg_input
                0x00021b24       0x2c _build/spi_fhp_master.o
 .text.nrf_gpio_pin_set
                0x00021b50       0x20 _build/spi_fhp_master.o
 .text.nrf_gpio_pin_clear
                0x00021b70       0x24 _build/spi_fhp_master.o
 .text.spi_master_init
                0x00021b94      0x144 _build/spi_fhp_master.o
                0x00021b94                spi_master_init
 .text.spi_master_tx_rx
                0x00021cd8       0xe4 _build/spi_fhp_master.o
                0x00021cd8                spi_master_tx_rx
 .text.nrf_delay_us
                0x00021dbc       0x34 _build/twi_hw_master.o
 .text.twi_master_write
                0x00021df0      0x124 _build/twi_hw_master.o
 .text.twi_master_read
                0x00021f14      0x168 _build/twi_hw_master.o
 .text.twi_master_clear_bus
                0x0002207c      0x124 _build/twi_hw_master.o
 .text.twi_master_init
                0x000221a0       0xa0 _build/twi_hw_master.o
                0x000221a0                twi_master_init
 .text.twi_master_transfer
                0x00022240       0xac _build/twi_hw_master.o
                0x00022240                twi_master_transfer
 .text.uint16_encode
                0x000222ec       0x34 _build/ble_dis.o
 .text.sd_ble_gatts_service_add
                0x00022320        0x8 _build/ble_dis.o
 .text.sd_ble_gatts_characteristic_add
                0x00022328        0x8 _build/ble_dis.o
 .text.sys_id_encode
                0x00022330      0x188 _build/ble_dis.o
 .text.pnp_id_encode
                0x000224b8      0x12c _build/ble_dis.o
 .text.char_add
                0x000225e4      0x18c _build/ble_dis.o
 .text.ble_dis_init
                0x00022770      0x26c _build/ble_dis.o
                0x00022770                ble_dis_init
 .text.ble_srv_ascii_to_utf8
                0x000229dc       0x28 _build/ble_srv_common.o
                0x000229dc                ble_srv_ascii_to_utf8
 .text.sd_nvic_EnableIRQ
                0x00022a04        0x8 _build/softdevice_handler.o
 .text.sd_evt_get
                0x00022a0c        0x8 _build/softdevice_handler.o
 .text.sd_softdevice_enable
                0x00022a14        0x8 _build/softdevice_handler.o
 .text.is_word_aligned
                0x00022a1c       0x1c _build/softdevice_handler.o
 .text.sd_ble_evt_get
                0x00022a38        0x8 _build/softdevice_handler.o
 .text.softdevice_assertion_handler
                0x00022a40       0x28 _build/softdevice_handler.o
                0x00022a40                softdevice_assertion_handler
 .text.intern_softdevice_events_execute
                0x00022a68      0x114 _build/softdevice_handler.o
                0x00022a68                intern_softdevice_events_execute
 .text.softdevice_handler_init
                0x00022b7c       0x8c _build/softdevice_handler.o
                0x00022b7c                softdevice_handler_init
 .text.softdevice_ble_evt_handler_set
                0x00022c08       0x28 _build/softdevice_handler.o
                0x00022c08                softdevice_ble_evt_handler_set
 .text.softdevice_sys_evt_handler_set
                0x00022c30       0x28 _build/softdevice_handler.o
                0x00022c30                softdevice_sys_evt_handler_set
 .text.SWI2_IRQHandler
                0x00022c58       0x4c _build/softdevice_handler.o
                0x00022c58                SWI2_IRQHandler
 .text.sd_ble_gap_adv_data_set
                0x00022ca4        0x8 _build/ble_advdata.o
 .text.sd_ble_gap_appearance_get
                0x00022cac        0x8 _build/ble_advdata.o
 .text.sd_ble_gap_device_name_get
                0x00022cb4        0x8 _build/ble_advdata.o
 .text.sd_ble_uuid_encode
                0x00022cbc        0x8 _build/ble_advdata.o
 .text.uint16_encode
                0x00022cc4       0x34 _build/ble_advdata.o
 .text.name_encode
                0x00022cf8      0x13c _build/ble_advdata.o
 .text.appearance_encode
                0x00022e34       0x90 _build/ble_advdata.o
 .text.uint8_array_encode
                0x00022ec4       0xa4 _build/ble_advdata.o
 .text.tx_power_level_encode
                0x00022f68       0x70 _build/ble_advdata.o
 .text.uuid_list_sized_encode
                0x00022fd8      0x178 _build/ble_advdata.o
 .text.uuid_list_encode
                0x00023150       0x78 _build/ble_advdata.o
 .text.conn_int_check
                0x000231c8       0x80 _build/ble_advdata.o
 .text.conn_int_encode
                0x00023248       0xb4 _build/ble_advdata.o
 .text.manuf_specific_data_encode
                0x000232fc       0xd8 _build/ble_advdata.o
 .text.service_data_encode
                0x000233d4      0x10c _build/ble_advdata.o
 .text.adv_data_encode
                0x000234e0      0x1bc _build/ble_advdata.o
 .text.advdata_check
                0x0002369c       0x34 _build/ble_advdata.o
 .text.srdata_check
                0x000236d0       0x20 _build/ble_advdata.o
 .text.ble_advdata_set
                0x000236f0       0xcc _build/ble_advdata.o
                0x000236f0                ble_advdata_set
 .text.sd_ble_gap_conn_param_update
                0x000237bc        0x8 _build/ble_conn_params.o
 .text.sd_ble_gap_disconnect
                0x000237c4        0x8 _build/ble_conn_params.o
 .text.sd_ble_gap_ppcp_set
                0x000237cc        0x8 _build/ble_conn_params.o
 .text.sd_ble_gap_ppcp_get
                0x000237d4        0x8 _build/ble_conn_params.o
 .text.uint16_decode
                0x000237dc       0x28 _build/ble_conn_params.o
 .text.ble_srv_is_notification_enabled
                0x00023804       0x30 _build/ble_conn_params.o
 .text.is_conn_params_ok
                0x00023834       0x34 _build/ble_conn_params.o
 .text.update_timeout_handler
                0x00023868       0xc4 _build/ble_conn_params.o
 .text.ble_conn_params_init
                0x0002392c       0xac _build/ble_conn_params.o
                0x0002392c                ble_conn_params_init
 .text.conn_params_negotiation
                0x000239d8       0xbc _build/ble_conn_params.o
 .text.on_connect
                0x00023a94       0x4c _build/ble_conn_params.o
 .text.on_disconnect
                0x00023ae0       0x54 _build/ble_conn_params.o
 .text.on_write
                0x00023b34       0x6c _build/ble_conn_params.o
 .text.on_conn_params_update
                0x00023ba0       0x28 _build/ble_conn_params.o
 .text.ble_conn_params_on_ble_evt
                0x00023bc8       0x50 _build/ble_conn_params.o
                0x00023bc8                ble_conn_params_on_ble_evt
 .text.is_word_aligned
                0x00023c18       0x1c _build/app_timer.o
 .text.NVIC_EnableIRQ
                0x00023c34       0x2c _build/app_timer.o
 .text.NVIC_DisableIRQ
                0x00023c60       0x30 _build/app_timer.o
 .text.NVIC_SetPendingIRQ
                0x00023c90       0x30 _build/app_timer.o
 .text.NVIC_ClearPendingIRQ
                0x00023cc0       0x30 _build/app_timer.o
 .text.NVIC_SetPriority
                0x00023cf0       0xd4 _build/app_timer.o
 .text.NVIC_GetPriority
                0x00023dc4       0x78 _build/app_timer.o
 .text.nrf_delay_us
                0x00023e3c       0x34 _build/app_timer.o
 .text.current_int_priority_get
                0x00023e70       0x3c _build/app_timer.o
 .text.rtc1_init
                0x00023eac       0x24 _build/app_timer.o
 .text.rtc1_start
                0x00023ed0       0x48 _build/app_timer.o
 .text.rtc1_stop
                0x00023f18       0x58 _build/app_timer.o
 .text.rtc1_counter_get
                0x00023f70       0x18 _build/app_timer.o
 .text.ticks_diff_get
                0x00023f88       0x1c _build/app_timer.o
 .text.rtc1_compare0_set
                0x00023fa4       0x1c _build/app_timer.o
 .text.timer_list_insert
                0x00023fc0      0x144 _build/app_timer.o
 .text.timer_list_remove
                0x00024104       0xf8 _build/app_timer.o
 .text.timer_timeouts_check_sched
                0x000241fc       0x10 _build/app_timer.o
 .text.timer_list_handler_sched
                0x0002420c       0x10 _build/app_timer.o
 .text.timeout_handler_exec
                0x0002421c       0x64 _build/app_timer.o
 .text.timer_timeouts_check
                0x00024280       0xcc _build/app_timer.o
 .text.elapsed_ticks_acquire
                0x0002434c       0x7c _build/app_timer.o
 .text.list_deletions_handler
                0x000243c8      0x120 _build/app_timer.o
 .text.expired_timers_handler
                0x000244e8       0xb0 _build/app_timer.o
 .text.list_insertions_handler
                0x00024598      0x1ac _build/app_timer.o
 .text.compare_reg_update
                0x00024744       0xc4 _build/app_timer.o
 .text.timer_list_handler
                0x00024808       0x8c _build/app_timer.o
 .text.user_op_enque
                0x00024894       0x18 _build/app_timer.o
 .text.user_op_alloc
                0x000248ac       0x58 _build/app_timer.o
 .text.timer_start_op_schedule
                0x00024904       0x80 _build/app_timer.o
 .text.timer_stop_op_schedule
                0x00024984       0x60 _build/app_timer.o
 .text.RTC1_IRQHandler
                0x000249e4       0x4c _build/app_timer.o
                0x000249e4                RTC1_IRQHandler
 .text.SWI0_IRQHandler
                0x00024a30        0xc _build/app_timer.o
                0x00024a30                SWI0_IRQHandler
 .text.app_timer_init
                0x00024a3c      0x17c _build/app_timer.o
                0x00024a3c                app_timer_init
 .text.app_timer_create
                0x00024bb8       0xbc _build/app_timer.o
                0x00024bb8                app_timer_create
 .text.user_id_get
                0x00024c74       0x34 _build/app_timer.o
 .text.app_timer_start
                0x00024ca8       0x8c _build/app_timer.o
                0x00024ca8                app_timer_start
 .text.app_timer_stop
                0x00024d34       0x60 _build/app_timer.o
                0x00024d34                app_timer_stop
 .text.sd_flash_write
                0x00024d94        0x8 _build/pstorage.o
 .text.sd_flash_page_erase
                0x00024d9c        0x8 _build/pstorage.o
 .text.is_word_aligned
                0x00024da4       0x1c _build/pstorage.o
 .text.cmd_queue_element_init
                0x00024dc0       0x84 _build/pstorage.o
 .text.cmd_queue_init
                0x00024e44       0x50 _build/pstorage.o
 .text.cmd_queue_enqueue
                0x00024e94      0x11c _build/pstorage.o
 .text.cmd_queue_dequeue
                0x00024fb0       0x38 _build/pstorage.o
 .text.app_notify
                0x00024fe8       0xa8 _build/pstorage.o
 .text.pstorage_sys_event_handler
                0x00025090      0x1d0 _build/pstorage.o
                0x00025090                pstorage_sys_event_handler
 .text.swap_state_process
                0x00025260      0x2e0 _build/pstorage.o
 .text.cmd_process
                0x00025540      0x214 _build/pstorage.o
 .text.pstorage_init
                0x00025754      0x128 _build/pstorage.o
                0x00025754                pstorage_init
 .text.pstorage_register
                0x0002587c      0x210 _build/pstorage.o
                0x0002587c                pstorage_register
 .text.pstorage_block_identifier_get
                0x00025a8c       0xe0 _build/pstorage.o
                0x00025a8c                pstorage_block_identifier_get
 .text.pstorage_store
                0x00025b6c      0x148 _build/pstorage.o
                0x00025b6c                pstorage_store
 .text.pstorage_update
                0x00025cb4      0x148 _build/pstorage.o
                0x00025cb4                pstorage_update
 .text.pstorage_load
                0x00025dfc      0x16c _build/pstorage.o
                0x00025dfc                pstorage_load
 .text.pstorage_clear
                0x00025f68       0xf8 _build/pstorage.o
                0x00025f68                pstorage_clear
 .text.sd_ble_gap_sec_params_reply
                0x00026060        0x8 _build/device_manager_peripheral.o
 .text.sd_ble_gap_sec_info_reply
                0x00026068        0x8 _build/device_manager_peripheral.o
 .text.sd_ble_gatts_sys_attr_set
                0x00026070        0x8 _build/device_manager_peripheral.o
 .text.sd_ble_gatts_sys_attr_get
                0x00026078        0x8 _build/device_manager_peripheral.o
 .text.update_status_bit_reset
                0x00026080       0x28 _build/device_manager_peripheral.o
 .text.update_status_bit_is_set
                0x000260a8       0x2c _build/device_manager_peripheral.o
 .text.application_instance_init
                0x000260d4       0x38 _build/device_manager_peripheral.o
 .text.connection_instance_find
                0x0002610c       0x90 _build/device_manager_peripheral.o
 .text.device_instance_allocate
                0x0002619c       0xdc _build/device_manager_peripheral.o
 .text.peer_instance_init
                0x00026278       0x90 _build/device_manager_peripheral.o
 .text.device_instance_find
                0x00026308       0x88 _build/device_manager_peripheral.o
 .text.app_evt_notify
                0x00026390       0x28 _build/device_manager_peripheral.o
 .text.connection_instance_init
                0x000263b8       0x68 _build/device_manager_peripheral.o
 .text.connection_instance_free
                0x00026420       0x34 _build/device_manager_peripheral.o
 .text.storage_operation_dummy_handler
                0x00026454       0x20 _build/device_manager_peripheral.o
 .text.no_service_context_store
                0x00026474       0x14 _build/device_manager_peripheral.o
 .text.gatts_context_store
                0x00026488      0x154 _build/device_manager_peripheral.o
 .text.gattc_context_store
                0x000265dc       0x14 _build/device_manager_peripheral.o
 .text.gattsc_context_store
                0x000265f0       0x3c _build/device_manager_peripheral.o
 .text.no_service_context_load
                0x0002662c       0x14 _build/device_manager_peripheral.o
 .text.gatts_context_load
                0x00026640       0x6c _build/device_manager_peripheral.o
 .text.gattc_context_load
                0x000266ac       0x14 _build/device_manager_peripheral.o
 .text.gattsc_context_load
                0x000266c0       0x3c _build/device_manager_peripheral.o
 .text.no_service_context_apply
                0x000266fc       0x14 _build/device_manager_peripheral.o
 .text.gatts_context_apply
                0x00026710       0xe0 _build/device_manager_peripheral.o
 .text.gattc_context_apply
                0x000267f0       0x14 _build/device_manager_peripheral.o
 .text.gattsc_context_apply
                0x00026804       0x30 _build/device_manager_peripheral.o
 .text.dm_pstorage_cb_handler
                0x00026834      0x2c0 _build/device_manager_peripheral.o
 .text.dm_init  0x00026af4      0x16c _build/device_manager_peripheral.o
                0x00026af4                dm_init
 .text.dm_register
                0x00026c60       0x98 _build/device_manager_peripheral.o
                0x00026c60                dm_register
 .text.dm_handle_initialize
                0x00026cf8       0x38 _build/device_manager_peripheral.o
                0x00026cf8                dm_handle_initialize
 .text.device_context_store
                0x00026d30      0x15c _build/device_manager_peripheral.o
 .text.connection_instance_allocate
                0x00026e8c       0x50 _build/device_manager_peripheral.o
 .text.bond_data_load
                0x00026edc       0x80 _build/device_manager_peripheral.o
                0x00026edc                bond_data_load
 .text.dm_ble_evt_handler
                0x00026f5c      0x750 _build/device_manager_peripheral.o
                0x00026f5c                dm_ble_evt_handler
 .text.NVIC_EnableIRQ
                0x000276ac       0x2c _build/app_gpiote.o
 .text.NVIC_ClearPendingIRQ
                0x000276d8       0x30 _build/app_gpiote.o
 .text.NVIC_SetPriority
                0x00027708       0xd4 _build/app_gpiote.o
 .text.is_word_aligned
                0x000277dc       0x1c _build/app_gpiote.o
 .text.sense_level_toggle
                0x000277f8       0xac _build/app_gpiote.o
 .text.GPIOTE_IRQHandler
                0x000278a4      0x11c _build/app_gpiote.o
                0x000278a4                GPIOTE_IRQHandler
 .text.pins_sense_disable
                0x000279c0       0x88 _build/app_gpiote.o
 .text.app_gpiote_init
                0x00027a48       0xa8 _build/app_gpiote.o
                0x00027a48                app_gpiote_init
 .text.app_gpiote_user_register
                0x00027af0       0xc8 _build/app_gpiote.o
                0x00027af0                app_gpiote_user_register
 .text.app_gpiote_user_enable
                0x00027bb8      0x154 _build/app_gpiote.o
                0x00027bb8                app_gpiote_user_enable
 .text.nrf_delay_us
                0x00027d0c       0x34 _build/nrf_delay.o
 .text.nrf_delay_ms
                0x00027d40       0x28 _build/nrf_delay.o
                0x00027d40                nrf_delay_ms
 .text.NVIC_GetPriority
                0x00027d68       0x78 _build/app_scheduler.o
 .text.sd_nvic_critical_region_enter
                0x00027de0        0x8 _build/app_scheduler.o
 .text.sd_nvic_critical_region_exit
                0x00027de8        0x8 _build/app_scheduler.o
 .text.is_word_aligned
                0x00027df0       0x1c _build/app_scheduler.o
 .text.current_int_priority_get
                0x00027e0c       0x3c _build/app_scheduler.o
 .text.next_index
                0x00027e48       0x34 _build/app_scheduler.o
 .text.app_sched_init
                0x00027e7c       0x90 _build/app_scheduler.o
                0x00027e7c                app_sched_init
 .text.app_sched_event_put
                0x00027f0c      0x194 _build/app_scheduler.o
                0x00027f0c                app_sched_event_put
 .text.app_sched_event_get
                0x000280a0       0xa0 _build/app_scheduler.o
 .text.app_sched_execute
                0x00028140       0x38 _build/app_scheduler.o
                0x00028140                app_sched_execute
 .text.SystemInit
                0x00028178       0x40 _build/system_nrf51.o
                0x00028178                SystemInit
 .text.is_manual_peripheral_setup_needed
                0x000281b8       0x80 _build/system_nrf51.o
 .text.is_disabled_in_debug_needed
                0x00028238       0x4c _build/system_nrf51.o
 .text          0x00028284       0x54 _build/gcc_startup_nrf51.o
                0x00028284                Reset_Handler
                0x000282cc                NMI_Handler
                0x000282d0                SVC_Handler
                0x000282d2                PendSV_Handler
                0x000282d4                SysTick_Handler
                0x000282d6                SPI0_TWI0_IRQHandler
                0x000282d6                RTC0_IRQHandler
                0x000282d6                POWER_CLOCK_IRQHandler
                0x000282d6                RADIO_IRQHandler
                0x000282d6                LPCOMP_IRQHandler
                0x000282d6                SWI4_IRQHandler
                0x000282d6                TEMP_IRQHandler
                0x000282d6                QDEC_IRQHandler
                0x000282d6                UART0_IRQHandler
                0x000282d6                SWI5_IRQHandler
                0x000282d6                TIMER0_IRQHandler
                0x000282d6                TIMER1_IRQHandler
                0x000282d6                ECB_IRQHandler
                0x000282d6                Default_Handler
                0x000282d6                ADC_IRQHandler
                0x000282d6                SWI3_IRQHandler
                0x000282d6                CCM_AAR_IRQHandler
                0x000282d6                WDT_IRQHandler
                0x000282d6                RNG_IRQHandler
                0x000282d6                SPI1_TWI1_IRQHandler
                0x000282d6                SWI1_IRQHandler
 .text.pow      0x000282d8      0x35c /home/josepintor/Documentos/gcc-arm-none-eabi-4_9-2015q3/bin/../lib/gcc/arm-none-eabi/4.9.3/../../../../arm-none-eabi/lib/armv6-m/libm.a(lib_a-w_pow.o)
                0x000282d8                pow
 .text.__ieee754_pow
                0x00028634      0xa8c /home/josepintor/Documentos/gcc-arm-none-eabi-4_9-2015q3/bin/../lib/gcc/arm-none-eabi/4.9.3/../../../../arm-none-eabi/lib/armv6-m/libm.a(lib_a-e_pow.o)
                0x00028634                __ieee754_pow
 .text.__ieee754_sqrt
                0x000290c0      0x1ec /home/josepintor/Documentos/gcc-arm-none-eabi-4_9-2015q3/bin/../lib/gcc/arm-none-eabi/4.9.3/../../../../arm-none-eabi/lib/armv6-m/libm.a(lib_a-e_sqrt.o)
                0x000290c0                __ieee754_sqrt
 .text.fabs     0x000292ac        0x8 /home/josepintor/Documentos/gcc-arm-none-eabi-4_9-2015q3/bin/../lib/gcc/arm-none-eabi/4.9.3/../../../../arm-none-eabi/lib/armv6-m/libm.a(lib_a-s_fabs.o)
                0x000292ac                fabs
 .text.finite   0x000292b4       0x14 /home/josepintor/Documentos/gcc-arm-none-eabi-4_9-2015q3/bin/../lib/gcc/arm-none-eabi/4.9.3/../../../../arm-none-eabi/lib/armv6-m/libm.a(lib_a-s_finite.o)
                0x000292b4                finite
 .text.__fpclassifyd
                0x000292c8       0x5c /home/josepintor/Documentos/gcc-arm-none-eabi-4_9-2015q3/bin/../lib/gcc/arm-none-eabi/4.9.3/../../../../arm-none-eabi/lib/armv6-m/libm.a(lib_a-s_fpclassify.o)
                0x000292c8                __fpclassifyd
 .text.matherr  0x00029324        0x4 /home/josepintor/Documentos/gcc-arm-none-eabi-4_9-2015q3/bin/../lib/gcc/arm-none-eabi/4.9.3/../../../../arm-none-eabi/lib/armv6-m/libm.a(lib_a-s_matherr.o)
                0x00029324                matherr
 .text.nan      0x00029328        0xc /home/josepintor/Documentos/gcc-arm-none-eabi-4_9-2015q3/bin/../lib/gcc/arm-none-eabi/4.9.3/../../../../arm-none-eabi/lib/armv6-m/libm.a(lib_a-s_nan.o)
                0x00029328                nan
 .text.rint     0x00029334      0x144 /home/josepintor/Documentos/gcc-arm-none-eabi-4_9-2015q3/bin/../lib/gcc/arm-none-eabi/4.9.3/../../../../arm-none-eabi/lib/armv6-m/libm.a(lib_a-s_rint.o)
                0x00029334                rint
 .text.scalbn   0x00029478       0xf8 /home/josepintor/Documentos/gcc-arm-none-eabi-4_9-2015q3/bin/../lib/gcc/arm-none-eabi/4.9.3/../../../../arm-none-eabi/lib/armv6-m/libm.a(lib_a-s_scalbn.o)
                0x00029478                scalbn
 .text.copysign
                0x00029570       0x10 /home/josepintor/Documentos/gcc-arm-none-eabi-4_9-2015q3/bin/../lib/gcc/arm-none-eabi/4.9.3/../../../../arm-none-eabi/lib/armv6-m/libm.a(lib_a-s_copysign.o)
                0x00029570                copysign
 .text          0x00029580      0x120 /home/josepintor/Documentos/gcc-arm-none-eabi-4_9-2015q3/bin/../lib/gcc/arm-none-eabi/4.9.3/armv6-m/libgcc.a(_udivsi3.o)
                0x00029580                __udivsi3
                0x00029580                __aeabi_uidiv
                0x0002968c                __aeabi_uidivmod
 .text          0x000296a0      0x1e0 /home/josepintor/Documentos/gcc-arm-none-eabi-4_9-2015q3/bin/../lib/gcc/arm-none-eabi/4.9.3/armv6-m/libgcc.a(_divsi3.o)
                0x000296a0                __aeabi_idiv
                0x000296a0                __divsi3
                0x0002986c                __aeabi_idivmod
 .text          0x00029880        0x4 /home/josepintor/Documentos/gcc-arm-none-eabi-4_9-2015q3/bin/../lib/gcc/arm-none-eabi/4.9.3/armv6-m/libgcc.a(_dvmd_tls.o)
                0x00029880                __aeabi_ldiv0
                0x00029880                __aeabi_idiv0
 .text          0x00029884       0x7c /home/josepintor/Documentos/gcc-arm-none-eabi-4_9-2015q3/bin/../lib/gcc/arm-none-eabi/4.9.3/armv6-m/libgcc.a(_arm_cmpdf2.o)
                0x00029884                __aeabi_cdrcmple
                0x00029894                __aeabi_cdcmple
                0x00029894                __aeabi_cdcmpeq
                0x000298a4                __aeabi_dcmpeq
                0x000298b0                __aeabi_dcmplt
                0x000298c4                __aeabi_dcmple
                0x000298d8                __aeabi_dcmpgt
                0x000298ec                __aeabi_dcmpge
 .text          0x00029900       0x40 /home/josepintor/Documentos/gcc-arm-none-eabi-4_9-2015q3/bin/../lib/gcc/arm-none-eabi/4.9.3/armv6-m/libgcc.a(_aeabi_uldivmod.o)
                0x00029900                __aeabi_uldivmod
 .text          0x00029940       0x3c /home/josepintor/Documentos/gcc-arm-none-eabi-4_9-2015q3/bin/../lib/gcc/arm-none-eabi/4.9.3/armv6-m/libgcc.a(_fixunsdfsi.o)
                0x00029940                __fixunsdfsi
                0x00029940                __aeabi_d2uiz
 .text          0x0002997c       0x6c /home/josepintor/Documentos/gcc-arm-none-eabi-4_9-2015q3/bin/../lib/gcc/arm-none-eabi/4.9.3/armv6-m/libgcc.a(bpabi.o)
                0x0002997c                __gnu_ldivmod_helper
                0x000299b4                __gnu_uldivmod_helper
 .text          0x000299e8      0x650 /home/josepintor/Documentos/gcc-arm-none-eabi-4_9-2015q3/bin/../lib/gcc/arm-none-eabi/4.9.3/armv6-m/libgcc.a(adddf3.o)
                0x000299e8                __aeabi_dadd
 .text          0x0002a038      0x648 /home/josepintor/Documentos/gcc-arm-none-eabi-4_9-2015q3/bin/../lib/gcc/arm-none-eabi/4.9.3/armv6-m/libgcc.a(divdf3.o)
                0x0002a038                __aeabi_ddiv
 .text          0x0002a680       0x88 /home/josepintor/Documentos/gcc-arm-none-eabi-4_9-2015q3/bin/../lib/gcc/arm-none-eabi/4.9.3/armv6-m/libgcc.a(eqdf2.o)
                0x0002a680                __eqdf2
                0x0002a680                __nedf2
 .text          0x0002a708       0xe0 /home/josepintor/Documentos/gcc-arm-none-eabi-4_9-2015q3/bin/../lib/gcc/arm-none-eabi/4.9.3/armv6-m/libgcc.a(gedf2.o)
                0x0002a708                __gtdf2
                0x0002a708                __gedf2
 .text          0x0002a7e8       0xcc /home/josepintor/Documentos/gcc-arm-none-eabi-4_9-2015q3/bin/../lib/gcc/arm-none-eabi/4.9.3/armv6-m/libgcc.a(ledf2.o)
                0x0002a7e8                __ltdf2
                0x0002a7e8                __ledf2
 .text          0x0002a8b4      0x534 /home/josepintor/Documentos/gcc-arm-none-eabi-4_9-2015q3/bin/../lib/gcc/arm-none-eabi/4.9.3/armv6-m/libgcc.a(muldf3.o)
                0x0002a8b4                __aeabi_dmul
 .text          0x0002ade8      0x6f4 /home/josepintor/Documentos/gcc-arm-none-eabi-4_9-2015q3/bin/../lib/gcc/arm-none-eabi/4.9.3/armv6-m/libgcc.a(subdf3.o)
                0x0002ade8                __aeabi_dsub
 .text          0x0002b4dc       0x6c /home/josepintor/Documentos/gcc-arm-none-eabi-4_9-2015q3/bin/../lib/gcc/arm-none-eabi/4.9.3/armv6-m/libgcc.a(fixdfsi.o)
                0x0002b4dc                __aeabi_d2iz
 .text          0x0002b548       0x78 /home/josepintor/Documentos/gcc-arm-none-eabi-4_9-2015q3/bin/../lib/gcc/arm-none-eabi/4.9.3/armv6-m/libgcc.a(floatsidf.o)
                0x0002b548                __aeabi_i2d
 .text          0x0002b5c0       0x64 /home/josepintor/Documentos/gcc-arm-none-eabi-4_9-2015q3/bin/../lib/gcc/arm-none-eabi/4.9.3/armv6-m/libgcc.a(floatunsidf.o)
                0x0002b5c0                __aeabi_ui2d
 .text          0x0002b624       0x3c /home/josepintor/Documentos/gcc-arm-none-eabi-4_9-2015q3/bin/../lib/gcc/arm-none-eabi/4.9.3/armv6-m/libgcc.a(_clzsi2.o)
                0x0002b624                __clzsi2
 .text          0x0002b660       0x54 /home/josepintor/Documentos/gcc-arm-none-eabi-4_9-2015q3/bin/../lib/gcc/arm-none-eabi/4.9.3/armv6-m/libgcc.a(_muldi3.o)
                0x0002b660                __aeabi_lmul
                0x0002b660                __muldi3
 .text          0x0002b6b4      0x1f0 /home/josepintor/Documentos/gcc-arm-none-eabi-4_9-2015q3/bin/../lib/gcc/arm-none-eabi/4.9.3/armv6-m/libgcc.a(_divdi3.o)
                0x0002b6b4                __divdi3
 .text          0x0002b8a4      0x158 /home/josepintor/Documentos/gcc-arm-none-eabi-4_9-2015q3/bin/../lib/gcc/arm-none-eabi/4.9.3/armv6-m/libgcc.a(_udivdi3.o)
                0x0002b8a4                __udivdi3
 .text          0x0002b9fc       0x18 /home/josepintor/Documentos/gcc-arm-none-eabi-4_9-2015q3/bin/../lib/gcc/arm-none-eabi/4.9.3/armv6-m/libgcc.a(_clzdi2.o)
                0x0002b9fc                __clzdi2
 .text.__errno  0x0002ba14        0xc /home/josepintor/Documentos/gcc-arm-none-eabi-4_9-2015q3/bin/../lib/gcc/arm-none-eabi/4.9.3/../../../../arm-none-eabi/lib/armv6-m/libc_nano.a(lib_a-errno.o)
                0x0002ba14                __errno
 .text.exit     0x0002ba20       0x2c /home/josepintor/Documentos/gcc-arm-none-eabi-4_9-2015q3/bin/../lib/gcc/arm-none-eabi/4.9.3/../../../../arm-none-eabi/lib/armv6-m/libc_nano.a(lib_a-exit.o)
                0x0002ba20                exit
 .text.__libc_init_array
                0x0002ba4c       0x4c /home/josepintor/Documentos/gcc-arm-none-eabi-4_9-2015q3/bin/../lib/gcc/arm-none-eabi/4.9.3/../../../../arm-none-eabi/lib/armv6-m/libc_nano.a(lib_a-init.o)
                0x0002ba4c                __libc_init_array
 .text.memcmp   0x0002ba98       0x1e /home/josepintor/Documentos/gcc-arm-none-eabi-4_9-2015q3/bin/../lib/gcc/arm-none-eabi/4.9.3/../../../../arm-none-eabi/lib/armv6-m/libc_nano.a(lib_a-memcmp.o)
                0x0002ba98                memcmp
 .text.memcpy   0x0002bab6       0x12 /home/josepintor/Documentos/gcc-arm-none-eabi-4_9-2015q3/bin/../lib/gcc/arm-none-eabi/4.9.3/../../../../arm-none-eabi/lib/armv6-m/libc_nano.a(lib_a-memcpy.o)
                0x0002bab6                memcpy
 .text.memset   0x0002bac8       0x10 /home/josepintor/Documentos/gcc-arm-none-eabi-4_9-2015q3/bin/../lib/gcc/arm-none-eabi/4.9.3/../../../../arm-none-eabi/lib/armv6-m/libc_nano.a(lib_a-memset.o)
                0x0002bac8                memset
 .text._free_r  0x0002bad8       0x8c /home/josepintor/Documentos/gcc-arm-none-eabi-4_9-2015q3/bin/../lib/gcc/arm-none-eabi/4.9.3/../../../../arm-none-eabi/lib/armv6-m/libc_nano.a(lib_a-nano-freer.o)
                0x0002bad8                _free_r
 .text._malloc_r
                0x0002bb64       0xb0 /home/josepintor/Documentos/gcc-arm-none-eabi-4_9-2015q3/bin/../lib/gcc/arm-none-eabi/4.9.3/../../../../arm-none-eabi/lib/armv6-m/libc_nano.a(lib_a-nano-mallocr.o)
                0x0002bb64                _malloc_r
 .text.printf   0x0002bc14       0x34 /home/josepintor/Documentos/gcc-arm-none-eabi-4_9-2015q3/bin/../lib/gcc/arm-none-eabi/4.9.3/../../../../arm-none-eabi/lib/armv6-m/libc_nano.a(lib_a-printf.o)
                0x0002bc14                printf
                0x0002bc14                iprintf
 .text._sbrk_r  0x0002bc48       0x24 /home/josepintor/Documentos/gcc-arm-none-eabi-4_9-2015q3/bin/../lib/gcc/arm-none-eabi/4.9.3/../../../../arm-none-eabi/lib/armv6-m/libc_nano.a(lib_a-sbrkr.o)
                0x0002bc48                _sbrk_r
 .text.sprintf  0x0002bc6c       0x44 /home/josepintor/Documentos/gcc-arm-none-eabi-4_9-2015q3/bin/../lib/gcc/arm-none-eabi/4.9.3/../../../../arm-none-eabi/lib/armv6-m/libc_nano.a(lib_a-sprintf.o)
                0x0002bc6c                sprintf
                0x0002bc6c                siprintf
 .text          0x0002bcb0       0x14 /home/josepintor/Documentos/gcc-arm-none-eabi-4_9-2015q3/bin/../lib/gcc/arm-none-eabi/4.9.3/../../../../arm-none-eabi/lib/armv6-m/libc_nano.a(lib_a-strcmp.o)
                0x0002bcb0                strcmp
 .text.strlen   0x0002bcc4        0xe /home/josepintor/Documentos/gcc-arm-none-eabi-4_9-2015q3/bin/../lib/gcc/arm-none-eabi/4.9.3/../../../../arm-none-eabi/lib/armv6-m/libc_nano.a(lib_a-strlen.o)
                0x0002bcc4                strlen
 *fill*         0x0002bcd2        0x2 
 .text.__swbuf_r
                0x0002bcd4       0xb0 /home/josepintor/Documentos/gcc-arm-none-eabi-4_9-2015q3/bin/../lib/gcc/arm-none-eabi/4.9.3/../../../../arm-none-eabi/lib/armv6-m/libc_nano.a(lib_a-wbuf.o)
                0x0002bcd4                __swbuf_r
 .text.__swsetup_r
                0x0002bd84       0xe8 /home/josepintor/Documentos/gcc-arm-none-eabi-4_9-2015q3/bin/../lib/gcc/arm-none-eabi/4.9.3/../../../../arm-none-eabi/lib/armv6-m/libc_nano.a(lib_a-wsetup.o)
                0x0002bd84                __swsetup_r
 .text.__sflush_r
                0x0002be6c      0x112 /home/josepintor/Documentos/gcc-arm-none-eabi-4_9-2015q3/bin/../lib/gcc/arm-none-eabi/4.9.3/../../../../arm-none-eabi/lib/armv6-m/libc_nano.a(lib_a-fflush.o)
                0x0002be6c                __sflush_r
 *fill*         0x0002bf7e        0x2 
 .text._fflush_r
                0x0002bf80       0x58 /home/josepintor/Documentos/gcc-arm-none-eabi-4_9-2015q3/bin/../lib/gcc/arm-none-eabi/4.9.3/../../../../arm-none-eabi/lib/armv6-m/libc_nano.a(lib_a-fflush.o)
                0x0002bf80                _fflush_r
 .text._cleanup_r
                0x0002bfd8       0x10 /home/josepintor/Documentos/gcc-arm-none-eabi-4_9-2015q3/bin/../lib/gcc/arm-none-eabi/4.9.3/../../../../arm-none-eabi/lib/armv6-m/libc_nano.a(lib_a-findfp.o)
                0x0002bfd8                _cleanup_r
 .text.std.isra.0
                0x0002bfe8       0x48 /home/josepintor/Documentos/gcc-arm-none-eabi-4_9-2015q3/bin/../lib/gcc/arm-none-eabi/4.9.3/../../../../arm-none-eabi/lib/armv6-m/libc_nano.a(lib_a-findfp.o)
 .text.__sfmoreglue
                0x0002c030       0x2c /home/josepintor/Documentos/gcc-arm-none-eabi-4_9-2015q3/bin/../lib/gcc/arm-none-eabi/4.9.3/../../../../arm-none-eabi/lib/armv6-m/libc_nano.a(lib_a-findfp.o)
                0x0002c030                __sfmoreglue
 .text.__sinit  0x0002c05c       0x64 /home/josepintor/Documentos/gcc-arm-none-eabi-4_9-2015q3/bin/../lib/gcc/arm-none-eabi/4.9.3/../../../../arm-none-eabi/lib/armv6-m/libc_nano.a(lib_a-findfp.o)
                0x0002c05c                __sinit
 .text.__sfp    0x0002c0c0       0x7c /home/josepintor/Documentos/gcc-arm-none-eabi-4_9-2015q3/bin/../lib/gcc/arm-none-eabi/4.9.3/../../../../arm-none-eabi/lib/armv6-m/libc_nano.a(lib_a-findfp.o)
                0x0002c0c0                __sfp
 .text._fwalk_reent
                0x0002c13c       0x42 /home/josepintor/Documentos/gcc-arm-none-eabi-4_9-2015q3/bin/../lib/gcc/arm-none-eabi/4.9.3/../../../../arm-none-eabi/lib/armv6-m/libc_nano.a(lib_a-fwalk.o)
                0x0002c13c                _fwalk_reent
 *fill*         0x0002c17e        0x2 
 .text.__smakebuf_r
                0x0002c180       0xb0 /home/josepintor/Documentos/gcc-arm-none-eabi-4_9-2015q3/bin/../lib/gcc/arm-none-eabi/4.9.3/../../../../arm-none-eabi/lib/armv6-m/libc_nano.a(lib_a-makebuf.o)
                0x0002c180                __smakebuf_r
 .text.__ssputs_r
                0x0002c230       0xc0 /home/josepintor/Documentos/gcc-arm-none-eabi-4_9-2015q3/bin/../lib/gcc/arm-none-eabi/4.9.3/../../../../arm-none-eabi/lib/armv6-m/libc_nano.a(lib_a-nano-svfprintf.o)
                0x0002c230                __ssputs_r
 .text._svfprintf_r
                0x0002c2f0      0x1ec /home/josepintor/Documentos/gcc-arm-none-eabi-4_9-2015q3/bin/../lib/gcc/arm-none-eabi/4.9.3/../../../../arm-none-eabi/lib/armv6-m/libc_nano.a(lib_a-nano-svfprintf.o)
                0x0002c2f0                _svfprintf_r
                0x0002c2f0                _svfiprintf_r
 .text.__sfputc_r
                0x0002c4dc       0x2a /home/josepintor/Documentos/gcc-arm-none-eabi-4_9-2015q3/bin/../lib/gcc/arm-none-eabi/4.9.3/../../../../arm-none-eabi/lib/armv6-m/libc_nano.a(lib_a-nano-vfprintf.o)
 .text.__sfputs_r
                0x0002c506       0x24 /home/josepintor/Documentos/gcc-arm-none-eabi-4_9-2015q3/bin/../lib/gcc/arm-none-eabi/4.9.3/../../../../arm-none-eabi/lib/armv6-m/libc_nano.a(lib_a-nano-vfprintf.o)
                0x0002c506                __sfputs_r
 *fill*         0x0002c52a        0x2 
 .text._vfprintf_r
                0x0002c52c      0x220 /home/josepintor/Documentos/gcc-arm-none-eabi-4_9-2015q3/bin/../lib/gcc/arm-none-eabi/4.9.3/../../../../arm-none-eabi/lib/armv6-m/libc_nano.a(lib_a-nano-vfprintf.o)
                0x0002c52c                _vfiprintf_r
                0x0002c52c                _vfprintf_r
 .text._printf_common
                0x0002c74c       0xdc /home/josepintor/Documentos/gcc-arm-none-eabi-4_9-2015q3/bin/../lib/gcc/arm-none-eabi/4.9.3/../../../../arm-none-eabi/lib/armv6-m/libc_nano.a(lib_a-nano-vfprintf_i.o)
                0x0002c74c                _printf_common
 .text._printf_i
                0x0002c828      0x230 /home/josepintor/Documentos/gcc-arm-none-eabi-4_9-2015q3/bin/../lib/gcc/arm-none-eabi/4.9.3/../../../../arm-none-eabi/lib/armv6-m/libc_nano.a(lib_a-nano-vfprintf_i.o)
                0x0002c828                _printf_i
 .text.__sread  0x0002ca58       0x28 /home/josepintor/Documentos/gcc-arm-none-eabi-4_9-2015q3/bin/../lib/gcc/arm-none-eabi/4.9.3/../../../../arm-none-eabi/lib/armv6-m/libc_nano.a(lib_a-stdio.o)
                0x0002ca58                __sread
 .text.__swrite
                0x0002ca80       0x38 /home/josepintor/Documentos/gcc-arm-none-eabi-4_9-2015q3/bin/../lib/gcc/arm-none-eabi/4.9.3/../../../../arm-none-eabi/lib/armv6-m/libc_nano.a(lib_a-stdio.o)
                0x0002ca80                __swrite
 .text.__sseek  0x0002cab8       0x2c /home/josepintor/Documentos/gcc-arm-none-eabi-4_9-2015q3/bin/../lib/gcc/arm-none-eabi/4.9.3/../../../../arm-none-eabi/lib/armv6-m/libc_nano.a(lib_a-stdio.o)
                0x0002cab8                __sseek
 .text.__sclose
                0x0002cae4        0xc /home/josepintor/Documentos/gcc-arm-none-eabi-4_9-2015q3/bin/../lib/gcc/arm-none-eabi/4.9.3/../../../../arm-none-eabi/lib/armv6-m/libc_nano.a(lib_a-stdio.o)
                0x0002cae4                __sclose
 .text._write_r
                0x0002caf0       0x28 /home/josepintor/Documentos/gcc-arm-none-eabi-4_9-2015q3/bin/../lib/gcc/arm-none-eabi/4.9.3/../../../../arm-none-eabi/lib/armv6-m/libc_nano.a(lib_a-writer.o)
                0x0002caf0                _write_r
 .text._close_r
                0x0002cb18       0x24 /home/josepintor/Documentos/gcc-arm-none-eabi-4_9-2015q3/bin/../lib/gcc/arm-none-eabi/4.9.3/../../../../arm-none-eabi/lib/armv6-m/libc_nano.a(lib_a-closer.o)
                0x0002cb18                _close_r
 .text._fstat_r
                0x0002cb3c       0x24 /home/josepintor/Documentos/gcc-arm-none-eabi-4_9-2015q3/bin/../lib/gcc/arm-none-eabi/4.9.3/../../../../arm-none-eabi/lib/armv6-m/libc_nano.a(lib_a-fstatr.o)
                0x0002cb3c                _fstat_r
 .text._isatty_r
                0x0002cb60       0x24 /home/josepintor/Documentos/gcc-arm-none-eabi-4_9-2015q3/bin/../lib/gcc/arm-none-eabi/4.9.3/../../../../arm-none-eabi/lib/armv6-m/libc_nano.a(lib_a-isattyr.o)
                0x0002cb60                _isatty_r
 .text._lseek_r
                0x0002cb84       0x28 /home/josepintor/Documentos/gcc-arm-none-eabi-4_9-2015q3/bin/../lib/gcc/arm-none-eabi/4.9.3/../../../../arm-none-eabi/lib/armv6-m/libc_nano.a(lib_a-lseekr.o)
                0x0002cb84                _lseek_r
 .text.memchr   0x0002cbac       0x16 /home/josepintor/Documentos/gcc-arm-none-eabi-4_9-2015q3/bin/../lib/gcc/arm-none-eabi/4.9.3/../../../../arm-none-eabi/lib/armv6-m/libc_nano.a(lib_a-memchr.o)
                0x0002cbac                memchr
 .text.memmove  0x0002cbc2       0x28 /home/josepintor/Documentos/gcc-arm-none-eabi-4_9-2015q3/bin/../lib/gcc/arm-none-eabi/4.9.3/../../../../arm-none-eabi/lib/armv6-m/libc_nano.a(lib_a-memmove.o)
                0x0002cbc2                memmove
 .text._realloc_r
                0x0002cbea       0x4c /home/josepintor/Documentos/gcc-arm-none-eabi-4_9-2015q3/bin/../lib/gcc/arm-none-eabi/4.9.3/../../../../arm-none-eabi/lib/armv6-m/libc_nano.a(lib_a-nano-reallocr.o)
                0x0002cbea                _realloc_r
 *fill*         0x0002cc36        0x2 
 .text._read_r  0x0002cc38       0x28 /home/josepintor/Documentos/gcc-arm-none-eabi-4_9-2015q3/bin/../lib/gcc/arm-none-eabi/4.9.3/../../../../arm-none-eabi/lib/armv6-m/libc_nano.a(lib_a-readr.o)
                0x0002cc38                _read_r
 .text._malloc_usable_size_r
                0x0002cc60       0x16 /home/josepintor/Documentos/gcc-arm-none-eabi-4_9-2015q3/bin/../lib/gcc/arm-none-eabi/4.9.3/../../../../arm-none-eabi/lib/armv6-m/libc_nano.a(lib_a-nano-msizer.o)
                0x0002cc60                _malloc_usable_size_r
 *fill*         0x0002cc76        0x2 
 .text._close   0x0002cc78       0x10 /home/josepintor/Documentos/gcc-arm-none-eabi-4_9-2015q3/bin/../lib/gcc/arm-none-eabi/4.9.3/../../../../arm-none-eabi/lib/armv6-m/libnosys.a(close.o)
                0x0002cc78                _close
 .text._fstat   0x0002cc88       0x10 /home/josepintor/Documentos/gcc-arm-none-eabi-4_9-2015q3/bin/../lib/gcc/arm-none-eabi/4.9.3/../../../../arm-none-eabi/lib/armv6-m/libnosys.a(fstat.o)
                0x0002cc88                _fstat
 .text._isatty  0x0002cc98       0x10 /home/josepintor/Documentos/gcc-arm-none-eabi-4_9-2015q3/bin/../lib/gcc/arm-none-eabi/4.9.3/../../../../arm-none-eabi/lib/armv6-m/libnosys.a(isatty.o)
                0x0002cc98                _isatty
 .text._lseek   0x0002cca8       0x10 /home/josepintor/Documentos/gcc-arm-none-eabi-4_9-2015q3/bin/../lib/gcc/arm-none-eabi/4.9.3/../../../../arm-none-eabi/lib/armv6-m/libnosys.a(lseek.o)
                0x0002cca8                _lseek
 .text._read    0x0002ccb8       0x10 /home/josepintor/Documentos/gcc-arm-none-eabi-4_9-2015q3/bin/../lib/gcc/arm-none-eabi/4.9.3/../../../../arm-none-eabi/lib/armv6-m/libnosys.a(read.o)
                0x0002ccb8                _read
 .text._sbrk    0x0002ccc8       0x1c /home/josepintor/Documentos/gcc-arm-none-eabi-4_9-2015q3/bin/../lib/gcc/arm-none-eabi/4.9.3/../../../../arm-none-eabi/lib/armv6-m/libnosys.a(sbrk.o)
                0x0002ccc8                _sbrk
 .text._write   0x0002cce4       0x10 /home/josepintor/Documentos/gcc-arm-none-eabi-4_9-2015q3/bin/../lib/gcc/arm-none-eabi/4.9.3/../../../../arm-none-eabi/lib/armv6-m/libnosys.a(write.o)
                0x0002cce4                _write
 .text._exit    0x0002ccf4        0x4 /home/josepintor/Documentos/gcc-arm-none-eabi-4_9-2015q3/bin/../lib/gcc/arm-none-eabi/4.9.3/../../../../arm-none-eabi/lib/armv6-m/libnosys.a(_exit.o)
                0x0002ccf4                _exit
 *(.init)
 .init          0x0002ccf8        0x4 /home/josepintor/Documentos/gcc-arm-none-eabi-4_9-2015q3/bin/../lib/gcc/arm-none-eabi/4.9.3/armv6-m/crti.o
                0x0002ccf8                _init
 .init          0x0002ccfc        0x8 /home/josepintor/Documentos/gcc-arm-none-eabi-4_9-2015q3/bin/../lib/gcc/arm-none-eabi/4.9.3/armv6-m/crtn.o
 *(.fini)
 .fini          0x0002cd04        0x4 /home/josepintor/Documentos/gcc-arm-none-eabi-4_9-2015q3/bin/../lib/gcc/arm-none-eabi/4.9.3/armv6-m/crti.o
                0x0002cd04                _fini
 .fini          0x0002cd08        0x8 /home/josepintor/Documentos/gcc-arm-none-eabi-4_9-2015q3/bin/../lib/gcc/arm-none-eabi/4.9.3/armv6-m/crtn.o
 *crtbegin.o(.ctors)
 *crtbegin?.o(.ctors)
 *(EXCLUDE_FILE(*crtend.o *crtend?.o) .ctors)
 *(SORT(.ctors.*))
 *(.ctors)
 *crtbegin.o(.dtors)
 *crtbegin?.o(.dtors)
 *(EXCLUDE_FILE(*crtend.o *crtend?.o) .dtors)
 *(SORT(.dtors.*))
 *(.dtors)
 *(.rodata*)
 .rodata        0x0002cd10       0xc6 _build/init.o
 *fill*         0x0002cdd6        0x2 
 .rodata        0x0002cdd8      0x220 _build/utils.o
 .rodata        0x0002cff8      0x108 _build/ble_ambient.o
 .rodata        0x0002d100      0x4aa _build/main.o
 *fill*         0x0002d5aa        0x2 
 .rodata        0x0002d5ac       0x41 _build/SparkFunTSL2561.o
 *fill*         0x0002d5ed        0x3 
 .rodata        0x0002d5f0       0x4f _build/SparkFunMS1.o
 *fill*         0x0002d63f        0x1 
 .rodata        0x0002d640       0xe4 _build/rain.o
 .rodata        0x0002d724       0xfc _build/temp.o
 .rodata        0x0002d820       0xeb _build/lum.o
 *fill*         0x0002d90b        0x1 
 .rodata        0x0002d90c       0xe7 _build/hum.o
 *fill*         0x0002d9f3        0x1 
 .rodata        0x0002d9f4       0xff _build/humsolo.o
 *fill*         0x0002daf3        0x1 
 .rodata        0x0002daf4      0x106 _build/battery.o
 *fill*         0x0002dbfa        0x2 
 .rodata        0x0002dbfc      0x974 _build/mpu9x50.o
                0x0002dbfc                dmpMemory
                0x0002e3a8                dmpConfig
                0x0002e490                dmpUpdates
 .rodata        0x0002e570       0x1f _build/fhp_gpio.o
 *fill*         0x0002e58f        0x1 
 .rodata        0x0002e590       0x38 _build/nrf_pwm.o
 .rodata        0x0002e5c8        0x9 _build/SEGGER_RTT.o
 *fill*         0x0002e5d1        0x3 
 .rodata        0x0002e5d4       0x72 _build/ff.o
 *fill*         0x0002e646        0x2 
 .rodata        0x0002e648       0x59 _build/ble_dis.o
 *fill*         0x0002e6a1        0x3 
 .rodata        0x0002e6a4       0x5c _build/softdevice_handler.o
 .rodata        0x0002e700       0x54 _build/app_timer.o
 .rodata        0x0002e754       0x1c _build/pstorage.o
 .rodata        0x0002e770      0x1ac _build/device_manager_peripheral.o
                0x0002e770                m_service_context_store
                0x0002e780                m_service_context_load
                0x0002e790                m_service_context_apply
                0x0002e7a0                m_context_init_len
 .rodata        0x0002e91c       0x58 _build/app_scheduler.o
 .rodata.str1.4
                0x0002e974        0x4 /home/josepintor/Documentos/gcc-arm-none-eabi-4_9-2015q3/bin/../lib/gcc/arm-none-eabi/4.9.3/../../../../arm-none-eabi/lib/armv6-m/libm.a(lib_a-w_pow.o)
 .rodata.dp_h   0x0002e978       0x10 /home/josepintor/Documentos/gcc-arm-none-eabi-4_9-2015q3/bin/../lib/gcc/arm-none-eabi/4.9.3/../../../../arm-none-eabi/lib/armv6-m/libm.a(lib_a-e_pow.o)
 .rodata.dp_l   0x0002e988       0x10 /home/josepintor/Documentos/gcc-arm-none-eabi-4_9-2015q3/bin/../lib/gcc/arm-none-eabi/4.9.3/../../../../arm-none-eabi/lib/armv6-m/libm.a(lib_a-e_pow.o)
 .rodata.bp     0x0002e998       0x10 /home/josepintor/Documentos/gcc-arm-none-eabi-4_9-2015q3/bin/../lib/gcc/arm-none-eabi/4.9.3/../../../../arm-none-eabi/lib/armv6-m/libm.a(lib_a-e_pow.o)
 .rodata.str1.4
                0x0002e9a8        0x4 /home/josepintor/Documentos/gcc-arm-none-eabi-4_9-2015q3/bin/../lib/gcc/arm-none-eabi/4.9.3/../../../../arm-none-eabi/lib/armv6-m/libm.a(lib_a-e_pow.o)
                                  0x1 (size before relaxing)
 *fill*         0x0002e9ac        0x4 
 .rodata.TWO52  0x0002e9b0       0x10 /home/josepintor/Documentos/gcc-arm-none-eabi-4_9-2015q3/bin/../lib/gcc/arm-none-eabi/4.9.3/../../../../arm-none-eabi/lib/armv6-m/libm.a(lib_a-s_rint.o)
 .rodata        0x0002e9c0       0x40 /home/josepintor/Documentos/gcc-arm-none-eabi-4_9-2015q3/bin/../lib/gcc/arm-none-eabi/4.9.3/armv6-m/libgcc.a(divdf3.o)
 .rodata        0x0002ea00       0x40 /home/josepintor/Documentos/gcc-arm-none-eabi-4_9-2015q3/bin/../lib/gcc/arm-none-eabi/4.9.3/armv6-m/libgcc.a(muldf3.o)
 .rodata.str1.1
                0x0002ea40        0x2 /home/josepintor/Documentos/gcc-arm-none-eabi-4_9-2015q3/bin/../lib/gcc/arm-none-eabi/4.9.3/../../../../arm-none-eabi/lib/armv6-m/libc_nano.a(lib_a-impure.o)
 *fill*         0x0002ea42        0x2 
 .rodata._global_impure_ptr
                0x0002ea44        0x4 /home/josepintor/Documentos/gcc-arm-none-eabi-4_9-2015q3/bin/../lib/gcc/arm-none-eabi/4.9.3/../../../../arm-none-eabi/lib/armv6-m/libc_nano.a(lib_a-impure.o)
                0x0002ea44                _global_impure_ptr
 .rodata.__sf_fake_stdin
                0x0002ea48       0x20 /home/josepintor/Documentos/gcc-arm-none-eabi-4_9-2015q3/bin/../lib/gcc/arm-none-eabi/4.9.3/../../../../arm-none-eabi/lib/armv6-m/libc_nano.a(lib_a-findfp.o)
                0x0002ea48                __sf_fake_stdin
 .rodata.__sf_fake_stdout
                0x0002ea68       0x20 /home/josepintor/Documentos/gcc-arm-none-eabi-4_9-2015q3/bin/../lib/gcc/arm-none-eabi/4.9.3/../../../../arm-none-eabi/lib/armv6-m/libc_nano.a(lib_a-findfp.o)
                0x0002ea68                __sf_fake_stdout
 .rodata.__sf_fake_stderr
                0x0002ea88       0x20 /home/josepintor/Documentos/gcc-arm-none-eabi-4_9-2015q3/bin/../lib/gcc/arm-none-eabi/4.9.3/../../../../arm-none-eabi/lib/armv6-m/libc_nano.a(lib_a-findfp.o)
                0x0002ea88                __sf_fake_stderr
 .rodata.str1.1
                0x0002eaa8       0x11 /home/josepintor/Documentos/gcc-arm-none-eabi-4_9-2015q3/bin/../lib/gcc/arm-none-eabi/4.9.3/../../../../arm-none-eabi/lib/armv6-m/libc_nano.a(lib_a-nano-svfprintf.o)
 .rodata.str1.1
                0x00000000       0x11 /home/josepintor/Documentos/gcc-arm-none-eabi-4_9-2015q3/bin/../lib/gcc/arm-none-eabi/4.9.3/../../../../arm-none-eabi/lib/armv6-m/libc_nano.a(lib_a-nano-vfprintf.o)
 .rodata.str1.1
                0x0002eab9       0x22 /home/josepintor/Documentos/gcc-arm-none-eabi-4_9-2015q3/bin/../lib/gcc/arm-none-eabi/4.9.3/../../../../arm-none-eabi/lib/armv6-m/libc_nano.a(lib_a-nano-vfprintf_i.o)
 *(.eh_frame*)

.glue_7         0x0002eadc        0x0
 .glue_7        0x00000000        0x0 linker stubs

.glue_7t        0x0002eadc        0x0
 .glue_7t       0x00000000        0x0 linker stubs

.vfp11_veneer   0x0002eadc        0x0
 .vfp11_veneer  0x00000000        0x0 linker stubs

.v4_bx          0x0002eadc        0x0
 .v4_bx         0x00000000        0x0 linker stubs

.iplt           0x0002eadc        0x0
 .iplt          0x00000000        0x0 /home/josepintor/Documentos/gcc-arm-none-eabi-4_9-2015q3/bin/../lib/gcc/arm-none-eabi/4.9.3/armv6-m/crtbegin.o

.ARM.extab
 *(.ARM.extab* .gnu.linkonce.armextab.*)
                0x0002eadc                __exidx_start = .

.ARM.exidx      0x0002eadc        0x8
 *(.ARM.exidx* .gnu.linkonce.armexidx.*)
 .ARM.exidx     0x0002eadc        0x8 /home/josepintor/Documentos/gcc-arm-none-eabi-4_9-2015q3/bin/../lib/gcc/arm-none-eabi/4.9.3/../../../../arm-none-eabi/lib/armv6-m/crt0.o
 .ARM.exidx     0x0002eae4        0x0 _build/gcc_startup_nrf51.o
                                  0x8 (size before relaxing)
 .ARM.exidx     0x0002eae4        0x0 /home/josepintor/Documentos/gcc-arm-none-eabi-4_9-2015q3/bin/../lib/gcc/arm-none-eabi/4.9.3/armv6-m/libgcc.a(_divdi3.o)
                                  0x8 (size before relaxing)
 .ARM.exidx     0x0002eae4        0x0 /home/josepintor/Documentos/gcc-arm-none-eabi-4_9-2015q3/bin/../lib/gcc/arm-none-eabi/4.9.3/armv6-m/libgcc.a(_udivdi3.o)
                                  0x8 (size before relaxing)
                0x0002eae4                __exidx_end = .
                0x0002eae4                __etext = .

.rel.dyn        0x0002eae4        0x0
 .rel.iplt      0x00000000        0x0 /home/josepintor/Documentos/gcc-arm-none-eabi-4_9-2015q3/bin/../lib/gcc/arm-none-eabi/4.9.3/armv6-m/crtbegin.o

.data           0x20002000      0x140 load address 0x0002eae4
                0x20002000                __data_start__ = .
 *(vtable)
 *(.data*)
 .data          0x20002000        0xc _build/utils.o
 .data          0x2000200c        0x2 _build/main.o
 *fill*         0x2000200e        0x2 
 .data          0x20002010       0x10 _build/SparkFunTSL2561.o
                0x20002010                ms
                0x20002014                TSL2561_ADDR_0
                0x20002015                TSL2561_ADDR
                0x20002016                TSL2561_ADDR_1
                0x20002017                TSL2561_CMD
                0x20002018                TSL2561_CMD_CLEAR
                0x20002019                TSL2561_REG_TIMING
                0x2000201a                TSL2561_REG_THRESH_L
                0x2000201b                TSL2561_REG_THRESH_H
                0x2000201c                TSL2561_REG_INTCTL
                0x2000201d                TSL2561_REG_ID
                0x2000201e                TSL2561_REG_DATA_0
                0x2000201f                TSL2561_REG_DATA_1
 .data          0x20002020       0x3c _build/fhp_gpio.o
 .data          0x2000205c        0x4 _build/nrf_pwm.o
 .data          0x20002060       0x78 _build/SEGGER_RTT.o
 .data          0x200020d8        0x1 _build/diskio.o
 .data.__fdlib_version
                0x200020d9        0x1 /home/josepintor/Documentos/gcc-arm-none-eabi-4_9-2015q3/bin/../lib/gcc/arm-none-eabi/4.9.3/../../../../arm-none-eabi/lib/armv6-m/libm.a(lib_a-s_lib_ver.o)
                0x200020d9                __fdlib_version
 *fill*         0x200020da        0x2 
 .data.impure_data
                0x200020dc       0x60 /home/josepintor/Documentos/gcc-arm-none-eabi-4_9-2015q3/bin/../lib/gcc/arm-none-eabi/4.9.3/../../../../arm-none-eabi/lib/armv6-m/libc_nano.a(lib_a-impure.o)
 .data._impure_ptr
                0x2000213c        0x4 /home/josepintor/Documentos/gcc-arm-none-eabi-4_9-2015q3/bin/../lib/gcc/arm-none-eabi/4.9.3/../../../../arm-none-eabi/lib/armv6-m/libc_nano.a(lib_a-impure.o)
                0x2000213c                _impure_ptr
                0x20002140                . = ALIGN (0x4)
                0x20002140                PROVIDE (__preinit_array_start, .)
 *(.preinit_array)
                0x20002140                PROVIDE (__preinit_array_end, .)
                0x20002140                . = ALIGN (0x4)
                0x20002140                PROVIDE (__init_array_start, .)
 *(SORT(.init_array.*))
 *(.init_array)
                0x20002140                PROVIDE (__init_array_end, .)
                0x20002140                . = ALIGN (0x4)
                0x20002140                PROVIDE (__fini_array_start, .)
 *(SORT(.fini_array.*))
 *(.fini_array)
                0x20002140                PROVIDE (__fini_array_end, .)
 *(.jcr)
                0x20002140                . = ALIGN (0x4)
                0x20002140                __data_end__ = .

.igot.plt       0x20002140        0x0 load address 0x0002ec24
 .igot.plt      0x00000000        0x0 /home/josepintor/Documentos/gcc-arm-none-eabi-4_9-2015q3/bin/../lib/gcc/arm-none-eabi/4.9.3/armv6-m/crtbegin.o

.bss            0x20002140     0x167c load address 0x0002ec28
                0x20002140                . = ALIGN (0x4)
                0x20002140                __bss_start__ = .
 *(.bss*)
 .bss           0x20002140      0x9d4 _build/init.o
 .bss           0x20002b14        0x4 _build/utils.o
 .bss           0x20002b18       0x10 _build/nosso.o
 .bss           0x20002b28       0xa4 _build/ble_ambient.o
                0x20002b28                bytes_sent
 .bss           0x20002bcc        0x4 _build/main.o
 .bss           0x20002bd0        0x4 _build/sd_card.o
 .bss           0x20002bd4        0x4 _build/SparkFunTSL2561.o
                0x20002bd4                time
                0x20002bd5                error
                0x20002bd6                good
                0x20002bd7                TSL2561_REG_CONTROL
 .bss           0x20002bd8        0x2 _build/battery.o
 .bss           0x20002bda        0x1 _build/max1161x.o
 *fill*         0x20002bdb        0x1 
 .bss           0x20002bdc       0x12 _build/mpu9x50.o
 .bss           0x20002bee        0x1 _build/max17048.o
 .bss           0x20002bef        0x3 _build/pca9538.o
 *fill*         0x20002bf2        0x2 
 .bss           0x20002bf4       0x58 _build/nrf_pwm.o
 .bss           0x20002c4c        0x4 _build/bme280.o
 .bss           0x20002c50      0x411 _build/SEGGER_RTT.o
 *fill*         0x20003061        0x3 
 .bss           0x20003064        0x6 _build/ff.o
 .bss           0x2000306a        0x1 _build/diskio.o
 *fill*         0x2000306b        0x1 
 .bss           0x2000306c       0x4c _build/ble_dis.o
 .bss           0x200030b8       0x14 _build/softdevice_handler.o
 .bss           0x200030cc       0x35 _build/ble_conn_params.o
 *fill*         0x20003101        0x3 
 .bss           0x20003104       0x29 _build/app_timer.o
 *fill*         0x2000312d        0x3 
 .bss           0x20003130       0xf8 _build/pstorage.o
 .bss           0x20003228      0x123 _build/device_manager_peripheral.o
 *fill*         0x2000334b        0x1 
 .bss           0x2000334c        0xc _build/app_gpiote.o
 .bss           0x20003358        0xe _build/app_scheduler.o
 *fill*         0x20003366        0x2 
 .bss.__malloc_sbrk_start
                0x20003368        0x4 /home/josepintor/Documentos/gcc-arm-none-eabi-4_9-2015q3/bin/../lib/gcc/arm-none-eabi/4.9.3/../../../../arm-none-eabi/lib/armv6-m/libc_nano.a(lib_a-nano-mallocr.o)
                0x20003368                __malloc_sbrk_start
 .bss.__malloc_free_list
                0x2000336c        0x4 /home/josepintor/Documentos/gcc-arm-none-eabi-4_9-2015q3/bin/../lib/gcc/arm-none-eabi/4.9.3/../../../../arm-none-eabi/lib/armv6-m/libc_nano.a(lib_a-nano-mallocr.o)
                0x2000336c                __malloc_free_list
 .bss.heap_end.4079
                0x20003370        0x4 /home/josepintor/Documentos/gcc-arm-none-eabi-4_9-2015q3/bin/../lib/gcc/arm-none-eabi/4.9.3/../../../../arm-none-eabi/lib/armv6-m/libnosys.a(sbrk.o)
 *(COMMON)
 *fill*         0x20003374        0x4 
 COMMON         0x20003378      0x3d4 _build/init.o
                0x20003378                m_gauge_timer_id
                0x20003380                m_humsolo
                0x200033a0                m_gpiote_user_ch
                0x200033a1                _i2c_address
                0x200033a4                m_watchdog_timer_id
                0x200033a8                twi_busy
                0x200033a9                m_app_handle
                0x200033b0                m_rain
                0x200033d0                high_voltage_on
                0x200033d8                m_hum
                0x200033f8                low_battery
                0x200033fc                m_rtc_timer_id
                0x20003400                m_amb
                0x200034d0                m_temp
                0x200034f0                m_sensor_timer_id
                0x200034f4                _error
                0x200034f8                sd_card
                0x20003728                m_lum
                0x20003748                m_base_timer_id
 COMMON         0x2000374c       0x28 _build/ble_ambient.o
                0x2000374c                file_sens
                0x20003770                m_amb_sd
 COMMON         0x20003774        0x4 _build/SparkFunTSL2561.o
                0x20003774                data1
                0x20003775                ID
                0x20003776                data0
                0x20003777                gain
 COMMON         0x20003778        0x1 _build/mpu9x50.o
                0x20003778                device_address
 *fill*         0x20003779        0x3 
 COMMON         0x2000377c       0x3c _build/bme280.o
                0x2000377c                bme280
 COMMON         0x200037b8        0x4 /home/josepintor/Documentos/gcc-arm-none-eabi-4_9-2015q3/bin/../lib/gcc/arm-none-eabi/4.9.3/../../../../arm-none-eabi/lib/armv6-m/libc_nano.a(lib_a-reent.o)
                0x200037b8                errno
                0x200037bc                . = ALIGN (0x4)
                0x200037bc                __bss_end__ = .

.heap           0x200037c0        0x0
                0x200037c0                __end__ = .
                0x200037c0                end = __end__
 *(.heap*)
 .heap          0x200037c0        0x0 _build/gcc_startup_nrf51.o