Archive member included because of file (symbol)

/home/josepintor/Documentos/gcc-arm-none-eabi-4_9-2015q3/bin/../lib/gcc/arm-none-eabi/4.9.3/../../../../arm-none-eabi/lib/armv6-m/libm.a(lib_a-w_pow.o)
                              _build/SparkFunTSL2561.o (pow)
/home/josepintor/Documentos/gcc-arm-none-eabi-4_9-2015q3/bin/../lib/gcc/arm-none-eabi/4.9.3/../../../../arm-none-eabi/lib/armv6-m/libm.a(lib_a-e_pow.o)
                              /home/josepintor/Documentos/gcc-arm-none-eabi-4_9-2015q3/bin/../lib/gcc/arm-none-eabi/4.9.3/../../../../arm-none-eabi/lib/armv6-m/libm.a(lib_a-w_pow.o) (__ieee754_pow)
/home/josepintor/Documentos/gcc-arm-none-eabi-4_9-2015q3/bin/../lib/gcc/arm-none-eabi/4.9.3/../../../../arm-none-eabi/lib/armv6-m/libm.a(lib_a-e_sqrt.o)
                              /home/josepintor/Documentos/gcc-arm-none-eabi-4_9-2015q3/bin/../lib/gcc/arm-none-eabi/4.9.3/../../../../arm-none-eabi/lib/armv6-m/libm.a(lib_a-e_pow.o) (__ieee754_sqrt)
/home/josepintor/Documentos/gcc-arm-none-eabi-4_9-2015q3/bin/../lib/gcc/arm-none-eabi/4.9.3/../../../../arm-none-eabi/lib/armv6-m/libm.a(lib_a-s_fabs.o)
                              /home/josepintor/Documentos/gcc-arm-none-eabi-4_9-2015q3/bin/../lib/gcc/arm-none-eabi/4.9.3/../../../../arm-none-eabi/lib/armv6-m/libm.a(lib_a-e_pow.o) (fabs)
/home/josepintor/Documentos/gcc-arm-none-eabi-4_9-2015q3/bin/../lib/gcc/arm-none-eabi/4.9.3/../../../../arm-none-eabi/lib/armv6-m/libm.a(lib_a-s_finite.o)
                              /home/josepintor/Documentos/gcc-arm-none-eabi-4_9-2015q3/bin/../lib/gcc/arm-none-eabi/4.9.3/../../../../arm-none-eabi/lib/armv6-m/libm.a(lib_a-w_pow.o) (finite)
/home/josepintor/Documentos/gcc-arm-none-eabi-4_9-2015q3/bin/../lib/gcc/arm-none-eabi/4.9.3/../../../../arm-none-eabi/lib/armv6-m/libm.a(lib_a-s_fpclassify.o)
                              /home/josepintor/Documentos/gcc-arm-none-eabi-4_9-2015q3/bin/../lib/gcc/arm-none-eabi/4.9.3/../../../../arm-none-eabi/lib/armv6-m/libm.a(lib_a-w_pow.o) (__fpclassifyd)
/home/josepintor/Documentos/gcc-arm-none-eabi-4_9-2015q3/bin/../lib/gcc/arm-none-eabi/4.9.3/../../../../arm-none-eabi/lib/armv6-m/libm.a(lib_a-s_lib_ver.o)
                              /home/josepintor/Documentos/gcc-arm-none-eabi-4_9-2015q3/bin/../lib/gcc/arm-none-eabi/4.9.3/../../../../arm-none-eabi/lib/armv6-m/libm.a(lib_a-w_pow.o) (__fdlib_version)
/home/josepintor/Documentos/gcc-arm-none-eabi-4_9-2015q3/bin/../lib/gcc/arm-none-eabi/4.9.3/../../../../arm-none-eabi/lib/armv6-m/libm.a(lib_a-s_matherr.o)
                              /home/josepintor/Documentos/gcc-arm-none-eabi-4_9-2015q3/bin/../lib/gcc/arm-none-eabi/4.9.3/../../../../arm-none-eabi/lib/armv6-m/libm.a(lib_a-w_pow.o) (matherr)
/home/josepintor/Documentos/gcc-arm-none-eabi-4_9-2015q3/bin/../lib/gcc/arm-none-eabi/4.9.3/../../../../arm-none-eabi/lib/armv6-m/libm.a(lib_a-s_nan.o)
                              /home/josepintor/Documentos/gcc-arm-none-eabi-4_9-2015q3/bin/../lib/gcc/arm-none-eabi/4.9.3/../../../../arm-none-eabi/lib/armv6-m/libm.a(lib_a-e_pow.o) (nan)
/home/josepintor/Documentos/gcc-arm-none-eabi-4_9-2015q3/bin/../lib/gcc/arm-none-eabi/4.9.3/../../../../arm-none-eabi/lib/armv6-m/libm.a(lib_a-s_rint.o)
                              /home/josepintor/Documentos/gcc-arm-none-eabi-4_9-2015q3/bin/../lib/gcc/arm-none-eabi/4.9.3/../../../../arm-none-eabi/lib/armv6-m/libm.a(lib_a-w_pow.o) (rint)
/home/josepintor/Documentos/gcc-arm-none-eabi-4_9-2015q3/bin/../lib/gcc/arm-none-eabi/4.9.3/../../../../arm-none-eabi/lib/armv6-m/libm.a(lib_a-s_scalbn.o)
                              /home/josepintor/Documentos/gcc-arm-none-eabi-4_9-2015q3/bin/../lib/gcc/arm-none-eabi/4.9.3/../../../../arm-none-eabi/lib/armv6-m/libm.a(lib_a-e_pow.o) (scalbn)
/home/josepintor/Documentos/gcc-arm-none-eabi-4_9-2015q3/bin/../lib/gcc/arm-none-eabi/4.9.3/../../../../arm-none-eabi/lib/armv6-m/libm.a(lib_a-s_copysign.o)
                              /home/josepintor/Documentos/gcc-arm-none-eabi-4_9-2015q3/bin/../lib/gcc/arm-none-eabi/4.9.3/../../../../arm-none-eabi/lib/armv6-m/libm.a(lib_a-s_scalbn.o) (copysign)
/home/josepintor/Documentos/gcc-arm-none-eabi-4_9-2015q3/bin/../lib/gcc/arm-none-eabi/4.9.3/armv6-m/libgcc.a(_thumb1_case_uqi.o)
                              _build/ble_ambient.o (__gnu_thumb1_case_uqi)
/home/josepintor/Documentos/gcc-arm-none-eabi-4_9-2015q3/bin/../lib/gcc/arm-none-eabi/4.9.3/armv6-m/libgcc.a(_udivsi3.o)
                              _build/utils.o (__aeabi_uidiv)
/home/josepintor/Documentos/gcc-arm-none-eabi-4_9-2015q3/bin/../lib/gcc/arm-none-eabi/4.9.3/armv6-m/libgcc.a(_divsi3.o)
                              _build/utils.o (__aeabi_idiv)
/home/josepintor/Documentos/gcc-arm-none-eabi-4_9-2015q3/bin/../lib/gcc/arm-none-eabi/4.9.3/armv6-m/libgcc.a(_dvmd_tls.o)
                              /home/josepintor/Documentos/gcc-arm-none-eabi-4_9-2015q3/bin/../lib/gcc/arm-none-eabi/4.9.3/armv6-m/libgcc.a(_udivsi3.o) (__aeabi_idiv0)
[...]
Memory Configuration

Name             Origin             Length             Attributes
FLASH            0x00016000         0x0002a000         xr
RAM              0x20002000         0x00002000         xrw
*default*        0x00000000         0xffffffff

Linker script and memory map

LOAD /home/josepintor/Documentos/gcc-arm-none-eabi-4_9-2015q3/bin/../lib/gcc/arm-none-eabi/4.9.3/armv6-m/crti.o
LOAD /home/josepintor/Documentos/gcc-arm-none-eabi-4_9-2015q3/bin/../lib/gcc/arm-none-eabi/4.9.3/armv6-m/crtbegin.o
LOAD /home/josepintor/Documentos/gcc-arm-none-eabi-4_9-2015q3/bin/../lib/gcc/arm-none-eabi/4.9.3/../../../../arm-none-eabi/lib/armv6-m/crt0.o
LOAD _build/init.o
LOAD _build/utils.o
LOAD _build/nosso.o
LOAD _build/ble_ambient.o
LOAD _build/main.o
LOAD _build/sd_card.o
LOAD _build/SparkFunTSL2561.o
LOAD _build/SparkFunMS1.o
LOAD _build/rain.o
LOAD _build/temp.o
LOAD _build/lum.o
LOAD _build/pr.o
LOAD _build/hum.o
LOAD _build/humsolo.o
LOAD _build/battery.o
LOAD _build/max1161x.o
LOAD _build/mpu9x50.o
LOAD _build/max17048.o
LOAD _build/pca9538.o
LOAD _build/fhp_gpio.o
LOAD _build/nrf_pwm.o
LOAD _build/bme280.o
LOAD _build/SEGGER_RTT.o
LOAD _build/ff.o
LOAD _build/diskio.o
LOAD _build/spi_fhp_master.o
LOAD _build/twi_hw_master.o
LOAD _build/ble_dis.o
LOAD _build/ble_srv_common.o
LOAD _build/softdevice_handler.o
LOAD _build/ble_advdata.o
LOAD _build/ble_conn_params.o
LOAD _build/app_timer.o
LOAD _build/pstorage.o
LOAD _build/device_manager_peripheral.o
LOAD _build/app_gpiote.o
LOAD _build/nrf_delay.o
LOAD _build/app_scheduler.o
LOAD _build/system_nrf51.o
LOAD _build/gcc_startup_nrf51.o
LOAD /home/josepintor/Documentos/gcc-arm-none-eabi-4_9-2015q3/bin/../lib/gcc/arm-none-eabi/4.9.3/../../../../arm-none-eabi/lib/armv6-m/libm.a
START GROUP
LOAD /home/josepintor/Documentos/gcc-arm-none-eabi-4_9-2015q3/bin/../lib/gcc/arm-none-eabi/4.9.3/armv6-m/libgcc.a
LOAD /home/josepintor/Documentos/gcc-arm-none-eabi-4_9-2015q3/bin/../lib/gcc/arm-none-eabi/4.9.3/../../../../arm-none-eabi/lib/armv6-m/libc_nano.a
END GROUP
START GROUP
LOAD /home/josepintor/Documentos/gcc-arm-none-eabi-4_9-2015q3/bin/../lib/gcc/arm-none-eabi/4.9.3/armv6-m/libgcc.a
LOAD /home/josepintor/Documentos/gcc-arm-none-eabi-4_9-2015q3/bin/../lib/gcc/arm-none-eabi/4.9.3/../../../../arm-none-eabi/lib/armv6-m/libc_nano.a
END GROUP
LOAD /home/josepintor/Documentos/gcc-arm-none-eabi-4_9-2015q3/bin/../lib/gcc/arm-none-eabi/4.9.3/armv6-m/crtend.o
LOAD /home/josepintor/Documentos/gcc-arm-none-eabi-4_9-2015q3/bin/../lib/gcc/arm-none-eabi/4.9.3/armv6-m/crtn.o
START GROUP
LOAD /home/josepintor/Documentos/gcc-arm-none-eabi-4_9-2015q3/bin/../lib/gcc/arm-none-eabi/4.9.3/armv6-m/libgcc.a
LOAD /home/josepintor/Documentos/gcc-arm-none-eabi-4_9-2015q3/bin/../lib/gcc/arm-none-eabi/4.9.3/../../../../arm-none-eabi/lib/armv6-m/libc.a
LOAD /home/josepintor/Documentos/gcc-arm-none-eabi-4_9-2015q3/bin/../lib/gcc/arm-none-eabi/4.9.3/../../../../arm-none-eabi/lib/armv6-m/libnosys.a
END GROUP

.text           0x00016000     0xe123
 *(.Vectors)
 .Vectors       0x00016000       0xc0 _build/gcc_startup_nrf51.o
                0x00016000                __Vectors
 *(.text*)
 .text          0x000160c0       0x78 /home/josepintor/Documentos/gcc-arm-none-eabi-4_9-2015q3/bin/../lib/gcc/arm-none-eabi/4.9.3/../../../../arm-none-eabi/lib/armv6-m/crt0.o
                0x000160c0                _mainCRTStartup
                0x000160c0                _start
 .text.sd_ble_gap_tx_power_set
                0x00016138        0x4 _build/init.o
 .text.sd_ble_gap_appearance_set
                0x0001613c        0x4 _build/init.o
 .text.sd_ble_gap_ppcp_set
                0x00016140        0x4 _build/init.o
 .text.sd_ble_gap_device_name_set
                0x00016144        0x4 _build/init.o
 .text.sd_ble_enable
                0x00016148        0x4 _build/init.o
 .text.sd_ble_opt_set
                0x0001614c        0x4 _build/init.o
 .text.gpio_init
                0x00016150       0x60 _build/init.o
                0x00016150                gpio_init
 .text.leds_init
                0x000161b0       0x28 _build/init.o
                0x000161b0                leds_init
 .text.timers_init
                0x000161d8       0xdc _build/init.o
                0x000161d8                timers_init
 .text.gpiote_init
                0x000162b4       0x78 _build/init.o
                0x000162b4                gpiote_init
 .text.ble_stack_init
                0x0001632c       0x98 _build/init.o
                0x0001632c                ble_stack_init
 .text.scheduler_init
                0x000163c4       0x24 _build/init.o
                0x000163c4                scheduler_init
 .text.device_manager_init
                0x000163e8       0x80 _build/init.o
                0x000163e8                device_manager_init
 .text.gap_params_init
                0x00016468       0x5c _build/init.o
                0x00016468                gap_params_init
 .text.services_init
                0x000164c4       0x90 _build/init.o
                0x000164c4                services_init
 .text.advertising_init
                0x00016554       0x4c _build/init.o
                0x00016554                advertising_init
 .text.conn_params_init
                0x000165a0       0x54 _build/init.o
                0x000165a0                conn_params_init
 .text.drivers_init
                0x000165f4       0x9c _build/init.o
                0x000165f4                drivers_init
 .text.sensors_init
                0x00016690      0x104 _build/init.o
                0x00016690                sensors_init
 .text.watchdog_init
                0x00016794       0x54 _build/init.o
                0x00016794                watchdog_init
 .text.application_work_start
                0x000167e8       0x74 _build/init.o
                0x000167e8                application_work_start
 .text.msec_to_ticks
                0x0001685c       0x10 _build/utils.o
                0x0001685c                msec_to_ticks
 .text.check_ble_service_err_code
                0x0001686c       0x48 _build/utils.o
                0x0001686c                check_ble_service_err_code
 .text.add_zeroes_twenty
                0x000168b4       0x98 _build/utils.o
                0x000168b4                add_zeroes_twenty
 .text.add_zeroes
                0x0001694c       0x78 _build/utils.o
                0x0001694c                add_zeroes
 .text.log_to_sd
                0x000169c4       0xf8 _build/utils.o
                0x000169c4                log_to_sd
 .text.log2sd   0x00016abc       0x64 _build/utils.o
                0x00016abc                log2sd
 .text.getTimeStamp
                0x00016b20        0xc _build/nosso.o
                0x00016b20                getTimeStamp
 .text.getflagBAT
                0x00016b2c        0xc _build/nosso.o
                0x00016b2c                getflagBAT
 .text.getflagACC
                0x00016b38        0xc _build/nosso.o
                0x00016b38                getflagACC
 .text.setTimeStamp
                0x00016b44        0xc _build/nosso.o
                0x00016b44                setTimeStamp
 .text.setflagBAT
                0x00016b50        0xc _build/nosso.o
                0x00016b50                setflagBAT
 .text.setflagACC
                0x00016b5c        0xc _build/nosso.o
                0x00016b5c                setflagACC
 .text.increTimeStamp
                0x00016b68       0x10 _build/nosso.o
                0x00016b68                increTimeStamp
 .text.sd_ble_gatts_service_add
                0x00016b78        0x4 _build/ble_ambient.o
 .text.sd_ble_gatts_characteristic_add
                0x00016b7c        0x4 _build/ble_ambient.o
 .text.sd_ble_gatts_value_set
                0x00016b80        0x4 _build/ble_ambient.o
 .text.sd_ble_gatts_hvx
                0x00016b84        0x4 _build/ble_ambient.o
 .text.sd_ble_uuid_vs_add
                0x00016b88        0x4 _build/ble_ambient.o
 .text.ble_ambient_init
                0x00016b8c      0x624 _build/ble_ambient.o
                0x00016b8c                ble_ambient_init
 .text.ble_ambient_sensor_update
                0x000171b0       0x94 _build/ble_ambient.o
                0x000171b0                ble_ambient_sensor_update
 .text.sd_timer_handler
                0x00017244       0xb4 _build/ble_ambient.o
                0x00017244                sd_timer_handler
 .text.lerCartao2
                0x000172f8       0xb4 _build/ble_ambient.o
                0x000172f8                lerCartao2
 .text.ble_ambient_config_update
                0x000173ac       0xd6 _build/ble_ambient.o
                0x000173ac                ble_ambient_config_update
 .text.rtc_timer_handler
                0x00017482        0x8 _build/ble_ambient.o
                0x00017482                rtc_timer_handler
 *fill*         0x0001748a        0x2 
 .text.ble_install_config_update
                0x0001748c       0xb8 _build/ble_ambient.o
                0x0001748c                ble_install_config_update
 .text.on_write
                0x00017544      0x1d4 _build/ble_ambient.o
 .text.ble_ambient_on_ble_evt
                0x00017718       0x22 _build/ble_ambient.o
                0x00017718                ble_ambient_on_ble_evt
 .text.sd_ble_gap_adv_start
                0x0001773a        0x4 _build/main.o
 .text.sd_app_evt_wait
                0x0001773e        0x4 _build/main.o
 *fill*         0x00017742        0x2 
 .text.app_error_handler
                0x00017744       0x50 _build/main.o
                0x00017744                app_error_handler
 .text.HardFault_Handler
                0x00017794       0x3c _build/main.o
                0x00017794                HardFault_Handler
 .text.assert_nrf_callback
                0x000177d0       0x4c _build/main.o
                0x000177d0                assert_nrf_callback
 .text.conn_params_error_handler
                0x0001781c       0x10 _build/main.o
                0x0001781c                conn_params_error_handler
 .text.on_conn_params_evt
                0x0001782c       0x24 _build/main.o
                0x0001782c                on_conn_params_evt
 .text.advertising_start
                0x00017850       0x54 _build/main.o
                0x00017850                advertising_start
 .text.on_ble_evt
                0x000178a4       0x9c _build/main.o
 .text.device_manager_evt_handler
                0x00017940       0x18 _build/main.o
                0x00017940                device_manager_evt_handler
 .text.ble_evt_dispatch
                0x00017958       0x24 _build/main.o
                0x00017958                ble_evt_dispatch
 .text.sys_evt_dispatch
                0x0001797c        0x8 _build/main.o
                0x0001797c                sys_evt_dispatch
 .text.ble_amb_evt
                0x00017984      0x144 _build/main.o
                0x00017984                ble_amb_evt
 .text.sensor_timer_handler
                0x00017ac8       0x94 _build/main.o
                0x00017ac8                sensor_timer_handler
 .text.base_timer_handler
                0x00017b5c       0x28 _build/main.o
                0x00017b5c                base_timer_handler
 .text.watchdog_timer_handler
                0x00017b84       0x14 _build/main.o
                0x00017b84                watchdog_timer_handler
 .text.startup.main
                0x00017b98      0x1f8 _build/main.o
                0x00017b98                main
 .text.nrf_delay_us.constprop.0
                0x00017d90       0x26 _build/sd_card.o
 *fill*         0x00017db6        0x2 
 .text.spi_init
                0x00017db8       0x2c _build/sd_card.o
                0x00017db8                spi_init
 .text.send_mmc
                0x00017de4       0x28 _build/sd_card.o
                0x00017de4                send_mmc
 .text.receive_mmc
                0x00017e0c       0x38 _build/sd_card.o
                0x00017e0c                receive_mmc
 .text.wait_ready
                0x00017e44       0x2c _build/sd_card.o
                0x00017e44                wait_ready
 .text.deselect
                0x00017e70       0x1c _build/sd_card.o
                0x00017e70                deselect
 .text.select   0x00017e8c       0x30 _build/sd_card.o
                0x00017e8c                select
 .text.receive_datablock
                0x00017ebc       0x48 _build/sd_card.o
                0x00017ebc                receive_datablock
 .text.send_datablock
                0x00017f04       0x4c _build/sd_card.o
                0x00017f04                send_datablock
 .text.send_cmd
                0x00017f50       0x94 _build/sd_card.o
                0x00017f50                send_cmd
 .text.SFE_TSL2561_begin
                0x00017fe4       0x1c _build/SparkFunTSL2561.o
                0x00017fe4                SFE_TSL2561_begin
 .text.SFE_TSL2561_getLux
                0x00018000      0x1d0 _build/SparkFunTSL2561.o
                0x00018000                SFE_TSL2561_getLux
 .text.SFE_TSL2561_readByte
                0x000181d0       0x58 _build/SparkFunTSL2561.o
                0x000181d0                SFE_TSL2561_readByte
 .text.SFE_TSL2561_getID
                0x00018228       0x14 _build/SparkFunTSL2561.o
                0x00018228                SFE_TSL2561_getID
 .text.SFE_TSL2561_writeByte
                0x0001823c       0x58 _build/SparkFunTSL2561.o
                0x0001823c                SFE_TSL2561_writeByte
 .text.SFE_TSL2561_setPowerUp
                0x00018294       0x14 _build/SparkFunTSL2561.o
                0x00018294                SFE_TSL2561_setPowerUp
 .text.setTiming
                0x000182a8       0x48 _build/SparkFunTSL2561.o
                0x000182a8                setTiming
 .text.SFE_TSL2561_setTiming
                0x000182f0       0x22 _build/SparkFunTSL2561.o
                0x000182f0                SFE_TSL2561_setTiming
 *fill*         0x00018312        0x2 
 .text.SparkFunTSL2561_init
                0x00018314       0xbc _build/SparkFunTSL2561.o
                0x00018314                SparkFunTSL2561_init
 .text.SFE_TSL2561_readUInt
                0x000183d0       0x5c _build/SparkFunTSL2561.o
                0x000183d0                SFE_TSL2561_readUInt
 .text.SFE_TSL2561_getData
                0x0001842c       0x24 _build/SparkFunTSL2561.o
                0x0001842c                SFE_TSL2561_getData
 .text.SparkFunTSL2561_bring_the_light
                0x00018450       0x70 _build/SparkFunTSL2561.o
                0x00018450                SparkFunTSL2561_bring_the_light
 .text.SparkFunMS1_read1
                0x000184c0       0x40 _build/SparkFunMS1.o
                0x000184c0                SparkFunMS1_read1
 .text.SparkFunMS1_read3
                0x00018500       0x38 _build/SparkFunMS1.o
                0x00018500                SparkFunMS1_read3
 .text.rain_init
                0x00018538       0x34 _build/rain.o
                0x00018538                rain_init
 .text.rain_configs_update
                0x0001856c       0x90 _build/rain.o
                0x0001856c                rain_configs_update
 .text.rain_values_handler
                0x000185fc       0x44 _build/rain.o
                0x000185fc                rain_values_handler
 .text.temp_init
                0x00018640       0x34 _build/temp.o
                0x00018640                temp_init
 .text.temp_configs_update
                0x00018674       0x90 _build/temp.o
                0x00018674                temp_configs_update
 .text.temp_values_handler
                0x00018704       0x5c _build/temp.o
                0x00018704                temp_values_handler
 .text.lum_init
                0x00018760       0x34 _build/lum.o
                0x00018760                lum_init
 .text.lum_configs_update
                0x00018794       0x90 _build/lum.o
                0x00018794                lum_configs_update
 .text.lum_values_handler
                0x00018824       0x4c _build/lum.o
                0x00018824                lum_values_handler
 .text.hum_init
                0x00018870       0x34 _build/hum.o
                0x00018870                hum_init
 .text.hum_configs_update
                0x000188a4       0x90 _build/hum.o
                0x000188a4                hum_configs_update
 .text.hum_values_handler
                0x00018934       0x3c _build/hum.o
                0x00018934                hum_values_handler
 .text.humsolo_init
                0x00018970       0x34 _build/humsolo.o
                0x00018970                humsolo_init
 .text.humsolo_configs_update
                0x000189a4       0x90 _build/humsolo.o
                0x000189a4                humsolo_configs_update
 .text.humsolo_values_handler
                0x00018a34       0x38 _build/humsolo.o
                0x00018a34                humsolo_values_handler
 .text.induction_charging.part.0
                0x00018a6c       0x3c _build/battery.o
 .text.wired_charging.part.1
                0x00018aa8       0x3c _build/battery.o
 .text.battery_init
                0x00018ae4       0x18 _build/battery.o
                0x00018ae4                battery_init
 .text.induction_charging
                0x00018afc       0x38 _build/battery.o
                0x00018afc                induction_charging
 .text.wired_charging
                0x00018b34       0x38 _build/battery.o
                0x00018b34                wired_charging
 .text.battery_charge_handler
                0x00018b6c       0x68 _build/battery.o
                0x00018b6c                battery_charge_handler
 .text.gauge_timer_handler
                0x00018bd4       0xa4 _build/battery.o
                0x00018bd4                gauge_timer_handler
 .text.enable_high_voltage
                0x00018c78       0x20 _build/battery.o
                0x00018c78                enable_high_voltage
 .text.max1161x_write_data
                0x00018c98       0x28 _build/max1161x.o
                0x00018c98                max1161x_write_data
 .text.max1161x_read_data
                0x00018cc0       0x4c _build/max1161x.o
                0x00018cc0                max1161x_read_data
 .text.max1161x_init
                0x00018d0c       0x28 _build/max1161x.o
                0x00018d0c                max1161x_init
 .text.max1161x_read_channel
                0x00018d34       0x44 _build/max1161x.o
                0x00018d34                max1161x_read_channel
 .text.read_mult
                0x00018d78       0x74 _build/mpu9x50.o
                0x00018d78                read_mult
 .text.read     0x00018dec        0xa _build/mpu9x50.o
                0x00018dec                read
 .text.get8     0x00018df6       0x16 _build/mpu9x50.o
                0x00018df6                get8
 .text.write_mult
                0x00018e0c       0x54 _build/mpu9x50.o
                0x00018e0c                write_mult
 .text.write    0x00018e60       0x12 _build/mpu9x50.o
                0x00018e60                write
 .text.writeBits
                0x00018e72       0x44 _build/mpu9x50.o
                0x00018e72                writeBits
 .text.writeBit
                0x00018eb6        0xc _build/mpu9x50.o
                0x00018eb6                writeBit
 .text.mpu9x50_reset
                0x00018ec2        0xe _build/mpu9x50.o
                0x00018ec2                mpu9x50_reset
 .text.mpu9x50_gyroStandby
                0x00018ed0        0xe _build/mpu9x50.o
                0x00018ed0                mpu9x50_gyroStandby
 .text.mpu9x50_cycleMode
                0x00018ede        0xe _build/mpu9x50.o
                0x00018ede                mpu9x50_cycleMode
 .text.mpu9x50_setCycleWakeFrequency
                0x00018eec       0x10 _build/mpu9x50.o
                0x00018eec                mpu9x50_setCycleWakeFrequency
 .text.mpu9x50_setStandbyAccX
                0x00018efc        0xe _build/mpu9x50.o
                0x00018efc                mpu9x50_setStandbyAccX
 .text.mpu9x50_setStandbyAccY
                0x00018f0a        0xe _build/mpu9x50.o
                0x00018f0a                mpu9x50_setStandbyAccY
 .text.mpu9x50_setStandbyAccZ
                0x00018f18        0xe _build/mpu9x50.o
                0x00018f18                mpu9x50_setStandbyAccZ
 .text.mpu9x50_setStandbyGyroX
                0x00018f26        0xe _build/mpu9x50.o
                0x00018f26                mpu9x50_setStandbyGyroX
 .text.mpu9x50_setStandbyGyroY
                0x00018f34        0xe _build/mpu9x50.o
                0x00018f34                mpu9x50_setStandbyGyroY
 .text.mpu9x50_setStandbyGyroZ
                0x00018f42        0xe _build/mpu9x50.o
                0x00018f42                mpu9x50_setStandbyGyroZ
 .text.mpu9x50_setAccelerometerDigitalLowPassFilter
                0x00018f50       0x10 _build/mpu9x50.o
                0x00018f50                mpu9x50_setAccelerometerDigitalLowPassFilter
 .text.mpu9x50_setAccelerometerDigitalLowPassFilterOn
                0x00018f60        0xe _build/mpu9x50.o
                0x00018f60                mpu9x50_setAccelerometerDigitalLowPassFilterOn
 .text.mpu9x50_setMotionInterrupt
                0x00018f6e        0xc _build/mpu9x50.o
                0x00018f6e                mpu9x50_setMotionInterrupt
 .text.mpu9x50_setMotionThreshold
                0x00018f7a        0xc _build/mpu9x50.o
                0x00018f7a                mpu9x50_setMotionThreshold
 *fill*         0x00018f86        0x2 
 .text.mpu9x50_initMoveSensor
                0x00018f88       0x68 _build/mpu9x50.o
                0x00018f88                mpu9x50_initMoveSensor
 .text.mpu9x50_getInterruptStatus
                0x00018ff0        0xc _build/mpu9x50.o
                0x00018ff0                mpu9x50_getInterruptStatus
 .text.max17048_write_data
                0x00018ffc       0x4c _build/max17048.o
                0x00018ffc                max17048_write_data
 .text.max17048_read_data
                0x00019048       0x6c _build/max17048.o
                0x00019048                max17048_read_data
 .text.max17048_clear_alert
                0x000190b4       0x44 _build/max17048.o
                0x000190b4                max17048_clear_alert
 .text.max17048_init
                0x000190f8       0x98 _build/max17048.o
                0x000190f8                max17048_init
 .text.max17048_read_soc
                0x00019190       0x18 _build/max17048.o
                0x00019190                max17048_read_soc
 .text.max17048_get_alert
                0x000191a8       0x58 _build/max17048.o
                0x000191a8                max17048_get_alert
 .text.nrf_delay_us.constprop.1
                0x00019200       0x26 _build/pca9538.o
 *fill*         0x00019226        0x2 
 .text.pca9538_write
                0x00019228       0x30 _build/pca9538.o
                0x00019228                pca9538_write
 .text.pca9538_init
                0x00019258       0x4c _build/pca9538.o
                0x00019258                pca9538_init
 .text.timer_handler
                0x000192a4       0x88 _build/fhp_gpio.o
 .text.clear_pwm_pin
                0x0001932c       0x9c _build/fhp_gpio.o
 .text.fhp_gpio_config
                0x000193c8      0x128 _build/fhp_gpio.o
 .text.fhp_gpio_init
                0x000194f0       0x34 _build/fhp_gpio.o
                0x000194f0                fhp_gpio_init
 .text.fhp_gpio_set
                0x00019524       0x2c _build/fhp_gpio.o
                0x00019524                fhp_gpio_set
 .text.fhp_gpio_clear
                0x00019550       0x30 _build/fhp_gpio.o
                0x00019550                fhp_gpio_clear
 .text.fhp_gpio_blink
                0x00019580       0x38 _build/fhp_gpio.o
                0x00019580                fhp_gpio_blink
 .text.fhp_gpio_fade
                0x000195b8       0x3c _build/fhp_gpio.o
                0x000195b8                fhp_gpio_fade
 .text.sd_ppi_channel_enable_set
                0x000195f4        0x4 _build/nrf_pwm.o
 .text.sd_ppi_channel_assign
                0x000195f8        0x4 _build/nrf_pwm.o
 .text.sd_radio_session_open
                0x000195fc        0x4 _build/nrf_pwm.o
 .text.sd_radio_request
                0x00019600        0x4 _build/nrf_pwm.o
 .text.safe_margins_present
                0x00019604       0x3c _build/nrf_pwm.o
 .text.ppi_enable_channel
                0x00019640       0x18 _build/nrf_pwm.o
 .text.nrf_gpiote_task_config.constprop.2
                0x00019658       0x44 _build/nrf_pwm.o
 .text.nrf_pwm_init
                0x0001969c      0x208 _build/nrf_pwm.o
                0x0001969c                nrf_pwm_init
 .text.nrf_pwm_set_value
                0x000198a4       0x38 _build/nrf_pwm.o
                0x000198a4                nrf_pwm_set_value
 .text.nrf_pwm_set_enabled
                0x000198dc       0x78 _build/nrf_pwm.o
                0x000198dc                nrf_pwm_set_enabled
 .text.TIMER2_IRQHandler
                0x00019954      0x21c _build/nrf_pwm.o
                0x00019954                TIMER2_IRQHandler
 .text.nrf_radio_signal_callback
                0x00019b70       0x20 _build/nrf_pwm.o
                0x00019b70                nrf_radio_signal_callback
 .text.BME280_I2C_bus_write
                0x00019b90       0x7a _build/bme280.o
                0x00019b90                BME280_I2C_bus_write
 .text.BME280_delay_msek
                0x00019c0a        0x8 _build/bme280.o
                0x00019c0a                BME280_delay_msek
 .text.BME280_I2C_bus_read
                0x00019c12       0x54 _build/bme280.o
                0x00019c12                BME280_I2C_bus_read
 *fill*         0x00019c66        0x2 
 .text.bme280_read_uncomp_temperature
                0x00019c68       0x44 _build/bme280.o
                0x00019c68                bme280_read_uncomp_temperature
 .text.bme280_compensate_temperature_int32
                0x00019cac       0x3c _build/bme280.o
                0x00019cac                bme280_compensate_temperature_int32
 .text.bme280_read_uncomp_humidity
                0x00019ce8       0x3c _build/bme280.o
                0x00019ce8                bme280_read_uncomp_humidity
 .text.bme280_compensate_humidity_int32
                0x00019d24       0x80 _build/bme280.o
                0x00019d24                bme280_compensate_humidity_int32
 .text.bme280_get_calib_param
                0x00019da4      0x114 _build/bme280.o
                0x00019da4                bme280_get_calib_param
 .text.bme280_init
                0x00019eb8       0x38 _build/bme280.o
                0x00019eb8                bme280_init
 .text.bme280_get_power_mode
                0x00019ef0       0x38 _build/bme280.o
                0x00019ef0                bme280_get_power_mode
 .text.bme280_set_soft_rst
                0x00019f28       0x2c _build/bme280.o
                0x00019f28                bme280_set_soft_rst
 .text.bme280_write_register
                0x00019f54       0x28 _build/bme280.o
                0x00019f54                bme280_write_register
 .text.bme280_read_register
                0x00019f7c       0x28 _build/bme280.o
                0x00019f7c                bme280_read_register
 .text.bme280_set_oversamp_temperature
                0x00019fa4       0xe4 _build/bme280.o
                0x00019fa4                bme280_set_oversamp_temperature
 .text.bme280_set_oversamp_pressure
                0x0001a088       0xe8 _build/bme280.o
                0x0001a088                bme280_set_oversamp_pressure
 .text.bme280_set_oversamp_humidity
                0x0001a170      0x118 _build/bme280.o
                0x0001a170                bme280_set_oversamp_humidity
 .text.bme280_set_power_mode
                0x0001a288       0xdc _build/bme280.o
                0x0001a288                bme280_set_power_mode
 .text.bme280_set_filter
                0x0001a364       0xf0 _build/bme280.o
                0x0001a364                bme280_set_filter
 .text.bme280_init_nrf51
                0x0001a454       0x74 _build/bme280.o
                0x0001a454                bme280_init_nrf51
 .text.bme280_read_temperature
                0x0001a4c8       0x38 _build/bme280.o
                0x0001a4c8                bme280_read_temperature
 .text.bme280_read_humidity
                0x0001a500       0x38 _build/bme280.o
                0x0001a500                bme280_read_humidity
 .text.SEGGER_RTT_Write
                0x0001a538       0xcc _build/SEGGER_RTT.o
                0x0001a538                SEGGER_RTT_Write
 .text.SEGGER_RTT_WriteString
                0x0001a604       0x1a _build/SEGGER_RTT.o
                0x0001a604                SEGGER_RTT_WriteString
 .text.mem_cpy  0x0001a61e       0x12 _build/ff.o
 .text.mem_set  0x0001a630        0xe _build/ff.o
 .text.get_ldnumber
                0x0001a63e       0x30 _build/ff.o
 .text.validate
                0x0001a66e       0x2e _build/ff.o
 .text.ld_clust.isra.0
                0x0001a69c       0x1c _build/ff.o
 .text.sync_window.part.2
                0x0001a6b8       0x4a _build/ff.o
 .text.sync_window
                0x0001a702       0x14 _build/ff.o
 *fill*         0x0001a716        0x2 
 .text.sync_fs  0x0001a718       0xe4 _build/ff.o
 .text.move_window
                0x0001a7fc       0x34 _build/ff.o
 .text.check_fs
                0x0001a830       0xa4 _build/ff.o
 .text.find_volume
                0x0001a8d4      0x388 _build/ff.o
 .text.clust2sect
                0x0001ac5c       0x18 _build/ff.o
                0x0001ac5c                clust2sect
 .text.get_fat  0x0001ac74       0xd8 _build/ff.o
                0x0001ac74                get_fat
 .text.dir_sdi  0x0001ad4c       0x86 _build/ff.o
 .text.put_fat  0x0001add2      0x10c _build/ff.o
                0x0001add2                put_fat
 *fill*         0x0001aede        0x2 
 .text.create_chain
                0x0001aee0       0xb0 _build/ff.o
 .text.dir_next
                0x0001af90       0xe8 _build/ff.o
 .text.follow_path
                0x0001b078      0x1e0 _build/ff.o
 .text.dir_register
                0x0001b258       0x62 _build/ff.o
 .text.remove_chain
                0x0001b2ba       0x5a _build/ff.o
 .text.f_mount  0x0001b314       0x50 _build/ff.o
                0x0001b314                f_mount
 .text.f_open   0x0001b364      0x12e _build/ff.o
                0x0001b364                f_open
 .text.f_read   0x0001b492      0x136 _build/ff.o
                0x0001b492                f_read
 .text.f_write  0x0001b5c8      0x182 _build/ff.o
                0x0001b5c8                f_write
 .text.f_sync   0x0001b74a       0x70 _build/ff.o
                0x0001b74a                f_sync
 .text.f_close  0x0001b7ba       0x1a _build/ff.o
                0x0001b7ba                f_close
 .text.f_lseek  0x0001b7d4      0x100 _build/ff.o
                0x0001b7d4                f_lseek
 .text.nrf_delay_us.constprop.0
                0x0001b8d4       0x28 _build/diskio.o
 .text.disk_status
                0x0001b8fc       0x14 _build/diskio.o
                0x0001b8fc                disk_status
 .text.disk_initialize
                0x0001b910       0xfc _build/diskio.o
                0x0001b910                disk_initialize
 .text.disk_read
                0x0001ba0c       0x74 _build/diskio.o
                0x0001ba0c                disk_read
 .text.disk_write
                0x0001ba80       0x98 _build/diskio.o
                0x0001ba80                disk_write
 .text.disk_ioctl
                0x0001bb18       0xc0 _build/diskio.o
                0x0001bb18                disk_ioctl
 .text.spi_master_init
                0x0001bbd8       0xb8 _build/spi_fhp_master.o
                0x0001bbd8                spi_master_init
 .text.spi_master_tx_rx
                0x0001bc90       0x88 _build/spi_fhp_master.o
                0x0001bc90                spi_master_tx_rx
 .text.nrf_delay_us
                0x0001bd18       0x2e _build/twi_hw_master.o
 *fill*         0x0001bd46        0x2 
 .text.twi_master_clear_bus
                0x0001bd48       0xb8 _build/twi_hw_master.o
 .text.twi_master_init
                0x0001be00       0x74 _build/twi_hw_master.o
                0x0001be00                twi_master_init
 .text.twi_master_transfer
                0x0001be74      0x180 _build/twi_hw_master.o
                0x0001be74                twi_master_transfer
 .text.sd_ble_gatts_service_add
                0x0001bff4        0x4 _build/ble_dis.o
 .text.sd_ble_gatts_characteristic_add
                0x0001bff8        0x4 _build/ble_dis.o
 .text.char_add
                0x0001bffc       0x88 _build/ble_dis.o
 .text.ble_dis_init
                0x0001c084      0x19c _build/ble_dis.o
                0x0001c084                ble_dis_init
 .text.ble_srv_ascii_to_utf8
                0x0001c220       0x12 _build/ble_srv_common.o
                0x0001c220                ble_srv_ascii_to_utf8
 .text.sd_nvic_EnableIRQ
                0x0001c232        0x4 _build/softdevice_handler.o
 .text.sd_evt_get
                0x0001c236        0x4 _build/softdevice_handler.o
 .text.sd_softdevice_enable
                0x0001c23a        0x4 _build/softdevice_handler.o
 .text.sd_ble_evt_get
                0x0001c23e        0x4 _build/softdevice_handler.o
 .text.softdevice_assertion_handler
                0x0001c242        0xc _build/softdevice_handler.o
                0x0001c242                softdevice_assertion_handler
 *fill*         0x0001c24e        0x2 
 .text.intern_softdevice_events_execute
                0x0001c250       0x98 _build/softdevice_handler.o
                0x0001c250                intern_softdevice_events_execute
 .text.softdevice_handler_init
                0x0001c2e8       0x38 _build/softdevice_handler.o
                0x0001c2e8                softdevice_handler_init
 .text.softdevice_ble_evt_handler_set
                0x0001c320       0x14 _build/softdevice_handler.o
                0x0001c320                softdevice_ble_evt_handler_set
 .text.softdevice_sys_evt_handler_set
                0x0001c334       0x14 _build/softdevice_handler.o
                0x0001c334                softdevice_sys_evt_handler_set
 .text.SWI2_IRQHandler
                0x0001c348       0x2c _build/softdevice_handler.o
                0x0001c348                SWI2_IRQHandler
 .text.sd_ble_gap_adv_data_set
                0x0001c374        0x4 _build/ble_advdata.o
 .text.sd_ble_gap_appearance_get
                0x0001c378        0x4 _build/ble_advdata.o
 .text.sd_ble_gap_device_name_get
                0x0001c37c        0x4 _build/ble_advdata.o
 .text.sd_ble_uuid_encode
                0x0001c380        0x4 _build/ble_advdata.o
 .text.uuid_list_sized_encode
                0x0001c384       0xaa _build/ble_advdata.o
 .text.uuid_list_encode
                0x0001c42e       0x26 _build/ble_advdata.o
 .text.adv_data_encode
                0x0001c454      0x2fc _build/ble_advdata.o
 .text.ble_advdata_set
                0x0001c750       0x70 _build/ble_advdata.o
                0x0001c750                ble_advdata_set
 .text.sd_ble_gap_conn_param_update
                0x0001c7c0        0x4 _build/ble_conn_params.o
 .text.sd_ble_gap_disconnect
                0x0001c7c4        0x4 _build/ble_conn_params.o
 .text.sd_ble_gap_ppcp_set
                0x0001c7c8        0x4 _build/ble_conn_params.o
 .text.sd_ble_gap_ppcp_get
                0x0001c7cc        0x4 _build/ble_conn_params.o
 .text.update_timeout_handler
                0x0001c7d0       0x64 _build/ble_conn_params.o
 .text.conn_params_negotiation
                0x0001c834       0x64 _build/ble_conn_params.o
 .text.ble_conn_params_init
                0x0001c898       0x60 _build/ble_conn_params.o
                0x0001c898                ble_conn_params_init
 .text.ble_conn_params_on_ble_evt
                0x0001c8f8       0x8c _build/ble_conn_params.o
                0x0001c8f8                ble_conn_params_on_ble_evt
 .text.user_op_alloc
                0x0001c984       0x2a _build/app_timer.o
 *fill*         0x0001c9ae        0x2 
 .text.user_id_get
                0x0001c9b0       0x64 _build/app_timer.o
 .text.nrf_delay_us.constprop.5
                0x0001ca14       0x26 _build/app_timer.o
 *fill*         0x0001ca3a        0x2 
 .text.rtc1_stop
                0x0001ca3c       0x40 _build/app_timer.o
 .text.RTC1_IRQHandler
                0x0001ca7c       0xa0 _build/app_timer.o
                0x0001ca7c                RTC1_IRQHandler
 .text.SWI0_IRQHandler
                0x0001cb1c      0x37c _build/app_timer.o
                0x0001cb1c                SWI0_IRQHandler
 .text.app_timer_init
                0x0001ce98       0xc0 _build/app_timer.o
                0x0001ce98                app_timer_init
 .text.app_timer_create
                0x0001cf58       0x4c _build/app_timer.o
                0x0001cf58                app_timer_create
 .text.app_timer_start
                0x0001cfa4       0x90 _build/app_timer.o
                0x0001cfa4                app_timer_start
 .text.app_timer_stop
                0x0001d034       0x60 _build/app_timer.o
                0x0001d034                app_timer_stop
 .text.sd_flash_write
                0x0001d094        0x4 _build/pstorage.o
 .text.sd_flash_page_erase
                0x0001d098        0x4 _build/pstorage.o
 .text.app_notify
                0x0001d09c       0x30 _build/pstorage.o
 .text.swap_state_process
                0x0001d0cc      0x1bc _build/pstorage.o
 .text.cmd_process
                0x0001d288      0x118 _build/pstorage.o
 .text.unlikely.cmd_queue_enqueue
                0x0001d3a0       0x54 _build/pstorage.o
 .text.cmd_queue_dequeue
                0x0001d3f4       0x20 _build/pstorage.o
 .text.pstorage_sys_event_handler
                0x0001d414       0xec _build/pstorage.o
                0x0001d414                pstorage_sys_event_handler
 .text.pstorage_init
                0x0001d500       0xc4 _build/pstorage.o
                0x0001d500                pstorage_init
 .text.pstorage_register
                0x0001d5c4      0x11c _build/pstorage.o
                0x0001d5c4                pstorage_register
 .text.pstorage_block_identifier_get
                0x0001d6e0       0x5c _build/pstorage.o
                0x0001d6e0                pstorage_block_identifier_get
 .text.pstorage_store
                0x0001d73c       0x88 _build/pstorage.o
                0x0001d73c                pstorage_store
 .text.pstorage_update
                0x0001d7c4       0x88 _build/pstorage.o
                0x0001d7c4                pstorage_update
 .text.pstorage_load
                0x0001d84c       0xac _build/pstorage.o
                0x0001d84c                pstorage_load
 .text.pstorage_clear
                0x0001d8f8       0x6c _build/pstorage.o
                0x0001d8f8                pstorage_clear
 .text.sd_ble_gap_sec_params_reply
                0x0001d964        0x4 _build/device_manager_peripheral.o
 .text.sd_ble_gap_sec_info_reply
                0x0001d968        0x4 _build/device_manager_peripheral.o
 .text.sd_ble_gatts_sys_attr_set
                0x0001d96c        0x4 _build/device_manager_peripheral.o
 .text.sd_ble_gatts_sys_attr_get
                0x0001d970        0x4 _build/device_manager_peripheral.o
 .text.storage_operation_dummy_handler
                0x0001d974        0x4 _build/device_manager_peripheral.o
 .text.no_service_context_store
                0x0001d978        0x4 _build/device_manager_peripheral.o
 .text.gattc_context_store
                0x0001d97c        0x4 _build/device_manager_peripheral.o
 .text.no_service_context_load
                0x0001d980        0x4 _build/device_manager_peripheral.o
 .text.gattc_context_load
                0x0001d984        0x4 _build/device_manager_peripheral.o
 .text.no_service_context_apply
                0x0001d988        0x4 _build/device_manager_peripheral.o
 .text.gatts_context_apply
                0x0001d98c       0x4c _build/device_manager_peripheral.o
 .text.gattc_context_apply
                0x0001d9d8        0x4 _build/device_manager_peripheral.o
 .text.gattsc_context_apply
                0x0001d9dc        0x8 _build/device_manager_peripheral.o
 .text.gatts_context_store
                0x0001d9e4       0xac _build/device_manager_peripheral.o
 .text.gattsc_context_store
                0x0001da90        0x8 _build/device_manager_peripheral.o
 .text.device_context_store
                0x0001da98       0xbc _build/device_manager_peripheral.o
 .text.gatts_context_load
                0x0001db54       0x30 _build/device_manager_peripheral.o
 .text.gattsc_context_load
                0x0001db84        0x8 _build/device_manager_peripheral.o
 .text.dm_pstorage_cb_handler
                0x0001db8c      0x130 _build/device_manager_peripheral.o
 .text.peer_instance_init
                0x0001dcbc       0x4c _build/device_manager_peripheral.o
 .text.dm_init  0x0001dd08       0xdc _build/device_manager_peripheral.o
                0x0001dd08                dm_init
 .text.dm_register
                0x0001dde4       0x58 _build/device_manager_peripheral.o
                0x0001dde4                dm_register
 .text.bond_data_load
                0x0001de3c       0x50 _build/device_manager_peripheral.o
                0x0001de3c                bond_data_load
 .text.dm_ble_evt_handler
                0x0001de8c      0x354 _build/device_manager_peripheral.o
                0x0001de8c                dm_ble_evt_handler
 .text.pins_sense_disable
                0x0001e1e0       0x40 _build/app_gpiote.o
 .text.sense_level_toggle.isra.0
                0x0001e220       0x4c _build/app_gpiote.o
 .text.GPIOTE_IRQHandler
                0x0001e26c       0x98 _build/app_gpiote.o
                0x0001e26c                GPIOTE_IRQHandler
 .text.app_gpiote_init
                0x0001e304       0x68 _build/app_gpiote.o
                0x0001e304                app_gpiote_init
 .text.app_gpiote_user_register
                0x0001e36c       0x48 _build/app_gpiote.o
                0x0001e36c                app_gpiote_user_register
 .text.app_gpiote_user_enable
                0x0001e3b4       0x98 _build/app_gpiote.o
                0x0001e3b4                app_gpiote_user_enable
 .text.nrf_delay_ms
                0x0001e44c       0x40 _build/nrf_delay.o
                0x0001e44c                nrf_delay_ms
 .text.sd_nvic_critical_region_enter
                0x0001e48c        0x4 _build/app_scheduler.o
 .text.sd_nvic_critical_region_exit
                0x0001e490        0x4 _build/app_scheduler.o
 .text.app_sched_init
                0x0001e494       0x2c _build/app_scheduler.o
                0x0001e494                app_sched_init
 .text.app_sched_event_put
                0x0001e4c0      0x12c _build/app_scheduler.o
                0x0001e4c0                app_sched_event_put
 .text.app_sched_execute
                0x0001e5ec       0x40 _build/app_scheduler.o
                0x0001e5ec                app_sched_execute
 .text.SystemInit
                0x0001e62c       0x8c _build/system_nrf51.o
                0x0001e62c                SystemInit
 .text          0x0001e6b8       0x54 _build/gcc_startup_nrf51.o
                0x0001e6b8                Reset_Handler
                0x0001e700                NMI_Handler
                0x0001e704                SVC_Handler
                0x0001e706                PendSV_Handler
                0x0001e708                SysTick_Handler
                0x0001e70a                SPI0_TWI0_IRQHandler
                0x0001e70a                RTC0_IRQHandler
                0x0001e70a                POWER_CLOCK_IRQHandler
                0x0001e70a                RADIO_IRQHandler
                0x0001e70a                LPCOMP_IRQHandler
                0x0001e70a                SWI4_IRQHandler
                0x0001e70a                TEMP_IRQHandler
                0x0001e70a                QDEC_IRQHandler
                0x0001e70a                UART0_IRQHandler
                0x0001e70a                SWI5_IRQHandler
                0x0001e70a                TIMER0_IRQHandler
                0x0001e70a                TIMER1_IRQHandler
                0x0001e70a                ECB_IRQHandler
                0x0001e70a                Default_Handler
                0x0001e70a                ADC_IRQHandler
                0x0001e70a                SWI3_IRQHandler
                0x0001e70a                CCM_AAR_IRQHandler
                0x0001e70a                WDT_IRQHandler
                0x0001e70a                RNG_IRQHandler
                0x0001e70a                SPI1_TWI1_IRQHandler
                0x0001e70a                SWI1_IRQHandler
 .text.pow      0x0001e70c      0x35c /home/josepintor/Documentos/gcc-arm-none-eabi-4_9-2015q3/bin/../lib/gcc/arm-none-eabi/4.9.3/../../../../arm-none-eabi/lib/armv6-m/libm.a(lib_a-w_pow.o)
                0x0001e70c                pow
 .text.__ieee754_pow
                0x0001ea68      0xa8c /home/josepintor/Documentos/gcc-arm-none-eabi-4_9-2015q3/bin/../lib/gcc/arm-none-eabi/4.9.3/../../../../arm-none-eabi/lib/armv6-m/libm.a(lib_a-e_pow.o)
                0x0001ea68                __ieee754_pow
 .text.__ieee754_sqrt
                0x0001f4f4      0x1ec /home/josepintor/Documentos/gcc-arm-none-eabi-4_9-2015q3/bin/../lib/gcc/arm-none-eabi/4.9.3/../../../../arm-none-eabi/lib/armv6-m/libm.a(lib_a-e_sqrt.o)
                0x0001f4f4                __ieee754_sqrt
 .text.fabs     0x0001f6e0        0x8 /home/josepintor/Documentos/gcc-arm-none-eabi-4_9-2015q3/bin/../lib/gcc/arm-none-eabi/4.9.3/../../../../arm-none-eabi/lib/armv6-m/libm.a(lib_a-s_fabs.o)
                0x0001f6e0                fabs
 .text.finite   0x0001f6e8       0x14 /home/josepintor/Documentos/gcc-arm-none-eabi-4_9-2015q3/bin/../lib/gcc/arm-none-eabi/4.9.3/../../../../arm-none-eabi/lib/armv6-m/libm.a(lib_a-s_finite.o)
                0x0001f6e8                finite
 .text.__fpclassifyd
                0x0001f6fc       0x5c /home/josepintor/Documentos/gcc-arm-none-eabi-4_9-2015q3/bin/../lib/gcc/arm-none-eabi/4.9.3/../../../../arm-none-eabi/lib/armv6-m/libm.a(lib_a-s_fpclassify.o)
                0x0001f6fc                __fpclassifyd
 .text.matherr  0x0001f758        0x4 /home/josepintor/Documentos/gcc-arm-none-eabi-4_9-2015q3/bin/../lib/gcc/arm-none-eabi/4.9.3/../../../../arm-none-eabi/lib/armv6-m/libm.a(lib_a-s_matherr.o)
                0x0001f758                matherr
 .text.nan      0x0001f75c        0xc /home/josepintor/Documentos/gcc-arm-none-eabi-4_9-2015q3/bin/../lib/gcc/arm-none-eabi/4.9.3/../../../../arm-none-eabi/lib/armv6-m/libm.a(lib_a-s_nan.o)
                0x0001f75c                nan
 .text.rint     0x0001f768      0x144 /home/josepintor/Documentos/gcc-arm-none-eabi-4_9-2015q3/bin/../lib/gcc/arm-none-eabi/4.9.3/../../../../arm-none-eabi/lib/armv6-m/libm.a(lib_a-s_rint.o)
                0x0001f768                rint
 .text.scalbn   0x0001f8ac       0xf8 /home/josepintor/Documentos/gcc-arm-none-eabi-4_9-2015q3/bin/../lib/gcc/arm-none-eabi/4.9.3/../../../../arm-none-eabi/lib/armv6-m/libm.a(lib_a-s_scalbn.o)
                0x0001f8ac                scalbn
 .text.copysign
                0x0001f9a4       0x10 /home/josepintor/Documentos/gcc-arm-none-eabi-4_9-2015q3/bin/../lib/gcc/arm-none-eabi/4.9.3/../../../../arm-none-eabi/lib/armv6-m/libm.a(lib_a-s_copysign.o)
                0x0001f9a4                copysign
 .text          0x0001f9b4       0x14 /home/josepintor/Documentos/gcc-arm-none-eabi-4_9-2015q3/bin/../lib/gcc/arm-none-eabi/4.9.3/armv6-m/libgcc.a(_thumb1_case_uqi.o)
                0x0001f9b4                __gnu_thumb1_case_uqi
 .text          0x0001f9c8      0x120 /home/josepintor/Documentos/gcc-arm-none-eabi-4_9-2015q3/bin/../lib/gcc/arm-none-eabi/4.9.3/armv6-m/libgcc.a(_udivsi3.o)
                0x0001f9c8                __udivsi3
                0x0001f9c8                __aeabi_uidiv
                0x0001fad4                __aeabi_uidivmod
 .text          0x0001fae8      0x1e0 /home/josepintor/Documentos/gcc-arm-none-eabi-4_9-2015q3/bin/../lib/gcc/arm-none-eabi/4.9.3/armv6-m/libgcc.a(_divsi3.o)
                0x0001fae8                __aeabi_idiv
                0x0001fae8                __divsi3
                0x0001fcb4                __aeabi_idivmod
 .text          0x0001fcc8        0x4 /home/josepintor/Documentos/gcc-arm-none-eabi-4_9-2015q3/bin/../lib/gcc/arm-none-eabi/4.9.3/armv6-m/libgcc.a(_dvmd_tls.o)
                0x0001fcc8                __aeabi_ldiv0
                0x0001fcc8                __aeabi_idiv0
 .text          0x0001fccc       0x7c /home/josepintor/Documentos/gcc-arm-none-eabi-4_9-2015q3/bin/../lib/gcc/arm-none-eabi/4.9.3/armv6-m/libgcc.a(_arm_cmpdf2.o)
                0x0001fccc                __aeabi_cdrcmple
                0x0001fcdc                __aeabi_cdcmple
                0x0001fcdc                __aeabi_cdcmpeq
                0x0001fcec                __aeabi_dcmpeq
                0x0001fcf8                __aeabi_dcmplt
                0x0001fd0c                __aeabi_dcmple
                0x0001fd20                __aeabi_dcmpgt
                0x0001fd34                __aeabi_dcmpge
 .text          0x0001fd48       0x40 /home/josepintor/Documentos/gcc-arm-none-eabi-4_9-2015q3/bin/../lib/gcc/arm-none-eabi/4.9.3/armv6-m/libgcc.a(_aeabi_uldivmod.o)
                0x0001fd48                __aeabi_uldivmod
 .text          0x0001fd88       0x3c /home/josepintor/Documentos/gcc-arm-none-eabi-4_9-2015q3/bin/../lib/gcc/arm-none-eabi/4.9.3/armv6-m/libgcc.a(_fixunsdfsi.o)
                0x0001fd88                __fixunsdfsi
                0x0001fd88                __aeabi_d2uiz
 .text          0x0001fdc4       0x6c /home/josepintor/Documentos/gcc-arm-none-eabi-4_9-2015q3/bin/../lib/gcc/arm-none-eabi/4.9.3/armv6-m/libgcc.a(bpabi.o)
                0x0001fdc4                __gnu_ldivmod_helper
                0x0001fdfc                __gnu_uldivmod_helper
 .text          0x0001fe30      0x650 /home/josepintor/Documentos/gcc-arm-none-eabi-4_9-2015q3/bin/../lib/gcc/arm-none-eabi/4.9.3/armv6-m/libgcc.a(adddf3.o)
                0x0001fe30                __aeabi_dadd
 .text          0x00020480      0x648 /home/josepintor/Documentos/gcc-arm-none-eabi-4_9-2015q3/bin/../lib/gcc/arm-none-eabi/4.9.3/armv6-m/libgcc.a(divdf3.o)
                0x00020480                __aeabi_ddiv
 .text          0x00020ac8       0x88 /home/josepintor/Documentos/gcc-arm-none-eabi-4_9-2015q3/bin/../lib/gcc/arm-none-eabi/4.9.3/armv6-m/libgcc.a(eqdf2.o)
                0x00020ac8                __eqdf2
                0x00020ac8                __nedf2
 .text          0x00020b50       0xe0 /home/josepintor/Documentos/gcc-arm-none-eabi-4_9-2015q3/bin/../lib/gcc/arm-none-eabi/4.9.3/armv6-m/libgcc.a(gedf2.o)
                0x00020b50                __gtdf2
                0x00020b50                __gedf2
 .text          0x00020c30       0xcc /home/josepintor/Documentos/gcc-arm-none-eabi-4_9-2015q3/bin/../lib/gcc/arm-none-eabi/4.9.3/armv6-m/libgcc.a(ledf2.o)
                0x00020c30                __ltdf2
                0x00020c30                __ledf2
 .text          0x00020cfc      0x534 /home/josepintor/Documentos/gcc-arm-none-eabi-4_9-2015q3/bin/../lib/gcc/arm-none-eabi/4.9.3/armv6-m/libgcc.a(muldf3.o)
                0x00020cfc                __aeabi_dmul
 .text          0x00021230      0x6f4 /home/josepintor/Documentos/gcc-arm-none-eabi-4_9-2015q3/bin/../lib/gcc/arm-none-eabi/4.9.3/armv6-m/libgcc.a(subdf3.o)
                0x00021230                __aeabi_dsub
 .text          0x00021924       0x6c /home/josepintor/Documentos/gcc-arm-none-eabi-4_9-2015q3/bin/../lib/gcc/arm-none-eabi/4.9.3/armv6-m/libgcc.a(fixdfsi.o)
                0x00021924                __aeabi_d2iz
 .text          0x00021990       0x78 /home/josepintor/Documentos/gcc-arm-none-eabi-4_9-2015q3/bin/../lib/gcc/arm-none-eabi/4.9.3/armv6-m/libgcc.a(floatsidf.o)
                0x00021990                __aeabi_i2d
 .text          0x00021a08       0x64 /home/josepintor/Documentos/gcc-arm-none-eabi-4_9-2015q3/bin/../lib/gcc/arm-none-eabi/4.9.3/armv6-m/libgcc.a(floatunsidf.o)
                0x00021a08                __aeabi_ui2d
 .text          0x00021a6c       0x3c /home/josepintor/Documentos/gcc-arm-none-eabi-4_9-2015q3/bin/../lib/gcc/arm-none-eabi/4.9.3/armv6-m/libgcc.a(_clzsi2.o)
                0x00021a6c                __clzsi2
 .text          0x00021aa8       0x54 /home/josepintor/Documentos/gcc-arm-none-eabi-4_9-2015q3/bin/../lib/gcc/arm-none-eabi/4.9.3/armv6-m/libgcc.a(_muldi3.o)
                0x00021aa8                __aeabi_lmul
                0x00021aa8                __muldi3
 .text          0x00021afc      0x1f0 /home/josepintor/Documentos/gcc-arm-none-eabi-4_9-2015q3/bin/../lib/gcc/arm-none-eabi/4.9.3/armv6-m/libgcc.a(_divdi3.o)
                0x00021afc                __divdi3
 .text          0x00021cec      0x158 /home/josepintor/Documentos/gcc-arm-none-eabi-4_9-2015q3/bin/../lib/gcc/arm-none-eabi/4.9.3/armv6-m/libgcc.a(_udivdi3.o)
                0x00021cec                __udivdi3
 .text          0x00021e44       0x18 /home/josepintor/Documentos/gcc-arm-none-eabi-4_9-2015q3/bin/../lib/gcc/arm-none-eabi/4.9.3/armv6-m/libgcc.a(_clzdi2.o)
                0x00021e44                __clzdi2
 .text.__errno  0x00021e5c        0xc /home/josepintor/Documentos/gcc-arm-none-eabi-4_9-2015q3/bin/../lib/gcc/arm-none-eabi/4.9.3/../../../../arm-none-eabi/lib/armv6-m/libc_nano.a(lib_a-errno.o)
                0x00021e5c                __errno
 .text.exit     0x00021e68       0x2c /home/josepintor/Documentos/gcc-arm-none-eabi-4_9-2015q3/bin/../lib/gcc/arm-none-eabi/4.9.3/../../../../arm-none-eabi/lib/armv6-m/libc_nano.a(lib_a-exit.o)
                0x00021e68                exit
 .text.__libc_init_array
                0x00021e94       0x4c /home/josepintor/Documentos/gcc-arm-none-eabi-4_9-2015q3/bin/../lib/gcc/arm-none-eabi/4.9.3/../../../../arm-none-eabi/lib/armv6-m/libc_nano.a(lib_a-init.o)
                0x00021e94                __libc_init_array
 .text.memcmp   0x00021ee0       0x1e /home/josepintor/Documentos/gcc-arm-none-eabi-4_9-2015q3/bin/../lib/gcc/arm-none-eabi/4.9.3/../../../../arm-none-eabi/lib/armv6-m/libc_nano.a(lib_a-memcmp.o)
                0x00021ee0                memcmp
 .text.memcpy   0x00021efe       0x12 /home/josepintor/Documentos/gcc-arm-none-eabi-4_9-2015q3/bin/../lib/gcc/arm-none-eabi/4.9.3/../../../../arm-none-eabi/lib/armv6-m/libc_nano.a(lib_a-memcpy.o)
                0x00021efe                memcpy
 .text.memset   0x00021f10       0x10 /home/josepintor/Documentos/gcc-arm-none-eabi-4_9-2015q3/bin/../lib/gcc/arm-none-eabi/4.9.3/../../../../arm-none-eabi/lib/armv6-m/libc_nano.a(lib_a-memset.o)
                0x00021f10                memset
 .text._free_r  0x00021f20       0x8c /home/josepintor/Documentos/gcc-arm-none-eabi-4_9-2015q3/bin/../lib/gcc/arm-none-eabi/4.9.3/../../../../arm-none-eabi/lib/armv6-m/libc_nano.a(lib_a-nano-freer.o)
                0x00021f20                _free_r
 .text._malloc_r
                0x00021fac       0xb0 /home/josepintor/Documentos/gcc-arm-none-eabi-4_9-2015q3/bin/../lib/gcc/arm-none-eabi/4.9.3/../../../../arm-none-eabi/lib/armv6-m/libc_nano.a(lib_a-nano-mallocr.o)
                0x00021fac                _malloc_r
 .text.printf   0x0002205c       0x34 /home/josepintor/Documentos/gcc-arm-none-eabi-4_9-2015q3/bin/../lib/gcc/arm-none-eabi/4.9.3/../../../../arm-none-eabi/lib/armv6-m/libc_nano.a(lib_a-printf.o)
                0x0002205c                printf
                0x0002205c                iprintf
 .text._sbrk_r  0x00022090       0x24 /home/josepintor/Documentos/gcc-arm-none-eabi-4_9-2015q3/bin/../lib/gcc/arm-none-eabi/4.9.3/../../../../arm-none-eabi/lib/armv6-m/libc_nano.a(lib_a-sbrkr.o)
                0x00022090                _sbrk_r
 .text.sprintf  0x000220b4       0x44 /home/josepintor/Documentos/gcc-arm-none-eabi-4_9-2015q3/bin/../lib/gcc/arm-none-eabi/4.9.3/../../../../arm-none-eabi/lib/armv6-m/libc_nano.a(lib_a-sprintf.o)
                0x000220b4                sprintf
                0x000220b4                siprintf
 .text          0x000220f8       0x14 /home/josepintor/Documentos/gcc-arm-none-eabi-4_9-2015q3/bin/../lib/gcc/arm-none-eabi/4.9.3/../../../../arm-none-eabi/lib/armv6-m/libc_nano.a(lib_a-strcmp.o)
                0x000220f8                strcmp
 .text.strcpy   0x0002210c       0x10 /home/josepintor/Documentos/gcc-arm-none-eabi-4_9-2015q3/bin/../lib/gcc/arm-none-eabi/4.9.3/../../../../arm-none-eabi/lib/armv6-m/libc_nano.a(lib_a-strcpy.o)
                0x0002210c                strcpy
 .text.strlen   0x0002211c        0xe /home/josepintor/Documentos/gcc-arm-none-eabi-4_9-2015q3/bin/../lib/gcc/arm-none-eabi/4.9.3/../../../../arm-none-eabi/lib/armv6-m/libc_nano.a(lib_a-strlen.o)
                0x0002211c                strlen
 *fill*         0x0002212a        0x2 
 .text.__swbuf_r
                0x0002212c       0xb0 /home/josepintor/Documentos/gcc-arm-none-eabi-4_9-2015q3/bin/../lib/gcc/arm-none-eabi/4.9.3/../../../../arm-none-eabi/lib/armv6-m/libc_nano.a(lib_a-wbuf.o)
                0x0002212c                __swbuf_r
 .text.__swsetup_r
                0x000221dc       0xe8 /home/josepintor/Documentos/gcc-arm-none-eabi-4_9-2015q3/bin/../lib/gcc/arm-none-eabi/4.9.3/../../../../arm-none-eabi/lib/armv6-m/libc_nano.a(lib_a-wsetup.o)
                0x000221dc                __swsetup_r
 .text.__sflush_r
                0x000222c4      0x112 /home/josepintor/Documentos/gcc-arm-none-eabi-4_9-2015q3/bin/../lib/gcc/arm-none-eabi/4.9.3/../../../../arm-none-eabi/lib/armv6-m/libc_nano.a(lib_a-fflush.o)
                0x000222c4                __sflush_r
 *fill*         0x000223d6        0x2 
 .text._fflush_r
                0x000223d8       0x58 /home/josepintor/Documentos/gcc-arm-none-eabi-4_9-2015q3/bin/../lib/gcc/arm-none-eabi/4.9.3/../../../../arm-none-eabi/lib/armv6-m/libc_nano.a(lib_a-fflush.o)
                0x000223d8                _fflush_r
 .text._cleanup_r
                0x00022430       0x10 /home/josepintor/Documentos/gcc-arm-none-eabi-4_9-2015q3/bin/../lib/gcc/arm-none-eabi/4.9.3/../../../../arm-none-eabi/lib/armv6-m/libc_nano.a(lib_a-findfp.o)
                0x00022430                _cleanup_r
 .text.std.isra.0
                0x00022440       0x48 /home/josepintor/Documentos/gcc-arm-none-eabi-4_9-2015q3/bin/../lib/gcc/arm-none-eabi/4.9.3/../../../../arm-none-eabi/lib/armv6-m/libc_nano.a(lib_a-findfp.o)
 .text.__sfmoreglue
                0x00022488       0x2c /home/josepintor/Documentos/gcc-arm-none-eabi-4_9-2015q3/bin/../lib/gcc/arm-none-eabi/4.9.3/../../../../arm-none-eabi/lib/armv6-m/libc_nano.a(lib_a-findfp.o)
                0x00022488                __sfmoreglue
 .text.__sinit  0x000224b4       0x64 /home/josepintor/Documentos/gcc-arm-none-eabi-4_9-2015q3/bin/../lib/gcc/arm-none-eabi/4.9.3/../../../../arm-none-eabi/lib/armv6-m/libc_nano.a(lib_a-findfp.o)
                0x000224b4                __sinit
 .text.__sfp    0x00022518       0x7c /home/josepintor/Documentos/gcc-arm-none-eabi-4_9-2015q3/bin/../lib/gcc/arm-none-eabi/4.9.3/../../../../arm-none-eabi/lib/armv6-m/libc_nano.a(lib_a-findfp.o)
                0x00022518                __sfp
 .text._fwalk_reent
                0x00022594       0x42 /home/josepintor/Documentos/gcc-arm-none-eabi-4_9-2015q3/bin/../lib/gcc/arm-none-eabi/4.9.3/../../../../arm-none-eabi/lib/armv6-m/libc_nano.a(lib_a-fwalk.o)
                0x00022594                _fwalk_reent
 *fill*         0x000225d6        0x2 
 .text.__smakebuf_r
                0x000225d8       0xb0 /home/josepintor/Documentos/gcc-arm-none-eabi-4_9-2015q3/bin/../lib/gcc/arm-none-eabi/4.9.3/../../../../arm-none-eabi/lib/armv6-m/libc_nano.a(lib_a-makebuf.o)
                0x000225d8                __smakebuf_r
 .text.__ssputs_r
                0x00022688       0xc0 /home/josepintor/Documentos/gcc-arm-none-eabi-4_9-2015q3/bin/../lib/gcc/arm-none-eabi/4.9.3/../../../../arm-none-eabi/lib/armv6-m/libc_nano.a(lib_a-nano-svfprintf.o)
                0x00022688                __ssputs_r
 .text._svfprintf_r
                0x00022748      0x1ec /home/josepintor/Documentos/gcc-arm-none-eabi-4_9-2015q3/bin/../lib/gcc/arm-none-eabi/4.9.3/../../../../arm-none-eabi/lib/armv6-m/libc_nano.a(lib_a-nano-svfprintf.o)
                0x00022748                _svfprintf_r
                0x00022748                _svfiprintf_r
 .text.__sfputc_r
                0x00022934       0x2a /home/josepintor/Documentos/gcc-arm-none-eabi-4_9-2015q3/bin/../lib/gcc/arm-none-eabi/4.9.3/../../../../arm-none-eabi/lib/armv6-m/libc_nano.a(lib_a-nano-vfprintf.o)
 .text.__sfputs_r
                0x0002295e       0x24 /home/josepintor/Documentos/gcc-arm-none-eabi-4_9-2015q3/bin/../lib/gcc/arm-none-eabi/4.9.3/../../../../arm-none-eabi/lib/armv6-m/libc_nano.a(lib_a-nano-vfprintf.o)
                0x0002295e                __sfputs_r
 *fill*         0x00022982        0x2 
 .text._vfprintf_r
                0x00022984      0x220 /home/josepintor/Documentos/gcc-arm-none-eabi-4_9-2015q3/bin/../lib/gcc/arm-none-eabi/4.9.3/../../../../arm-none-eabi/lib/armv6-m/libc_nano.a(lib_a-nano-vfprintf.o)
                0x00022984                _vfiprintf_r
                0x00022984                _vfprintf_r
 .text._printf_common
                0x00022ba4       0xdc /home/josepintor/Documentos/gcc-arm-none-eabi-4_9-2015q3/bin/../lib/gcc/arm-none-eabi/4.9.3/../../../../arm-none-eabi/lib/armv6-m/libc_nano.a(lib_a-nano-vfprintf_i.o)
                0x00022ba4                _printf_common
 .text._printf_i
                0x00022c80      0x230 /home/josepintor/Documentos/gcc-arm-none-eabi-4_9-2015q3/bin/../lib/gcc/arm-none-eabi/4.9.3/../../../../arm-none-eabi/lib/armv6-m/libc_nano.a(lib_a-nano-vfprintf_i.o)
                0x00022c80                _printf_i
 .text.__sread  0x00022eb0       0x28 /home/josepintor/Documentos/gcc-arm-none-eabi-4_9-2015q3/bin/../lib/gcc/arm-none-eabi/4.9.3/../../../../arm-none-eabi/lib/armv6-m/libc_nano.a(lib_a-stdio.o)
                0x00022eb0                __sread
 .text.__swrite
                0x00022ed8       0x38 /home/josepintor/Documentos/gcc-arm-none-eabi-4_9-2015q3/bin/../lib/gcc/arm-none-eabi/4.9.3/../../../../arm-none-eabi/lib/armv6-m/libc_nano.a(lib_a-stdio.o)
                0x00022ed8                __swrite
 .text.__sseek  0x00022f10       0x2c /home/josepintor/Documentos/gcc-arm-none-eabi-4_9-2015q3/bin/../lib/gcc/arm-none-eabi/4.9.3/../../../../arm-none-eabi/lib/armv6-m/libc_nano.a(lib_a-stdio.o)
                0x00022f10                __sseek
 .text.__sclose
                0x00022f3c        0xc /home/josepintor/Documentos/gcc-arm-none-eabi-4_9-2015q3/bin/../lib/gcc/arm-none-eabi/4.9.3/../../../../arm-none-eabi/lib/armv6-m/libc_nano.a(lib_a-stdio.o)
                0x00022f3c                __sclose
 .text._write_r
                0x00022f48       0x28 /home/josepintor/Documentos/gcc-arm-none-eabi-4_9-2015q3/bin/../lib/gcc/arm-none-eabi/4.9.3/../../../../arm-none-eabi/lib/armv6-m/libc_nano.a(lib_a-writer.o)
                0x00022f48                _write_r
 .text._close_r
                0x00022f70       0x24 /home/josepintor/Documentos/gcc-arm-none-eabi-4_9-2015q3/bin/../lib/gcc/arm-none-eabi/4.9.3/../../../../arm-none-eabi/lib/armv6-m/libc_nano.a(lib_a-closer.o)
                0x00022f70                _close_r
 .text._fstat_r
                0x00022f94       0x24 /home/josepintor/Documentos/gcc-arm-none-eabi-4_9-2015q3/bin/../lib/gcc/arm-none-eabi/4.9.3/../../../../arm-none-eabi/lib/armv6-m/libc_nano.a(lib_a-fstatr.o)
                0x00022f94                _fstat_r
 .text._isatty_r
                0x00022fb8       0x24 /home/josepintor/Documentos/gcc-arm-none-eabi-4_9-2015q3/bin/../lib/gcc/arm-none-eabi/4.9.3/../../../../arm-none-eabi/lib/armv6-m/libc_nano.a(lib_a-isattyr.o)
                0x00022fb8                _isatty_r
 .text._lseek_r
                0x00022fdc       0x28 /home/josepintor/Documentos/gcc-arm-none-eabi-4_9-2015q3/bin/../lib/gcc/arm-none-eabi/4.9.3/../../../../arm-none-eabi/lib/armv6-m/libc_nano.a(lib_a-lseekr.o)
                0x00022fdc                _lseek_r
 .text.memchr   0x00023004       0x16 /home/josepintor/Documentos/gcc-arm-none-eabi-4_9-2015q3/bin/../lib/gcc/arm-none-eabi/4.9.3/../../../../arm-none-eabi/lib/armv6-m/libc_nano.a(lib_a-memchr.o)
                0x00023004                memchr
 .text.memmove  0x0002301a       0x28 /home/josepintor/Documentos/gcc-arm-none-eabi-4_9-2015q3/bin/../lib/gcc/arm-none-eabi/4.9.3/../../../../arm-none-eabi/lib/armv6-m/libc_nano.a(lib_a-memmove.o)
                0x0002301a                memmove
 .text._realloc_r
                0x00023042       0x4c /home/josepintor/Documentos/gcc-arm-none-eabi-4_9-2015q3/bin/../lib/gcc/arm-none-eabi/4.9.3/../../../../arm-none-eabi/lib/armv6-m/libc_nano.a(lib_a-nano-reallocr.o)
                0x00023042                _realloc_r
 *fill*         0x0002308e        0x2 
 .text._read_r  0x00023090       0x28 /home/josepintor/Documentos/gcc-arm-none-eabi-4_9-2015q3/bin/../lib/gcc/arm-none-eabi/4.9.3/../../../../arm-none-eabi/lib/armv6-m/libc_nano.a(lib_a-readr.o)
                0x00023090                _read_r
 .text._malloc_usable_size_r
                0x000230b8       0x16 /home/josepintor/Documentos/gcc-arm-none-eabi-4_9-2015q3/bin/../lib/gcc/arm-none-eabi/4.9.3/../../../../arm-none-eabi/lib/armv6-m/libc_nano.a(lib_a-nano-msizer.o)
                0x000230b8                _malloc_usable_size_r
 *fill*         0x000230ce        0x2 
 .text._close   0x000230d0       0x10 /home/josepintor/Documentos/gcc-arm-none-eabi-4_9-2015q3/bin/../lib/gcc/arm-none-eabi/4.9.3/../../../../arm-none-eabi/lib/armv6-m/libnosys.a(close.o)
                0x000230d0                _close
 .text._fstat   0x000230e0       0x10 /home/josepintor/Documentos/gcc-arm-none-eabi-4_9-2015q3/bin/../lib/gcc/arm-none-eabi/4.9.3/../../../../arm-none-eabi/lib/armv6-m/libnosys.a(fstat.o)
                0x000230e0                _fstat
 .text._isatty  0x000230f0       0x10 /home/josepintor/Documentos/gcc-arm-none-eabi-4_9-2015q3/bin/../lib/gcc/arm-none-eabi/4.9.3/../../../../arm-none-eabi/lib/armv6-m/libnosys.a(isatty.o)
                0x000230f0                _isatty
 .text._lseek   0x00023100       0x10 /home/josepintor/Documentos/gcc-arm-none-eabi-4_9-2015q3/bin/../lib/gcc/arm-none-eabi/4.9.3/../../../../arm-none-eabi/lib/armv6-m/libnosys.a(lseek.o)
                0x00023100                _lseek
 .text._read    0x00023110       0x10 /home/josepintor/Documentos/gcc-arm-none-eabi-4_9-2015q3/bin/../lib/gcc/arm-none-eabi/4.9.3/../../../../arm-none-eabi/lib/armv6-m/libnosys.a(read.o)
                0x00023110                _read
 .text._sbrk    0x00023120       0x1c /home/josepintor/Documentos/gcc-arm-none-eabi-4_9-2015q3/bin/../lib/gcc/arm-none-eabi/4.9.3/../../../../arm-none-eabi/lib/armv6-m/libnosys.a(sbrk.o)
                0x00023120                _sbrk
 .text._write   0x0002313c       0x10 /home/josepintor/Documentos/gcc-arm-none-eabi-4_9-2015q3/bin/../lib/gcc/arm-none-eabi/4.9.3/../../../../arm-none-eabi/lib/armv6-m/libnosys.a(write.o)
                0x0002313c                _write
 .text._exit    0x0002314c        0x4 /home/josepintor/Documentos/gcc-arm-none-eabi-4_9-2015q3/bin/../lib/gcc/arm-none-eabi/4.9.3/../../../../arm-none-eabi/lib/armv6-m/libnosys.a(_exit.o)
                0x0002314c                _exit
 *(.init)
 .init          0x00023150        0x4 /home/josepintor/Documentos/gcc-arm-none-eabi-4_9-2015q3/bin/../lib/gcc/arm-none-eabi/4.9.3/armv6-m/crti.o
                0x00023150                _init
 .init          0x00023154        0x8 /home/josepintor/Documentos/gcc-arm-none-eabi-4_9-2015q3/bin/../lib/gcc/arm-none-eabi/4.9.3/armv6-m/crtn.o
 *(.fini)
 .fini          0x0002315c        0x4 /home/josepintor/Documentos/gcc-arm-none-eabi-4_9-2015q3/bin/../lib/gcc/arm-none-eabi/4.9.3/armv6-m/crti.o
                0x0002315c                _fini
 .fini          0x00023160        0x8 /home/josepintor/Documentos/gcc-arm-none-eabi-4_9-2015q3/bin/../lib/gcc/arm-none-eabi/4.9.3/armv6-m/crtn.o
 *crtbegin.o(.ctors)
 *crtbegin?.o(.ctors)
 *(EXCLUDE_FILE(*crtend.o *crtend?.o) .ctors)
 *(SORT(.ctors.*))
 *(.ctors)
 *crtbegin.o(.dtors)
 *crtbegin?.o(.dtors)
 *(EXCLUDE_FILE(*crtend.o *crtend?.o) .dtors)
 *(SORT(.dtors.*))
 *(.dtors)
 *(.rodata*)
 .rodata.str1.1
                0x00023168       0xaf _build/init.o
 .rodata.str1.1
                0x00023217      0x11f _build/utils.o
                                0x1ed (size before relaxing)
 .rodata        0x00023336       0x10 _build/ble_ambient.o
 .rodata.str1.1
                0x00023346       0x87 _build/ble_ambient.o
                                 0xcc (size before relaxing)
 .rodata.str1.1
                0x000233cd      0x426 _build/main.o
                                0x43d (size before relaxing)
 .rodata.str1.1
                0x000237f3       0x4b _build/SparkFunTSL2561.o
 .rodata.str1.1
                0x0002383e       0x4b _build/SparkFunMS1.o
 .rodata.str1.1
                0x00023889       0xbf _build/rain.o
                                 0xcc (size before relaxing)
 .rodata.str1.1
                0x00023948       0xd6 _build/temp.o
                                 0xe3 (size before relaxing)
 .rodata.str1.1
                0x00023a1e       0xbc _build/lum.o
                                 0xcd (size before relaxing)
 .rodata.str1.1
                0x00023ada       0xba _build/hum.o
                                 0xcb (size before relaxing)
 .rodata.str1.1
                0x00023b94       0xd3 _build/humsolo.o
                                 0xe4 (size before relaxing)
 .rodata.str1.1
                0x00023c67       0xf7 _build/battery.o
 .rodata.str1.1
                0x00023d5e       0x50 _build/mpu9x50.o
 .rodata.str1.1
                0x00023dae       0x1f _build/fhp_gpio.o
 .rodata        0x00023dcd        0xa _build/nrf_pwm.o
 .rodata.str1.1
                0x00023dd7        0x9 _build/SEGGER_RTT.o
 .rodata.str1.1
                0x00023de0       0x43 _build/ff.o
 .rodata        0x00023e23        0x3 _build/spi_fhp_master.o
 .rodata.str1.1
                0x00023e26       0x59 _build/ble_dis.o
 .rodata.str1.1
                0x00023e7f       0x5c _build/softdevice_handler.o
 .rodata.str1.1
                0x00023edb       0x54 _build/app_timer.o
 *fill*         0x00023f2f        0x1 
 .rodata        0x00023f30       0x34 _build/device_manager_peripheral.o
                0x00023f30                m_service_context_store
                0x00023f40                m_service_context_load
                0x00023f50                m_service_context_apply
                0x00023f60                m_context_init_len
 .rodata.str1.1
                0x00023f64       0x58 _build/app_scheduler.o
 .rodata.str1.4
                0x00023fbc        0x4 /home/josepintor/Documentos/gcc-arm-none-eabi-4_9-2015q3/bin/../lib/gcc/arm-none-eabi/4.9.3/../../../../arm-none-eabi/lib/armv6-m/libm.a(lib_a-w_pow.o)
 .rodata.dp_h   0x00023fc0       0x10 /home/josepintor/Documentos/gcc-arm-none-eabi-4_9-2015q3/bin/../lib/gcc/arm-none-eabi/4.9.3/../../../../arm-none-eabi/lib/armv6-m/libm.a(lib_a-e_pow.o)
 .rodata.dp_l   0x00023fd0       0x10 /home/josepintor/Documentos/gcc-arm-none-eabi-4_9-2015q3/bin/../lib/gcc/arm-none-eabi/4.9.3/../../../../arm-none-eabi/lib/armv6-m/libm.a(lib_a-e_pow.o)
 .rodata.bp     0x00023fe0       0x10 /home/josepintor/Documentos/gcc-arm-none-eabi-4_9-2015q3/bin/../lib/gcc/arm-none-eabi/4.9.3/../../../../arm-none-eabi/lib/armv6-m/libm.a(lib_a-e_pow.o)
 .rodata.str1.4
                0x00023ff0        0x4 /home/josepintor/Documentos/gcc-arm-none-eabi-4_9-2015q3/bin/../lib/gcc/arm-none-eabi/4.9.3/../../../../arm-none-eabi/lib/armv6-m/libm.a(lib_a-e_pow.o)
                                  0x1 (size before relaxing)
 *fill*         0x00023ff4        0x4 
 .rodata.TWO52  0x00023ff8       0x10 /home/josepintor/Documentos/gcc-arm-none-eabi-4_9-2015q3/bin/../lib/gcc/arm-none-eabi/4.9.3/../../../../arm-none-eabi/lib/armv6-m/libm.a(lib_a-s_rint.o)
 .rodata        0x00024008       0x40 /home/josepintor/Documentos/gcc-arm-none-eabi-4_9-2015q3/bin/../lib/gcc/arm-none-eabi/4.9.3/armv6-m/libgcc.a(divdf3.o)
 .rodata        0x00024048       0x40 /home/josepintor/Documentos/gcc-arm-none-eabi-4_9-2015q3/bin/../lib/gcc/arm-none-eabi/4.9.3/armv6-m/libgcc.a(muldf3.o)
 .rodata.str1.1
                0x00024088        0x2 /home/josepintor/Documentos/gcc-arm-none-eabi-4_9-2015q3/bin/../lib/gcc/arm-none-eabi/4.9.3/../../../../arm-none-eabi/lib/armv6-m/libc_nano.a(lib_a-impure.o)
 *fill*         0x0002408a        0x2 
 .rodata._global_impure_ptr
                0x0002408c        0x4 /home/josepintor/Documentos/gcc-arm-none-eabi-4_9-2015q3/bin/../lib/gcc/arm-none-eabi/4.9.3/../../../../arm-none-eabi/lib/armv6-m/libc_nano.a(lib_a-impure.o)
                0x0002408c                _global_impure_ptr
 .rodata.__sf_fake_stdin
                0x00024090       0x20 /home/josepintor/Documentos/gcc-arm-none-eabi-4_9-2015q3/bin/../lib/gcc/arm-none-eabi/4.9.3/../../../../arm-none-eabi/lib/armv6-m/libc_nano.a(lib_a-findfp.o)
                0x00024090                __sf_fake_stdin
 .rodata.__sf_fake_stdout
                0x000240b0       0x20 /home/josepintor/Documentos/gcc-arm-none-eabi-4_9-2015q3/bin/../lib/gcc/arm-none-eabi/4.9.3/../../../../arm-none-eabi/lib/armv6-m/libc_nano.a(lib_a-findfp.o)
                0x000240b0                __sf_fake_stdout
 .rodata.__sf_fake_stderr
                0x000240d0       0x20 /home/josepintor/Documentos/gcc-arm-none-eabi-4_9-2015q3/bin/../lib/gcc/arm-none-eabi/4.9.3/../../../../arm-none-eabi/lib/armv6-m/libc_nano.a(lib_a-findfp.o)
                0x000240d0                __sf_fake_stderr
 .rodata.str1.1
                0x000240f0       0x11 /home/josepintor/Documentos/gcc-arm-none-eabi-4_9-2015q3/bin/../lib/gcc/arm-none-eabi/4.9.3/../../../../arm-none-eabi/lib/armv6-m/libc_nano.a(lib_a-nano-svfprintf.o)
 .rodata.str1.1
                0x00000000       0x11 /home/josepintor/Documentos/gcc-arm-none-eabi-4_9-2015q3/bin/../lib/gcc/arm-none-eabi/4.9.3/../../../../arm-none-eabi/lib/armv6-m/libc_nano.a(lib_a-nano-vfprintf.o)
 .rodata.str1.1
                0x00024101       0x22 /home/josepintor/Documentos/gcc-arm-none-eabi-4_9-2015q3/bin/../lib/gcc/arm-none-eabi/4.9.3/../../../../arm-none-eabi/lib/armv6-m/libc_nano.a(lib_a-nano-vfprintf_i.o)
 *(.eh_frame*)

.glue_7         0x00024124        0x0
 .glue_7        0x00000000        0x0 linker stubs

.glue_7t        0x00024124        0x0
 .glue_7t       0x00000000        0x0 linker stubs

.vfp11_veneer   0x00024124        0x0
 .vfp11_veneer  0x00000000        0x0 linker stubs

.v4_bx          0x00024124        0x0
 .v4_bx         0x00000000        0x0 linker stubs

.iplt           0x00024124        0x0
 .iplt          0x00000000        0x0 /home/josepintor/Documentos/gcc-arm-none-eabi-4_9-2015q3/bin/../lib/gcc/arm-none-eabi/4.9.3/armv6-m/crtbegin.o

.ARM.extab
 *(.ARM.extab* .gnu.linkonce.armextab.*)
                0x00024124                __exidx_start = .

.ARM.exidx      0x00024124        0x8
 *(.ARM.exidx* .gnu.linkonce.armexidx.*)
 .ARM.exidx     0x00024124        0x8 /home/josepintor/Documentos/gcc-arm-none-eabi-4_9-2015q3/bin/../lib/gcc/arm-none-eabi/4.9.3/../../../../arm-none-eabi/lib/armv6-m/crt0.o
 .ARM.exidx     0x0002412c        0x0 _build/gcc_startup_nrf51.o
                                  0x8 (size before relaxing)
 .ARM.exidx     0x0002412c        0x0 /home/josepintor/Documentos/gcc-arm-none-eabi-4_9-2015q3/bin/../lib/gcc/arm-none-eabi/4.9.3/armv6-m/libgcc.a(_divdi3.o)
                                  0x8 (size before relaxing)
 .ARM.exidx     0x0002412c        0x0 /home/josepintor/Documentos/gcc-arm-none-eabi-4_9-2015q3/bin/../lib/gcc/arm-none-eabi/4.9.3/armv6-m/libgcc.a(_udivdi3.o)
                                  0x8 (size before relaxing)
                0x0002412c                __exidx_end = .
                0x0002412c                __etext = .

.rel.dyn        0x0002412c        0x0
 .rel.iplt      0x00000000        0x0 /home/josepintor/Documentos/gcc-arm-none-eabi-4_9-2015q3/bin/../lib/gcc/arm-none-eabi/4.9.3/armv6-m/crtbegin.o

.data           0x20002000      0x13c load address 0x0002412c
                0x20002000                __data_start__ = .
 *(vtable)
 *(.data*)
 .data          0x20002000        0x4 _build/utils.o
 .data          0x20002004        0x2 _build/main.o
 *fill*         0x20002006        0x2 
 .data          0x20002008       0x13 _build/SparkFunTSL2561.o
                0x20002008                TSL2561_ADDR
                0x20002009                TSL2561_CMD_CLEAR
                0x2000200a                TSL2561_CMD
                0x2000200b                TSL2561_REG_ID
                0x2000200c                TSL2561_REG_TIMING
                0x20002010                ms
                0x20002014                TSL2561_REG_INTCTL
                0x20002015                TSL2561_REG_DATA_0
                0x20002016                TSL2561_REG_DATA_1
                0x20002017                TSL2561_REG_THRESH_L
                0x20002018                TSL2561_REG_THRESH_H
                0x20002019                TSL2561_ADDR_1
                0x2000201a                TSL2561_ADDR_0
 *fill*         0x2000201b        0x1 
 .data          0x2000201c       0x3c _build/fhp_gpio.o
 .data          0x20002058        0x4 _build/nrf_pwm.o
 .data          0x2000205c       0x78 _build/SEGGER_RTT.o
 .data          0x200020d4        0x1 _build/diskio.o
 .data.__fdlib_version
                0x200020d5        0x1 /home/josepintor/Documentos/gcc-arm-none-eabi-4_9-2015q3/bin/../lib/gcc/arm-none-eabi/4.9.3/../../../../arm-none-eabi/lib/armv6-m/libm.a(lib_a-s_lib_ver.o)
                0x200020d5                __fdlib_version
 *fill*         0x200020d6        0x2 
 .data.impure_data
                0x200020d8       0x60 /home/josepintor/Documentos/gcc-arm-none-eabi-4_9-2015q3/bin/../lib/gcc/arm-none-eabi/4.9.3/../../../../arm-none-eabi/lib/armv6-m/libc_nano.a(lib_a-impure.o)
 .data._impure_ptr
                0x20002138        0x4 /home/josepintor/Documentos/gcc-arm-none-eabi-4_9-2015q3/bin/../lib/gcc/arm-none-eabi/4.9.3/../../../../arm-none-eabi/lib/armv6-m/libc_nano.a(lib_a-impure.o)
                0x20002138                _impure_ptr
                0x2000213c                . = ALIGN (0x4)
                0x2000213c                PROVIDE (__preinit_array_start, .)
 *(.preinit_array)
                0x2000213c                PROVIDE (__preinit_array_end, .)
                0x2000213c                . = ALIGN (0x4)
                0x2000213c                PROVIDE (__init_array_start, .)
 *(SORT(.init_array.*))
 *(.init_array)
                0x2000213c                PROVIDE (__init_array_end, .)
                0x2000213c                . = ALIGN (0x4)
                0x2000213c                PROVIDE (__fini_array_start, .)
 *(SORT(.fini_array.*))
 *(.fini_array)
                0x2000213c                PROVIDE (__fini_array_end, .)
 *(.jcr)
                0x2000213c                . = ALIGN (0x4)
                0x2000213c                __data_end__ = .

.igot.plt       0x2000213c        0x0 load address 0x00024268
 .igot.plt      0x00000000        0x0 /home/josepintor/Documentos/gcc-arm-none-eabi-4_9-2015q3/bin/../lib/gcc/arm-none-eabi/4.9.3/armv6-m/crtbegin.o

.bss            0x20002140     0x165c load address 0x00024270
                0x20002140                . = ALIGN (0x4)
                0x20002140                __bss_start__ = .
 *(.bss*)
 .bss           0x20002140      0x9d4 _build/init.o
 .bss           0x20002b14        0x4 _build/utils.o
 .bss           0x20002b18        0xc _build/nosso.o
 .bss           0x20002b24       0xa0 _build/ble_ambient.o
 .bss           0x20002bc4        0x4 _build/main.o
 .bss           0x20002bc8        0x4 _build/sd_card.o
 .bss           0x20002bcc        0x4 _build/SparkFunTSL2561.o
                0x20002bcc                TSL2561_REG_CONTROL
                0x20002bcd                time
                0x20002bce                good
                0x20002bcf                error
 .bss           0x20002bd0        0x2 _build/battery.o
 .bss           0x20002bd2        0x1 _build/max1161x.o
 .bss           0x20002bd3        0x1 _build/max17048.o
 .bss           0x20002bd4        0x3 _build/pca9538.o
 *fill*         0x20002bd7        0x1 
 .bss           0x20002bd8       0x58 _build/nrf_pwm.o
 .bss           0x20002c30        0x4 _build/bme280.o
 .bss           0x20002c34      0x411 _build/SEGGER_RTT.o
 *fill*         0x20003045        0x3 
 .bss           0x20003048        0x6 _build/ff.o
 .bss           0x2000304e        0x1 _build/diskio.o
 *fill*         0x2000304f        0x1 
 .bss           0x20003050       0x4a _build/ble_dis.o
 *fill*         0x2000309a        0x2 
 .bss           0x2000309c       0x18 _build/softdevice_handler.o
 .bss           0x200030b4       0x35 _build/ble_conn_params.o
 *fill*         0x200030e9        0x3 
 .bss           0x200030ec       0x29 _build/app_timer.o
 *fill*         0x20003115        0x3 
 .bss           0x20003118       0xf8 _build/pstorage.o
 .bss           0x20003210      0x120 _build/device_manager_peripheral.o
 .bss           0x20003330        0xa _build/app_gpiote.o
 *fill*         0x2000333a        0x2 
 .bss           0x2000333c        0xe _build/app_scheduler.o
 *fill*         0x2000334a        0x2 
 .bss.__malloc_sbrk_start
                0x2000334c        0x4 /home/josepintor/Documentos/gcc-arm-none-eabi-4_9-2015q3/bin/../lib/gcc/arm-none-eabi/4.9.3/../../../../arm-none-eabi/lib/armv6-m/libc_nano.a(lib_a-nano-mallocr.o)
                0x2000334c                __malloc_sbrk_start
 .bss.__malloc_free_list
                0x20003350        0x4 /home/josepintor/Documentos/gcc-arm-none-eabi-4_9-2015q3/bin/../lib/gcc/arm-none-eabi/4.9.3/../../../../arm-none-eabi/lib/armv6-m/libc_nano.a(lib_a-nano-mallocr.o)
                0x20003350                __malloc_free_list
 .bss.heap_end.4079
                0x20003354        0x4 /home/josepintor/Documentos/gcc-arm-none-eabi-4_9-2015q3/bin/../lib/gcc/arm-none-eabi/4.9.3/../../../../arm-none-eabi/lib/armv6-m/libnosys.a(sbrk.o)
 *(COMMON)
 COMMON         0x20003358      0x3d4 _build/init.o
                0x20003358                m_gauge_timer_id
                0x20003360                m_humsolo
                0x20003380                m_gpiote_user_ch
                0x20003381                _i2c_address
                0x20003384                m_sd_timer_id
                0x20003388                m_watchdog_timer_id
                0x2000338c                twi_busy
                0x2000338d                m_app_handle
                0x20003390                m_rain
                0x200033b0                high_voltage_on
                0x200033b8                m_hum
                0x200033d8                low_battery
                0x200033dc                m_rtc_timer_id
                0x200033e0                m_amb
                0x200034b0                m_temp
                0x200034d0                m_sensor_timer_id
                0x200034d4                _error
                0x200034d8                sd_card
                0x20003708                m_lum
                0x20003728                m_base_timer_id
 COMMON         0x2000372c       0x28 _build/ble_ambient.o
                0x2000372c                file_sens
                0x20003750                m_amb_sd
 COMMON         0x20003754        0x4 _build/SparkFunTSL2561.o
                0x20003754                data1
                0x20003755                ID
                0x20003756                data0
                0x20003757                gain
 COMMON         0x20003758        0x1 _build/mpu9x50.o
                0x20003758                device_address
 *fill*         0x20003759        0x3 
 COMMON         0x2000375c       0x3c _build/bme280.o
                0x2000375c                bme280
 COMMON         0x20003798        0x4 /home/josepintor/Documentos/gcc-arm-none-eabi-4_9-2015q3/bin/../lib/gcc/arm-none-eabi/4.9.3/../../../../arm-none-eabi/lib/armv6-m/libc_nano.a(lib_a-reent.o)
                0x20003798                errno
                0x2000379c                . = ALIGN (0x4)
                0x2000379c                __bss_end__ = .

.heap           0x200037a0        0x0
                0x200037a0                __end__ = .
                0x200037a0                end = __end__
 *(.heap*)
 .heap          0x200037a0        0x0 _build/gcc_startup_nrf51.o
                0x200037a0                __HeapLimit = .

.stack_dummy    0x200037a0      0x800
 *(.stack*)
 .stack         0x200037a0      0x800 _build/gcc_startup_nrf51.o
                0x20004000                __StackTop = (ORIGIN (RAM) + 0x2000)
                0x20003800                __StackLimit = (__StackTop - SIZEOF (.stack_dummy))
                0x20004000                PROVIDE (__stack, __StackTop)
                0x00000001                ASSERT ((__StackLimit >= __HeapLimit), region RAM overflowed with stack)
OUTPUT(_build/setec_s110_xxaa.out elf32-littlearm)

.ARM.attributes
                0x00000000       0x28
 .ARM.attributes
                0x00000000       0x1e /home/josepintor/Documentos/gcc-arm-none-eabi-4_9-2015q3/bin/../lib/gcc/arm-none-eabi/4.9.3/armv6-m/crti.o
 .ARM.attributes
                0x0000001e       0x1b /home/josepintor/Documentos/gcc-arm-none-eabi-4_9-2015q3/bin/../lib/gcc/arm-none-eabi/4.9.3/../../../../arm-none-eabi/lib/armv6-m/crt0.o
 .ARM.attributes
                0x00000039       0x31 _build/init.o
 .ARM.attributes
                0x0000006a       0x31 _build/utils.o
 .ARM.attributes
                0x0000009b       0x31 _build/nosso.o
 .ARM.attributes
                0x000000cc       0x31 _build/ble_ambient.o
 .ARM.attributes
                0x000000fd       0x31 _build/main.o
 .ARM.attributes
                0x0000012e       0x31 _build/sd_card.o
 .ARM.attributes
                0x0000015f       0x31 _build/SparkFunTSL2561.o
 .ARM.attributes
                0x00000190       0x31 _build/SparkFunMS1.o
 .ARM.attributes
                0x000001c1       0x31 _build/rain.o
 .ARM.attributes
                0x000001f2       0x31 _build/temp.o
 .ARM.attributes
                0x00000223       0x31 _build/lum.o
 .ARM.attributes
                0x00000254       0x31 _build/hum.o
 .ARM.attributes
                0x00000285       0x31 _build/humsolo.o
 .ARM.attributes
                0x000002b6       0x31 _build/battery.o
 .ARM.attributes
                0x000002e7       0x31 _build/max1161x.o
 .ARM.attributes
                0x00000318       0x31 _build/mpu9x50.o
 .ARM.attributes
                0x00000349       0x31 _build/max17048.o
 .ARM.attributes
                0x0000037a       0x31 _build/pca9538.o
 .ARM.attributes
                0x000003ab       0x31 _build/fhp_gpio.o
 .ARM.attributes
                0x000003dc       0x31 _build/nrf_pwm.o
 .ARM.attributes
                0x0000040d       0x31 _build/bme280.o
 .ARM.attributes
                0x0000043e       0x31 _build/SEGGER_RTT.o
 .ARM.attributes
                0x0000046f       0x31 _build/ff.o
 .ARM.attributes
                0x000004a0       0x31 _build/diskio.o
 .ARM.attributes
                0x000004d1       0x31 _build/spi_fhp_master.o
 .ARM.attributes
                0x00000502       0x31 _build/twi_hw_master.o
 .ARM.attributes
                0x00000533       0x31 _build/ble_dis.o
 .ARM.attributes
                0x00000564       0x31 _build/ble_srv_common.o
 .ARM.attributes
                0x00000595       0x31 _build/softdevice_handler.o
 .ARM.attributes
                0x000005c6       0x31 _build/ble_advdata.o
 .ARM.attributes
                0x000005f7       0x31 _build/ble_conn_params.o
 .ARM.attributes
                0x00000628       0x31 _build/app_timer.o
 .ARM.attributes
                0x00000659       0x31 _build/pstorage.o
 .ARM.attributes
                0x0000068a       0x31 _build/device_manager_peripheral.o
 .ARM.attributes
                0x000006bb       0x31 _build/app_gpiote.o
 .ARM.attributes
                0x000006ec       0x31 _build/nrf_delay.o
 .ARM.attributes
                0x0000071d       0x31 _build/app_scheduler.o
 .ARM.attributes
                0x0000074e       0x31 _build/system_nrf51.o
 .ARM.attributes
                0x0000077f       0x1b _build/gcc_startup_nrf51.o
 .ARM.attributes
                0x0000079a       0x2c /home/josepintor/Documentos/gcc-arm-none-eabi-4_9-2015q3/bin/../lib/gcc/arm-none-eabi/4.9.3/../../../../arm-none-eabi/lib/armv6-m/libm.a(lib_a-w_pow.o)
 .ARM.attributes
                0x000007c6       0x2c /home/josepintor/Documentos/gcc-arm-none-eabi-4_9-2015q3/bin/../lib/gcc/arm-none-eabi/4.9.3/../../../../arm-none-eabi/lib/armv6-m/libm.a(lib_a-e_pow.o)
 .ARM.attributes
                0x000007f2       0x2c /home/josepintor/Documentos/gcc-arm-none-eabi-4_9-2015q3/bin/../lib/gcc/arm-none-eabi/4.9.3/../../../../arm-none-eabi/lib/armv6-m/libm.a(lib_a-e_sqrt.o)
 .ARM.attributes
                0x0000081e       0x2c /home/josepintor/Documentos/gcc-arm-none-eabi-4_9-2015q3/bin/../lib/gcc/arm-none-eabi/4.9.3/../../../../arm-none-eabi/lib/armv6-m/libm.a(lib_a-s_fabs.o)
 .ARM.attributes
                0x0000084a       0x2c /home/josepintor/Documentos/gcc-arm-none-eabi-4_9-2015q3/bin/../lib/gcc/arm-none-eabi/4.9.3/../../../../arm-none-eabi/lib/armv6-m/libm.a(lib_a-s_finite.o)
 .ARM.attributes
                0x00000876       0x2c /home/josepintor/Documentos/gcc-arm-none-eabi-4_9-2015q3/bin/../lib/gcc/arm-none-eabi/4.9.3/../../../../arm-none-eabi/lib/armv6-m/libm.a(lib_a-s_fpclassify.o)
 .ARM.attributes
                0x000008a2       0x2c /home/josepintor/Documentos/gcc-arm-none-eabi-4_9-2015q3/bin/../lib/gcc/arm-none-eabi/4.9.3/../../../../arm-none-eabi/lib/armv6-m/libm.a(lib_a-s_lib_ver.o)
 .ARM.attributes
                0x000008ce       0x2c /home/josepintor/Documentos/gcc-arm-none-eabi-4_9-2015q3/bin/../lib/gcc/arm-none-eabi/4.9.3/../../../../arm-none-eabi/lib/armv6-m/libm.a(lib_a-s_matherr.o)
 .ARM.attributes
                0x000008fa       0x2c /home/josepintor/Documentos/gcc-arm-none-eabi-4_9-2015q3/bin/../lib/gcc/arm-none-eabi/4.9.3/../../../../arm-none-eabi/lib/armv6-m/libm.a(lib_a-s_nan.o)
 .ARM.attributes
                0x00000926       0x2c /home/josepintor/Documentos/gcc-arm-none-eabi-4_9-2015q3/bin/../lib/gcc/arm-none-eabi/4.9.3/../../../../arm-none-eabi/lib/armv6-m/libm.a(lib_a-s_rint.o)
 .ARM.attributes
                0x00000952       0x2c /home/josepintor/Documentos/gcc-arm-none-eabi-4_9-2015q3/bin/../lib/gcc/arm-none-eabi/4.9.3/../../../../arm-none-eabi/lib/armv6-m/libm.a(lib_a-s_scalbn.o)
 .ARM.attributes
                0x0000097e       0x2c /home/josepintor/Documentos/gcc-arm-none-eabi-4_9-2015q3/bin/../lib/gcc/arm-none-eabi/4.9.3/../../../../arm-none-eabi/lib/armv6-m/libm.a(lib_a-s_copysign.o)
 .ARM.attributes
                0x000009aa       0x1e /home/josepintor/Documentos/gcc-arm-none-eabi-4_9-2015q3/bin/../lib/gcc/arm-none-eabi/4.9.3/armv6-m/libgcc.a(_thumb1_case_uqi.o)
 .ARM.attributes
                0x000009c8       0x1e /home/josepintor/Documentos/gcc-arm-none-eabi-4_9-2015q3/bin/../lib/gcc/arm-none-eabi/4.9.3/armv6-m/libgcc.a(_udivsi3.o)
 .ARM.attributes
                0x000009e6       0x1e /home/josepintor/Documentos/gcc-arm-none-eabi-4_9-2015q3/bin/../lib/gcc/arm-none-eabi/4.9.3/armv6-m/libgcc.a(_divsi3.o)
 .ARM.attributes
                0x00000a04       0x1e /home/josepintor/Documentos/gcc-arm-none-eabi-4_9-2015q3/bin/../lib/gcc/arm-none-eabi/4.9.3/armv6-m/libgcc.a(_dvmd_tls.o)
 .ARM.attributes
                0x00000a22       0x1e /home/josepintor/Documentos/gcc-arm-none-eabi-4_9-2015q3/bin/../lib/gcc/arm-none-eabi/4.9.3/armv6-m/libgcc.a(_arm_cmpdf2.o)
 .ARM.attributes
                0x00000a40       0x1e /home/josepintor/Documentos/gcc-arm-none-eabi-4_9-2015q3/bin/../lib/gcc/arm-none-eabi/4.9.3/armv6-m/libgcc.a(_aeabi_uldivmod.o)
 .ARM.attributes
                0x00000a5e       0x2c /home/josepintor/Documentos/gcc-arm-none-eabi-4_9-2015q3/bin/../lib/gcc/arm-none-eabi/4.9.3/armv6-m/libgcc.a(_fixunsdfsi.o)
 .ARM.attributes
                0x00000a8a       0x2c /home/josepintor/Documentos/gcc-arm-none-eabi-4_9-2015q3/bin/../lib/gcc/arm-none-eabi/4.9.3/armv6-m/libgcc.a(bpabi.o)
 .ARM.attributes
                0x00000ab6       0x2c /home/josepintor/Documentos/gcc-arm-none-eabi-4_9-2015q3/bin/../lib/gcc/arm-none-eabi/4.9.3/armv6-m/libgcc.a(adddf3.o)
 .ARM.attributes
                0x00000ae2       0x2c /home/josepintor/Documentos/gcc-arm-none-eabi-4_9-2015q3/bin/../lib/gcc/arm-none-eabi/4.9.3/armv6-m/libgcc.a(divdf3.o)
 .ARM.attributes
                0x00000b0e       0x2c /home/josepintor/Documentos/gcc-arm-none-eabi-4_9-2015q3/bin/../lib/gcc/arm-none-eabi/4.9.3/armv6-m/libgcc.a(eqdf2.o)
 .ARM.attributes
                0x00000b3a       0x2c /home/josepintor/Documentos/gcc-arm-none-eabi-4_9-2015q3/bin/../lib/gcc/arm-none-eabi/4.9.3/armv6-m/libgcc.a(gedf2.o)
 .ARM.attributes
                0x00000b66       0x2c /home/josepintor/Documentos/gcc-arm-none-eabi-4_9-2015q3/bin/../lib/gcc/arm-none-eabi/4.9.3/armv6-m/libgcc.a(ledf2.o)
 .ARM.attributes
                0x00000b92       0x2c /home/josepintor/Documentos/gcc-arm-none-eabi-4_9-2015q3/bin/../lib/gcc/arm-none-eabi/4.9.3/armv6-m/libgcc.a(muldf3.o)
 .ARM.attributes
                0x00000bbe       0x2c /home/josepintor/Documentos/gcc-arm-none-eabi-4_9-2015q3/bin/../lib/gcc/arm-none-eabi/4.9.3/armv6-m/libgcc.a(subdf3.o)
 .ARM.attributes
                0x00000bea       0x2c /home/josepintor/Documentos/gcc-arm-none-eabi-4_9-2015q3/bin/../lib/gcc/arm-none-eabi/4.9.3/armv6-m/libgcc.a(fixdfsi.o)
 .ARM.attributes
                0x00000c16       0x2c /home/josepintor/Documentos/gcc-arm-none-eabi-4_9-2015q3/bin/../lib/gcc/arm-none-eabi/4.9.3/armv6-m/libgcc.a(floatsidf.o)
 .ARM.attributes
                0x00000c42       0x2c /home/josepintor/Documentos/gcc-arm-none-eabi-4_9-2015q3/bin/../lib/gcc/arm-none-eabi/4.9.3/armv6-m/libgcc.a(floatunsidf.o)
 .ARM.attributes
                0x00000c6e       0x1e /home/josepintor/Documentos/gcc-arm-none-eabi-4_9-2015q3/bin/../lib/gcc/arm-none-eabi/4.9.3/armv6-m/libgcc.a(_clzsi2.o)
 .ARM.attributes
                0x00000c8c       0x2c /home/josepintor/Documentos/gcc-arm-none-eabi-4_9-2015q3/bin/../lib/gcc/arm-none-eabi/4.9.3/armv6-m/libgcc.a(_muldi3.o)
 .ARM.attributes