Archive member included because of file (symbol)

/home/josepintor/Documentos/gcc-arm-none-eabi-4_9-2015q3/bin/../lib/gcc/arm-none-eabi/4.9.3/../../../../arm-none-eabi/lib/armv6-m/libm.a(lib_a-w_pow.o)
                              _build/SparkFunTSL2561.o (pow)
/home/josepintor/Documentos/gcc-arm-none-eabi-4_9-2015q3/bin/../lib/gcc/arm-none-eabi/4.9.3/../../../../arm-none-eabi/lib/armv6-m/libm.a(lib_a-e_pow.o)
                              /home/josepintor/Documentos/gcc-arm-none-eabi-4_9-2015q3/bin/../lib/gcc/arm-none-eabi/4.9.3/../../../../arm-none-eabi/lib/armv6-m/libm.a(lib_a-w_pow.o) (__ieee754_pow)
/home/josepintor/Documentos/gcc-arm-none-eabi-4_9-2015q3/bin/../lib/gcc/arm-none-eabi/4.9.3/../../../../arm-none-eabi/lib/armv6-m/libm.a(lib_a-e_sqrt.o)
                              /home/josepintor/Documentos/gcc-arm-none-eabi-4_9-2015q3/bin/../lib/gcc/arm-none-eabi/4.9.3/../../../../arm-none-eabi/lib/armv6-m/libm.a(lib_a-e_pow.o) (__ieee754_sqrt)
/home/josepintor/Documentos/gcc-arm-none-eabi-4_9-2015q3/bin/../lib/gcc/arm-none-eabi/4.9.3/../../../../arm-none-eabi/lib/armv6-m/libm.a(lib_a-s_fabs.o)
                              /home/josepintor/Documentos/gcc-arm-none-eabi-4_9-2015q3/bin/../lib/gcc/arm-none-eabi/4.9.3/../../../../arm-none-eabi/lib/armv6-m/libm.a(lib_a-e_pow.o) (fabs)
/home/josepintor/Documentos/gcc-arm-none-eabi-4_9-2015q3/bin/../lib/gcc/arm-none-eabi/4.9.3/../../../../arm-none-eabi/lib/armv6-m/libm.a(lib_a-s_finite.o)
                              /home/josepintor/Documentos/gcc-arm-none-eabi-4_9-2015q3/bin/../lib/gcc/arm-none-eabi/4.9.3/../../../../arm-none-eabi/lib/armv6-m/libm.a(lib_a-w_pow.o) (finite)
/home/josepintor/Documentos/gcc-arm-none-eabi-4_9-2015q3/bin/../lib/gcc/arm-none-eabi/4.9.3/../../../../arm-none-eabi/lib/armv6-m/libm.a(lib_a-s_fpclassify.o)
                              /home/josepintor/Documentos/gcc-arm-none-eabi-4_9-2015q3/bin/../lib/gcc/arm-none-eabi/4.9.3/../../../../arm-none-eabi/lib/armv6-m/libm.a(lib_a-w_pow.o) (__fpclassifyd)
/home/josepintor/Documentos/gcc-arm-none-eabi-4_9-2015q3/bin/../lib/gcc/arm-none-eabi/4.9.3/../../../../arm-none-eabi/lib/armv6-m/libm.a(lib_a-s_lib_ver.o)
                              /home/josepintor/Documentos/gcc-arm-none-eabi-4_9-2015q3/bin/../lib/gcc/arm-none-eabi/4.9.3/../../../../arm-none-eabi/lib/armv6-m/libm.a(lib_a-w_pow.o) (__fdlib_version)
/home/josepintor/Documentos/gcc-arm-none-eabi-4_9-2015q3/bin/../lib/gcc/arm-none-eabi/4.9.3/../../../../arm-none-eabi/lib/armv6-m/libm.a(lib_a-s_matherr.o)
                              /home/josepintor/Documentos/gcc-arm-none-eabi-4_9-2015q3/bin/../lib/gcc/arm-none-eabi/4.9.3/../../../../arm-none-eabi/lib/armv6-m/libm.a(lib_a-w_pow.o) (matherr)
/home/josepintor/Documentos/gcc-arm-none-eabi-4_9-2015q3/bin/../lib/gcc/arm-none-eabi/4.9.3/../../../../arm-none-eabi/lib/armv6-m/libm.a(lib_a-s_nan.o)
                              /home/josepintor/Documentos/gcc-arm-none-eabi-4_9-2015q3/bin/../lib/gcc/arm-none-eabi/4.9.3/../../../../arm-none-eabi/lib/armv6-m/libm.a(lib_a-e_pow.o) (nan)
/home/josepintor/Documentos/gcc-arm-none-eabi-4_9-2015q3/bin/../lib/gcc/arm-none-eabi/4.9.3/../../../../arm-none-eabi/lib/armv6-m/libm.a(lib_a-s_rint.o)
                              /home/josepintor/Documentos/gcc-arm-none-eabi-4_9-2015q3/bin/../lib/gcc/arm-none-eabi/4.9.3/../../../../arm-none-eabi/lib/armv6-m/libm.a(lib_a-w_pow.o) (rint)
/home/josepintor/Documentos/gcc-arm-none-eabi-4_9-2015q3/bin/../lib/gcc/arm-none-eabi/4.9.3/../../../../arm-none-eabi/lib/armv6-m/libm.a(lib_a-s_scalbn.o)
                              /home/josepintor/Documentos/gcc-arm-none-eabi-4_9-2015q3/bin/../lib/gcc/arm-none-eabi/4.9.3/../../../../arm-none-eabi/lib/armv6-m/libm.a(lib_a-e_pow.o) (scalbn)
/home/josepintor/Documentos/gcc-arm-none-eabi-4_9-2015q3/bin/../lib/gcc/arm-none-eabi/4.9.3/../../../../arm-none-eabi/lib/armv6-m/libm.a(lib_a-s_copysign.o)
                              /home/josepintor/Documentos/gcc-arm-none-eabi-4_9-2015q3/bin/../lib/gcc/arm-none-eabi/4.9.3/../../../../arm-none-eabi/lib/armv6-m/libm.a(lib_a-s_scalbn.o) (copysign)
/home/josepintor/Documentos/gcc-arm-none-eabi-4_9-2015q3/bin/../lib/gcc/arm-none-eabi/4.9.3/armv6-m/libgcc.a(_thumb1_case_uqi.o)
                              _build/ble_ambient.o (__gnu_thumb1_case_uqi)
/home/josepintor/Documentos/gcc-arm-none-eabi-4_9-2015q3/bin/../lib/gcc/arm-none-eabi/4.9.3/armv6-m/libgcc.a(_udivsi3.o)
                              _build/SparkFunTSL2561.o (__aeabi_uidiv)
/home/josepintor/Documentos/gcc-arm-none-eabi-4_9-2015q3/bin/../lib/gcc/arm-none-eabi/4.9.3/armv6-m/libgcc.a(_divsi3.o)
                              _build/utils.o (__aeabi_idiv)
/home/josepintor/Documentos/gcc-arm-none-eabi-4_9-2015q3/bin/../lib/gcc/arm-none-eabi/4.9.3/armv6-m/libgcc.a(_dvmd_tls.o)
                              /home/josepintor/Documentos/gcc-arm-none-eabi-4_9-2015q3/bin/../lib/gcc/arm-none-eabi/4.9.3/armv6-m/libgcc.a(_udivsi3.o) (__aeabi_idiv0)
[...]
Memory Configuration

Name             Origin             Length             Attributes
FLASH            0x00016000         0x0002a000         xr
RAM              0x20002000         0x00002000         xrw
*default*        0x00000000         0xffffffff

Linker script and memory map

LOAD /home/josepintor/Documentos/gcc-arm-none-eabi-4_9-2015q3/bin/../lib/gcc/arm-none-eabi/4.9.3/armv6-m/crti.o
LOAD /home/josepintor/Documentos/gcc-arm-none-eabi-4_9-2015q3/bin/../lib/gcc/arm-none-eabi/4.9.3/armv6-m/crtbegin.o
LOAD /home/josepintor/Documentos/gcc-arm-none-eabi-4_9-2015q3/bin/../lib/gcc/arm-none-eabi/4.9.3/../../../../arm-none-eabi/lib/armv6-m/crt0.o
LOAD _build/init.o
LOAD _build/utils.o
LOAD _build/nosso.o
LOAD _build/ble_ambient.o
LOAD _build/main.o
LOAD _build/sd_card.o
LOAD _build/SparkFunTSL2561.o
LOAD _build/SparkFunMS1.o
LOAD _build/temp.o
LOAD _build/lum.o
LOAD _build/sd2app.o
LOAD _build/pr.o
LOAD _build/hum.o
LOAD _build/humsolo.o
LOAD _build/battery.o
LOAD _build/max1161x.o
LOAD _build/mpu9x50.o
LOAD _build/max17048.o
LOAD _build/pca9538.o
LOAD _build/fhp_gpio.o
LOAD _build/nrf_pwm.o
LOAD _build/bme280.o
LOAD _build/SEGGER_RTT.o
LOAD _build/ff.o
LOAD _build/diskio.o
LOAD _build/spi_fhp_master.o
LOAD _build/twi_hw_master.o
LOAD _build/ble_dis.o
LOAD _build/ble_srv_common.o
LOAD _build/softdevice_handler.o
LOAD _build/ble_advdata.o
LOAD _build/ble_conn_params.o
LOAD _build/app_timer.o
LOAD _build/pstorage.o
LOAD _build/device_manager_peripheral.o
LOAD _build/app_gpiote.o
LOAD _build/nrf_delay.o
LOAD _build/app_scheduler.o
LOAD _build/system_nrf51.o
LOAD _build/gcc_startup_nrf51.o
LOAD /home/josepintor/Documentos/gcc-arm-none-eabi-4_9-2015q3/bin/../lib/gcc/arm-none-eabi/4.9.3/../../../../arm-none-eabi/lib/armv6-m/libm.a
START GROUP
LOAD /home/josepintor/Documentos/gcc-arm-none-eabi-4_9-2015q3/bin/../lib/gcc/arm-none-eabi/4.9.3/armv6-m/libgcc.a
LOAD /home/josepintor/Documentos/gcc-arm-none-eabi-4_9-2015q3/bin/../lib/gcc/arm-none-eabi/4.9.3/../../../../arm-none-eabi/lib/armv6-m/libc_nano.a
END GROUP
START GROUP
LOAD /home/josepintor/Documentos/gcc-arm-none-eabi-4_9-2015q3/bin/../lib/gcc/arm-none-eabi/4.9.3/armv6-m/libgcc.a
LOAD /home/josepintor/Documentos/gcc-arm-none-eabi-4_9-2015q3/bin/../lib/gcc/arm-none-eabi/4.9.3/../../../../arm-none-eabi/lib/armv6-m/libc_nano.a
END GROUP
LOAD /home/josepintor/Documentos/gcc-arm-none-eabi-4_9-2015q3/bin/../lib/gcc/arm-none-eabi/4.9.3/armv6-m/crtend.o
LOAD /home/josepintor/Documentos/gcc-arm-none-eabi-4_9-2015q3/bin/../lib/gcc/arm-none-eabi/4.9.3/armv6-m/crtn.o
START GROUP
LOAD /home/josepintor/Documentos/gcc-arm-none-eabi-4_9-2015q3/bin/../lib/gcc/arm-none-eabi/4.9.3/armv6-m/libgcc.a
LOAD /home/josepintor/Documentos/gcc-arm-none-eabi-4_9-2015q3/bin/../lib/gcc/arm-none-eabi/4.9.3/../../../../arm-none-eabi/lib/armv6-m/libc.a
LOAD /home/josepintor/Documentos/gcc-arm-none-eabi-4_9-2015q3/bin/../lib/gcc/arm-none-eabi/4.9.3/../../../../arm-none-eabi/lib/armv6-m/libnosys.a
END GROUP

.text           0x00016000     0x9e27
 *(.Vectors)
 .Vectors       0x00016000       0xc0 _build/gcc_startup_nrf51.o
                0x00016000                __Vectors
 *(.text*)
 .text          0x000160c0       0x78 /home/josepintor/Documentos/gcc-arm-none-eabi-4_9-2015q3/bin/../lib/gcc/arm-none-eabi/4.9.3/../../../../arm-none-eabi/lib/armv6-m/crt0.o
                0x000160c0                _mainCRTStartup
                0x000160c0                _start
 .text.sd_ble_gap_tx_power_set
                0x00016138        0x4 _build/init.o
 .text.sd_ble_gap_appearance_set
                0x0001613c        0x4 _build/init.o
 .text.sd_ble_gap_ppcp_set
                0x00016140        0x4 _build/init.o
 .text.sd_ble_gap_device_name_set
                0x00016144        0x4 _build/init.o
 .text.sd_ble_enable
                0x00016148        0x4 _build/init.o
 .text.sd_ble_opt_set
                0x0001614c        0x4 _build/init.o
 .text.gpio_init
                0x00016150       0x60 _build/init.o
                0x00016150                gpio_init
 .text.leds_init
                0x000161b0       0x28 _build/init.o
                0x000161b0                leds_init
 .text.timers_init
                0x000161d8       0xa0 _build/init.o
                0x000161d8                timers_init
 .text.gpiote_init
                0x00016278       0x78 _build/init.o
                0x00016278                gpiote_init
 .text.ble_stack_init
                0x000162f0       0x98 _build/init.o
                0x000162f0                ble_stack_init
 .text.scheduler_init
                0x00016388       0x24 _build/init.o
                0x00016388                scheduler_init
 .text.device_manager_init
                0x000163ac       0x80 _build/init.o
                0x000163ac                device_manager_init
 .text.gap_params_init
                0x0001642c       0x5c _build/init.o
                0x0001642c                gap_params_init
 .text.services_init
                0x00016488       0x8c _build/init.o
                0x00016488                services_init
 .text.advertising_init
                0x00016514       0x4c _build/init.o
                0x00016514                advertising_init
 .text.conn_params_init
                0x00016560       0x54 _build/init.o
                0x00016560                conn_params_init
 .text.drivers_init
                0x000165b4       0x9c _build/init.o
                0x000165b4                drivers_init
 .text.sensors_init
                0x00016650       0xcc _build/init.o
                0x00016650                sensors_init
 .text.watchdog_init
                0x0001671c       0x54 _build/init.o
                0x0001671c                watchdog_init
 .text.application_work_start
                0x00016770       0x68 _build/init.o
                0x00016770                application_work_start
 .text.application_work_stop
                0x000167d8       0x3c _build/init.o
                0x000167d8                application_work_stop
 .text.msec_to_ticks
                0x00016814        0x4 _build/utils.o
                0x00016814                msec_to_ticks
 .text.check_ble_service_err_code
                0x00016818       0x48 _build/utils.o
                0x00016818                check_ble_service_err_code
 .text.log_to_sd
                0x00016860       0x58 _build/utils.o
                0x00016860                log_to_sd
 .text.log2sd   0x000168b8       0x74 _build/utils.o
                0x000168b8                log2sd
 .text.getTimeStamp
                0x0001692c        0xc _build/nosso.o
                0x0001692c                getTimeStamp
 .text.increTimeStamp
                0x00016938       0x10 _build/nosso.o
                0x00016938                increTimeStamp
 .text.sd_ble_gatts_service_add
                0x00016948        0x4 _build/ble_ambient.o
 .text.sd_ble_gatts_characteristic_add
                0x0001694c        0x4 _build/ble_ambient.o
 .text.sd_ble_gatts_value_set
                0x00016950        0x4 _build/ble_ambient.o
 .text.sd_ble_gatts_hvx
                0x00016954        0x4 _build/ble_ambient.o
 .text.sd_ble_uuid_vs_add
                0x00016958        0x4 _build/ble_ambient.o
 .text.ble_ambient_init
                0x0001695c      0x36c _build/ble_ambient.o
                0x0001695c                ble_ambient_init
 .text.ble_ambient_sensor_update
                0x00016cc8       0x94 _build/ble_ambient.o
                0x00016cc8                ble_ambient_sensor_update
 .text.lerCartao2
                0x00016d5c      0x1a4 _build/ble_ambient.o
                0x00016d5c                lerCartao2
 .text.ble_ambient_config_update
                0x00016f00       0x74 _build/ble_ambient.o
                0x00016f00                ble_ambient_config_update
 .text.ble_ambient_on_ble_evt
                0x00016f74       0xd6 _build/ble_ambient.o
                0x00016f74                ble_ambient_on_ble_evt
 .text.sd_ble_gap_adv_start
                0x0001704a        0x4 _build/main.o
 .text.sd_app_evt_wait
                0x0001704e        0x4 _build/main.o
 *fill*         0x00017052        0x2 
 .text.setup    0x00017054      0x174 _build/main.o
 .text.app_error_handler
                0x000171c8       0x9c _build/main.o
                0x000171c8                app_error_handler
 .text.HardFault_Handler
                0x00017264       0x3c _build/main.o
                0x00017264                HardFault_Handler
 .text.assert_nrf_callback
                0x000172a0       0x4c _build/main.o
                0x000172a0                assert_nrf_callback
 .text.conn_params_error_handler
                0x000172ec       0x10 _build/main.o
                0x000172ec                conn_params_error_handler
 .text.on_conn_params_evt
                0x000172fc       0x24 _build/main.o
                0x000172fc                on_conn_params_evt
 .text.advertising_start
                0x00017320       0x54 _build/main.o
                0x00017320                advertising_start
 .text.on_ble_evt
                0x00017374       0xe8 _build/main.o
 .text.device_manager_evt_handler
                0x0001745c       0x18 _build/main.o
                0x0001745c                device_manager_evt_handler
 .text.ble_evt_dispatch
                0x00017474       0x24 _build/main.o
                0x00017474                ble_evt_dispatch
 .text.sys_evt_dispatch
                0x00017498        0x8 _build/main.o
                0x00017498                sys_evt_dispatch
 .text.ble_amb_evt
                0x000174a0       0xe4 _build/main.o
                0x000174a0                ble_amb_evt
 .text.base_timer_handler
                0x00017584       0x44 _build/main.o
                0x00017584                base_timer_handler
 .text.watchdog_timer_handler
                0x000175c8       0x14 _build/main.o
                0x000175c8                watchdog_timer_handler
 .text.rtc_timer_handler
                0x000175dc        0x8 _build/main.o
                0x000175dc                rtc_timer_handler
 .text.startup.main
                0x000175e4       0x48 _build/main.o
                0x000175e4                main
 .text.nrf_delay_us.constprop.0
                0x0001762c       0x26 _build/sd_card.o
 *fill*         0x00017652        0x2 
 .text.spi_init
                0x00017654       0x2c _build/sd_card.o
                0x00017654                spi_init
 .text.send_mmc
                0x00017680       0x28 _build/sd_card.o
                0x00017680                send_mmc
 .text.receive_mmc
                0x000176a8       0x38 _build/sd_card.o
                0x000176a8                receive_mmc
 .text.wait_ready
                0x000176e0       0x2c _build/sd_card.o
                0x000176e0                wait_ready
 .text.deselect
                0x0001770c       0x1c _build/sd_card.o
                0x0001770c                deselect
 .text.select   0x00017728       0x30 _build/sd_card.o
                0x00017728                select
 .text.receive_datablock
                0x00017758       0x48 _build/sd_card.o
                0x00017758                receive_datablock
 .text.send_datablock
                0x000177a0       0x4c _build/sd_card.o
                0x000177a0                send_datablock
 .text.send_cmd
                0x000177ec       0x94 _build/sd_card.o
                0x000177ec                send_cmd
 .text.temp_init
                0x00017880       0x34 _build/temp.o
                0x00017880                temp_init
 .text.temp_configs_update
                0x000178b4       0x94 _build/temp.o
                0x000178b4                temp_configs_update
 .text.temp_values_handler
                0x00017948       0x7c _build/temp.o
                0x00017948                temp_values_handler
 .text.temp_timer_handler
                0x000179c4       0x84 _build/temp.o
                0x000179c4                temp_timer_handler
 .text.temp_reset_configs
                0x00017a48       0x70 _build/temp.o
                0x00017a48                temp_reset_configs
 .text.sd_init  0x00017ab8       0x30 _build/sd2app.o
                0x00017ab8                sd_init
 .text.pr_init  0x00017ae8       0x34 _build/pr.o
                0x00017ae8                pr_init
 .text.pr_configs_update
                0x00017b1c       0x9c _build/pr.o
                0x00017b1c                pr_configs_update
 .text.pr_values_handler
                0x00017bb8       0x7c _build/pr.o
                0x00017bb8                pr_values_handler
 .text.pr_timer_handler
                0x00017c34       0x84 _build/pr.o
                0x00017c34                pr_timer_handler
 .text.pr_reset_configs
                0x00017cb8       0x70 _build/pr.o
                0x00017cb8                pr_reset_configs
 .text.hum_init
                0x00017d28       0x34 _build/hum.o
                0x00017d28                hum_init
 .text.hum_configs_update
                0x00017d5c       0x94 _build/hum.o
                0x00017d5c                hum_configs_update
 .text.hum_values_handler
                0x00017df0       0x7c _build/hum.o
                0x00017df0                hum_values_handler
 .text.hum_timer_handler
                0x00017e6c       0x84 _build/hum.o
                0x00017e6c                hum_timer_handler
 .text.hum_reset_configs
                0x00017ef0       0x70 _build/hum.o
                0x00017ef0                hum_reset_configs
 .text.induction_charging.part.0
                0x00017f60       0x3c _build/battery.o
 .text.wired_charging.part.1
                0x00017f9c       0x3c _build/battery.o
 .text.battery_init
                0x00017fd8       0x18 _build/battery.o
                0x00017fd8                battery_init
 .text.induction_charging
                0x00017ff0       0x38 _build/battery.o
                0x00017ff0                induction_charging
 .text.wired_charging
                0x00018028       0x38 _build/battery.o
                0x00018028                wired_charging
 .text.battery_charge_handler
                0x00018060       0x68 _build/battery.o
                0x00018060                battery_charge_handler
 .text.gauge_timer_handler
                0x000180c8       0x9c _build/battery.o
                0x000180c8                gauge_timer_handler
 .text.enable_high_voltage
                0x00018164       0x20 _build/battery.o
                0x00018164                enable_high_voltage
 .text.max1161x_write_data
                0x00018184       0x28 _build/max1161x.o
                0x00018184                max1161x_write_data
 .text.max1161x_init
                0x000181ac       0x28 _build/max1161x.o
                0x000181ac                max1161x_init
 .text.read_mult
                0x000181d4       0x74 _build/mpu9x50.o
                0x000181d4                read_mult
 .text.read     0x00018248        0xa _build/mpu9x50.o
                0x00018248                read
 .text.get16    0x00018252       0x1e _build/mpu9x50.o
                0x00018252                get16
 .text.write_mult
                0x00018270       0x54 _build/mpu9x50.o
                0x00018270                write_mult
 .text.write    0x000182c4       0x12 _build/mpu9x50.o
                0x000182c4                write
 .text.writeBits
                0x000182d6       0x44 _build/mpu9x50.o
                0x000182d6                writeBits
 .text.mpu9x50_setI2cSlaveAddress.part.2
                0x0001831a       0x16 _build/mpu9x50.o
 .text.mpu9x50_setI2cSlaveTransactionLength.part.5
                0x00018330       0x14 _build/mpu9x50.o
 .text.writeBit
                0x00018344        0xc _build/mpu9x50.o
                0x00018344                writeBit
 .text.set16    0x00018350       0x14 _build/mpu9x50.o
                0x00018350                set16
 .text.mpu9x50_reset
                0x00018364        0xe _build/mpu9x50.o
                0x00018364                mpu9x50_reset
 .text.mpu9x50_disableTemperatureSensor
                0x00018372        0xe _build/mpu9x50.o
                0x00018372                mpu9x50_disableTemperatureSensor
 .text.mpu9x50_clockSelect
                0x00018380       0x10 _build/mpu9x50.o
                0x00018380                mpu9x50_clockSelect
 .text.mpu9x50_setStandbyAccX
                0x00018390        0xe _build/mpu9x50.o
                0x00018390                mpu9x50_setStandbyAccX
 .text.mpu9x50_setStandbyAccY
                0x0001839e        0xe _build/mpu9x50.o
                0x0001839e                mpu9x50_setStandbyAccY
 .text.mpu9x50_setStandbyAccZ
                0x000183ac        0xe _build/mpu9x50.o
                0x000183ac                mpu9x50_setStandbyAccZ
 .text.mpu9x50_setStandbyGyroX
                0x000183ba        0xe _build/mpu9x50.o
                0x000183ba                mpu9x50_setStandbyGyroX
 .text.mpu9x50_setStandbyGyroY
                0x000183c8        0xe _build/mpu9x50.o
                0x000183c8                mpu9x50_setStandbyGyroY
 .text.mpu9x50_setStandbyGyroZ
                0x000183d6        0xe _build/mpu9x50.o
                0x000183d6                mpu9x50_setStandbyGyroZ
 .text.mpu9x50_setSampleRateDivider
                0x000183e4        0xc _build/mpu9x50.o
                0x000183e4                mpu9x50_setSampleRateDivider
 .text.mpu9x50_setGyroscopeDigitalLowPassFilter
                0x000183f0       0x10 _build/mpu9x50.o
                0x000183f0                mpu9x50_setGyroscopeDigitalLowPassFilter
 .text.mpu9x50_setAccelerometerDigitalLowPassFilter
                0x00018400       0x10 _build/mpu9x50.o
                0x00018400                mpu9x50_setAccelerometerDigitalLowPassFilter
 .text.mpu9x50_setGyroFullScaleRange
                0x00018410       0x10 _build/mpu9x50.o
                0x00018410                mpu9x50_setGyroFullScaleRange
 .text.mpu9x50_setAccelFullScaleRange
                0x00018420       0x10 _build/mpu9x50.o
                0x00018420                mpu9x50_setAccelFullScaleRange
 .text.mpu9x50_setXGyroOffset
                0x00018430        0xc _build/mpu9x50.o
                0x00018430                mpu9x50_setXGyroOffset
 .text.mpu9x50_setYGyroOffset
                0x0001843c        0xc _build/mpu9x50.o
                0x0001843c                mpu9x50_setYGyroOffset
 .text.mpu9x50_setZGyroOffset
                0x00018448        0xc _build/mpu9x50.o
                0x00018448                mpu9x50_setZGyroOffset
 .text.mpu9x50_setGyroOffsets
                0x00018454       0x28 _build/mpu9x50.o
                0x00018454                mpu9x50_setGyroOffsets
 .text.mpu9x50_setXAccelOffset
                0x0001847c       0x2c _build/mpu9x50.o
                0x0001847c                mpu9x50_setXAccelOffset
 .text.mpu9x50_setYAccelOffset
                0x000184a8       0x2c _build/mpu9x50.o
                0x000184a8                mpu9x50_setYAccelOffset
 .text.mpu9x50_setZAccelOffset
                0x000184d4       0x2c _build/mpu9x50.o
                0x000184d4                mpu9x50_setZAccelOffset
 .text.mpu9x50_setAccOffsets
                0x00018500       0x28 _build/mpu9x50.o
                0x00018500                mpu9x50_setAccOffsets
 .text.mpu9x50_setGyroFifo
                0x00018528       0x24 _build/mpu9x50.o
                0x00018528                mpu9x50_setGyroFifo
 .text.mpu9x50_setAccelFifo
                0x0001854c        0xe _build/mpu9x50.o
                0x0001854c                mpu9x50_setAccelFifo
 .text.mpu9x50_setI2cSlaveDelay
                0x0001855a       0x14 _build/mpu9x50.o
                0x0001855a                mpu9x50_setI2cSlaveDelay
 .text.mpu9x50_setI2cMasterDelay
                0x0001856e       0x10 _build/mpu9x50.o
                0x0001856e                mpu9x50_setI2cMasterDelay
 *fill*         0x0001857e        0x2 
 .text.mpu9x50_initMagnetometer
                0x00018580       0x78 _build/mpu9x50.o
                0x00018580                mpu9x50_initMagnetometer
 .text.mpu9x50_setInterruptDataReadyEnable
                0x000185f8        0xe _build/mpu9x50.o
                0x000185f8                mpu9x50_setInterruptDataReadyEnable
 .text.mpu9x50_setEnableFifo
                0x00018606        0xe _build/mpu9x50.o
                0x00018606                mpu9x50_setEnableFifo
 .text.mpu9x50_setFifoReset
                0x00018614        0xe _build/mpu9x50.o
                0x00018614                mpu9x50_setFifoReset
 *fill*         0x00018622        0x2 
 .text.mpu9x50_fifoCtrl
                0x00018624       0x2c _build/mpu9x50.o
                0x00018624                mpu9x50_fifoCtrl
 .text.mpu9x50_enableAccelerometer
                0x00018650       0x58 _build/mpu9x50.o
                0x00018650                mpu9x50_enableAccelerometer
 .text.mpu9x50_init
                0x000186a8       0x9c _build/mpu9x50.o
                0x000186a8                mpu9x50_init
 .text.check_init
                0x00018744       0x28 _build/mpu9x50.o
 .text.mpu9x50_enableGyroscope
                0x0001876c       0x58 _build/mpu9x50.o
                0x0001876c                mpu9x50_enableGyroscope
 .text.max17048_write_data
                0x000187c4       0x4c _build/max17048.o
                0x000187c4                max17048_write_data
 .text.max17048_read_data
                0x00018810       0x6c _build/max17048.o
                0x00018810                max17048_read_data
 .text.max17048_clear_alert
                0x0001887c       0x44 _build/max17048.o
                0x0001887c                max17048_clear_alert
 .text.max17048_init
                0x000188c0       0x98 _build/max17048.o
                0x000188c0                max17048_init
 .text.max17048_read_soc
                0x00018958       0x18 _build/max17048.o
                0x00018958                max17048_read_soc
 .text.max17048_get_alert
                0x00018970       0x58 _build/max17048.o
                0x00018970                max17048_get_alert
 .text.nrf_delay_us.constprop.1
                0x000189c8       0x26 _build/pca9538.o
 *fill*         0x000189ee        0x2 
 .text.pca9538_write
                0x000189f0       0x30 _build/pca9538.o
                0x000189f0                pca9538_write
 .text.pca9538_init
                0x00018a20       0x4c _build/pca9538.o
                0x00018a20                pca9538_init
 .text.timer_handler
                0x00018a6c       0x88 _build/fhp_gpio.o
 .text.clear_pwm_pin
                0x00018af4       0x9c _build/fhp_gpio.o
 .text.fhp_gpio_config
                0x00018b90      0x128 _build/fhp_gpio.o
 .text.fhp_gpio_init
                0x00018cb8       0x34 _build/fhp_gpio.o
                0x00018cb8                fhp_gpio_init
 .text.fhp_gpio_set
                0x00018cec       0x2c _build/fhp_gpio.o
                0x00018cec                fhp_gpio_set
 .text.fhp_gpio_clear
                0x00018d18       0x30 _build/fhp_gpio.o
                0x00018d18                fhp_gpio_clear
 .text.fhp_gpio_blink
                0x00018d48       0x38 _build/fhp_gpio.o
                0x00018d48                fhp_gpio_blink
 .text.fhp_gpio_fade
                0x00018d80       0x3c _build/fhp_gpio.o
                0x00018d80                fhp_gpio_fade
 .text.sd_ppi_channel_enable_set
                0x00018dbc        0x4 _build/nrf_pwm.o
 .text.sd_ppi_channel_assign
                0x00018dc0        0x4 _build/nrf_pwm.o
 .text.sd_radio_session_open
                0x00018dc4        0x4 _build/nrf_pwm.o
 .text.sd_radio_request
                0x00018dc8        0x4 _build/nrf_pwm.o
 .text.safe_margins_present
                0x00018dcc       0x3c _build/nrf_pwm.o
 .text.ppi_enable_channel
                0x00018e08       0x18 _build/nrf_pwm.o
 .text.nrf_gpiote_task_config.constprop.2
                0x00018e20       0x44 _build/nrf_pwm.o
 .text.nrf_pwm_init
                0x00018e64      0x208 _build/nrf_pwm.o
                0x00018e64                nrf_pwm_init
 .text.nrf_pwm_set_value
                0x0001906c       0x38 _build/nrf_pwm.o
                0x0001906c                nrf_pwm_set_value
 .text.nrf_pwm_set_enabled
                0x000190a4       0x78 _build/nrf_pwm.o
                0x000190a4                nrf_pwm_set_enabled
 .text.TIMER2_IRQHandler
                0x0001911c      0x21c _build/nrf_pwm.o
                0x0001911c                TIMER2_IRQHandler
 .text.nrf_radio_signal_callback
                0x00019338       0x20 _build/nrf_pwm.o
                0x00019338                nrf_radio_signal_callback
 .text.BME280_I2C_bus_write
                0x00019358       0x7a _build/bme280.o
                0x00019358                BME280_I2C_bus_write
 .text.BME280_delay_msek
                0x000193d2        0x8 _build/bme280.o
                0x000193d2                BME280_delay_msek
 .text.BME280_I2C_bus_read
                0x000193da       0x54 _build/bme280.o
                0x000193da                BME280_I2C_bus_read
 *fill*         0x0001942e        0x2 
 .text.bme280_read_uncomp_temperature
                0x00019430       0x44 _build/bme280.o
                0x00019430                bme280_read_uncomp_temperature
 .text.bme280_compensate_temperature_int32
                0x00019474       0x3c _build/bme280.o
                0x00019474                bme280_compensate_temperature_int32
 .text.bme280_read_uncomp_pressure
                0x000194b0       0x44 _build/bme280.o
                0x000194b0                bme280_read_uncomp_pressure
 .text.bme280_compensate_pressure_int32
                0x000194f4       0xb0 _build/bme280.o
                0x000194f4                bme280_compensate_pressure_int32
 .text.bme280_read_uncomp_humidity
                0x000195a4       0x3c _build/bme280.o
                0x000195a4                bme280_read_uncomp_humidity
 .text.bme280_compensate_humidity_int32
                0x000195e0       0x80 _build/bme280.o
                0x000195e0                bme280_compensate_humidity_int32
 .text.bme280_get_calib_param
                0x00019660      0x114 _build/bme280.o
                0x00019660                bme280_get_calib_param
 .text.bme280_init
                0x00019774       0x38 _build/bme280.o
                0x00019774                bme280_init
 .text.bme280_get_power_mode
                0x000197ac       0x38 _build/bme280.o
                0x000197ac                bme280_get_power_mode
 .text.bme280_set_soft_rst
                0x000197e4       0x2c _build/bme280.o
                0x000197e4                bme280_set_soft_rst
 .text.bme280_write_register
                0x00019810       0x28 _build/bme280.o
                0x00019810                bme280_write_register
 .text.bme280_read_register
                0x00019838       0x28 _build/bme280.o
                0x00019838                bme280_read_register
 .text.bme280_set_oversamp_temperature
                0x00019860       0xe4 _build/bme280.o
                0x00019860                bme280_set_oversamp_temperature
 .text.bme280_set_oversamp_pressure
                0x00019944       0xe8 _build/bme280.o
                0x00019944                bme280_set_oversamp_pressure
 .text.bme280_set_oversamp_humidity
                0x00019a2c      0x118 _build/bme280.o
                0x00019a2c                bme280_set_oversamp_humidity
 .text.bme280_set_power_mode
                0x00019b44       0xdc _build/bme280.o
                0x00019b44                bme280_set_power_mode
 .text.bme280_set_filter
                0x00019c20       0xf0 _build/bme280.o
                0x00019c20                bme280_set_filter
 .text.bme280_init_nrf51
                0x00019d10       0x74 _build/bme280.o
                0x00019d10                bme280_init_nrf51
 .text.bme280_read_temperature
                0x00019d84       0x38 _build/bme280.o
                0x00019d84                bme280_read_temperature
 .text.bme280_read_pressure
                0x00019dbc       0x38 _build/bme280.o
                0x00019dbc                bme280_read_pressure
 .text.bme280_read_humidity
                0x00019df4       0x38 _build/bme280.o
                0x00019df4                bme280_read_humidity
 .text.SEGGER_RTT_Write
                0x00019e2c       0xcc _build/SEGGER_RTT.o
                0x00019e2c                SEGGER_RTT_Write
 .text.SEGGER_RTT_WriteString
                0x00019ef8       0x1a _build/SEGGER_RTT.o
                0x00019ef8                SEGGER_RTT_WriteString
 .text.mem_cpy  0x00019f12       0x12 _build/ff.o
 .text.mem_set  0x00019f24        0xe _build/ff.o
 .text.get_ldnumber
                0x00019f32       0x30 _build/ff.o
 .text.validate
                0x00019f62       0x2e _build/ff.o
 .text.ld_clust.isra.0
                0x00019f90       0x1c _build/ff.o
 .text.sync_window.part.2
                0x00019fac       0x4a _build/ff.o
 .text.sync_window
                0x00019ff6       0x14 _build/ff.o
 *fill*         0x0001a00a        0x2 
 .text.sync_fs  0x0001a00c       0xe4 _build/ff.o
 .text.move_window
                0x0001a0f0       0x34 _build/ff.o
 .text.check_fs
                0x0001a124       0xa4 _build/ff.o
 .text.find_volume
                0x0001a1c8      0x388 _build/ff.o
 .text.clust2sect
                0x0001a550       0x18 _build/ff.o
                0x0001a550                clust2sect
 .text.get_fat  0x0001a568       0xd8 _build/ff.o
                0x0001a568                get_fat
 .text.dir_sdi  0x0001a640       0x86 _build/ff.o
 .text.put_fat  0x0001a6c6      0x10c _build/ff.o
                0x0001a6c6                put_fat
 *fill*         0x0001a7d2        0x2 
 .text.create_chain
                0x0001a7d4       0xb0 _build/ff.o
 .text.dir_next
                0x0001a884       0xe8 _build/ff.o
 .text.follow_path
                0x0001a96c      0x1e0 _build/ff.o
 .text.dir_register
                0x0001ab4c       0x62 _build/ff.o
 .text.remove_chain
                0x0001abae       0x5a _build/ff.o
 .text.f_mount  0x0001ac08       0x50 _build/ff.o
                0x0001ac08                f_mount
 .text.f_open   0x0001ac58      0x12e _build/ff.o
                0x0001ac58                f_open
 .text.f_read   0x0001ad86      0x136 _build/ff.o
                0x0001ad86                f_read
 .text.f_write  0x0001aebc      0x182 _build/ff.o
                0x0001aebc                f_write
 .text.f_sync   0x0001b03e       0x70 _build/ff.o
                0x0001b03e                f_sync
 .text.f_close  0x0001b0ae       0x1a _build/ff.o
                0x0001b0ae                f_close
 .text.f_lseek  0x0001b0c8      0x100 _build/ff.o
                0x0001b0c8                f_lseek
 .text.nrf_delay_us.constprop.0
                0x0001b1c8       0x28 _build/diskio.o
 .text.disk_status
                0x0001b1f0       0x14 _build/diskio.o
                0x0001b1f0                disk_status
 .text.disk_initialize
                0x0001b204       0xfc _build/diskio.o
                0x0001b204                disk_initialize
 .text.disk_read
                0x0001b300       0x74 _build/diskio.o
                0x0001b300                disk_read
 .text.disk_write
                0x0001b374       0x98 _build/diskio.o
                0x0001b374                disk_write
 .text.disk_ioctl
                0x0001b40c       0xc0 _build/diskio.o
                0x0001b40c                disk_ioctl
 .text.spi_master_init
                0x0001b4cc       0xb8 _build/spi_fhp_master.o
                0x0001b4cc                spi_master_init
 .text.spi_master_tx_rx
                0x0001b584       0x88 _build/spi_fhp_master.o
                0x0001b584                spi_master_tx_rx
 .text.nrf_delay_us
                0x0001b60c       0x2e _build/twi_hw_master.o
 *fill*         0x0001b63a        0x2 
 .text.twi_master_clear_bus
                0x0001b63c       0xb8 _build/twi_hw_master.o
 .text.twi_master_init
                0x0001b6f4       0x74 _build/twi_hw_master.o
                0x0001b6f4                twi_master_init
 .text.twi_master_transfer
                0x0001b768      0x180 _build/twi_hw_master.o
                0x0001b768                twi_master_transfer
 .text.sd_ble_gatts_service_add
                0x0001b8e8        0x4 _build/ble_dis.o
 .text.sd_ble_gatts_characteristic_add
                0x0001b8ec        0x4 _build/ble_dis.o
 .text.char_add
                0x0001b8f0       0x88 _build/ble_dis.o
 .text.ble_dis_init
                0x0001b978      0x19c _build/ble_dis.o
                0x0001b978                ble_dis_init
 .text.ble_srv_ascii_to_utf8
                0x0001bb14       0x12 _build/ble_srv_common.o
                0x0001bb14                ble_srv_ascii_to_utf8
 .text.sd_nvic_EnableIRQ
                0x0001bb26        0x4 _build/softdevice_handler.o
 .text.sd_evt_get
                0x0001bb2a        0x4 _build/softdevice_handler.o
 .text.sd_softdevice_enable
                0x0001bb2e        0x4 _build/softdevice_handler.o
 .text.sd_ble_evt_get
                0x0001bb32        0x4 _build/softdevice_handler.o
 .text.softdevice_assertion_handler
                0x0001bb36        0xc _build/softdevice_handler.o
                0x0001bb36                softdevice_assertion_handler
 *fill*         0x0001bb42        0x2 
 .text.intern_softdevice_events_execute
                0x0001bb44       0x98 _build/softdevice_handler.o
                0x0001bb44                intern_softdevice_events_execute
 .text.softdevice_handler_init
                0x0001bbdc       0x38 _build/softdevice_handler.o
                0x0001bbdc                softdevice_handler_init
 .text.softdevice_ble_evt_handler_set
                0x0001bc14       0x14 _build/softdevice_handler.o
                0x0001bc14                softdevice_ble_evt_handler_set
 .text.softdevice_sys_evt_handler_set
                0x0001bc28       0x14 _build/softdevice_handler.o
                0x0001bc28                softdevice_sys_evt_handler_set
 .text.SWI2_IRQHandler
                0x0001bc3c       0x2c _build/softdevice_handler.o
                0x0001bc3c                SWI2_IRQHandler
 .text.sd_ble_gap_adv_data_set
                0x0001bc68        0x4 _build/ble_advdata.o
 .text.sd_ble_gap_appearance_get
                0x0001bc6c        0x4 _build/ble_advdata.o
 .text.sd_ble_gap_device_name_get
                0x0001bc70        0x4 _build/ble_advdata.o
 .text.sd_ble_uuid_encode
                0x0001bc74        0x4 _build/ble_advdata.o
 .text.uuid_list_sized_encode
                0x0001bc78       0xaa _build/ble_advdata.o
 .text.uuid_list_encode
                0x0001bd22       0x26 _build/ble_advdata.o
 .text.adv_data_encode
                0x0001bd48      0x2fc _build/ble_advdata.o
 .text.ble_advdata_set
                0x0001c044       0x70 _build/ble_advdata.o
                0x0001c044                ble_advdata_set
 .text.sd_ble_gap_conn_param_update
                0x0001c0b4        0x4 _build/ble_conn_params.o
 .text.sd_ble_gap_disconnect
                0x0001c0b8        0x4 _build/ble_conn_params.o
 .text.sd_ble_gap_ppcp_set
                0x0001c0bc        0x4 _build/ble_conn_params.o
 .text.sd_ble_gap_ppcp_get
                0x0001c0c0        0x4 _build/ble_conn_params.o
 .text.update_timeout_handler
                0x0001c0c4       0x64 _build/ble_conn_params.o
 .text.conn_params_negotiation
                0x0001c128       0x64 _build/ble_conn_params.o
 .text.ble_conn_params_init
                0x0001c18c       0x60 _build/ble_conn_params.o
                0x0001c18c                ble_conn_params_init
 .text.ble_conn_params_on_ble_evt
                0x0001c1ec       0x8c _build/ble_conn_params.o
                0x0001c1ec                ble_conn_params_on_ble_evt
 .text.user_op_alloc
                0x0001c278       0x2a _build/app_timer.o
 *fill*         0x0001c2a2        0x2 
 .text.user_id_get
                0x0001c2a4       0x64 _build/app_timer.o
 .text.nrf_delay_us.constprop.5
                0x0001c308       0x26 _build/app_timer.o
 *fill*         0x0001c32e        0x2 
 .text.rtc1_stop
                0x0001c330       0x40 _build/app_timer.o
 .text.RTC1_IRQHandler
                0x0001c370       0xa0 _build/app_timer.o
                0x0001c370                RTC1_IRQHandler
 .text.SWI0_IRQHandler
                0x0001c410      0x37c _build/app_timer.o
                0x0001c410                SWI0_IRQHandler
 .text.app_timer_init
                0x0001c78c       0xc0 _build/app_timer.o
                0x0001c78c                app_timer_init
 .text.app_timer_create
                0x0001c84c       0x4c _build/app_timer.o
                0x0001c84c                app_timer_create
 .text.app_timer_start
                0x0001c898       0x90 _build/app_timer.o
                0x0001c898                app_timer_start
 .text.app_timer_stop
                0x0001c928       0x60 _build/app_timer.o
                0x0001c928                app_timer_stop
 .text.sd_flash_write
                0x0001c988        0x4 _build/pstorage.o
 .text.sd_flash_page_erase
                0x0001c98c        0x4 _build/pstorage.o
 .text.app_notify
                0x0001c990       0x30 _build/pstorage.o
 .text.swap_state_process
                0x0001c9c0      0x1bc _build/pstorage.o
 .text.cmd_process
                0x0001cb7c      0x118 _build/pstorage.o
 .text.unlikely.cmd_queue_enqueue
                0x0001cc94       0x54 _build/pstorage.o
 .text.cmd_queue_dequeue
                0x0001cce8       0x20 _build/pstorage.o
 .text.pstorage_sys_event_handler
                0x0001cd08       0xec _build/pstorage.o
                0x0001cd08                pstorage_sys_event_handler
 .text.pstorage_init
                0x0001cdf4       0xc4 _build/pstorage.o
                0x0001cdf4                pstorage_init
 .text.pstorage_register
                0x0001ceb8      0x11c _build/pstorage.o
                0x0001ceb8                pstorage_register
 .text.pstorage_block_identifier_get
                0x0001cfd4       0x5c _build/pstorage.o
                0x0001cfd4                pstorage_block_identifier_get
 .text.pstorage_store
                0x0001d030       0x88 _build/pstorage.o
                0x0001d030                pstorage_store
 .text.pstorage_update
                0x0001d0b8       0x88 _build/pstorage.o
                0x0001d0b8                pstorage_update
 .text.pstorage_load
                0x0001d140       0xac _build/pstorage.o
                0x0001d140                pstorage_load
 .text.pstorage_clear
                0x0001d1ec       0x6c _build/pstorage.o
                0x0001d1ec                pstorage_clear
 .text.sd_ble_gap_sec_params_reply
                0x0001d258        0x4 _build/device_manager_peripheral.o
 .text.sd_ble_gap_sec_info_reply
                0x0001d25c        0x4 _build/device_manager_peripheral.o
 .text.sd_ble_gatts_sys_attr_set
                0x0001d260        0x4 _build/device_manager_peripheral.o
 .text.sd_ble_gatts_sys_attr_get
                0x0001d264        0x4 _build/device_manager_peripheral.o
 .text.storage_operation_dummy_handler
                0x0001d268        0x4 _build/device_manager_peripheral.o
 .text.no_service_context_store
                0x0001d26c        0x4 _build/device_manager_peripheral.o
 .text.gattc_context_store
                0x0001d270        0x4 _build/device_manager_peripheral.o
 .text.no_service_context_load
                0x0001d274        0x4 _build/device_manager_peripheral.o
 .text.gattc_context_load
                0x0001d278        0x4 _build/device_manager_peripheral.o
 .text.no_service_context_apply
                0x0001d27c        0x4 _build/device_manager_peripheral.o
 .text.gatts_context_apply
                0x0001d280       0x4c _build/device_manager_peripheral.o
 .text.gattc_context_apply
                0x0001d2cc        0x4 _build/device_manager_peripheral.o
 .text.gattsc_context_apply
                0x0001d2d0        0x8 _build/device_manager_peripheral.o
 .text.gatts_context_store
                0x0001d2d8       0xac _build/device_manager_peripheral.o
 .text.gattsc_context_store
                0x0001d384        0x8 _build/device_manager_peripheral.o
 .text.device_context_store
                0x0001d38c       0xbc _build/device_manager_peripheral.o
 .text.gatts_context_load
                0x0001d448       0x30 _build/device_manager_peripheral.o
 .text.gattsc_context_load
                0x0001d478        0x8 _build/device_manager_peripheral.o
 .text.dm_pstorage_cb_handler
                0x0001d480      0x130 _build/device_manager_peripheral.o
 .text.peer_instance_init
                0x0001d5b0       0x4c _build/device_manager_peripheral.o
 .text.dm_init  0x0001d5fc       0xdc _build/device_manager_peripheral.o
                0x0001d5fc                dm_init
 .text.dm_register
                0x0001d6d8       0x58 _build/device_manager_peripheral.o
                0x0001d6d8                dm_register
 .text.bond_data_load
                0x0001d730       0x50 _build/device_manager_peripheral.o
                0x0001d730                bond_data_load
 .text.dm_ble_evt_handler
                0x0001d780      0x354 _build/device_manager_peripheral.o
                0x0001d780                dm_ble_evt_handler
 .text.pins_sense_disable
                0x0001dad4       0x40 _build/app_gpiote.o
 .text.sense_level_toggle.isra.0
                0x0001db14       0x4c _build/app_gpiote.o
 .text.GPIOTE_IRQHandler
                0x0001db60       0x98 _build/app_gpiote.o
                0x0001db60                GPIOTE_IRQHandler
 .text.app_gpiote_init
                0x0001dbf8       0x68 _build/app_gpiote.o
                0x0001dbf8                app_gpiote_init
 .text.app_gpiote_user_register
                0x0001dc60       0x48 _build/app_gpiote.o
                0x0001dc60                app_gpiote_user_register
 .text.app_gpiote_user_enable
                0x0001dca8       0x98 _build/app_gpiote.o
                0x0001dca8                app_gpiote_user_enable
 .text.nrf_delay_ms
                0x0001dd40       0x40 _build/nrf_delay.o
                0x0001dd40                nrf_delay_ms
 .text.sd_nvic_critical_region_enter
                0x0001dd80        0x4 _build/app_scheduler.o
 .text.sd_nvic_critical_region_exit
                0x0001dd84        0x4 _build/app_scheduler.o
 .text.app_sched_init
                0x0001dd88       0x2c _build/app_scheduler.o
                0x0001dd88                app_sched_init
 .text.app_sched_event_put
                0x0001ddb4      0x12c _build/app_scheduler.o
                0x0001ddb4                app_sched_event_put
 .text.app_sched_execute
                0x0001dee0       0x40 _build/app_scheduler.o
                0x0001dee0                app_sched_execute
 .text.SystemInit
                0x0001df20       0x8c _build/system_nrf51.o
                0x0001df20                SystemInit
 .text          0x0001dfac       0x54 _build/gcc_startup_nrf51.o
                0x0001dfac                Reset_Handler
                0x0001dff4                NMI_Handler
                0x0001dff8                SVC_Handler
                0x0001dffa                PendSV_Handler
                0x0001dffc                SysTick_Handler
                0x0001dffe                SPI0_TWI0_IRQHandler
                0x0001dffe                RTC0_IRQHandler
                0x0001dffe                POWER_CLOCK_IRQHandler
                0x0001dffe                RADIO_IRQHandler
                0x0001dffe                LPCOMP_IRQHandler
                0x0001dffe                SWI4_IRQHandler
                0x0001dffe                TEMP_IRQHandler
                0x0001dffe                QDEC_IRQHandler
                0x0001dffe                UART0_IRQHandler
                0x0001dffe                SWI5_IRQHandler
                0x0001dffe                TIMER0_IRQHandler
                0x0001dffe                TIMER1_IRQHandler
                0x0001dffe                ECB_IRQHandler
                0x0001dffe                Default_Handler
                0x0001dffe                ADC_IRQHandler
                0x0001dffe                SWI3_IRQHandler
                0x0001dffe                CCM_AAR_IRQHandler
                0x0001dffe                WDT_IRQHandler
                0x0001dffe                RNG_IRQHandler
                0x0001dffe                SPI1_TWI1_IRQHandler
                0x0001dffe                SWI1_IRQHandler
 .text          0x0001e000       0x14 /home/josepintor/Documentos/gcc-arm-none-eabi-4_9-2015q3/bin/../lib/gcc/arm-none-eabi/4.9.3/armv6-m/libgcc.a(_thumb1_case_uqi.o)
                0x0001e000                __gnu_thumb1_case_uqi
 .text          0x0001e014      0x120 /home/josepintor/Documentos/gcc-arm-none-eabi-4_9-2015q3/bin/../lib/gcc/arm-none-eabi/4.9.3/armv6-m/libgcc.a(_udivsi3.o)
                0x0001e014                __udivsi3
                0x0001e014                __aeabi_uidiv
                0x0001e120                __aeabi_uidivmod
 .text          0x0001e134      0x1e0 /home/josepintor/Documentos/gcc-arm-none-eabi-4_9-2015q3/bin/../lib/gcc/arm-none-eabi/4.9.3/armv6-m/libgcc.a(_divsi3.o)
                0x0001e134                __aeabi_idiv
                0x0001e134                __divsi3
                0x0001e300                __aeabi_idivmod
 .text          0x0001e314        0x4 /home/josepintor/Documentos/gcc-arm-none-eabi-4_9-2015q3/bin/../lib/gcc/arm-none-eabi/4.9.3/armv6-m/libgcc.a(_dvmd_tls.o)
                0x0001e314                __aeabi_ldiv0
                0x0001e314                __aeabi_idiv0
 .text          0x0001e318       0x40 /home/josepintor/Documentos/gcc-arm-none-eabi-4_9-2015q3/bin/../lib/gcc/arm-none-eabi/4.9.3/armv6-m/libgcc.a(_aeabi_uldivmod.o)
                0x0001e318                __aeabi_uldivmod
 .text          0x0001e358       0x6c /home/josepintor/Documentos/gcc-arm-none-eabi-4_9-2015q3/bin/../lib/gcc/arm-none-eabi/4.9.3/armv6-m/libgcc.a(bpabi.o)
                0x0001e358                __gnu_ldivmod_helper
                0x0001e390                __gnu_uldivmod_helper
 .text          0x0001e3c4       0x3c /home/josepintor/Documentos/gcc-arm-none-eabi-4_9-2015q3/bin/../lib/gcc/arm-none-eabi/4.9.3/armv6-m/libgcc.a(_clzsi2.o)
                0x0001e3c4                __clzsi2
 .text          0x0001e400       0x54 /home/josepintor/Documentos/gcc-arm-none-eabi-4_9-2015q3/bin/../lib/gcc/arm-none-eabi/4.9.3/armv6-m/libgcc.a(_muldi3.o)
                0x0001e400                __aeabi_lmul
                0x0001e400                __muldi3
 .text          0x0001e454      0x1f0 /home/josepintor/Documentos/gcc-arm-none-eabi-4_9-2015q3/bin/../lib/gcc/arm-none-eabi/4.9.3/armv6-m/libgcc.a(_divdi3.o)
                0x0001e454                __divdi3
 .text          0x0001e644      0x158 /home/josepintor/Documentos/gcc-arm-none-eabi-4_9-2015q3/bin/../lib/gcc/arm-none-eabi/4.9.3/armv6-m/libgcc.a(_udivdi3.o)
                0x0001e644                __udivdi3
 .text          0x0001e79c       0x18 /home/josepintor/Documentos/gcc-arm-none-eabi-4_9-2015q3/bin/../lib/gcc/arm-none-eabi/4.9.3/armv6-m/libgcc.a(_clzdi2.o)
                0x0001e79c                __clzdi2
 .text.exit     0x0001e7b4       0x2c /home/josepintor/Documentos/gcc-arm-none-eabi-4_9-2015q3/bin/../lib/gcc/arm-none-eabi/4.9.3/../../../../arm-none-eabi/lib/armv6-m/libc_nano.a(lib_a-exit.o)
                0x0001e7b4                exit
 .text.__libc_init_array
                0x0001e7e0       0x4c /home/josepintor/Documentos/gcc-arm-none-eabi-4_9-2015q3/bin/../lib/gcc/arm-none-eabi/4.9.3/../../../../arm-none-eabi/lib/armv6-m/libc_nano.a(lib_a-init.o)
                0x0001e7e0                __libc_init_array
 .text.memcmp   0x0001e82c       0x1e /home/josepintor/Documentos/gcc-arm-none-eabi-4_9-2015q3/bin/../lib/gcc/arm-none-eabi/4.9.3/../../../../arm-none-eabi/lib/armv6-m/libc_nano.a(lib_a-memcmp.o)
                0x0001e82c                memcmp
 .text.memcpy   0x0001e84a       0x12 /home/josepintor/Documentos/gcc-arm-none-eabi-4_9-2015q3/bin/../lib/gcc/arm-none-eabi/4.9.3/../../../../arm-none-eabi/lib/armv6-m/libc_nano.a(lib_a-memcpy.o)
                0x0001e84a                memcpy
 .text.memset   0x0001e85c       0x10 /home/josepintor/Documentos/gcc-arm-none-eabi-4_9-2015q3/bin/../lib/gcc/arm-none-eabi/4.9.3/../../../../arm-none-eabi/lib/armv6-m/libc_nano.a(lib_a-memset.o)
                0x0001e85c                memset
 .text._free_r  0x0001e86c       0x8c /home/josepintor/Documentos/gcc-arm-none-eabi-4_9-2015q3/bin/../lib/gcc/arm-none-eabi/4.9.3/../../../../arm-none-eabi/lib/armv6-m/libc_nano.a(lib_a-nano-freer.o)
                0x0001e86c                _free_r
 .text._malloc_r
                0x0001e8f8       0xb0 /home/josepintor/Documentos/gcc-arm-none-eabi-4_9-2015q3/bin/../lib/gcc/arm-none-eabi/4.9.3/../../../../arm-none-eabi/lib/armv6-m/libc_nano.a(lib_a-nano-mallocr.o)
                0x0001e8f8                _malloc_r
 .text._sbrk_r  0x0001e9a8       0x24 /home/josepintor/Documentos/gcc-arm-none-eabi-4_9-2015q3/bin/../lib/gcc/arm-none-eabi/4.9.3/../../../../arm-none-eabi/lib/armv6-m/libc_nano.a(lib_a-sbrkr.o)
                0x0001e9a8                _sbrk_r
 .text.sprintf  0x0001e9cc       0x44 /home/josepintor/Documentos/gcc-arm-none-eabi-4_9-2015q3/bin/../lib/gcc/arm-none-eabi/4.9.3/../../../../arm-none-eabi/lib/armv6-m/libc_nano.a(lib_a-sprintf.o)
                0x0001e9cc                sprintf
                0x0001e9cc                siprintf
 .text.strcpy   0x0001ea10       0x10 /home/josepintor/Documentos/gcc-arm-none-eabi-4_9-2015q3/bin/../lib/gcc/arm-none-eabi/4.9.3/../../../../arm-none-eabi/lib/armv6-m/libc_nano.a(lib_a-strcpy.o)
                0x0001ea10                strcpy
 .text.strlen   0x0001ea20        0xe /home/josepintor/Documentos/gcc-arm-none-eabi-4_9-2015q3/bin/../lib/gcc/arm-none-eabi/4.9.3/../../../../arm-none-eabi/lib/armv6-m/libc_nano.a(lib_a-strlen.o)
                0x0001ea20                strlen
 *fill*         0x0001ea2e        0x2 
 .text.__ssputs_r
                0x0001ea30       0xc0 /home/josepintor/Documentos/gcc-arm-none-eabi-4_9-2015q3/bin/../lib/gcc/arm-none-eabi/4.9.3/../../../../arm-none-eabi/lib/armv6-m/libc_nano.a(lib_a-nano-svfprintf.o)
                0x0001ea30                __ssputs_r
 .text._svfprintf_r
                0x0001eaf0      0x1ec /home/josepintor/Documentos/gcc-arm-none-eabi-4_9-2015q3/bin/../lib/gcc/arm-none-eabi/4.9.3/../../../../arm-none-eabi/lib/armv6-m/libc_nano.a(lib_a-nano-svfprintf.o)
                0x0001eaf0                _svfprintf_r
                0x0001eaf0                _svfiprintf_r
 .text._printf_common
                0x0001ecdc       0xdc /home/josepintor/Documentos/gcc-arm-none-eabi-4_9-2015q3/bin/../lib/gcc/arm-none-eabi/4.9.3/../../../../arm-none-eabi/lib/armv6-m/libc_nano.a(lib_a-nano-vfprintf_i.o)
                0x0001ecdc                _printf_common
 .text._printf_i
                0x0001edb8      0x230 /home/josepintor/Documentos/gcc-arm-none-eabi-4_9-2015q3/bin/../lib/gcc/arm-none-eabi/4.9.3/../../../../arm-none-eabi/lib/armv6-m/libc_nano.a(lib_a-nano-vfprintf_i.o)
                0x0001edb8                _printf_i
 .text.memchr   0x0001efe8       0x16 /home/josepintor/Documentos/gcc-arm-none-eabi-4_9-2015q3/bin/../lib/gcc/arm-none-eabi/4.9.3/../../../../arm-none-eabi/lib/armv6-m/libc_nano.a(lib_a-memchr.o)
                0x0001efe8                memchr
 .text.memmove  0x0001effe       0x28 /home/josepintor/Documentos/gcc-arm-none-eabi-4_9-2015q3/bin/../lib/gcc/arm-none-eabi/4.9.3/../../../../arm-none-eabi/lib/armv6-m/libc_nano.a(lib_a-memmove.o)
                0x0001effe                memmove
 .text._realloc_r
                0x0001f026       0x4c /home/josepintor/Documentos/gcc-arm-none-eabi-4_9-2015q3/bin/../lib/gcc/arm-none-eabi/4.9.3/../../../../arm-none-eabi/lib/armv6-m/libc_nano.a(lib_a-nano-reallocr.o)
                0x0001f026                _realloc_r
 .text._malloc_usable_size_r
                0x0001f072       0x16 /home/josepintor/Documentos/gcc-arm-none-eabi-4_9-2015q3/bin/../lib/gcc/arm-none-eabi/4.9.3/../../../../arm-none-eabi/lib/armv6-m/libc_nano.a(lib_a-nano-msizer.o)
                0x0001f072                _malloc_usable_size_r
 .text._sbrk    0x0001f088       0x1c /home/josepintor/Documentos/gcc-arm-none-eabi-4_9-2015q3/bin/../lib/gcc/arm-none-eabi/4.9.3/../../../../arm-none-eabi/lib/armv6-m/libnosys.a(sbrk.o)
                0x0001f088                _sbrk
 .text._exit    0x0001f0a4        0x4 /home/josepintor/Documentos/gcc-arm-none-eabi-4_9-2015q3/bin/../lib/gcc/arm-none-eabi/4.9.3/../../../../arm-none-eabi/lib/armv6-m/libnosys.a(_exit.o)
                0x0001f0a4                _exit
 *(.init)
 .init          0x0001f0a8        0x4 /home/josepintor/Documentos/gcc-arm-none-eabi-4_9-2015q3/bin/../lib/gcc/arm-none-eabi/4.9.3/armv6-m/crti.o
                0x0001f0a8                _init
 .init          0x0001f0ac        0x8 /home/josepintor/Documentos/gcc-arm-none-eabi-4_9-2015q3/bin/../lib/gcc/arm-none-eabi/4.9.3/armv6-m/crtn.o
 *(.fini)
 .fini          0x0001f0b4        0x4 /home/josepintor/Documentos/gcc-arm-none-eabi-4_9-2015q3/bin/../lib/gcc/arm-none-eabi/4.9.3/armv6-m/crti.o
                0x0001f0b4                _fini
 .fini          0x0001f0b8        0x8 /home/josepintor/Documentos/gcc-arm-none-eabi-4_9-2015q3/bin/../lib/gcc/arm-none-eabi/4.9.3/armv6-m/crtn.o
 *crtbegin.o(.ctors)
 *crtbegin?.o(.ctors)
 *(EXCLUDE_FILE(*crtend.o *crtend?.o) .ctors)
 *(SORT(.ctors.*))
 *(.ctors)
 *crtbegin.o(.dtors)
 *crtbegin?.o(.dtors)
 *(EXCLUDE_FILE(*crtend.o *crtend?.o) .dtors)
 *(SORT(.dtors.*))
 *(.dtors)
 *(.rodata*)
 .rodata.str1.1
                0x0001f0c0       0xaf _build/init.o
 .rodata.str1.1
                0x0001f16f      0x102 _build/utils.o
                                0x103 (size before relaxing)
 .rodata        0x0001f271       0x10 _build/ble_ambient.o
 .rodata.str1.1
                0x0001f281       0x4a _build/ble_ambient.o
                                 0xa2 (size before relaxing)
 .rodata.str1.1
                0x0001f2cb      0x3d6 _build/main.o
                                0x3db (size before relaxing)
 .rodata.str1.1
                0x0001f6a1      0x11d _build/temp.o
 .rodata.str1.1
                0x0001f7be       0x80 _build/sd2app.o
                                 0xaf (size before relaxing)
 .rodata.str1.1
                0x0001f83e       0xe9 _build/pr.o
                                0x100 (size before relaxing)
 .rodata.str1.1
                0x0001f927       0xef _build/hum.o
                                0x106 (size before relaxing)
 .rodata.str1.1
                0x0001fa16      0x108 _build/battery.o
 .rodata.str1.1
                0x0001fb1e       0x61 _build/mpu9x50.o
 .rodata.str1.1
                0x0001fb7f       0x1f _build/fhp_gpio.o
 .rodata        0x0001fb9e        0xa _build/nrf_pwm.o
 .rodata.str1.1
                0x0001fba8        0x9 _build/SEGGER_RTT.o
 .rodata.str1.1
                0x0001fbb1       0x43 _build/ff.o
 .rodata        0x0001fbf4        0x3 _build/spi_fhp_master.o
 .rodata.str1.1
                0x0001fbf7       0x59 _build/ble_dis.o
 .rodata.str1.1
                0x0001fc50       0x5c _build/softdevice_handler.o
 .rodata.str1.1
                0x0001fcac       0x54 _build/app_timer.o
 .rodata        0x0001fd00       0x34 _build/device_manager_peripheral.o
                0x0001fd00                m_service_context_store
                0x0001fd10                m_service_context_load
                0x0001fd20                m_service_context_apply
                0x0001fd30                m_context_init_len
 .rodata.str1.1
                0x0001fd34       0x58 _build/app_scheduler.o
 .rodata.str1.1
                0x0001fd8c        0x2 /home/josepintor/Documentos/gcc-arm-none-eabi-4_9-2015q3/bin/../lib/gcc/arm-none-eabi/4.9.3/../../../../arm-none-eabi/lib/armv6-m/libc_nano.a(lib_a-impure.o)
 *fill*         0x0001fd8e        0x2 
 .rodata._global_impure_ptr
                0x0001fd90        0x4 /home/josepintor/Documentos/gcc-arm-none-eabi-4_9-2015q3/bin/../lib/gcc/arm-none-eabi/4.9.3/../../../../arm-none-eabi/lib/armv6-m/libc_nano.a(lib_a-impure.o)
                0x0001fd90                _global_impure_ptr
 .rodata.__sf_fake_stdin
                0x0001fd94       0x20 /home/josepintor/Documentos/gcc-arm-none-eabi-4_9-2015q3/bin/../lib/gcc/arm-none-eabi/4.9.3/../../../../arm-none-eabi/lib/armv6-m/libc_nano.a(lib_a-findfp.o)
                0x0001fd94                __sf_fake_stdin
 .rodata.__sf_fake_stdout
                0x0001fdb4       0x20 /home/josepintor/Documentos/gcc-arm-none-eabi-4_9-2015q3/bin/../lib/gcc/arm-none-eabi/4.9.3/../../../../arm-none-eabi/lib/armv6-m/libc_nano.a(lib_a-findfp.o)
                0x0001fdb4                __sf_fake_stdout
 .rodata.__sf_fake_stderr
                0x0001fdd4       0x20 /home/josepintor/Documentos/gcc-arm-none-eabi-4_9-2015q3/bin/../lib/gcc/arm-none-eabi/4.9.3/../../../../arm-none-eabi/lib/armv6-m/libc_nano.a(lib_a-findfp.o)
                0x0001fdd4                __sf_fake_stderr
 .rodata.str1.1
                0x0001fdf4       0x11 /home/josepintor/Documentos/gcc-arm-none-eabi-4_9-2015q3/bin/../lib/gcc/arm-none-eabi/4.9.3/../../../../arm-none-eabi/lib/armv6-m/libc_nano.a(lib_a-nano-svfprintf.o)
 .rodata.str1.1
                0x0001fe05       0x22 /home/josepintor/Documentos/gcc-arm-none-eabi-4_9-2015q3/bin/../lib/gcc/arm-none-eabi/4.9.3/../../../../arm-none-eabi/lib/armv6-m/libc_nano.a(lib_a-nano-vfprintf_i.o)
 *(.eh_frame*)

.glue_7         0x0001fe28        0x0
 .glue_7        0x00000000        0x0 linker stubs

.glue_7t        0x0001fe28        0x0
 .glue_7t       0x00000000        0x0 linker stubs

.vfp11_veneer   0x0001fe28        0x0
 .vfp11_veneer  0x00000000        0x0 linker stubs

.v4_bx          0x0001fe28        0x0
 .v4_bx         0x00000000        0x0 linker stubs

.iplt           0x0001fe28        0x0
 .iplt          0x00000000        0x0 /home/josepintor/Documentos/gcc-arm-none-eabi-4_9-2015q3/bin/../lib/gcc/arm-none-eabi/4.9.3/armv6-m/crtbegin.o

.ARM.extab
 *(.ARM.extab* .gnu.linkonce.armextab.*)
                0x0001fe28                __exidx_start = .

.ARM.exidx      0x0001fe28        0x8
 *(.ARM.exidx* .gnu.linkonce.armexidx.*)
 .ARM.exidx     0x0001fe28        0x8 /home/josepintor/Documentos/gcc-arm-none-eabi-4_9-2015q3/bin/../lib/gcc/arm-none-eabi/4.9.3/../../../../arm-none-eabi/lib/armv6-m/crt0.o
 .ARM.exidx     0x0001fe30        0x0 _build/gcc_startup_nrf51.o
                                  0x8 (size before relaxing)
 .ARM.exidx     0x0001fe30        0x0 /home/josepintor/Documentos/gcc-arm-none-eabi-4_9-2015q3/bin/../lib/gcc/arm-none-eabi/4.9.3/armv6-m/libgcc.a(_divdi3.o)
                                  0x8 (size before relaxing)
 .ARM.exidx     0x0001fe30        0x0 /home/josepintor/Documentos/gcc-arm-none-eabi-4_9-2015q3/bin/../lib/gcc/arm-none-eabi/4.9.3/armv6-m/libgcc.a(_udivdi3.o)
                                  0x8 (size before relaxing)
                0x0001fe30                __exidx_end = .
                0x0001fe30                __etext = .

.rel.dyn        0x0001fe30        0x0
 .rel.iplt      0x00000000        0x0 /home/josepintor/Documentos/gcc-arm-none-eabi-4_9-2015q3/bin/../lib/gcc/arm-none-eabi/4.9.3/armv6-m/crtbegin.o

.data           0x20002000      0x124 load address 0x0001fe30
                0x20002000                __data_start__ = .
 *(vtable)
 *(.data*)
 .data          0x20002000        0x2 _build/main.o
 .data          0x20002002        0x1 _build/mpu9x50.o
 *fill*         0x20002003        0x1 
 .data          0x20002004       0x3c _build/fhp_gpio.o
 .data          0x20002040        0x4 _build/nrf_pwm.o
 .data          0x20002044       0x78 _build/SEGGER_RTT.o
 .data          0x200020bc        0x1 _build/diskio.o
 *fill*         0x200020bd        0x3 
 .data.impure_data
                0x200020c0       0x60 /home/josepintor/Documentos/gcc-arm-none-eabi-4_9-2015q3/bin/../lib/gcc/arm-none-eabi/4.9.3/../../../../arm-none-eabi/lib/armv6-m/libc_nano.a(lib_a-impure.o)
 .data._impure_ptr
                0x20002120        0x4 /home/josepintor/Documentos/gcc-arm-none-eabi-4_9-2015q3/bin/../lib/gcc/arm-none-eabi/4.9.3/../../../../arm-none-eabi/lib/armv6-m/libc_nano.a(lib_a-impure.o)
                0x20002120                _impure_ptr
                0x20002124                . = ALIGN (0x4)
                0x20002124                PROVIDE (__preinit_array_start, .)
 *(.preinit_array)
                0x20002124                PROVIDE (__preinit_array_end, .)
                0x20002124                . = ALIGN (0x4)
                0x20002124                PROVIDE (__init_array_start, .)
 *(SORT(.init_array.*))
 *(.init_array)
                0x20002124                PROVIDE (__init_array_end, .)
                0x20002124                . = ALIGN (0x4)
                0x20002124                PROVIDE (__fini_array_start, .)
 *(SORT(.fini_array.*))
 *(.fini_array)
                0x20002124                PROVIDE (__fini_array_end, .)
 *(.jcr)
                0x20002124                . = ALIGN (0x4)
                0x20002124                __data_end__ = .

.igot.plt       0x20002124        0x0 load address 0x0001ff54
 .igot.plt      0x00000000        0x0 /home/josepintor/Documentos/gcc-arm-none-eabi-4_9-2015q3/bin/../lib/gcc/arm-none-eabi/4.9.3/armv6-m/crtbegin.o

.bss            0x20002128     0x1574 load address 0x0001ff58
                0x20002128                . = ALIGN (0x4)
                0x20002128                __bss_start__ = .
 *(.bss*)
 .bss           0x20002128      0x9d4 _build/init.o
 .bss           0x20002afc        0x4 _build/nosso.o
 .bss           0x20002b00       0x64 _build/ble_ambient.o
 .bss           0x20002b64        0x4 _build/sd_card.o
 .bss           0x20002b68        0x2 _build/battery.o
 .bss           0x20002b6a        0x1 _build/max1161x.o
 *fill*         0x20002b6b        0x1 
 .bss           0x20002b6c       0x11 _build/mpu9x50.o
 .bss           0x20002b7d        0x1 _build/max17048.o
 .bss           0x20002b7e        0x3 _build/pca9538.o
 *fill*         0x20002b81        0x3 
 .bss           0x20002b84       0x58 _build/nrf_pwm.o
 .bss           0x20002bdc        0x4 _build/bme280.o
 .bss           0x20002be0      0x411 _build/SEGGER_RTT.o
 *fill*         0x20002ff1        0x3 
 .bss           0x20002ff4        0x6 _build/ff.o
 .bss           0x20002ffa        0x1 _build/diskio.o
 *fill*         0x20002ffb        0x1 
 .bss           0x20002ffc       0x4a _build/ble_dis.o
 *fill*         0x20003046        0x2 
 .bss           0x20003048       0x18 _build/softdevice_handler.o
 .bss           0x20003060       0x35 _build/ble_conn_params.o
 *fill*         0x20003095        0x3 
 .bss           0x20003098       0x29 _build/app_timer.o
 *fill*         0x200030c1        0x3 
 .bss           0x200030c4       0xf8 _build/pstorage.o
 .bss           0x200031bc      0x120 _build/device_manager_peripheral.o
 .bss           0x200032dc        0xa _build/app_gpiote.o
 *fill*         0x200032e6        0x2 
 .bss           0x200032e8        0xe _build/app_scheduler.o
 *fill*         0x200032f6        0x2 
 .bss.__malloc_sbrk_start
                0x200032f8        0x4 /home/josepintor/Documentos/gcc-arm-none-eabi-4_9-2015q3/bin/../lib/gcc/arm-none-eabi/4.9.3/../../../../arm-none-eabi/lib/armv6-m/libc_nano.a(lib_a-nano-mallocr.o)
                0x200032f8                __malloc_sbrk_start
 .bss.__malloc_free_list
                0x200032fc        0x4 /home/josepintor/Documentos/gcc-arm-none-eabi-4_9-2015q3/bin/../lib/gcc/arm-none-eabi/4.9.3/../../../../arm-none-eabi/lib/armv6-m/libc_nano.a(lib_a-nano-mallocr.o)
                0x200032fc                __malloc_free_list
 .bss.heap_end.4079
                0x20003300        0x4 /home/josepintor/Documentos/gcc-arm-none-eabi-4_9-2015q3/bin/../lib/gcc/arm-none-eabi/4.9.3/../../../../arm-none-eabi/lib/armv6-m/libnosys.a(sbrk.o)
 *(COMMON)
 *fill*         0x20003304        0x4 
 COMMON         0x20003308      0x350 _build/init.o
                0x20003308                m_gauge_timer_id
                0x2000330c                m_gpiote_user_ch
                0x2000330d                _i2c_address
                0x20003310                m_watchdog_timer_id
                0x20003314                twi_busy
                0x20003315                m_app_handle
                0x20003318                m_sd2app
                0x20003338                m_pr
                0x20003358                high_voltage_on
                0x20003360                m_hum
                0x20003380                low_battery
                0x20003384                m_rtc_timer_id
                0x20003388                m_amb
                0x20003400                m_temp
                0x20003420                _error
                0x20003424                sd_card
                0x20003654                m_base_timer_id
 COMMON         0x20003658        0x1 _build/mpu9x50.o
                0x20003658                device_address
 *fill*         0x20003659        0x3 
 COMMON         0x2000365c       0x3c _build/bme280.o
                0x2000365c                bme280
 COMMON         0x20003698        0x4 /home/josepintor/Documentos/gcc-arm-none-eabi-4_9-2015q3/bin/../lib/gcc/arm-none-eabi/4.9.3/../../../../arm-none-eabi/lib/armv6-m/libc_nano.a(lib_a-reent.o)
                0x20003698                errno
                0x2000369c                . = ALIGN (0x4)
                0x2000369c                __bss_end__ = .

.heap           0x200036a0        0x0
                0x200036a0                __end__ = .
                0x200036a0                end = __end__
 *(.heap*)
 .heap          0x200036a0        0x0 _build/gcc_startup_nrf51.o
                0x200036a0                __HeapLimit = .

.stack_dummy    0x200036a0      0x800
 *(.stack*)
 .stack         0x200036a0      0x800 _build/gcc_startup_nrf51.o
                0x20004000                __StackTop = (ORIGIN (RAM) + 0x2000)
                0x20003800                __StackLimit = (__StackTop - SIZEOF (.stack_dummy))
                0x20004000                PROVIDE (__stack, __StackTop)
                0x00000001                ASSERT ((__StackLimit >= __HeapLimit), region RAM overflowed with stack)
OUTPUT(_build/setec_s110_xxaa.out elf32-littlearm)

.ARM.attributes
                0x00000000       0x28
 .ARM.attributes
                0x00000000       0x1e /home/josepintor/Documentos/gcc-arm-none-eabi-4_9-2015q3/bin/../lib/gcc/arm-none-eabi/4.9.3/armv6-m/crti.o
 .ARM.attributes
                0x0000001e       0x1b /home/josepintor/Documentos/gcc-arm-none-eabi-4_9-2015q3/bin/../lib/gcc/arm-none-eabi/4.9.3/../../../../arm-none-eabi/lib/armv6-m/crt0.o
 .ARM.attributes
                0x00000039       0x31 _build/init.o
 .ARM.attributes
                0x0000006a       0x31 _build/utils.o
 .ARM.attributes
                0x0000009b       0x31 _build/nosso.o
 .ARM.attributes
                0x000000cc       0x31 _build/ble_ambient.o
 .ARM.attributes
                0x000000fd       0x31 _build/main.o
 .ARM.attributes
                0x0000012e       0x31 _build/sd_card.o
 .ARM.attributes
                0x0000015f       0x31 _build/temp.o
 .ARM.attributes
                0x00000190       0x31 _build/sd2app.o
 .ARM.attributes
                0x000001c1       0x31 _build/pr.o
 .ARM.attributes
                0x000001f2       0x31 _build/hum.o
 .ARM.attributes
                0x00000223       0x31 _build/battery.o
 .ARM.attributes
                0x00000254       0x31 _build/max1161x.o
 .ARM.attributes
                0x00000285       0x31 _build/mpu9x50.o
 .ARM.attributes
                0x000002b6       0x31 _build/max17048.o
 .ARM.attributes
                0x000002e7       0x31 _build/pca9538.o
 .ARM.attributes
                0x00000318       0x31 _build/fhp_gpio.o
 .ARM.attributes
                0x00000349       0x31 _build/nrf_pwm.o
 .ARM.attributes
                0x0000037a       0x31 _build/bme280.o
 .ARM.attributes
                0x000003ab       0x31 _build/SEGGER_RTT.o
 .ARM.attributes
                0x000003dc       0x31 _build/ff.o
 .ARM.attributes
                0x0000040d       0x31 _build/diskio.o
 .ARM.attributes
                0x0000043e       0x31 _build/spi_fhp_master.o
 .ARM.attributes
                0x0000046f       0x31 _build/twi_hw_master.o
 .ARM.attributes
                0x000004a0       0x31 _build/ble_dis.o
 .ARM.attributes
                0x000004d1       0x31 _build/ble_srv_common.o
 .ARM.attributes
                0x00000502       0x31 _build/softdevice_handler.o
 .ARM.attributes
                0x00000533       0x31 _build/ble_advdata.o
 .ARM.attributes
                0x00000564       0x31 _build/ble_conn_params.o
 .ARM.attributes
                0x00000595       0x31 _build/app_timer.o
 .ARM.attributes
                0x000005c6       0x31 _build/pstorage.o
 .ARM.attributes
                0x000005f7       0x31 _build/device_manager_peripheral.o
 .ARM.attributes
                0x00000628       0x31 _build/app_gpiote.o
 .ARM.attributes
                0x00000659       0x31 _build/nrf_delay.o
 .ARM.attributes
                0x0000068a       0x31 _build/app_scheduler.o
 .ARM.attributes
                0x000006bb       0x31 _build/system_nrf51.o
 .ARM.attributes
                0x000006ec       0x1b _build/gcc_startup_nrf51.o
 .ARM.attributes
                0x00000707       0x1e /home/josepintor/Documentos/gcc-arm-none-eabi-4_9-2015q3/bin/../lib/gcc/arm-none-eabi/4.9.3/armv6-m/libgcc.a(_thumb1_case_uqi.o)
 .ARM.attributes
                0x00000725       0x1e /home/josepintor/Documentos/gcc-arm-none-eabi-4_9-2015q3/bin/../lib/gcc/arm-none-eabi/4.9.3/armv6-m/libgcc.a(_udivsi3.o)
 .ARM.attributes
                0x00000743       0x1e /home/josepintor/Documentos/gcc-arm-none-eabi-4_9-2015q3/bin/../lib/gcc/arm-none-eabi/4.9.3/armv6-m/libgcc.a(_divsi3.o)
 .ARM.attributes
                0x00000761       0x1e /home/josepintor/Documentos/gcc-arm-none-eabi-4_9-2015q3/bin/../lib/gcc/arm-none-eabi/4.9.3/armv6-m/libgcc.a(_dvmd_tls.o)
 .ARM.attributes
                0x0000077f       0x1e /home/josepintor/Documentos/gcc-arm-none-eabi-4_9-2015q3/bin/../lib/gcc/arm-none-eabi/4.9.3/armv6-m/libgcc.a(_aeabi_uldivmod.o)
 .ARM.attributes
                0x0000079d       0x2c /home/josepintor/Documentos/gcc-arm-none-eabi-4_9-2015q3/bin/../lib/gcc/arm-none-eabi/4.9.3/armv6-m/libgcc.a(bpabi.o)
 .ARM.attributes
                0x000007c9       0x1e /home/josepintor/Documentos/gcc-arm-none-eabi-4_9-2015q3/bin/../lib/gcc/arm-none-eabi/4.9.3/armv6-m/libgcc.a(_clzsi2.o)
 .ARM.attributes
                0x000007e7       0x2c /home/josepintor/Documentos/gcc-arm-none-eabi-4_9-2015q3/bin/../lib/gcc/arm-none-eabi/4.9.3/armv6-m/libgcc.a(_muldi3.o)
 .ARM.attributes
                0x00000813       0x2c /home/josepintor/Documentos/gcc-arm-none-eabi-4_9-2015q3/bin/../lib/gcc/arm-none-eabi/4.9.3/armv6-m/libgcc.a(_divdi3.o)
 .ARM.attributes
                0x0000083f       0x2c /home/josepintor/Documentos/gcc-arm-none-eabi-4_9-2015q3/bin/../lib/gcc/arm-none-eabi/4.9.3/armv6-m/libgcc.a(_udivdi3.o)
 .ARM.attributes
                0x0000086b       0x1e /home/josepintor/Documentos/gcc-arm-none-eabi-4_9-2015q3/bin/../lib/gcc/arm-none-eabi/4.9.3/armv6-m/libgcc.a(_clzdi2.o)
 .ARM.attributes
                0x00000889       0x2c /home/josepintor/Documentos/gcc-arm-none-eabi-4_9-2015q3/bin/../lib/gcc/arm-none-eabi/4.9.3/../../../../arm-none-eabi/lib/armv6-m/libc_nano.a(lib_a-exit.o)
 .ARM.attributes
                0x000008b5       0x2c /home/josepintor/Documentos/gcc-arm-none-eabi-4_9-2015q3/bin/../lib/gcc/arm-none-eabi/4.9.3/../../../../arm-none-eabi/lib/armv6-m/libc_nano.a(lib_a-impure.o)
 .ARM.attributes
                0x000008e1       0x2c /home/josepintor/Documentos/gcc-arm-none-eabi-4_9-2015q3/bin/../lib/gcc/arm-none-eabi/4.9.3/../../../../arm-none-eabi/lib/armv6-m/libc_nano.a(lib_a-init.o)
 .ARM.attributes
                0x0000090d       0x2c /home/josepintor/Documentos/gcc-arm-none-eabi-4_9-2015q3/bin/../lib/gcc/arm-none-eabi/4.9.3/../../../../arm-none-eabi/lib/armv6-m/libc_nano.a(lib_a-memcmp.o)
 .ARM.attributes
                0x00000939       0x2c /home/josepintor/Documentos/gcc-arm-none-eabi-4_9-2015q3/bin/../lib/gcc/arm-none-eabi/4.9.3/../../../../arm-none-eabi/lib/armv6-m/libc_nano.a(lib_a-memcpy.o)
 .ARM.attributes
                0x00000965       0x2c /home/josepintor/Documentos/gcc-arm-none-eabi-4_9-2015q3/bin/../lib/gcc/arm-none-eabi/4.9.3/../../../../arm-none-eabi/lib/armv6-m/libc_nano.a(lib_a-memset.o)
 .ARM.attributes
                0x00000991       0x2c /home/josepintor/Documentos/gcc-arm-none-eabi-4_9-2015q3/bin/../lib/gcc/arm-none-eabi/4.9.3/../../../../arm-none-eabi/lib/armv6-m/libc_nano.a(lib_a-nano-freer.o)
 .ARM.attributes
                0x000009bd       0x2c /home/josepintor/Documentos/gcc-arm-none-eabi-4_9-2015q3/bin/../lib/gcc/arm-none-eabi/4.9.3/../../../../arm-none-eabi/lib/armv6-m/libc_nano.a(lib_a-nano-mallocr.o)
 .ARM.attributes
                0x000009e9       0x2c /home/josepintor/Documentos/gcc-arm-none-eabi-4_9-2015q3/bin/../lib/gcc/arm-none-eabi/4.9.3/../../../../arm-none-eabi/lib/armv6-m/libc_nano.a(lib_a-sbrkr.o)
 .ARM.attributes
                0x00000a15       0x2c /home/josepintor/Documentos/gcc-arm-none-eabi-4_9-2015q3/bin/../lib/gcc/arm-none-eabi/4.9.3/../../../../arm-none-eabi/lib/armv6-m/libc_nano.a(lib_a-sprintf.o)
 .ARM.attributes
                0x00000a41       0x2c /home/josepintor/Documentos/gcc-arm-none-eabi-4_9-2015q3/bin/../lib/gcc/arm-none-eabi/4.9.3/../../../../arm-none-eabi/lib/armv6-m/libc_nano.a(lib_a-strcpy.o)
 .ARM.attributes
                0x00000a6d       0x2c /home/josepintor/Documentos/gcc-arm-none-eabi-4_9-2015q3/bin/../lib/gcc/arm-none-eabi/4.9.3/../../../../arm-none-eabi/lib/armv6-m/libc_nano.a(lib_a-strlen.o)
 .ARM.attributes
                0x00000a99       0x2c /home/josepintor/Documentos/gcc-arm-none-eabi-4_9-2015q3/bin/../lib/gcc/arm-none-eabi/4.9.3/../../../../arm-none-eabi/lib/armv6-m/libc_nano.a(lib_a-findfp.o)
 .ARM.attributes
                0x00000ac5       0x2c /home/josepintor/Documentos/gcc-arm-none-eabi-4_9-2015q3/bin/../lib/gcc/arm-none-eabi/4.9.3/../../../../arm-none-eabi/lib/armv6-m/libc_nano.a(lib_a-nano-svfprintf.o)
 .ARM.attributes
                0x00000af1       0x2c /home/josepintor/Documentos/gcc-arm-none-eabi-4_9-2015q3/bin/../lib/gcc/arm-none-eabi/4.9.3/../../../../arm-none-eabi/lib/armv6-m/libc_nano.a(lib_a-nano-vfprintf_i.o)
 .ARM.attributes
                0x00000b1d       0x2c /home/josepintor/Documentos/gcc-arm-none-eabi-4_9-2015q3/bin/../lib/gcc/arm-none-eabi/4.9.3/../../../../arm-none-eabi/lib/armv6-m/libc_nano.a(lib_a-reent.o)
 .ARM.attributes
                0x00000b49       0x2c /home/josepintor/Documentos/gcc-arm-none-eabi-4_9-2015q3/bin/../lib/gcc/arm-none-eabi/4.9.3/../../../../arm-none-eabi/lib/armv6-m/libc_nano.a(lib_a-memchr.o)
 .ARM.attributes
                0x00000b75       0x2c /home/josepintor/Documentos/gcc-arm-none-eabi-4_9-2015q3/bin/../lib/gcc/arm-none-eabi/4.9.3/../../../../arm-none-eabi/lib/armv6-m/libc_nano.a(lib_a-memmove.o)
 .ARM.attributes
                0x00000ba1       0x2c /home/josepintor/Documentos/gcc-arm-none-eabi-4_9-2015q3/bin/../lib/gcc/arm-none-eabi/4.9.3/../../../../arm-none-eabi/lib/armv6-m/libc_nano.a(lib_a-nano-reallocr.o)
 .ARM.attributes
                0x00000bcd       0x2c /home/josepintor/Documentos/gcc-arm-none-eabi-4_9-2015q3/bin/../lib/gcc/arm-none-eabi/4.9.3/../../../../arm-none-eabi/lib/armv6-m/libc_nano.a(lib_a-nano-msizer.o)
 .ARM.attributes
                0x00000bf9       0x1e /home/josepintor/Documentos/gcc-arm-none-eabi-4_9-2015q3/bin/../lib/gcc/arm-none-eabi/4.9.3/armv6-m/crtn.o
 .ARM.attributes
                0x00000c17       0x2c /home/josepintor/Documentos/gcc-arm-none-eabi-4_9-2015q3/bin/../lib/gcc/arm-none-eabi/4.9.3/../../../../arm-none-eabi/lib/armv6-m/libnosys.a(sbrk.o)
 .ARM.attributes
                0x00000c43       0x2c /home/josepintor/Documentos/gcc-arm-none-eabi-4_9-2015q3/bin/../lib/gcc/arm-none-eabi/4.9.3/../../../../arm-none-eabi/lib/armv6-m/libnosys.a(_exit.o)

.comment        0x00000000       0x70
 .comment       0x00000000       0x70 _build/init.o
                                 0x71 (size before relaxing)
 .comment       0x00000000       0x71 _build/utils.o
 .comment       0x00000000       0x71 _build/nosso.o
 .comment       0x00000000       0x71 _build/ble_ambient.o
 .comment       0x00000000       0x71 _build/main.o
 .comment       0x00000000       0x71 _build/sd_card.o
 .comment       0x00000000       0x71 _build/temp.o
 .comment       0x00000000       0x71 _build/sd2app.o
 .comment       0x00000000       0x71 _build/pr.o
 .comment       0x00000000       0x71 _build/hum.o
 .comment       0x00000000       0x71 _build/battery.o
 .comment       0x00000000       0x71 _build/max1161x.o
 .comment       0x00000000       0x71 _build/mpu9x50.o
 .comment       0x00000000       0x71 _build/max17048.o
 .comment       0x00000000       0x71 _build/pca9538.o
 .comment       0x00000000       0x71 _build/fhp_gpio.o
 .comment       0x00000000       0x71 _build/nrf_pwm.o
 .comment       0x00000000       0x71 _build/bme280.o
 .comment       0x00000000       0x71 _build/SEGGER_RTT.o
 .comment       0x00000000       0x71 _build/ff.o
 .comment       0x00000000       0x71 _build/diskio.o
 .comment       0x00000000       0x71 _build/spi_fhp_master.o
 .comment       0x00000000       0x71 _build/twi_hw_master.o
 .comment       0x00000000       0x71 _build/ble_dis.o
 .comment       0x00000000       0x71 _build/ble_srv_common.o
 .comment       0x00000000       0x71 _build/softdevice_handler.o
 .comment       0x00000000       0x71 _build/ble_advdata.o
 .comment       0x00000000       0x71 _build/ble_conn_params.o
 .comment       0x00000000       0x71 _build/app_timer.o
 .comment       0x00000000       0x71 _build/pstorage.o
 .comment       0x00000000       0x71 _build/device_manager_peripheral.o
 .comment       0x00000000       0x71 _build/app_gpiote.o
 .comment       0x00000000       0x71 _build/nrf_delay.o
 .comment       0x00000000       0x71 _build/app_scheduler.o
 .comment       0x00000000       0x71 _build/system_nrf51.o

.debug_frame    0x00000000      0x640
 .debug_frame   0x00000000       0x20 /home/josepintor/Documentos/gcc-arm-none-eabi-4_9-2015q3/bin/../lib/gcc/arm-none-eabi/4.9.3/armv6-m/libgcc.a(_udivsi3.o)
 .debug_frame   0x00000020       0x20 /home/josepintor/Documentos/gcc-arm-none-eabi-4_9-2015q3/bin/../lib/gcc/arm-none-eabi/4.9.3/armv6-m/libgcc.a(_divsi3.o)
 .debug_frame   0x00000040       0x50 /home/josepintor/Documentos/gcc-arm-none-eabi-4_9-2015q3/bin/../lib/gcc/arm-none-eabi/4.9.3/armv6-m/libgcc.a(bpabi.o)
 .debug_frame   0x00000090       0x34 /home/josepintor/Documentos/gcc-arm-none-eabi-4_9-2015q3/bin/../lib/gcc/arm-none-eabi/4.9.3/armv6-m/libgcc.a(_muldi3.o)
 .debug_frame   0x000000c4       0x3c /home/josepintor/Documentos/gcc-arm-none-eabi-4_9-2015q3/bin/../lib/gcc/arm-none-eabi/4.9.3/armv6-m/libgcc.a(_divdi3.o)
 .debug_frame   0x00000100       0x3c /home/josepintor/Documentos/gcc-arm-none-eabi-4_9-2015q3/bin/../lib/gcc/arm-none-eabi/4.9.3/armv6-m/libgcc.a(_udivdi3.o)
 .debug_frame   0x0000013c       0x28 /home/josepintor/Documentos/gcc-arm-none-eabi-4_9-2015q3/bin/../lib/gcc/arm-none-eabi/4.9.3/../../../../arm-none-eabi/lib/armv6-m/libc_nano.a(lib_a-exit.o)
 .debug_frame   0x00000164       0x2c /home/josepintor/Documentos/gcc-arm-none-eabi-4_9-2015q3/bin/../lib/gcc/arm-none-eabi/4.9.3/../../../../arm-none-eabi/lib/armv6-m/libc_nano.a(lib_a-init.o)
 .debug_frame   0x00000190       0x2c /home/josepintor/Documentos/gcc-arm-none-eabi-4_9-2015q3/bin/../lib/gcc/arm-none-eabi/4.9.3/../../../../arm-none-eabi/lib/armv6-m/libc_nano.a(lib_a-memcmp.o)
 .debug_frame   0x000001bc       0x28 /home/josepintor/Documentos/gcc-arm-none-eabi-4_9-2015q3/bin/../lib/gcc/arm-none-eabi/4.9.3/../../../../arm-none-eabi/lib/armv6-m/libc_nano.a(lib_a-memcpy.o)
 .debug_frame   0x000001e4       0x20 /home/josepintor/Documentos/gcc-arm-none-eabi-4_9-2015q3/bin/../lib/gcc/arm-none-eabi/4.9.3/../../../../arm-none-eabi/lib/armv6-m/libc_nano.a(lib_a-memset.o)
 .debug_frame   0x00000204       0x2c /home/josepintor/Documentos/gcc-arm-none-eabi-4_9-2015q3/bin/../lib/gcc/arm-none-eabi/4.9.3/../../../../arm-none-eabi/lib/armv6-m/libc_nano.a(lib_a-nano-freer.o)
 .debug_frame   0x00000230       0x2c /home/josepintor/Documentos/gcc-arm-none-eabi-4_9-2015q3/bin/../lib/gcc/arm-none-eabi/4.9.3/../../../../arm-none-eabi/lib/armv6-m/libc_nano.a(lib_a-nano-mallocr.o)
 .debug_frame   0x0000025c       0x2c /home/josepintor/Documentos/gcc-arm-none-eabi-4_9-2015q3/bin/../lib/gcc/arm-none-eabi/4.9.3/../../../../arm-none-eabi/lib/armv6-m/libc_nano.a(lib_a-sbrkr.o)
 .debug_frame   0x00000288       0x50 /home/josepintor/Documentos/gcc-arm-none-eabi-4_9-2015q3/bin/../lib/gcc/arm-none-eabi/4.9.3/../../../../arm-none-eabi/lib/armv6-m/libc_nano.a(lib_a-sprintf.o)
 .debug_frame   0x000002d8       0x20 /home/josepintor/Documentos/gcc-arm-none-eabi-4_9-2015q3/bin/../lib/gcc/arm-none-eabi/4.9.3/../../../../arm-none-eabi/lib/armv6-m/libc_nano.a(lib_a-strcpy.o)
 .debug_frame   0x000002f8       0x20 /home/josepintor/Documentos/gcc-arm-none-eabi-4_9-2015q3/bin/../lib/gcc/arm-none-eabi/4.9.3/../../../../arm-none-eabi/lib/armv6-m/libc_nano.a(lib_a-strlen.o)
 .debug_frame   0x00000318      0x140 /home/josepintor/Documentos/gcc-arm-none-eabi-4_9-2015q3/bin/../lib/gcc/arm-none-eabi/4.9.3/../../../../arm-none-eabi/lib/armv6-m/libc_nano.a(lib_a-findfp.o)
 .debug_frame   0x00000458       0x74 /home/josepintor/Documentos/gcc-arm-none-eabi-4_9-2015q3/bin/../lib/gcc/arm-none-eabi/4.9.3/../../../../arm-none-eabi/lib/armv6-m/libc_nano.a(lib_a-nano-svfprintf.o)
 .debug_frame   0x000004cc       0x54 /home/josepintor/Documentos/gcc-arm-none-eabi-4_9-2015q3/bin/../lib/gcc/arm-none-eabi/4.9.3/../../../../arm-none-eabi/lib/armv6-m/libc_nano.a(lib_a-nano-vfprintf_i.o)
 .debug_frame   0x00000520       0x48 /home/josepintor/Documentos/gcc-arm-none-eabi-4_9-2015q3/bin/../lib/gcc/arm-none-eabi/4.9.3/../../../../arm-none-eabi/lib/armv6-m/libc_nano.a(lib_a-reent.o)
 .debug_frame   0x00000568       0x20 /home/josepintor/Documentos/gcc-arm-none-eabi-4_9-2015q3/bin/../lib/gcc/arm-none-eabi/4.9.3/../../../../arm-none-eabi/lib/armv6-m/libc_nano.a(lib_a-memchr.o)
 .debug_frame   0x00000588       0x28 /home/josepintor/Documentos/gcc-arm-none-eabi-4_9-2015q3/bin/../lib/gcc/arm-none-eabi/4.9.3/../../../../arm-none-eabi/lib/armv6-m/libc_nano.a(lib_a-memmove.o)
 .debug_frame   0x000005b0       0x30 /home/josepintor/Documentos/gcc-arm-none-eabi-4_9-2015q3/bin/../lib/gcc/arm-none-eabi/4.9.3/../../../../arm-none-eabi/lib/armv6-m/libc_nano.a(lib_a-nano-reallocr.o)
 .debug_frame   0x000005e0       0x20 /home/josepintor/Documentos/gcc-arm-none-eabi-4_9-2015q3/bin/../lib/gcc/arm-none-eabi/4.9.3/../../../../arm-none-eabi/lib/armv6-m/libc_nano.a(lib_a-nano-msizer.o)
 .debug_frame   0x00000600       0x20 /home/josepintor/Documentos/gcc-arm-none-eabi-4_9-2015q3/bin/../lib/gcc/arm-none-eabi/4.9.3/../../../../arm-none-eabi/lib/armv6-m/libnosys.a(sbrk.o)
 .debug_frame   0x00000620       0x20 /home/josepintor/Documentos/gcc-arm-none-eabi-4_9-2015q3/bin/../lib/gcc/arm-none-eabi/4.9.3/../../../../arm-none-eabi/lib/armv6-m/libnosys.a(_exit.o)

.stabstr        0x00000000      0x14d
 .stabstr       0x00000000      0x14d /home/josepintor/Documentos/gcc-arm-none-eabi-4_9-2015q3/bin/../lib/gcc/arm-none-eabi/4.9.3/../../../../arm-none-eabi/lib/armv6-m/libnosys.a(close.o)
