Archive member included because of file (symbol)

/home/josepintor/Documentos/gcc-arm-none-eabi-4_9-2015q3/bin/../lib/gcc/arm-none-eabi/4.9.3/../../../../arm-none-eabi/lib/armv6-m/libm.a(lib_a-w_pow.o)
                              _build/SparkFunTSL2561.o (pow)
/home/josepintor/Documentos/gcc-arm-none-eabi-4_9-2015q3/bin/../lib/gcc/arm-none-eabi/4.9.3/../../../../arm-none-eabi/lib/armv6-m/libm.a(lib_a-e_pow.o)
                              /home/josepintor/Documentos/gcc-arm-none-eabi-4_9-2015q3/bin/../lib/gcc/arm-none-eabi/4.9.3/../../../../arm-none-eabi/lib/armv6-m/libm.a(lib_a-w_pow.o) (__ieee754_pow)
/home/josepintor/Documentos/gcc-arm-none-eabi-4_9-2015q3/bin/../lib/gcc/arm-none-eabi/4.9.3/../../../../arm-none-eabi/lib/armv6-m/libm.a(lib_a-e_sqrt.o)
                              /home/josepintor/Documentos/gcc-arm-none-eabi-4_9-2015q3/bin/../lib/gcc/arm-none-eabi/4.9.3/../../../../arm-none-eabi/lib/armv6-m/libm.a(lib_a-e_pow.o) (__ieee754_sqrt)
/home/josepintor/Documentos/gcc-arm-none-eabi-4_9-2015q3/bin/../lib/gcc/arm-none-eabi/4.9.3/../../../../arm-none-eabi/lib/armv6-m/libm.a(lib_a-s_fabs.o)
                              /home/josepintor/Documentos/gcc-arm-none-eabi-4_9-2015q3/bin/../lib/gcc/arm-none-eabi/4.9.3/../../../../arm-none-eabi/lib/armv6-m/libm.a(lib_a-e_pow.o) (fabs)
/home/josepintor/Documentos/gcc-arm-none-eabi-4_9-2015q3/bin/../lib/gcc/arm-none-eabi/4.9.3/../../../../arm-none-eabi/lib/armv6-m/libm.a(lib_a-s_finite.o)
                              /home/josepintor/Documentos/gcc-arm-none-eabi-4_9-2015q3/bin/../lib/gcc/arm-none-eabi/4.9.3/../../../../arm-none-eabi/lib/armv6-m/libm.a(lib_a-w_pow.o) (finite)
/home/josepintor/Documentos/gcc-arm-none-eabi-4_9-2015q3/bin/../lib/gcc/arm-none-eabi/4.9.3/../../../../arm-none-eabi/lib/armv6-m/libm.a(lib_a-s_fpclassify.o)
                              /home/josepintor/Documentos/gcc-arm-none-eabi-4_9-2015q3/bin/../lib/gcc/arm-none-eabi/4.9.3/../../../../arm-none-eabi/lib/armv6-m/libm.a(lib_a-w_pow.o) (__fpclassifyd)
/home/josepintor/Documentos/gcc-arm-none-eabi-4_9-2015q3/bin/../lib/gcc/arm-none-eabi/4.9.3/../../../../arm-none-eabi/lib/armv6-m/libm.a(lib_a-s_lib_ver.o)
                              /home/josepintor/Documentos/gcc-arm-none-eabi-4_9-2015q3/bin/../lib/gcc/arm-none-eabi/4.9.3/../../../../arm-none-eabi/lib/armv6-m/libm.a(lib_a-w_pow.o) (__fdlib_version)
/home/josepintor/Documentos/gcc-arm-none-eabi-4_9-2015q3/bin/../lib/gcc/arm-none-eabi/4.9.3/../../../../arm-none-eabi/lib/armv6-m/libm.a(lib_a-s_matherr.o)
                              /home/josepintor/Documentos/gcc-arm-none-eabi-4_9-2015q3/bin/../lib/gcc/arm-none-eabi/4.9.3/../../../../arm-none-eabi/lib/armv6-m/libm.a(lib_a-w_pow.o) (matherr)
/home/josepintor/Documentos/gcc-arm-none-eabi-4_9-2015q3/bin/../lib/gcc/arm-none-eabi/4.9.3/../../../../arm-none-eabi/lib/armv6-m/libm.a(lib_a-s_nan.o)
                              /home/josepintor/Documentos/gcc-arm-none-eabi-4_9-2015q3/bin/../lib/gcc/arm-none-eabi/4.9.3/../../../../arm-none-eabi/lib/armv6-m/libm.a(lib_a-e_pow.o) (nan)
/home/josepintor/Documentos/gcc-arm-none-eabi-4_9-2015q3/bin/../lib/gcc/arm-none-eabi/4.9.3/../../../../arm-none-eabi/lib/armv6-m/libm.a(lib_a-s_rint.o)
                              /home/josepintor/Documentos/gcc-arm-none-eabi-4_9-2015q3/bin/../lib/gcc/arm-none-eabi/4.9.3/../../../../arm-none-eabi/lib/armv6-m/libm.a(lib_a-w_pow.o) (rint)
/home/josepintor/Documentos/gcc-arm-none-eabi-4_9-2015q3/bin/../lib/gcc/arm-none-eabi/4.9.3/../../../../arm-none-eabi/lib/armv6-m/libm.a(lib_a-s_scalbn.o)
                              /home/josepintor/Documentos/gcc-arm-none-eabi-4_9-2015q3/bin/../lib/gcc/arm-none-eabi/4.9.3/../../../../arm-none-eabi/lib/armv6-m/libm.a(lib_a-e_pow.o) (scalbn)
/home/josepintor/Documentos/gcc-arm-none-eabi-4_9-2015q3/bin/../lib/gcc/arm-none-eabi/4.9.3/../../../../arm-none-eabi/lib/armv6-m/libm.a(lib_a-s_copysign.o)
                              /home/josepintor/Documentos/gcc-arm-none-eabi-4_9-2015q3/bin/../lib/gcc/arm-none-eabi/4.9.3/../../../../arm-none-eabi/lib/armv6-m/libm.a(lib_a-s_scalbn.o) (copysign)
/home/josepintor/Documentos/gcc-arm-none-eabi-4_9-2015q3/bin/../lib/gcc/arm-none-eabi/4.9.3/armv6-m/libgcc.a(_thumb1_case_uqi.o)
                              _build/ble_ambient.o (__gnu_thumb1_case_uqi)
/home/josepintor/Documentos/gcc-arm-none-eabi-4_9-2015q3/bin/../lib/gcc/arm-none-eabi/4.9.3/armv6-m/libgcc.a(_udivsi3.o)
                              _build/SparkFunTSL2561.o (__aeabi_uidiv)
/home/josepintor/Documentos/gcc-arm-none-eabi-4_9-2015q3/bin/../lib/gcc/arm-none-eabi/4.9.3/armv6-m/libgcc.a(_divsi3.o)
                              _build/utils.o (__aeabi_idiv)
/home/josepintor/Documentos/gcc-arm-none-eabi-4_9-2015q3/bin/../lib/gcc/arm-none-eabi/4.9.3/armv6-m/libgcc.a(_dvmd_tls.o)
                              /home/josepintor/Documentos/gcc-arm-none-eabi-4_9-2015q3/bin/../lib/gcc/arm-none-eabi/4.9.3/armv6-m/libgcc.a(_udivsi3.o) (__aeabi_idiv0)
[...]
Memory Configuration

Name             Origin             Length             Attributes
FLASH            0x00016000         0x0002a000         xr
RAM              0x20002000         0x00002000         xrw
*default*        0x00000000         0xffffffff

Linker script and memory map

LOAD /home/josepintor/Documentos/gcc-arm-none-eabi-4_9-2015q3/bin/../lib/gcc/arm-none-eabi/4.9.3/armv6-m/crti.o
LOAD /home/josepintor/Documentos/gcc-arm-none-eabi-4_9-2015q3/bin/../lib/gcc/arm-none-eabi/4.9.3/armv6-m/crtbegin.o
LOAD /home/josepintor/Documentos/gcc-arm-none-eabi-4_9-2015q3/bin/../lib/gcc/arm-none-eabi/4.9.3/../../../../arm-none-eabi/lib/armv6-m/crt0.o
LOAD _build/init.o
LOAD _build/utils.o
LOAD _build/nosso.o
LOAD _build/ble_ambient.o
LOAD _build/main.o
LOAD _build/sd_card.o
LOAD _build/SparkFunTSL2561.o
LOAD _build/SparkFunMS1.o
LOAD _build/rain.o
LOAD _build/temp.o
LOAD _build/lum.o
LOAD _build/pr.o
LOAD _build/hum.o
LOAD _build/humsolo.o
LOAD _build/battery.o
LOAD _build/max1161x.o
LOAD _build/mpu9x50.o
LOAD _build/max17048.o
LOAD _build/pca9538.o
LOAD _build/fhp_gpio.o
LOAD _build/nrf_pwm.o
LOAD _build/bme280.o
LOAD _build/SEGGER_RTT.o
LOAD _build/ff.o
LOAD _build/diskio.o
LOAD _build/spi_fhp_master.o
LOAD _build/twi_hw_master.o
LOAD _build/ble_dis.o
LOAD _build/ble_srv_common.o
LOAD _build/softdevice_handler.o
LOAD _build/ble_advdata.o
LOAD _build/ble_conn_params.o
LOAD _build/app_timer.o
LOAD _build/pstorage.o
LOAD _build/device_manager_peripheral.o
LOAD _build/app_gpiote.o
LOAD _build/nrf_delay.o
LOAD _build/app_scheduler.o
LOAD _build/system_nrf51.o
LOAD _build/gcc_startup_nrf51.o
LOAD /home/josepintor/Documentos/gcc-arm-none-eabi-4_9-2015q3/bin/../lib/gcc/arm-none-eabi/4.9.3/../../../../arm-none-eabi/lib/armv6-m/libm.a
START GROUP
LOAD /home/josepintor/Documentos/gcc-arm-none-eabi-4_9-2015q3/bin/../lib/gcc/arm-none-eabi/4.9.3/armv6-m/libgcc.a
LOAD /home/josepintor/Documentos/gcc-arm-none-eabi-4_9-2015q3/bin/../lib/gcc/arm-none-eabi/4.9.3/../../../../arm-none-eabi/lib/armv6-m/libc_nano.a
END GROUP
START GROUP
LOAD /home/josepintor/Documentos/gcc-arm-none-eabi-4_9-2015q3/bin/../lib/gcc/arm-none-eabi/4.9.3/armv6-m/libgcc.a
LOAD /home/josepintor/Documentos/gcc-arm-none-eabi-4_9-2015q3/bin/../lib/gcc/arm-none-eabi/4.9.3/../../../../arm-none-eabi/lib/armv6-m/libc_nano.a
END GROUP
LOAD /home/josepintor/Documentos/gcc-arm-none-eabi-4_9-2015q3/bin/../lib/gcc/arm-none-eabi/4.9.3/armv6-m/crtend.o
LOAD /home/josepintor/Documentos/gcc-arm-none-eabi-4_9-2015q3/bin/../lib/gcc/arm-none-eabi/4.9.3/armv6-m/crtn.o
START GROUP
LOAD /home/josepintor/Documentos/gcc-arm-none-eabi-4_9-2015q3/bin/../lib/gcc/arm-none-eabi/4.9.3/armv6-m/libgcc.a
LOAD /home/josepintor/Documentos/gcc-arm-none-eabi-4_9-2015q3/bin/../lib/gcc/arm-none-eabi/4.9.3/../../../../arm-none-eabi/lib/armv6-m/libc.a
LOAD /home/josepintor/Documentos/gcc-arm-none-eabi-4_9-2015q3/bin/../lib/gcc/arm-none-eabi/4.9.3/../../../../arm-none-eabi/lib/armv6-m/libnosys.a
END GROUP

.text           0x00016000     0xe4b3
 *(.Vectors)
 .Vectors       0x00016000       0xc0 _build/gcc_startup_nrf51.o
                0x00016000                __Vectors
 *(.text*)
 .text          0x000160c0       0x78 /home/josepintor/Documentos/gcc-arm-none-eabi-4_9-2015q3/bin/../lib/gcc/arm-none-eabi/4.9.3/../../../../arm-none-eabi/lib/armv6-m/crt0.o
                0x000160c0                _mainCRTStartup
                0x000160c0                _start
 .text.sd_ble_gap_tx_power_set
                0x00016138        0x4 _build/init.o
 .text.sd_ble_gap_appearance_set
                0x0001613c        0x4 _build/init.o
 .text.sd_ble_gap_ppcp_set
                0x00016140        0x4 _build/init.o
 .text.sd_ble_gap_device_name_set
                0x00016144        0x4 _build/init.o
 .text.sd_ble_enable
                0x00016148        0x4 _build/init.o
 .text.sd_ble_opt_set
                0x0001614c        0x4 _build/init.o
 .text.gpio_init
                0x00016150       0x60 _build/init.o
                0x00016150                gpio_init
 .text.leds_init
                0x000161b0       0x28 _build/init.o
                0x000161b0                leds_init
 .text.timers_init
                0x000161d8       0xc0 _build/init.o
                0x000161d8                timers_init
 .text.gpiote_init
                0x00016298       0x78 _build/init.o
                0x00016298                gpiote_init
 .text.ble_stack_init
                0x00016310       0x98 _build/init.o
                0x00016310                ble_stack_init
 .text.scheduler_init
                0x000163a8       0x24 _build/init.o
                0x000163a8                scheduler_init
 .text.device_manager_init
                0x000163cc       0x80 _build/init.o
                0x000163cc                device_manager_init
 .text.gap_params_init
                0x0001644c       0x5c _build/init.o
                0x0001644c                gap_params_init
 .text.services_init
                0x000164a8       0x90 _build/init.o
                0x000164a8                services_init
 .text.advertising_init
                0x00016538       0x4c _build/init.o
                0x00016538                advertising_init
 .text.conn_params_init
                0x00016584       0x54 _build/init.o
                0x00016584                conn_params_init
 .text.drivers_init
                0x000165d8       0x9c _build/init.o
                0x000165d8                drivers_init
 .text.sensors_init
                0x00016674      0x104 _build/init.o
                0x00016674                sensors_init
 .text.watchdog_init
                0x00016778       0x54 _build/init.o
                0x00016778                watchdog_init
 .text.application_work_start
                0x000167cc       0x74 _build/init.o
                0x000167cc                application_work_start
 .text.application_work_stop
                0x00016840       0x3c _build/init.o
                0x00016840                application_work_stop
 .text.msec_to_ticks
                0x0001687c        0x4 _build/utils.o
                0x0001687c                msec_to_ticks
 .text.check_ble_service_err_code
                0x00016880       0x48 _build/utils.o
                0x00016880                check_ble_service_err_code
 .text.add_zeroes
                0x000168c8       0x78 _build/utils.o
                0x000168c8                add_zeroes
 .text.log_to_sd
                0x00016940      0x110 _build/utils.o
                0x00016940                log_to_sd
 .text.log2sd   0x00016a50       0x74 _build/utils.o
                0x00016a50                log2sd
 .text.getTimeStamp
                0x00016ac4        0xc _build/nosso.o
                0x00016ac4                getTimeStamp
 .text.getflagBAT
                0x00016ad0        0xc _build/nosso.o
                0x00016ad0                getflagBAT
 .text.getflagACC
                0x00016adc        0xc _build/nosso.o
                0x00016adc                getflagACC
 .text.setTimeStamp
                0x00016ae8        0xc _build/nosso.o
                0x00016ae8                setTimeStamp
 .text.setflagBAT
                0x00016af4        0xc _build/nosso.o
                0x00016af4                setflagBAT
 .text.setflagACC
                0x00016b00        0xc _build/nosso.o
                0x00016b00                setflagACC
 .text.increTimeStamp
                0x00016b0c       0x10 _build/nosso.o
                0x00016b0c                increTimeStamp
 .text.sd_ble_gatts_service_add
                0x00016b1c        0x4 _build/ble_ambient.o
 .text.sd_ble_gatts_characteristic_add
                0x00016b20        0x4 _build/ble_ambient.o
 .text.sd_ble_gatts_value_set
                0x00016b24        0x4 _build/ble_ambient.o
 .text.sd_ble_gatts_hvx
                0x00016b28        0x4 _build/ble_ambient.o
 .text.sd_ble_uuid_vs_add
                0x00016b2c        0x4 _build/ble_ambient.o
 .text.ble_ambient_init
                0x00016b30      0x624 _build/ble_ambient.o
                0x00016b30                ble_ambient_init
 .text.ble_ambient_sensor_update
                0x00017154       0x94 _build/ble_ambient.o
                0x00017154                ble_ambient_sensor_update
 .text.sd_timer_handler
                0x000171e8       0x68 _build/ble_ambient.o
                0x000171e8                sd_timer_handler
 .text.lerCartao2
                0x00017250       0xb4 _build/ble_ambient.o
                0x00017250                lerCartao2
 .text.ble_ambient_config_update
                0x00017304       0xd6 _build/ble_ambient.o
                0x00017304                ble_ambient_config_update
 .text.rtc_timer_handler
                0x000173da        0x8 _build/ble_ambient.o
                0x000173da                rtc_timer_handler
 *fill*         0x000173e2        0x2 
 .text.ble_install_config_update
                0x000173e4       0xb0 _build/ble_ambient.o
                0x000173e4                ble_install_config_update
 .text.ble_ambient_on_ble_evt
                0x00017494      0x19c _build/ble_ambient.o
                0x00017494                ble_ambient_on_ble_evt
 .text.sd_ble_gap_adv_start
                0x00017630        0x4 _build/main.o
 .text.sd_app_evt_wait
                0x00017634        0x4 _build/main.o
 .text.app_error_handler
                0x00017638       0x50 _build/main.o
                0x00017638                app_error_handler
 .text.HardFault_Handler
                0x00017688       0x3c _build/main.o
                0x00017688                HardFault_Handler
 .text.assert_nrf_callback
                0x000176c4       0x4c _build/main.o
                0x000176c4                assert_nrf_callback
 .text.conn_params_error_handler
                0x00017710       0x10 _build/main.o
                0x00017710                conn_params_error_handler
 .text.on_conn_params_evt
                0x00017720       0x24 _build/main.o
                0x00017720                on_conn_params_evt
 .text.advertising_start
                0x00017744       0x54 _build/main.o
                0x00017744                advertising_start
 .text.on_ble_evt
                0x00017798       0x9c _build/main.o
 .text.device_manager_evt_handler
                0x00017834       0x18 _build/main.o
                0x00017834                device_manager_evt_handler
 .text.ble_evt_dispatch
                0x0001784c       0x24 _build/main.o
                0x0001784c                ble_evt_dispatch
 .text.sys_evt_dispatch
                0x00017870        0x8 _build/main.o
                0x00017870                sys_evt_dispatch
 .text.ble_amb_evt
                0x00017878      0x154 _build/main.o
                0x00017878                ble_amb_evt
 .text.base_timer_handler
                0x000179cc       0x68 _build/main.o
                0x000179cc                base_timer_handler
 .text.watchdog_timer_handler
                0x00017a34       0x14 _build/main.o
                0x00017a34                watchdog_timer_handler
 .text.startup.main
                0x00017a48      0x1f8 _build/main.o
                0x00017a48                main
 .text.nrf_delay_us.constprop.0
                0x00017c40       0x26 _build/sd_card.o
 *fill*         0x00017c66        0x2 
 .text.spi_init
                0x00017c68       0x2c _build/sd_card.o
                0x00017c68                spi_init
 .text.send_mmc
                0x00017c94       0x28 _build/sd_card.o
                0x00017c94                send_mmc
 .text.receive_mmc
                0x00017cbc       0x38 _build/sd_card.o
                0x00017cbc                receive_mmc
 .text.wait_ready
                0x00017cf4       0x2c _build/sd_card.o
                0x00017cf4                wait_ready
 .text.deselect
                0x00017d20       0x1c _build/sd_card.o
                0x00017d20                deselect
 .text.select   0x00017d3c       0x30 _build/sd_card.o
                0x00017d3c                select
 .text.receive_datablock
                0x00017d6c       0x48 _build/sd_card.o
                0x00017d6c                receive_datablock
 .text.send_datablock
                0x00017db4       0x4c _build/sd_card.o
                0x00017db4                send_datablock
 .text.send_cmd
                0x00017e00       0x94 _build/sd_card.o
                0x00017e00                send_cmd
 .text.SFE_TSL2561_begin
                0x00017e94       0x1c _build/SparkFunTSL2561.o
                0x00017e94                SFE_TSL2561_begin
 .text.SFE_TSL2561_getLux
                0x00017eb0      0x1d0 _build/SparkFunTSL2561.o
                0x00017eb0                SFE_TSL2561_getLux
 .text.SFE_TSL2561_readByte
                0x00018080       0x58 _build/SparkFunTSL2561.o
                0x00018080                SFE_TSL2561_readByte
 .text.SFE_TSL2561_getID
                0x000180d8       0x14 _build/SparkFunTSL2561.o
                0x000180d8                SFE_TSL2561_getID
 .text.SFE_TSL2561_writeByte
                0x000180ec       0x58 _build/SparkFunTSL2561.o
                0x000180ec                SFE_TSL2561_writeByte
 .text.SFE_TSL2561_setPowerUp
                0x00018144       0x14 _build/SparkFunTSL2561.o
                0x00018144                SFE_TSL2561_setPowerUp
 .text.setTiming
                0x00018158       0x48 _build/SparkFunTSL2561.o
                0x00018158                setTiming
 .text.SFE_TSL2561_setTiming
                0x000181a0       0x22 _build/SparkFunTSL2561.o
                0x000181a0                SFE_TSL2561_setTiming
 *fill*         0x000181c2        0x2 
 .text.SparkFunTSL2561_init
                0x000181c4       0xd0 _build/SparkFunTSL2561.o
                0x000181c4                SparkFunTSL2561_init
 .text.SFE_TSL2561_readUInt
                0x00018294       0x5c _build/SparkFunTSL2561.o
                0x00018294                SFE_TSL2561_readUInt
 .text.SFE_TSL2561_getData
                0x000182f0       0x24 _build/SparkFunTSL2561.o
                0x000182f0                SFE_TSL2561_getData
 .text.SparkFunTSL2561_bring_the_light
                0x00018314       0x84 _build/SparkFunTSL2561.o
                0x00018314                SparkFunTSL2561_bring_the_light
 .text.SparkFunMS1_read1
                0x00018398       0x40 _build/SparkFunMS1.o
                0x00018398                SparkFunMS1_read1
 .text.SparkFunMS1_read3
                0x000183d8       0x38 _build/SparkFunMS1.o
                0x000183d8                SparkFunMS1_read3
 .text.rain_init
                0x00018410       0x34 _build/rain.o
                0x00018410                rain_init
 .text.rain_configs_update
                0x00018444       0x94 _build/rain.o
                0x00018444                rain_configs_update
 .text.rain_values_handler
                0x000184d8       0x60 _build/rain.o
                0x000184d8                rain_values_handler
 .text.rain_timer_handler
                0x00018538       0x84 _build/rain.o
                0x00018538                rain_timer_handler
 .text.temp_init
                0x000185bc       0x34 _build/temp.o
                0x000185bc                temp_init
 .text.temp_configs_update
                0x000185f0       0x94 _build/temp.o
                0x000185f0                temp_configs_update
 .text.temp_values_handler
                0x00018684       0x88 _build/temp.o
                0x00018684                temp_values_handler
 .text.temp_timer_handler
                0x0001870c       0x84 _build/temp.o
                0x0001870c                temp_timer_handler
 .text.lum_init
                0x00018790       0x34 _build/lum.o
                0x00018790                lum_init
 .text.lum_configs_update
                0x000187c4       0x94 _build/lum.o
                0x000187c4                lum_configs_update
 .text.lum_values_handler
                0x00018858       0x78 _build/lum.o
                0x00018858                lum_values_handler
 .text.lum_timer_handler
                0x000188d0       0x84 _build/lum.o
                0x000188d0                lum_timer_handler
 .text.hum_init
                0x00018954       0x34 _build/hum.o
                0x00018954                hum_init
 .text.hum_configs_update
                0x00018988       0x94 _build/hum.o
                0x00018988                hum_configs_update
 .text.hum_values_handler
                0x00018a1c       0x78 _build/hum.o
                0x00018a1c                hum_values_handler
 .text.hum_timer_handler
                0x00018a94       0x84 _build/hum.o
                0x00018a94                hum_timer_handler
 .text.humsolo_init
                0x00018b18       0x34 _build/humsolo.o
                0x00018b18                humsolo_init
 .text.humsolo_configs_update
                0x00018b4c       0x94 _build/humsolo.o
                0x00018b4c                humsolo_configs_update
 .text.humsolo_values_handler
                0x00018be0       0x80 _build/humsolo.o
                0x00018be0                humsolo_values_handler
 .text.humsolo_timer_handler
                0x00018c60       0x84 _build/humsolo.o
                0x00018c60                humsolo_timer_handler
 .text.induction_charging.part.0
                0x00018ce4       0x3c _build/battery.o
 .text.wired_charging.part.1
                0x00018d20       0x3c _build/battery.o
 .text.battery_init
                0x00018d5c       0x18 _build/battery.o
                0x00018d5c                battery_init
 .text.induction_charging
                0x00018d74       0x38 _build/battery.o
                0x00018d74                induction_charging
 .text.wired_charging
                0x00018dac       0x38 _build/battery.o
                0x00018dac                wired_charging
 .text.battery_charge_handler
                0x00018de4       0x68 _build/battery.o
                0x00018de4                battery_charge_handler
 .text.gauge_timer_handler
                0x00018e4c       0xa4 _build/battery.o
                0x00018e4c                gauge_timer_handler
 .text.enable_high_voltage
                0x00018ef0       0x20 _build/battery.o
                0x00018ef0                enable_high_voltage
 .text.max1161x_write_data
                0x00018f10       0x28 _build/max1161x.o
                0x00018f10                max1161x_write_data
 .text.max1161x_read_data
                0x00018f38       0x4c _build/max1161x.o
                0x00018f38                max1161x_read_data
 .text.max1161x_init
                0x00018f84       0x28 _build/max1161x.o
                0x00018f84                max1161x_init
 .text.max1161x_read_channel
                0x00018fac       0x44 _build/max1161x.o
                0x00018fac                max1161x_read_channel
 .text.read_mult
                0x00018ff0       0x74 _build/mpu9x50.o
                0x00018ff0                read_mult
 .text.read     0x00019064        0xa _build/mpu9x50.o
                0x00019064                read
 .text.get8     0x0001906e       0x16 _build/mpu9x50.o
                0x0001906e                get8
 .text.write_mult
                0x00019084       0x54 _build/mpu9x50.o
                0x00019084                write_mult
 .text.write    0x000190d8       0x12 _build/mpu9x50.o
                0x000190d8                write
 .text.writeBits
                0x000190ea       0x44 _build/mpu9x50.o
                0x000190ea                writeBits
 .text.writeBit
                0x0001912e        0xc _build/mpu9x50.o
                0x0001912e                writeBit
 .text.mpu9x50_reset
                0x0001913a        0xe _build/mpu9x50.o
                0x0001913a                mpu9x50_reset
 .text.mpu9x50_gyroStandby
                0x00019148        0xe _build/mpu9x50.o
                0x00019148                mpu9x50_gyroStandby
 .text.mpu9x50_cycleMode
                0x00019156        0xe _build/mpu9x50.o
                0x00019156                mpu9x50_cycleMode
 .text.mpu9x50_setCycleWakeFrequency
                0x00019164       0x10 _build/mpu9x50.o
                0x00019164                mpu9x50_setCycleWakeFrequency
 .text.mpu9x50_setStandbyAccX
                0x00019174        0xe _build/mpu9x50.o
                0x00019174                mpu9x50_setStandbyAccX
 .text.mpu9x50_setStandbyAccY
                0x00019182        0xe _build/mpu9x50.o
                0x00019182                mpu9x50_setStandbyAccY
 .text.mpu9x50_setStandbyAccZ
                0x00019190        0xe _build/mpu9x50.o
                0x00019190                mpu9x50_setStandbyAccZ
 .text.mpu9x50_setStandbyGyroX
                0x0001919e        0xe _build/mpu9x50.o
                0x0001919e                mpu9x50_setStandbyGyroX
 .text.mpu9x50_setStandbyGyroY
                0x000191ac        0xe _build/mpu9x50.o
                0x000191ac                mpu9x50_setStandbyGyroY
 .text.mpu9x50_setStandbyGyroZ
                0x000191ba        0xe _build/mpu9x50.o
                0x000191ba                mpu9x50_setStandbyGyroZ
 .text.mpu9x50_setAccelerometerDigitalLowPassFilter
                0x000191c8       0x10 _build/mpu9x50.o
                0x000191c8                mpu9x50_setAccelerometerDigitalLowPassFilter
 .text.mpu9x50_setAccelerometerDigitalLowPassFilterOn
                0x000191d8        0xe _build/mpu9x50.o
                0x000191d8                mpu9x50_setAccelerometerDigitalLowPassFilterOn
 .text.mpu9x50_setMotionInterrupt
                0x000191e6        0xc _build/mpu9x50.o
                0x000191e6                mpu9x50_setMotionInterrupt
 .text.mpu9x50_setMotionThreshold
                0x000191f2        0xc _build/mpu9x50.o
                0x000191f2                mpu9x50_setMotionThreshold
 *fill*         0x000191fe        0x2 
 .text.mpu9x50_initMoveSensor
                0x00019200       0x68 _build/mpu9x50.o
                0x00019200                mpu9x50_initMoveSensor
 .text.mpu9x50_getInterruptStatus
                0x00019268        0xc _build/mpu9x50.o
                0x00019268                mpu9x50_getInterruptStatus
 .text.max17048_write_data
                0x00019274       0x4c _build/max17048.o
                0x00019274                max17048_write_data
 .text.max17048_read_data
                0x000192c0       0x6c _build/max17048.o
                0x000192c0                max17048_read_data
 .text.max17048_clear_alert
                0x0001932c       0x44 _build/max17048.o
                0x0001932c                max17048_clear_alert
 .text.max17048_init
                0x00019370       0x98 _build/max17048.o
                0x00019370                max17048_init
 .text.max17048_read_soc
                0x00019408       0x18 _build/max17048.o
                0x00019408                max17048_read_soc
 .text.max17048_get_alert
                0x00019420       0x58 _build/max17048.o
                0x00019420                max17048_get_alert
 .text.nrf_delay_us.constprop.1
                0x00019478       0x26 _build/pca9538.o
 *fill*         0x0001949e        0x2 
 .text.pca9538_write
                0x000194a0       0x30 _build/pca9538.o
                0x000194a0                pca9538_write
 .text.pca9538_init
                0x000194d0       0x4c _build/pca9538.o
                0x000194d0                pca9538_init
 .text.timer_handler
                0x0001951c       0x88 _build/fhp_gpio.o
 .text.clear_pwm_pin
                0x000195a4       0x9c _build/fhp_gpio.o
 .text.fhp_gpio_config
                0x00019640      0x128 _build/fhp_gpio.o
 .text.fhp_gpio_init
                0x00019768       0x34 _build/fhp_gpio.o
                0x00019768                fhp_gpio_init
 .text.fhp_gpio_set
                0x0001979c       0x2c _build/fhp_gpio.o
                0x0001979c                fhp_gpio_set
 .text.fhp_gpio_clear
                0x000197c8       0x30 _build/fhp_gpio.o
                0x000197c8                fhp_gpio_clear
 .text.fhp_gpio_blink
                0x000197f8       0x38 _build/fhp_gpio.o
                0x000197f8                fhp_gpio_blink
 .text.fhp_gpio_fade
                0x00019830       0x3c _build/fhp_gpio.o
                0x00019830                fhp_gpio_fade
 .text.sd_ppi_channel_enable_set
                0x0001986c        0x4 _build/nrf_pwm.o
 .text.sd_ppi_channel_assign
                0x00019870        0x4 _build/nrf_pwm.o
 .text.sd_radio_session_open
                0x00019874        0x4 _build/nrf_pwm.o
 .text.sd_radio_request
                0x00019878        0x4 _build/nrf_pwm.o
 .text.safe_margins_present
                0x0001987c       0x3c _build/nrf_pwm.o
 .text.ppi_enable_channel
                0x000198b8       0x18 _build/nrf_pwm.o
 .text.nrf_gpiote_task_config.constprop.2
                0x000198d0       0x44 _build/nrf_pwm.o
 .text.nrf_pwm_init
                0x00019914      0x208 _build/nrf_pwm.o
                0x00019914                nrf_pwm_init
 .text.nrf_pwm_set_value
                0x00019b1c       0x38 _build/nrf_pwm.o
                0x00019b1c                nrf_pwm_set_value
 .text.nrf_pwm_set_enabled
                0x00019b54       0x78 _build/nrf_pwm.o
                0x00019b54                nrf_pwm_set_enabled
 .text.TIMER2_IRQHandler
                0x00019bcc      0x21c _build/nrf_pwm.o
                0x00019bcc                TIMER2_IRQHandler
 .text.nrf_radio_signal_callback
                0x00019de8       0x20 _build/nrf_pwm.o
                0x00019de8                nrf_radio_signal_callback
 .text.BME280_I2C_bus_write
                0x00019e08       0x7a _build/bme280.o
                0x00019e08                BME280_I2C_bus_write
 .text.BME280_delay_msek
                0x00019e82        0x8 _build/bme280.o
                0x00019e82                BME280_delay_msek
 .text.BME280_I2C_bus_read
                0x00019e8a       0x54 _build/bme280.o
                0x00019e8a                BME280_I2C_bus_read
 *fill*         0x00019ede        0x2 
 .text.bme280_read_uncomp_temperature
                0x00019ee0       0x44 _build/bme280.o
                0x00019ee0                bme280_read_uncomp_temperature
 .text.bme280_compensate_temperature_int32
                0x00019f24       0x3c _build/bme280.o
                0x00019f24                bme280_compensate_temperature_int32
 .text.bme280_read_uncomp_humidity
                0x00019f60       0x3c _build/bme280.o
                0x00019f60                bme280_read_uncomp_humidity
 .text.bme280_compensate_humidity_int32
                0x00019f9c       0x80 _build/bme280.o
                0x00019f9c                bme280_compensate_humidity_int32
 .text.bme280_get_calib_param
                0x0001a01c      0x114 _build/bme280.o
                0x0001a01c                bme280_get_calib_param
 .text.bme280_init
                0x0001a130       0x38 _build/bme280.o
                0x0001a130                bme280_init
 .text.bme280_get_power_mode
                0x0001a168       0x38 _build/bme280.o
                0x0001a168                bme280_get_power_mode
 .text.bme280_set_soft_rst
                0x0001a1a0       0x2c _build/bme280.o
                0x0001a1a0                bme280_set_soft_rst
 .text.bme280_write_register
                0x0001a1cc       0x28 _build/bme280.o
                0x0001a1cc                bme280_write_register
 .text.bme280_read_register
                0x0001a1f4       0x28 _build/bme280.o
                0x0001a1f4                bme280_read_register
 .text.bme280_set_oversamp_temperature
                0x0001a21c       0xe4 _build/bme280.o
                0x0001a21c                bme280_set_oversamp_temperature
 .text.bme280_set_oversamp_pressure
                0x0001a300       0xe8 _build/bme280.o
                0x0001a300                bme280_set_oversamp_pressure
 .text.bme280_set_oversamp_humidity
                0x0001a3e8      0x118 _build/bme280.o
                0x0001a3e8                bme280_set_oversamp_humidity
 .text.bme280_set_power_mode
                0x0001a500       0xdc _build/bme280.o
                0x0001a500                bme280_set_power_mode
 .text.bme280_set_filter
                0x0001a5dc       0xf0 _build/bme280.o
                0x0001a5dc                bme280_set_filter
 .text.bme280_init_nrf51
                0x0001a6cc       0x74 _build/bme280.o
                0x0001a6cc                bme280_init_nrf51
 .text.bme280_read_temperature
                0x0001a740       0x38 _build/bme280.o
                0x0001a740                bme280_read_temperature
 .text.bme280_read_humidity
                0x0001a778       0x38 _build/bme280.o
                0x0001a778                bme280_read_humidity
 .text.SEGGER_RTT_Write
                0x0001a7b0       0xcc _build/SEGGER_RTT.o
                0x0001a7b0                SEGGER_RTT_Write
 .text.SEGGER_RTT_WriteString
                0x0001a87c       0x1a _build/SEGGER_RTT.o
                0x0001a87c                SEGGER_RTT_WriteString
 .text.mem_cpy  0x0001a896       0x12 _build/ff.o
 .text.mem_set  0x0001a8a8        0xe _build/ff.o
 .text.get_ldnumber
                0x0001a8b6       0x30 _build/ff.o
 .text.validate
                0x0001a8e6       0x2e _build/ff.o
 .text.ld_clust.isra.0
                0x0001a914       0x1c _build/ff.o
 .text.sync_window.part.2
                0x0001a930       0x4a _build/ff.o
 .text.sync_window
                0x0001a97a       0x14 _build/ff.o
 *fill*         0x0001a98e        0x2 
 .text.sync_fs  0x0001a990       0xe4 _build/ff.o
 .text.move_window
                0x0001aa74       0x34 _build/ff.o
 .text.check_fs
                0x0001aaa8       0xa4 _build/ff.o
 .text.find_volume
                0x0001ab4c      0x388 _build/ff.o
 .text.clust2sect
                0x0001aed4       0x18 _build/ff.o
                0x0001aed4                clust2sect
 .text.get_fat  0x0001aeec       0xd8 _build/ff.o
                0x0001aeec                get_fat
 .text.dir_sdi  0x0001afc4       0x86 _build/ff.o
 .text.put_fat  0x0001b04a      0x10c _build/ff.o
                0x0001b04a                put_fat
 *fill*         0x0001b156        0x2 
 .text.create_chain
                0x0001b158       0xb0 _build/ff.o
 .text.dir_next
                0x0001b208       0xe8 _build/ff.o
 .text.follow_path
                0x0001b2f0      0x1e0 _build/ff.o
 .text.dir_register
                0x0001b4d0       0x62 _build/ff.o
 .text.remove_chain
                0x0001b532       0x5a _build/ff.o
 .text.f_mount  0x0001b58c       0x50 _build/ff.o
                0x0001b58c                f_mount
 .text.f_open   0x0001b5dc      0x12e _build/ff.o
                0x0001b5dc                f_open
 .text.f_read   0x0001b70a      0x136 _build/ff.o
                0x0001b70a                f_read
 .text.f_write  0x0001b840      0x182 _build/ff.o
                0x0001b840                f_write
 .text.f_sync   0x0001b9c2       0x70 _build/ff.o
                0x0001b9c2                f_sync
 .text.f_close  0x0001ba32       0x1a _build/ff.o
                0x0001ba32                f_close
 .text.f_lseek  0x0001ba4c      0x100 _build/ff.o
                0x0001ba4c                f_lseek
 .text.nrf_delay_us.constprop.0
                0x0001bb4c       0x28 _build/diskio.o
 .text.disk_status
                0x0001bb74       0x14 _build/diskio.o
                0x0001bb74                disk_status
 .text.disk_initialize
                0x0001bb88       0xfc _build/diskio.o
                0x0001bb88                disk_initialize
 .text.disk_read
                0x0001bc84       0x74 _build/diskio.o
                0x0001bc84                disk_read
 .text.disk_write
                0x0001bcf8       0x98 _build/diskio.o
                0x0001bcf8                disk_write
 .text.disk_ioctl
                0x0001bd90       0xc0 _build/diskio.o
                0x0001bd90                disk_ioctl
 .text.spi_master_init
                0x0001be50       0xb8 _build/spi_fhp_master.o
                0x0001be50                spi_master_init
 .text.spi_master_tx_rx
                0x0001bf08       0x88 _build/spi_fhp_master.o
                0x0001bf08                spi_master_tx_rx
 .text.nrf_delay_us
                0x0001bf90       0x2e _build/twi_hw_master.o
 *fill*         0x0001bfbe        0x2 
 .text.twi_master_clear_bus
                0x0001bfc0       0xb8 _build/twi_hw_master.o
 .text.twi_master_init
                0x0001c078       0x74 _build/twi_hw_master.o
                0x0001c078                twi_master_init
 .text.twi_master_transfer
                0x0001c0ec      0x180 _build/twi_hw_master.o
                0x0001c0ec                twi_master_transfer
 .text.sd_ble_gatts_service_add
                0x0001c26c        0x4 _build/ble_dis.o
 .text.sd_ble_gatts_characteristic_add
                0x0001c270        0x4 _build/ble_dis.o
 .text.char_add
                0x0001c274       0x88 _build/ble_dis.o
 .text.ble_dis_init
                0x0001c2fc      0x19c _build/ble_dis.o
                0x0001c2fc                ble_dis_init
 .text.ble_srv_ascii_to_utf8
                0x0001c498       0x12 _build/ble_srv_common.o
                0x0001c498                ble_srv_ascii_to_utf8
 .text.sd_nvic_EnableIRQ
                0x0001c4aa        0x4 _build/softdevice_handler.o
 .text.sd_evt_get
                0x0001c4ae        0x4 _build/softdevice_handler.o
 .text.sd_softdevice_enable
                0x0001c4b2        0x4 _build/softdevice_handler.o
 .text.sd_ble_evt_get
                0x0001c4b6        0x4 _build/softdevice_handler.o
 .text.softdevice_assertion_handler
                0x0001c4ba        0xc _build/softdevice_handler.o
                0x0001c4ba                softdevice_assertion_handler
 *fill*         0x0001c4c6        0x2 
 .text.intern_softdevice_events_execute
                0x0001c4c8       0x98 _build/softdevice_handler.o
                0x0001c4c8                intern_softdevice_events_execute
 .text.softdevice_handler_init
                0x0001c560       0x38 _build/softdevice_handler.o
                0x0001c560                softdevice_handler_init
 .text.softdevice_ble_evt_handler_set
                0x0001c598       0x14 _build/softdevice_handler.o
                0x0001c598                softdevice_ble_evt_handler_set
 .text.softdevice_sys_evt_handler_set
                0x0001c5ac       0x14 _build/softdevice_handler.o
                0x0001c5ac                softdevice_sys_evt_handler_set
 .text.SWI2_IRQHandler
                0x0001c5c0       0x2c _build/softdevice_handler.o
                0x0001c5c0                SWI2_IRQHandler
 .text.sd_ble_gap_adv_data_set
                0x0001c5ec        0x4 _build/ble_advdata.o
 .text.sd_ble_gap_appearance_get
                0x0001c5f0        0x4 _build/ble_advdata.o
 .text.sd_ble_gap_device_name_get
                0x0001c5f4        0x4 _build/ble_advdata.o
 .text.sd_ble_uuid_encode
                0x0001c5f8        0x4 _build/ble_advdata.o
 .text.uuid_list_sized_encode
                0x0001c5fc       0xaa _build/ble_advdata.o
 .text.uuid_list_encode
                0x0001c6a6       0x26 _build/ble_advdata.o
 .text.adv_data_encode
                0x0001c6cc      0x2fc _build/ble_advdata.o
 .text.ble_advdata_set
                0x0001c9c8       0x70 _build/ble_advdata.o
                0x0001c9c8                ble_advdata_set
 .text.sd_ble_gap_conn_param_update
                0x0001ca38        0x4 _build/ble_conn_params.o
 .text.sd_ble_gap_disconnect
                0x0001ca3c        0x4 _build/ble_conn_params.o
 .text.sd_ble_gap_ppcp_set
                0x0001ca40        0x4 _build/ble_conn_params.o
 .text.sd_ble_gap_ppcp_get
                0x0001ca44        0x4 _build/ble_conn_params.o
 .text.update_timeout_handler
                0x0001ca48       0x64 _build/ble_conn_params.o
 .text.conn_params_negotiation
                0x0001caac       0x64 _build/ble_conn_params.o
 .text.ble_conn_params_init
                0x0001cb10       0x60 _build/ble_conn_params.o
                0x0001cb10                ble_conn_params_init
 .text.ble_conn_params_on_ble_evt
                0x0001cb70       0x8c _build/ble_conn_params.o
                0x0001cb70                ble_conn_params_on_ble_evt
 .text.user_op_alloc
                0x0001cbfc       0x2a _build/app_timer.o
 *fill*         0x0001cc26        0x2 
 .text.user_id_get
                0x0001cc28       0x64 _build/app_timer.o
 .text.nrf_delay_us.constprop.5
                0x0001cc8c       0x26 _build/app_timer.o
 *fill*         0x0001ccb2        0x2 
 .text.rtc1_stop
                0x0001ccb4       0x40 _build/app_timer.o
 .text.RTC1_IRQHandler
                0x0001ccf4       0xa0 _build/app_timer.o
                0x0001ccf4                RTC1_IRQHandler
 .text.SWI0_IRQHandler
                0x0001cd94      0x37c _build/app_timer.o
                0x0001cd94                SWI0_IRQHandler
 .text.app_timer_init
                0x0001d110       0xc0 _build/app_timer.o
                0x0001d110                app_timer_init
 .text.app_timer_create
                0x0001d1d0       0x4c _build/app_timer.o
                0x0001d1d0                app_timer_create
 .text.app_timer_start
                0x0001d21c       0x90 _build/app_timer.o
                0x0001d21c                app_timer_start
 .text.app_timer_stop
                0x0001d2ac       0x60 _build/app_timer.o
                0x0001d2ac                app_timer_stop
 .text.sd_flash_write
                0x0001d30c        0x4 _build/pstorage.o
 .text.sd_flash_page_erase
                0x0001d310        0x4 _build/pstorage.o
 .text.app_notify
                0x0001d314       0x30 _build/pstorage.o
 .text.swap_state_process
                0x0001d344      0x1bc _build/pstorage.o
 .text.cmd_process
                0x0001d500      0x118 _build/pstorage.o
 .text.unlikely.cmd_queue_enqueue
                0x0001d618       0x54 _build/pstorage.o
 .text.cmd_queue_dequeue
                0x0001d66c       0x20 _build/pstorage.o
 .text.pstorage_sys_event_handler
                0x0001d68c       0xec _build/pstorage.o
                0x0001d68c                pstorage_sys_event_handler
 .text.pstorage_init
                0x0001d778       0xc4 _build/pstorage.o
                0x0001d778                pstorage_init
 .text.pstorage_register
                0x0001d83c      0x11c _build/pstorage.o
                0x0001d83c                pstorage_register
 .text.pstorage_block_identifier_get
                0x0001d958       0x5c _build/pstorage.o
                0x0001d958                pstorage_block_identifier_get
 .text.pstorage_store
                0x0001d9b4       0x88 _build/pstorage.o
                0x0001d9b4                pstorage_store
 .text.pstorage_update
                0x0001da3c       0x88 _build/pstorage.o
                0x0001da3c                pstorage_update
 .text.pstorage_load
                0x0001dac4       0xac _build/pstorage.o
                0x0001dac4                pstorage_load
 .text.pstorage_clear
                0x0001db70       0x6c _build/pstorage.o
                0x0001db70                pstorage_clear
 .text.sd_ble_gap_sec_params_reply
                0x0001dbdc        0x4 _build/device_manager_peripheral.o
 .text.sd_ble_gap_sec_info_reply
                0x0001dbe0        0x4 _build/device_manager_peripheral.o
 .text.sd_ble_gatts_sys_attr_set
                0x0001dbe4        0x4 _build/device_manager_peripheral.o
 .text.sd_ble_gatts_sys_attr_get
                0x0001dbe8        0x4 _build/device_manager_peripheral.o
 .text.storage_operation_dummy_handler
                0x0001dbec        0x4 _build/device_manager_peripheral.o
 .text.no_service_context_store
                0x0001dbf0        0x4 _build/device_manager_peripheral.o
 .text.gattc_context_store
                0x0001dbf4        0x4 _build/device_manager_peripheral.o
 .text.no_service_context_load
                0x0001dbf8        0x4 _build/device_manager_peripheral.o
 .text.gattc_context_load
                0x0001dbfc        0x4 _build/device_manager_peripheral.o
 .text.no_service_context_apply
                0x0001dc00        0x4 _build/device_manager_peripheral.o
 .text.gatts_context_apply
                0x0001dc04       0x4c _build/device_manager_peripheral.o
 .text.gattc_context_apply
                0x0001dc50        0x4 _build/device_manager_peripheral.o
 .text.gattsc_context_apply
                0x0001dc54        0x8 _build/device_manager_peripheral.o
 .text.gatts_context_store
                0x0001dc5c       0xac _build/device_manager_peripheral.o
 .text.gattsc_context_store
                0x0001dd08        0x8 _build/device_manager_peripheral.o
 .text.device_context_store
                0x0001dd10       0xbc _build/device_manager_peripheral.o
 .text.gatts_context_load
                0x0001ddcc       0x30 _build/device_manager_peripheral.o
 .text.gattsc_context_load
                0x0001ddfc        0x8 _build/device_manager_peripheral.o
 .text.dm_pstorage_cb_handler
                0x0001de04      0x130 _build/device_manager_peripheral.o
 .text.peer_instance_init
                0x0001df34       0x4c _build/device_manager_peripheral.o
 .text.dm_init  0x0001df80       0xdc _build/device_manager_peripheral.o
                0x0001df80                dm_init
 .text.dm_register
                0x0001e05c       0x58 _build/device_manager_peripheral.o
                0x0001e05c                dm_register
 .text.bond_data_load
                0x0001e0b4       0x50 _build/device_manager_peripheral.o
                0x0001e0b4                bond_data_load
 .text.dm_ble_evt_handler
                0x0001e104      0x354 _build/device_manager_peripheral.o
                0x0001e104                dm_ble_evt_handler
 .text.pins_sense_disable
                0x0001e458       0x40 _build/app_gpiote.o
 .text.sense_level_toggle.isra.0
                0x0001e498       0x4c _build/app_gpiote.o
 .text.GPIOTE_IRQHandler
                0x0001e4e4       0x98 _build/app_gpiote.o
                0x0001e4e4                GPIOTE_IRQHandler
 .text.app_gpiote_init
                0x0001e57c       0x68 _build/app_gpiote.o
                0x0001e57c                app_gpiote_init
 .text.app_gpiote_user_register
                0x0001e5e4       0x48 _build/app_gpiote.o
                0x0001e5e4                app_gpiote_user_register
 .text.app_gpiote_user_enable
                0x0001e62c       0x98 _build/app_gpiote.o
                0x0001e62c                app_gpiote_user_enable
 .text.nrf_delay_ms
                0x0001e6c4       0x40 _build/nrf_delay.o
                0x0001e6c4                nrf_delay_ms
 .text.sd_nvic_critical_region_enter
                0x0001e704        0x4 _build/app_scheduler.o
 .text.sd_nvic_critical_region_exit
                0x0001e708        0x4 _build/app_scheduler.o
 .text.app_sched_init
                0x0001e70c       0x2c _build/app_scheduler.o
                0x0001e70c                app_sched_init
 .text.app_sched_event_put
                0x0001e738      0x12c _build/app_scheduler.o
                0x0001e738                app_sched_event_put
 .text.app_sched_execute
                0x0001e864       0x40 _build/app_scheduler.o
                0x0001e864                app_sched_execute
 .text.SystemInit
                0x0001e8a4       0x8c _build/system_nrf51.o
                0x0001e8a4                SystemInit
 .text          0x0001e930       0x54 _build/gcc_startup_nrf51.o
                0x0001e930                Reset_Handler
                0x0001e978                NMI_Handler
                0x0001e97c                SVC_Handler
                0x0001e97e                PendSV_Handler
                0x0001e980                SysTick_Handler
                0x0001e982                SPI0_TWI0_IRQHandler
                0x0001e982                RTC0_IRQHandler
                0x0001e982                POWER_CLOCK_IRQHandler
                0x0001e982                RADIO_IRQHandler
                0x0001e982                LPCOMP_IRQHandler
                0x0001e982                SWI4_IRQHandler
                0x0001e982                TEMP_IRQHandler
                0x0001e982                QDEC_IRQHandler
                0x0001e982                UART0_IRQHandler
                0x0001e982                SWI5_IRQHandler
                0x0001e982                TIMER0_IRQHandler
                0x0001e982                TIMER1_IRQHandler
                0x0001e982                ECB_IRQHandler
                0x0001e982                Default_Handler
                0x0001e982                ADC_IRQHandler
                0x0001e982                SWI3_IRQHandler
                0x0001e982                CCM_AAR_IRQHandler
                0x0001e982                WDT_IRQHandler
                0x0001e982                RNG_IRQHandler
                0x0001e982                SPI1_TWI1_IRQHandler
                0x0001e982                SWI1_IRQHandler
 .text.pow      0x0001e984      0x35c /home/josepintor/Documentos/gcc-arm-none-eabi-4_9-2015q3/bin/../lib/gcc/arm-none-eabi/4.9.3/../../../../arm-none-eabi/lib/armv6-m/libm.a(lib_a-w_pow.o)
                0x0001e984                pow
 .text.__ieee754_pow
                0x0001ece0      0xa8c /home/josepintor/Documentos/gcc-arm-none-eabi-4_9-2015q3/bin/../lib/gcc/arm-none-eabi/4.9.3/../../../../arm-none-eabi/lib/armv6-m/libm.a(lib_a-e_pow.o)
                0x0001ece0                __ieee754_pow
 .text.__ieee754_sqrt
                0x0001f76c      0x1ec /home/josepintor/Documentos/gcc-arm-none-eabi-4_9-2015q3/bin/../lib/gcc/arm-none-eabi/4.9.3/../../../../arm-none-eabi/lib/armv6-m/libm.a(lib_a-e_sqrt.o)
                0x0001f76c                __ieee754_sqrt
 .text.fabs     0x0001f958        0x8 /home/josepintor/Documentos/gcc-arm-none-eabi-4_9-2015q3/bin/../lib/gcc/arm-none-eabi/4.9.3/../../../../arm-none-eabi/lib/armv6-m/libm.a(lib_a-s_fabs.o)
                0x0001f958                fabs
 .text.finite   0x0001f960       0x14 /home/josepintor/Documentos/gcc-arm-none-eabi-4_9-2015q3/bin/../lib/gcc/arm-none-eabi/4.9.3/../../../../arm-none-eabi/lib/armv6-m/libm.a(lib_a-s_finite.o)
                0x0001f960                finite
 .text.__fpclassifyd
                0x0001f974       0x5c /home/josepintor/Documentos/gcc-arm-none-eabi-4_9-2015q3/bin/../lib/gcc/arm-none-eabi/4.9.3/../../../../arm-none-eabi/lib/armv6-m/libm.a(lib_a-s_fpclassify.o)
                0x0001f974                __fpclassifyd
 .text.matherr  0x0001f9d0        0x4 /home/josepintor/Documentos/gcc-arm-none-eabi-4_9-2015q3/bin/../lib/gcc/arm-none-eabi/4.9.3/../../../../arm-none-eabi/lib/armv6-m/libm.a(lib_a-s_matherr.o)
                0x0001f9d0                matherr
 .text.nan      0x0001f9d4        0xc /home/josepintor/Documentos/gcc-arm-none-eabi-4_9-2015q3/bin/../lib/gcc/arm-none-eabi/4.9.3/../../../../arm-none-eabi/lib/armv6-m/libm.a(lib_a-s_nan.o)
                0x0001f9d4                nan
 .text.rint     0x0001f9e0      0x144 /home/josepintor/Documentos/gcc-arm-none-eabi-4_9-2015q3/bin/../lib/gcc/arm-none-eabi/4.9.3/../../../../arm-none-eabi/lib/armv6-m/libm.a(lib_a-s_rint.o)
                0x0001f9e0                rint
 .text.scalbn   0x0001fb24       0xf8 /home/josepintor/Documentos/gcc-arm-none-eabi-4_9-2015q3/bin/../lib/gcc/arm-none-eabi/4.9.3/../../../../arm-none-eabi/lib/armv6-m/libm.a(lib_a-s_scalbn.o)
                0x0001fb24                scalbn
 .text.copysign
                0x0001fc1c       0x10 /home/josepintor/Documentos/gcc-arm-none-eabi-4_9-2015q3/bin/../lib/gcc/arm-none-eabi/4.9.3/../../../../arm-none-eabi/lib/armv6-m/libm.a(lib_a-s_copysign.o)
                0x0001fc1c                copysign
 .text          0x0001fc2c       0x14 /home/josepintor/Documentos/gcc-arm-none-eabi-4_9-2015q3/bin/../lib/gcc/arm-none-eabi/4.9.3/armv6-m/libgcc.a(_thumb1_case_uqi.o)
                0x0001fc2c                __gnu_thumb1_case_uqi
 .text          0x0001fc40      0x120 /home/josepintor/Documentos/gcc-arm-none-eabi-4_9-2015q3/bin/../lib/gcc/arm-none-eabi/4.9.3/armv6-m/libgcc.a(_udivsi3.o)
                0x0001fc40                __udivsi3
                0x0001fc40                __aeabi_uidiv
                0x0001fd4c                __aeabi_uidivmod
 .text          0x0001fd60      0x1e0 /home/josepintor/Documentos/gcc-arm-none-eabi-4_9-2015q3/bin/../lib/gcc/arm-none-eabi/4.9.3/armv6-m/libgcc.a(_divsi3.o)
                0x0001fd60                __aeabi_idiv
                0x0001fd60                __divsi3
                0x0001ff2c                __aeabi_idivmod
 .text          0x0001ff40        0x4 /home/josepintor/Documentos/gcc-arm-none-eabi-4_9-2015q3/bin/../lib/gcc/arm-none-eabi/4.9.3/armv6-m/libgcc.a(_dvmd_tls.o)
                0x0001ff40                __aeabi_ldiv0
                0x0001ff40                __aeabi_idiv0
 .text          0x0001ff44       0x7c /home/josepintor/Documentos/gcc-arm-none-eabi-4_9-2015q3/bin/../lib/gcc/arm-none-eabi/4.9.3/armv6-m/libgcc.a(_arm_cmpdf2.o)
                0x0001ff44                __aeabi_cdrcmple
                0x0001ff54                __aeabi_cdcmple
                0x0001ff54                __aeabi_cdcmpeq
                0x0001ff64                __aeabi_dcmpeq
                0x0001ff70                __aeabi_dcmplt
                0x0001ff84                __aeabi_dcmple
                0x0001ff98                __aeabi_dcmpgt
                0x0001ffac                __aeabi_dcmpge
 .text          0x0001ffc0       0x40 /home/josepintor/Documentos/gcc-arm-none-eabi-4_9-2015q3/bin/../lib/gcc/arm-none-eabi/4.9.3/armv6-m/libgcc.a(_aeabi_uldivmod.o)
                0x0001ffc0                __aeabi_uldivmod
 .text          0x00020000       0x3c /home/josepintor/Documentos/gcc-arm-none-eabi-4_9-2015q3/bin/../lib/gcc/arm-none-eabi/4.9.3/armv6-m/libgcc.a(_fixunsdfsi.o)
                0x00020000                __fixunsdfsi
                0x00020000                __aeabi_d2uiz
 .text          0x0002003c       0x6c /home/josepintor/Documentos/gcc-arm-none-eabi-4_9-2015q3/bin/../lib/gcc/arm-none-eabi/4.9.3/armv6-m/libgcc.a(bpabi.o)
                0x0002003c                __gnu_ldivmod_helper
                0x00020074                __gnu_uldivmod_helper
 .text          0x000200a8      0x650 /home/josepintor/Documentos/gcc-arm-none-eabi-4_9-2015q3/bin/../lib/gcc/arm-none-eabi/4.9.3/armv6-m/libgcc.a(adddf3.o)
                0x000200a8                __aeabi_dadd
 .text          0x000206f8      0x648 /home/josepintor/Documentos/gcc-arm-none-eabi-4_9-2015q3/bin/../lib/gcc/arm-none-eabi/4.9.3/armv6-m/libgcc.a(divdf3.o)
                0x000206f8                __aeabi_ddiv
 .text          0x00020d40       0x88 /home/josepintor/Documentos/gcc-arm-none-eabi-4_9-2015q3/bin/../lib/gcc/arm-none-eabi/4.9.3/armv6-m/libgcc.a(eqdf2.o)
                0x00020d40                __eqdf2
                0x00020d40                __nedf2
 .text          0x00020dc8       0xe0 /home/josepintor/Documentos/gcc-arm-none-eabi-4_9-2015q3/bin/../lib/gcc/arm-none-eabi/4.9.3/armv6-m/libgcc.a(gedf2.o)
                0x00020dc8                __gtdf2
                0x00020dc8                __gedf2
 .text          0x00020ea8       0xcc /home/josepintor/Documentos/gcc-arm-none-eabi-4_9-2015q3/bin/../lib/gcc/arm-none-eabi/4.9.3/armv6-m/libgcc.a(ledf2.o)
                0x00020ea8                __ltdf2
                0x00020ea8                __ledf2
 .text          0x00020f74      0x534 /home/josepintor/Documentos/gcc-arm-none-eabi-4_9-2015q3/bin/../lib/gcc/arm-none-eabi/4.9.3/armv6-m/libgcc.a(muldf3.o)
                0x00020f74                __aeabi_dmul
 .text          0x000214a8      0x6f4 /home/josepintor/Documentos/gcc-arm-none-eabi-4_9-2015q3/bin/../lib/gcc/arm-none-eabi/4.9.3/armv6-m/libgcc.a(subdf3.o)
                0x000214a8                __aeabi_dsub
 .text          0x00021b9c       0x6c /home/josepintor/Documentos/gcc-arm-none-eabi-4_9-2015q3/bin/../lib/gcc/arm-none-eabi/4.9.3/armv6-m/libgcc.a(fixdfsi.o)
                0x00021b9c                __aeabi_d2iz
 .text          0x00021c08       0x78 /home/josepintor/Documentos/gcc-arm-none-eabi-4_9-2015q3/bin/../lib/gcc/arm-none-eabi/4.9.3/armv6-m/libgcc.a(floatsidf.o)
                0x00021c08                __aeabi_i2d
 .text          0x00021c80       0x64 /home/josepintor/Documentos/gcc-arm-none-eabi-4_9-2015q3/bin/../lib/gcc/arm-none-eabi/4.9.3/armv6-m/libgcc.a(floatunsidf.o)
                0x00021c80                __aeabi_ui2d
 .text          0x00021ce4       0x3c /home/josepintor/Documentos/gcc-arm-none-eabi-4_9-2015q3/bin/../lib/gcc/arm-none-eabi/4.9.3/armv6-m/libgcc.a(_clzsi2.o)
                0x00021ce4                __clzsi2
 .text          0x00021d20       0x54 /home/josepintor/Documentos/gcc-arm-none-eabi-4_9-2015q3/bin/../lib/gcc/arm-none-eabi/4.9.3/armv6-m/libgcc.a(_muldi3.o)
                0x00021d20                __aeabi_lmul
                0x00021d20                __muldi3
 .text          0x00021d74      0x1f0 /home/josepintor/Documentos/gcc-arm-none-eabi-4_9-2015q3/bin/../lib/gcc/arm-none-eabi/4.9.3/armv6-m/libgcc.a(_divdi3.o)
                0x00021d74                __divdi3
 .text          0x00021f64      0x158 /home/josepintor/Documentos/gcc-arm-none-eabi-4_9-2015q3/bin/../lib/gcc/arm-none-eabi/4.9.3/armv6-m/libgcc.a(_udivdi3.o)
                0x00021f64                __udivdi3
 .text          0x000220bc       0x18 /home/josepintor/Documentos/gcc-arm-none-eabi-4_9-2015q3/bin/../lib/gcc/arm-none-eabi/4.9.3/armv6-m/libgcc.a(_clzdi2.o)
                0x000220bc                __clzdi2
 .text.__errno  0x000220d4        0xc /home/josepintor/Documentos/gcc-arm-none-eabi-4_9-2015q3/bin/../lib/gcc/arm-none-eabi/4.9.3/../../../../arm-none-eabi/lib/armv6-m/libc_nano.a(lib_a-errno.o)
                0x000220d4                __errno
 .text.exit     0x000220e0       0x2c /home/josepintor/Documentos/gcc-arm-none-eabi-4_9-2015q3/bin/../lib/gcc/arm-none-eabi/4.9.3/../../../../arm-none-eabi/lib/armv6-m/libc_nano.a(lib_a-exit.o)
                0x000220e0                exit
 .text.__libc_init_array
                0x0002210c       0x4c /home/josepintor/Documentos/gcc-arm-none-eabi-4_9-2015q3/bin/../lib/gcc/arm-none-eabi/4.9.3/../../../../arm-none-eabi/lib/armv6-m/libc_nano.a(lib_a-init.o)
                0x0002210c                __libc_init_array
 .text.memcmp   0x00022158       0x1e /home/josepintor/Documentos/gcc-arm-none-eabi-4_9-2015q3/bin/../lib/gcc/arm-none-eabi/4.9.3/../../../../arm-none-eabi/lib/armv6-m/libc_nano.a(lib_a-memcmp.o)
                0x00022158                memcmp
 .text.memcpy   0x00022176       0x12 /home/josepintor/Documentos/gcc-arm-none-eabi-4_9-2015q3/bin/../lib/gcc/arm-none-eabi/4.9.3/../../../../arm-none-eabi/lib/armv6-m/libc_nano.a(lib_a-memcpy.o)
                0x00022176                memcpy
 .text.memset   0x00022188       0x10 /home/josepintor/Documentos/gcc-arm-none-eabi-4_9-2015q3/bin/../lib/gcc/arm-none-eabi/4.9.3/../../../../arm-none-eabi/lib/armv6-m/libc_nano.a(lib_a-memset.o)
                0x00022188                memset
 .text._free_r  0x00022198       0x8c /home/josepintor/Documentos/gcc-arm-none-eabi-4_9-2015q3/bin/../lib/gcc/arm-none-eabi/4.9.3/../../../../arm-none-eabi/lib/armv6-m/libc_nano.a(lib_a-nano-freer.o)
                0x00022198                _free_r
 .text._malloc_r
                0x00022224       0xb0 /home/josepintor/Documentos/gcc-arm-none-eabi-4_9-2015q3/bin/../lib/gcc/arm-none-eabi/4.9.3/../../../../arm-none-eabi/lib/armv6-m/libc_nano.a(lib_a-nano-mallocr.o)
                0x00022224                _malloc_r
 .text.printf   0x000222d4       0x34 /home/josepintor/Documentos/gcc-arm-none-eabi-4_9-2015q3/bin/../lib/gcc/arm-none-eabi/4.9.3/../../../../arm-none-eabi/lib/armv6-m/libc_nano.a(lib_a-printf.o)
                0x000222d4                printf
                0x000222d4                iprintf
 .text._sbrk_r  0x00022308       0x24 /home/josepintor/Documentos/gcc-arm-none-eabi-4_9-2015q3/bin/../lib/gcc/arm-none-eabi/4.9.3/../../../../arm-none-eabi/lib/armv6-m/libc_nano.a(lib_a-sbrkr.o)
                0x00022308                _sbrk_r
 .text.sprintf  0x0002232c       0x44 /home/josepintor/Documentos/gcc-arm-none-eabi-4_9-2015q3/bin/../lib/gcc/arm-none-eabi/4.9.3/../../../../arm-none-eabi/lib/armv6-m/libc_nano.a(lib_a-sprintf.o)
                0x0002232c                sprintf
                0x0002232c                siprintf
 .text          0x00022370       0x14 /home/josepintor/Documentos/gcc-arm-none-eabi-4_9-2015q3/bin/../lib/gcc/arm-none-eabi/4.9.3/../../../../arm-none-eabi/lib/armv6-m/libc_nano.a(lib_a-strcmp.o)
                0x00022370                strcmp
 .text.strcpy   0x00022384       0x10 /home/josepintor/Documentos/gcc-arm-none-eabi-4_9-2015q3/bin/../lib/gcc/arm-none-eabi/4.9.3/../../../../arm-none-eabi/lib/armv6-m/libc_nano.a(lib_a-strcpy.o)
                0x00022384                strcpy
 .text.strlen   0x00022394        0xe /home/josepintor/Documentos/gcc-arm-none-eabi-4_9-2015q3/bin/../lib/gcc/arm-none-eabi/4.9.3/../../../../arm-none-eabi/lib/armv6-m/libc_nano.a(lib_a-strlen.o)
                0x00022394                strlen
 *fill*         0x000223a2        0x2 
 .text.__swbuf_r
                0x000223a4       0xb0 /home/josepintor/Documentos/gcc-arm-none-eabi-4_9-2015q3/bin/../lib/gcc/arm-none-eabi/4.9.3/../../../../arm-none-eabi/lib/armv6-m/libc_nano.a(lib_a-wbuf.o)
                0x000223a4                __swbuf_r
 .text.__swsetup_r
                0x00022454       0xe8 /home/josepintor/Documentos/gcc-arm-none-eabi-4_9-2015q3/bin/../lib/gcc/arm-none-eabi/4.9.3/../../../../arm-none-eabi/lib/armv6-m/libc_nano.a(lib_a-wsetup.o)
                0x00022454                __swsetup_r
 .text.__sflush_r
                0x0002253c      0x112 /home/josepintor/Documentos/gcc-arm-none-eabi-4_9-2015q3/bin/../lib/gcc/arm-none-eabi/4.9.3/../../../../arm-none-eabi/lib/armv6-m/libc_nano.a(lib_a-fflush.o)
                0x0002253c                __sflush_r
 *fill*         0x0002264e        0x2 
 .text._fflush_r
                0x00022650       0x58 /home/josepintor/Documentos/gcc-arm-none-eabi-4_9-2015q3/bin/../lib/gcc/arm-none-eabi/4.9.3/../../../../arm-none-eabi/lib/armv6-m/libc_nano.a(lib_a-fflush.o)
                0x00022650                _fflush_r
 .text._cleanup_r
                0x000226a8       0x10 /home/josepintor/Documentos/gcc-arm-none-eabi-4_9-2015q3/bin/../lib/gcc/arm-none-eabi/4.9.3/../../../../arm-none-eabi/lib/armv6-m/libc_nano.a(lib_a-findfp.o)
                0x000226a8                _cleanup_r
 .text.std.isra.0
                0x000226b8       0x48 /home/josepintor/Documentos/gcc-arm-none-eabi-4_9-2015q3/bin/../lib/gcc/arm-none-eabi/4.9.3/../../../../arm-none-eabi/lib/armv6-m/libc_nano.a(lib_a-findfp.o)
 .text.__sfmoreglue
                0x00022700       0x2c /home/josepintor/Documentos/gcc-arm-none-eabi-4_9-2015q3/bin/../lib/gcc/arm-none-eabi/4.9.3/../../../../arm-none-eabi/lib/armv6-m/libc_nano.a(lib_a-findfp.o)
                0x00022700                __sfmoreglue
 .text.__sinit  0x0002272c       0x64 /home/josepintor/Documentos/gcc-arm-none-eabi-4_9-2015q3/bin/../lib/gcc/arm-none-eabi/4.9.3/../../../../arm-none-eabi/lib/armv6-m/libc_nano.a(lib_a-findfp.o)
                0x0002272c                __sinit
 .text.__sfp    0x00022790       0x7c /home/josepintor/Documentos/gcc-arm-none-eabi-4_9-2015q3/bin/../lib/gcc/arm-none-eabi/4.9.3/../../../../arm-none-eabi/lib/armv6-m/libc_nano.a(lib_a-findfp.o)
                0x00022790                __sfp
 .text._fwalk_reent
                0x0002280c       0x42 /home/josepintor/Documentos/gcc-arm-none-eabi-4_9-2015q3/bin/../lib/gcc/arm-none-eabi/4.9.3/../../../../arm-none-eabi/lib/armv6-m/libc_nano.a(lib_a-fwalk.o)
                0x0002280c                _fwalk_reent
 *fill*         0x0002284e        0x2 
 .text.__smakebuf_r
                0x00022850       0xb0 /home/josepintor/Documentos/gcc-arm-none-eabi-4_9-2015q3/bin/../lib/gcc/arm-none-eabi/4.9.3/../../../../arm-none-eabi/lib/armv6-m/libc_nano.a(lib_a-makebuf.o)
                0x00022850                __smakebuf_r
 .text.__ssputs_r
                0x00022900       0xc0 /home/josepintor/Documentos/gcc-arm-none-eabi-4_9-2015q3/bin/../lib/gcc/arm-none-eabi/4.9.3/../../../../arm-none-eabi/lib/armv6-m/libc_nano.a(lib_a-nano-svfprintf.o)
                0x00022900                __ssputs_r
 .text._svfprintf_r
                0x000229c0      0x1ec /home/josepintor/Documentos/gcc-arm-none-eabi-4_9-2015q3/bin/../lib/gcc/arm-none-eabi/4.9.3/../../../../arm-none-eabi/lib/armv6-m/libc_nano.a(lib_a-nano-svfprintf.o)
                0x000229c0                _svfprintf_r
                0x000229c0                _svfiprintf_r
 .text.__sfputc_r
                0x00022bac       0x2a /home/josepintor/Documentos/gcc-arm-none-eabi-4_9-2015q3/bin/../lib/gcc/arm-none-eabi/4.9.3/../../../../arm-none-eabi/lib/armv6-m/libc_nano.a(lib_a-nano-vfprintf.o)
 .text.__sfputs_r
                0x00022bd6       0x24 /home/josepintor/Documentos/gcc-arm-none-eabi-4_9-2015q3/bin/../lib/gcc/arm-none-eabi/4.9.3/../../../../arm-none-eabi/lib/armv6-m/libc_nano.a(lib_a-nano-vfprintf.o)
                0x00022bd6                __sfputs_r
 *fill*         0x00022bfa        0x2 
 .text._vfprintf_r
                0x00022bfc      0x220 /home/josepintor/Documentos/gcc-arm-none-eabi-4_9-2015q3/bin/../lib/gcc/arm-none-eabi/4.9.3/../../../../arm-none-eabi/lib/armv6-m/libc_nano.a(lib_a-nano-vfprintf.o)
                0x00022bfc                _vfiprintf_r
                0x00022bfc                _vfprintf_r
 .text._printf_common
                0x00022e1c       0xdc /home/josepintor/Documentos/gcc-arm-none-eabi-4_9-2015q3/bin/../lib/gcc/arm-none-eabi/4.9.3/../../../../arm-none-eabi/lib/armv6-m/libc_nano.a(lib_a-nano-vfprintf_i.o)
                0x00022e1c                _printf_common
 .text._printf_i
                0x00022ef8      0x230 /home/josepintor/Documentos/gcc-arm-none-eabi-4_9-2015q3/bin/../lib/gcc/arm-none-eabi/4.9.3/../../../../arm-none-eabi/lib/armv6-m/libc_nano.a(lib_a-nano-vfprintf_i.o)
                0x00022ef8                _printf_i
 .text.__sread  0x00023128       0x28 /home/josepintor/Documentos/gcc-arm-none-eabi-4_9-2015q3/bin/../lib/gcc/arm-none-eabi/4.9.3/../../../../arm-none-eabi/lib/armv6-m/libc_nano.a(lib_a-stdio.o)
                0x00023128                __sread
 .text.__swrite
                0x00023150       0x38 /home/josepintor/Documentos/gcc-arm-none-eabi-4_9-2015q3/bin/../lib/gcc/arm-none-eabi/4.9.3/../../../../arm-none-eabi/lib/armv6-m/libc_nano.a(lib_a-stdio.o)
                0x00023150                __swrite
 .text.__sseek  0x00023188       0x2c /home/josepintor/Documentos/gcc-arm-none-eabi-4_9-2015q3/bin/../lib/gcc/arm-none-eabi/4.9.3/../../../../arm-none-eabi/lib/armv6-m/libc_nano.a(lib_a-stdio.o)
                0x00023188                __sseek
 .text.__sclose
                0x000231b4        0xc /home/josepintor/Documentos/gcc-arm-none-eabi-4_9-2015q3/bin/../lib/gcc/arm-none-eabi/4.9.3/../../../../arm-none-eabi/lib/armv6-m/libc_nano.a(lib_a-stdio.o)
                0x000231b4                __sclose
 .text._write_r
                0x000231c0       0x28 /home/josepintor/Documentos/gcc-arm-none-eabi-4_9-2015q3/bin/../lib/gcc/arm-none-eabi/4.9.3/../../../../arm-none-eabi/lib/armv6-m/libc_nano.a(lib_a-writer.o)
                0x000231c0                _write_r
 .text._close_r
                0x000231e8       0x24 /home/josepintor/Documentos/gcc-arm-none-eabi-4_9-2015q3/bin/../lib/gcc/arm-none-eabi/4.9.3/../../../../arm-none-eabi/lib/armv6-m/libc_nano.a(lib_a-closer.o)
                0x000231e8                _close_r
 .text._fstat_r
                0x0002320c       0x24 /home/josepintor/Documentos/gcc-arm-none-eabi-4_9-2015q3/bin/../lib/gcc/arm-none-eabi/4.9.3/../../../../arm-none-eabi/lib/armv6-m/libc_nano.a(lib_a-fstatr.o)
                0x0002320c                _fstat_r
 .text._isatty_r
                0x00023230       0x24 /home/josepintor/Documentos/gcc-arm-none-eabi-4_9-2015q3/bin/../lib/gcc/arm-none-eabi/4.9.3/../../../../arm-none-eabi/lib/armv6-m/libc_nano.a(lib_a-isattyr.o)
                0x00023230                _isatty_r
 .text._lseek_r
                0x00023254       0x28 /home/josepintor/Documentos/gcc-arm-none-eabi-4_9-2015q3/bin/../lib/gcc/arm-none-eabi/4.9.3/../../../../arm-none-eabi/lib/armv6-m/libc_nano.a(lib_a-lseekr.o)
                0x00023254                _lseek_r
 .text.memchr   0x0002327c       0x16 /home/josepintor/Documentos/gcc-arm-none-eabi-4_9-2015q3/bin/../lib/gcc/arm-none-eabi/4.9.3/../../../../arm-none-eabi/lib/armv6-m/libc_nano.a(lib_a-memchr.o)
                0x0002327c                memchr
 .text.memmove  0x00023292       0x28 /home/josepintor/Documentos/gcc-arm-none-eabi-4_9-2015q3/bin/../lib/gcc/arm-none-eabi/4.9.3/../../../../arm-none-eabi/lib/armv6-m/libc_nano.a(lib_a-memmove.o)
                0x00023292                memmove
 .text._realloc_r
                0x000232ba       0x4c /home/josepintor/Documentos/gcc-arm-none-eabi-4_9-2015q3/bin/../lib/gcc/arm-none-eabi/4.9.3/../../../../arm-none-eabi/lib/armv6-m/libc_nano.a(lib_a-nano-reallocr.o)
                0x000232ba                _realloc_r
 *fill*         0x00023306        0x2 
 .text._read_r  0x00023308       0x28 /home/josepintor/Documentos/gcc-arm-none-eabi-4_9-2015q3/bin/../lib/gcc/arm-none-eabi/4.9.3/../../../../arm-none-eabi/lib/armv6-m/libc_nano.a(lib_a-readr.o)
                0x00023308                _read_r
 .text._malloc_usable_size_r
                0x00023330       0x16 /home/josepintor/Documentos/gcc-arm-none-eabi-4_9-2015q3/bin/../lib/gcc/arm-none-eabi/4.9.3/../../../../arm-none-eabi/lib/armv6-m/libc_nano.a(lib_a-nano-msizer.o)
                0x00023330                _malloc_usable_size_r
 *fill*         0x00023346        0x2 
 .text._close   0x00023348       0x10 /home/josepintor/Documentos/gcc-arm-none-eabi-4_9-2015q3/bin/../lib/gcc/arm-none-eabi/4.9.3/../../../../arm-none-eabi/lib/armv6-m/libnosys.a(close.o)
                0x00023348                _close
 .text._fstat   0x00023358       0x10 /home/josepintor/Documentos/gcc-arm-none-eabi-4_9-2015q3/bin/../lib/gcc/arm-none-eabi/4.9.3/../../../../arm-none-eabi/lib/armv6-m/libnosys.a(fstat.o)
                0x00023358                _fstat
 .text._isatty  0x00023368       0x10 /home/josepintor/Documentos/gcc-arm-none-eabi-4_9-2015q3/bin/../lib/gcc/arm-none-eabi/4.9.3/../../../../arm-none-eabi/lib/armv6-m/libnosys.a(isatty.o)
                0x00023368                _isatty
 .text._lseek   0x00023378       0x10 /home/josepintor/Documentos/gcc-arm-none-eabi-4_9-2015q3/bin/../lib/gcc/arm-none-eabi/4.9.3/../../../../arm-none-eabi/lib/armv6-m/libnosys.a(lseek.o)
                0x00023378                _lseek
 .text._read    0x00023388       0x10 /home/josepintor/Documentos/gcc-arm-none-eabi-4_9-2015q3/bin/../lib/gcc/arm-none-eabi/4.9.3/../../../../arm-none-eabi/lib/armv6-m/libnosys.a(read.o)
                0x00023388                _read
 .text._sbrk    0x00023398       0x1c /home/josepintor/Documentos/gcc-arm-none-eabi-4_9-2015q3/bin/../lib/gcc/arm-none-eabi/4.9.3/../../../../arm-none-eabi/lib/armv6-m/libnosys.a(sbrk.o)
                0x00023398                _sbrk
 .text._write   0x000233b4       0x10 /home/josepintor/Documentos/gcc-arm-none-eabi-4_9-2015q3/bin/../lib/gcc/arm-none-eabi/4.9.3/../../../../arm-none-eabi/lib/armv6-m/libnosys.a(write.o)
                0x000233b4                _write
 .text._exit    0x000233c4        0x4 /home/josepintor/Documentos/gcc-arm-none-eabi-4_9-2015q3/bin/../lib/gcc/arm-none-eabi/4.9.3/../../../../arm-none-eabi/lib/armv6-m/libnosys.a(_exit.o)
                0x000233c4                _exit
 *(.init)
 .init          0x000233c8        0x4 /home/josepintor/Documentos/gcc-arm-none-eabi-4_9-2015q3/bin/../lib/gcc/arm-none-eabi/4.9.3/armv6-m/crti.o
                0x000233c8                _init
 .init          0x000233cc        0x8 /home/josepintor/Documentos/gcc-arm-none-eabi-4_9-2015q3/bin/../lib/gcc/arm-none-eabi/4.9.3/armv6-m/crtn.o
 *(.fini)
 .fini          0x000233d4        0x4 /home/josepintor/Documentos/gcc-arm-none-eabi-4_9-2015q3/bin/../lib/gcc/arm-none-eabi/4.9.3/armv6-m/crti.o
                0x000233d4                _fini
 .fini          0x000233d8        0x8 /home/josepintor/Documentos/gcc-arm-none-eabi-4_9-2015q3/bin/../lib/gcc/arm-none-eabi/4.9.3/armv6-m/crtn.o
 *crtbegin.o(.ctors)
 *crtbegin?.o(.ctors)
 *(EXCLUDE_FILE(*crtend.o *crtend?.o) .ctors)
 *(SORT(.ctors.*))
 *(.ctors)
 *crtbegin.o(.dtors)
 *crtbegin?.o(.dtors)
 *(EXCLUDE_FILE(*crtend.o *crtend?.o) .dtors)
 *(SORT(.dtors.*))
 *(.dtors)
 *(.rodata*)
 .rodata.str1.1
                0x000233e0       0xaf _build/init.o
 .rodata.str1.1
                0x0002348f      0x142 _build/utils.o
                                0x16d (size before relaxing)
 .rodata        0x000235d1       0x10 _build/ble_ambient.o
 .rodata.str1.1
                0x000235e1       0x42 _build/ble_ambient.o
                                 0x7e (size before relaxing)
 .rodata.str1.1
                0x00023623      0x426 _build/main.o
                                0x43d (size before relaxing)
 .rodata.str1.1
                0x00023a49       0x82 _build/SparkFunTSL2561.o
 .rodata.str1.1
                0x00023acb       0x4b _build/SparkFunMS1.o
 .rodata.str1.1
                0x00023b16       0xd6 _build/rain.o
                                 0xe3 (size before relaxing)
 .rodata.str1.1
                0x00023bec      0x111 _build/temp.o
                                0x11e (size before relaxing)
 .rodata.str1.1
                0x00023cfd       0xfc _build/lum.o
                                0x10d (size before relaxing)
 .rodata.str1.1
                0x00023df9       0xef _build/hum.o
                                0x100 (size before relaxing)
 .rodata.str1.1
                0x00023ee8      0x110 _build/humsolo.o
                                0x121 (size before relaxing)
 .rodata.str1.1
                0x00023ff8       0xf7 _build/battery.o
 .rodata.str1.1
                0x000240ef       0x50 _build/mpu9x50.o
 .rodata.str1.1
                0x0002413f       0x1f _build/fhp_gpio.o
 .rodata        0x0002415e        0xa _build/nrf_pwm.o
 .rodata.str1.1
                0x00024168        0x9 _build/SEGGER_RTT.o
 .rodata.str1.1
                0x00024171       0x43 _build/ff.o
 .rodata        0x000241b4        0x3 _build/spi_fhp_master.o
 .rodata.str1.1
                0x000241b7       0x59 _build/ble_dis.o
 .rodata.str1.1
                0x00024210       0x5c _build/softdevice_handler.o
 .rodata.str1.1
                0x0002426c       0x54 _build/app_timer.o
 .rodata        0x000242c0       0x34 _build/device_manager_peripheral.o
                0x000242c0                m_service_context_store
                0x000242d0                m_service_context_load
                0x000242e0                m_service_context_apply
                0x000242f0                m_context_init_len
 .rodata.str1.1
                0x000242f4       0x58 _build/app_scheduler.o
 .rodata.str1.4
                0x0002434c        0x4 /home/josepintor/Documentos/gcc-arm-none-eabi-4_9-2015q3/bin/../lib/gcc/arm-none-eabi/4.9.3/../../../../arm-none-eabi/lib/armv6-m/libm.a(lib_a-w_pow.o)
 .rodata.dp_h   0x00024350       0x10 /home/josepintor/Documentos/gcc-arm-none-eabi-4_9-2015q3/bin/../lib/gcc/arm-none-eabi/4.9.3/../../../../arm-none-eabi/lib/armv6-m/libm.a(lib_a-e_pow.o)
 .rodata.dp_l   0x00024360       0x10 /home/josepintor/Documentos/gcc-arm-none-eabi-4_9-2015q3/bin/../lib/gcc/arm-none-eabi/4.9.3/../../../../arm-none-eabi/lib/armv6-m/libm.a(lib_a-e_pow.o)
 .rodata.bp     0x00024370       0x10 /home/josepintor/Documentos/gcc-arm-none-eabi-4_9-2015q3/bin/../lib/gcc/arm-none-eabi/4.9.3/../../../../arm-none-eabi/lib/armv6-m/libm.a(lib_a-e_pow.o)
 .rodata.str1.4
                0x00024380        0x4 /home/josepintor/Documentos/gcc-arm-none-eabi-4_9-2015q3/bin/../lib/gcc/arm-none-eabi/4.9.3/../../../../arm-none-eabi/lib/armv6-m/libm.a(lib_a-e_pow.o)
                                  0x1 (size before relaxing)
 *fill*         0x00024384        0x4 
 .rodata.TWO52  0x00024388       0x10 /home/josepintor/Documentos/gcc-arm-none-eabi-4_9-2015q3/bin/../lib/gcc/arm-none-eabi/4.9.3/../../../../arm-none-eabi/lib/armv6-m/libm.a(lib_a-s_rint.o)
 .rodata        0x00024398       0x40 /home/josepintor/Documentos/gcc-arm-none-eabi-4_9-2015q3/bin/../lib/gcc/arm-none-eabi/4.9.3/armv6-m/libgcc.a(divdf3.o)
 .rodata        0x000243d8       0x40 /home/josepintor/Documentos/gcc-arm-none-eabi-4_9-2015q3/bin/../lib/gcc/arm-none-eabi/4.9.3/armv6-m/libgcc.a(muldf3.o)
 .rodata.str1.1
                0x00024418        0x2 /home/josepintor/Documentos/gcc-arm-none-eabi-4_9-2015q3/bin/../lib/gcc/arm-none-eabi/4.9.3/../../../../arm-none-eabi/lib/armv6-m/libc_nano.a(lib_a-impure.o)
 *fill*         0x0002441a        0x2 
 .rodata._global_impure_ptr
                0x0002441c        0x4 /home/josepintor/Documentos/gcc-arm-none-eabi-4_9-2015q3/bin/../lib/gcc/arm-none-eabi/4.9.3/../../../../arm-none-eabi/lib/armv6-m/libc_nano.a(lib_a-impure.o)
                0x0002441c                _global_impure_ptr
 .rodata.__sf_fake_stdin
                0x00024420       0x20 /home/josepintor/Documentos/gcc-arm-none-eabi-4_9-2015q3/bin/../lib/gcc/arm-none-eabi/4.9.3/../../../../arm-none-eabi/lib/armv6-m/libc_nano.a(lib_a-findfp.o)
                0x00024420                __sf_fake_stdin
 .rodata.__sf_fake_stdout
                0x00024440       0x20 /home/josepintor/Documentos/gcc-arm-none-eabi-4_9-2015q3/bin/../lib/gcc/arm-none-eabi/4.9.3/../../../../arm-none-eabi/lib/armv6-m/libc_nano.a(lib_a-findfp.o)
                0x00024440                __sf_fake_stdout
 .rodata.__sf_fake_stderr
                0x00024460       0x20 /home/josepintor/Documentos/gcc-arm-none-eabi-4_9-2015q3/bin/../lib/gcc/arm-none-eabi/4.9.3/../../../../arm-none-eabi/lib/armv6-m/libc_nano.a(lib_a-findfp.o)
                0x00024460                __sf_fake_stderr
 .rodata.str1.1
                0x00024480       0x11 /home/josepintor/Documentos/gcc-arm-none-eabi-4_9-2015q3/bin/../lib/gcc/arm-none-eabi/4.9.3/../../../../arm-none-eabi/lib/armv6-m/libc_nano.a(lib_a-nano-svfprintf.o)
 .rodata.str1.1
                0x00000000       0x11 /home/josepintor/Documentos/gcc-arm-none-eabi-4_9-2015q3/bin/../lib/gcc/arm-none-eabi/4.9.3/../../../../arm-none-eabi/lib/armv6-m/libc_nano.a(lib_a-nano-vfprintf.o)
 .rodata.str1.1
                0x00024491       0x22 /home/josepintor/Documentos/gcc-arm-none-eabi-4_9-2015q3/bin/../lib/gcc/arm-none-eabi/4.9.3/../../../../arm-none-eabi/lib/armv6-m/libc_nano.a(lib_a-nano-vfprintf_i.o)
 *(.eh_frame*)

.glue_7         0x000244b4        0x0
 .glue_7        0x00000000        0x0 linker stubs

.glue_7t        0x000244b4        0x0
 .glue_7t       0x00000000        0x0 linker stubs

.vfp11_veneer   0x000244b4        0x0
 .vfp11_veneer  0x00000000        0x0 linker stubs

.v4_bx          0x000244b4        0x0
 .v4_bx         0x00000000        0x0 linker stubs

.iplt           0x000244b4        0x0
 .iplt          0x00000000        0x0 /home/josepintor/Documentos/gcc-arm-none-eabi-4_9-2015q3/bin/../lib/gcc/arm-none-eabi/4.9.3/armv6-m/crtbegin.o

.ARM.extab
 *(.ARM.extab* .gnu.linkonce.armextab.*)
                0x000244b4                __exidx_start = .

.ARM.exidx      0x000244b4        0x8
 *(.ARM.exidx* .gnu.linkonce.armexidx.*)
 .ARM.exidx     0x000244b4        0x8 /home/josepintor/Documentos/gcc-arm-none-eabi-4_9-2015q3/bin/../lib/gcc/arm-none-eabi/4.9.3/../../../../arm-none-eabi/lib/armv6-m/crt0.o
 .ARM.exidx     0x000244bc        0x0 _build/gcc_startup_nrf51.o
                                  0x8 (size before relaxing)
 .ARM.exidx     0x000244bc        0x0 /home/josepintor/Documentos/gcc-arm-none-eabi-4_9-2015q3/bin/../lib/gcc/arm-none-eabi/4.9.3/armv6-m/libgcc.a(_divdi3.o)
                                  0x8 (size before relaxing)
 .ARM.exidx     0x000244bc        0x0 /home/josepintor/Documentos/gcc-arm-none-eabi-4_9-2015q3/bin/../lib/gcc/arm-none-eabi/4.9.3/armv6-m/libgcc.a(_udivdi3.o)
                                  0x8 (size before relaxing)
                0x000244bc                __exidx_end = .
                0x000244bc                __etext = .

.rel.dyn        0x000244bc        0x0
 .rel.iplt      0x00000000        0x0 /home/josepintor/Documentos/gcc-arm-none-eabi-4_9-2015q3/bin/../lib/gcc/arm-none-eabi/4.9.3/armv6-m/crtbegin.o

.data           0x20002000      0x138 load address 0x000244bc
                0x20002000                __data_start__ = .
 *(vtable)
 *(.data*)
 .data          0x20002000        0x2 _build/main.o
 *fill*         0x20002002        0x2 
 .data          0x20002004       0x13 _build/SparkFunTSL2561.o
                0x20002004                TSL2561_ADDR
                0x20002005                TSL2561_CMD_CLEAR
                0x20002006                TSL2561_CMD
                0x20002007                TSL2561_REG_ID
                0x20002008                TSL2561_REG_TIMING
                0x2000200c                ms
                0x20002010                TSL2561_REG_INTCTL
                0x20002011                TSL2561_REG_DATA_0
                0x20002012                TSL2561_REG_DATA_1
                0x20002013                TSL2561_REG_THRESH_L
                0x20002014                TSL2561_REG_THRESH_H
                0x20002015                TSL2561_ADDR_1
                0x20002016                TSL2561_ADDR_0
 *fill*         0x20002017        0x1 
 .data          0x20002018       0x3c _build/fhp_gpio.o
 .data          0x20002054        0x4 _build/nrf_pwm.o
 .data          0x20002058       0x78 _build/SEGGER_RTT.o
 .data          0x200020d0        0x1 _build/diskio.o
 .data.__fdlib_version
                0x200020d1        0x1 /home/josepintor/Documentos/gcc-arm-none-eabi-4_9-2015q3/bin/../lib/gcc/arm-none-eabi/4.9.3/../../../../arm-none-eabi/lib/armv6-m/libm.a(lib_a-s_lib_ver.o)
                0x200020d1                __fdlib_version
 *fill*         0x200020d2        0x2 
 .data.impure_data
                0x200020d4       0x60 /home/josepintor/Documentos/gcc-arm-none-eabi-4_9-2015q3/bin/../lib/gcc/arm-none-eabi/4.9.3/../../../../arm-none-eabi/lib/armv6-m/libc_nano.a(lib_a-impure.o)
 .data._impure_ptr
                0x20002134        0x4 /home/josepintor/Documentos/gcc-arm-none-eabi-4_9-2015q3/bin/../lib/gcc/arm-none-eabi/4.9.3/../../../../arm-none-eabi/lib/armv6-m/libc_nano.a(lib_a-impure.o)
                0x20002134                _impure_ptr
                0x20002138                . = ALIGN (0x4)
                0x20002138                PROVIDE (__preinit_array_start, .)
 *(.preinit_array)
                0x20002138                PROVIDE (__preinit_array_end, .)
                0x20002138                . = ALIGN (0x4)
                0x20002138                PROVIDE (__init_array_start, .)
 *(SORT(.init_array.*))
 *(.init_array)
                0x20002138                PROVIDE (__init_array_end, .)
                0x20002138                . = ALIGN (0x4)
                0x20002138                PROVIDE (__fini_array_start, .)
 *(SORT(.fini_array.*))
 *(.fini_array)
                0x20002138                PROVIDE (__fini_array_end, .)
 *(.jcr)
                0x20002138                . = ALIGN (0x4)
                0x20002138                __data_end__ = .

.igot.plt       0x20002138        0x0 load address 0x000245f4
 .igot.plt      0x00000000        0x0 /home/josepintor/Documentos/gcc-arm-none-eabi-4_9-2015q3/bin/../lib/gcc/arm-none-eabi/4.9.3/armv6-m/crtbegin.o

.bss            0x20002138     0x165c load address 0x000245f8
                0x20002138                . = ALIGN (0x4)
                0x20002138                __bss_start__ = .
 *(.bss*)
 .bss           0x20002138      0x9d4 _build/init.o
 .bss           0x20002b0c        0x8 _build/utils.o
 .bss           0x20002b14        0xc _build/nosso.o
 .bss           0x20002b20       0xa0 _build/ble_ambient.o
 .bss           0x20002bc0        0x4 _build/sd_card.o
 .bss           0x20002bc4        0x4 _build/SparkFunTSL2561.o
                0x20002bc4                TSL2561_REG_CONTROL
                0x20002bc5                time
                0x20002bc6                good
                0x20002bc7                error
 .bss           0x20002bc8        0x2 _build/battery.o
 .bss           0x20002bca        0x1 _build/max1161x.o
 .bss           0x20002bcb        0x1 _build/max17048.o
 .bss           0x20002bcc        0x3 _build/pca9538.o
 *fill*         0x20002bcf        0x1 
 .bss           0x20002bd0       0x58 _build/nrf_pwm.o
 .bss           0x20002c28        0x4 _build/bme280.o
 .bss           0x20002c2c      0x411 _build/SEGGER_RTT.o
 *fill*         0x2000303d        0x3 
 .bss           0x20003040        0x6 _build/ff.o
 .bss           0x20003046        0x1 _build/diskio.o
 *fill*         0x20003047        0x1 
 .bss           0x20003048       0x4a _build/ble_dis.o
 *fill*         0x20003092        0x2 
 .bss           0x20003094       0x18 _build/softdevice_handler.o
 .bss           0x200030ac       0x35 _build/ble_conn_params.o
 *fill*         0x200030e1        0x3 
 .bss           0x200030e4       0x29 _build/app_timer.o
 *fill*         0x2000310d        0x3 
 .bss           0x20003110       0xf8 _build/pstorage.o
 .bss           0x20003208      0x120 _build/device_manager_peripheral.o
 .bss           0x20003328        0xa _build/app_gpiote.o
 *fill*         0x20003332        0x2 
 .bss           0x20003334        0xe _build/app_scheduler.o
 *fill*         0x20003342        0x2 
 .bss.__malloc_sbrk_start
                0x20003344        0x4 /home/josepintor/Documentos/gcc-arm-none-eabi-4_9-2015q3/bin/../lib/gcc/arm-none-eabi/4.9.3/../../../../arm-none-eabi/lib/armv6-m/libc_nano.a(lib_a-nano-mallocr.o)
                0x20003344                __malloc_sbrk_start
 .bss.__malloc_free_list
                0x20003348        0x4 /home/josepintor/Documentos/gcc-arm-none-eabi-4_9-2015q3/bin/../lib/gcc/arm-none-eabi/4.9.3/../../../../arm-none-eabi/lib/armv6-m/libc_nano.a(lib_a-nano-mallocr.o)
                0x20003348                __malloc_free_list
 .bss.heap_end.4079
                0x2000334c        0x4 /home/josepintor/Documentos/gcc-arm-none-eabi-4_9-2015q3/bin/../lib/gcc/arm-none-eabi/4.9.3/../../../../arm-none-eabi/lib/armv6-m/libnosys.a(sbrk.o)
 *(COMMON)
 COMMON         0x20003350      0x3d4 _build/init.o
                0x20003350                m_gauge_timer_id
                0x20003358                m_humsolo
                0x20003378                m_gpiote_user_ch
                0x20003379                _i2c_address
                0x2000337c                m_sd_timer_id
                0x20003380                m_watchdog_timer_id
                0x20003384                twi_busy
                0x20003385                m_app_handle
                0x20003388                m_rain
                0x200033a8                high_voltage_on
                0x200033b0                m_hum
                0x200033d0                low_battery
                0x200033d4                m_rtc_timer_id
                0x200033d8                m_amb
                0x200034a8                m_temp
                0x200034c8                _error
                0x200034cc                sd_card
                0x20003700                m_lum
                0x20003720                m_base_timer_id
 COMMON         0x20003724       0x28 _build/ble_ambient.o
                0x20003724                file_sens
                0x20003748                m_amb_sd
 COMMON         0x2000374c        0x4 _build/SparkFunTSL2561.o
                0x2000374c                data1
                0x2000374d                ID
                0x2000374e                data0
                0x2000374f                gain
 COMMON         0x20003750        0x1 _build/mpu9x50.o
                0x20003750                device_address
 *fill*         0x20003751        0x3 
 COMMON         0x20003754       0x3c _build/bme280.o
                0x20003754                bme280
 COMMON         0x20003790        0x4 /home/josepintor/Documentos/gcc-arm-none-eabi-4_9-2015q3/bin/../lib/gcc/arm-none-eabi/4.9.3/../../../../arm-none-eabi/lib/armv6-m/libc_nano.a(lib_a-reent.o)
                0x20003790                errno
                0x20003794                . = ALIGN (0x4)
                0x20003794                __bss_end__ = .

.heap           0x20003798        0x0
                0x20003798                __end__ = .
                0x20003798                end = __end__
 *(.heap*)
 .heap          0x20003798        0x0 _build/gcc_startup_nrf51.o
                0x20003798                __HeapLimit = .

.stack_dummy    0x20003798      0x800
 *(.stack*)
 .stack         0x20003798      0x800 _build/gcc_startup_nrf51.o
                0x20004000                __StackTop = (ORIGIN (RAM) + 0x2000)
                0x20003800                __StackLimit = (__StackTop - SIZEOF (.stack_dummy))
                0x20004000                PROVIDE (__stack, __StackTop)
                0x00000001                ASSERT ((__StackLimit >= __HeapLimit), region RAM overflowed with stack)
OUTPUT(_build/setec_s110_xxaa.out elf32-littlearm)

.ARM.attributes
                0x00000000       0x28
 .ARM.attributes
                0x00000000       0x1e /home/josepintor/Documentos/gcc-arm-none-eabi-4_9-2015q3/bin/../lib/gcc/arm-none-eabi/4.9.3/armv6-m/crti.o
 .ARM.attributes
                0x0000001e       0x1b /home/josepintor/Documentos/gcc-arm-none-eabi-4_9-2015q3/bin/../lib/gcc/arm-none-eabi/4.9.3/../../../../arm-none-eabi/lib/armv6-m/crt0.o
 .ARM.attributes
                0x00000039       0x31 _build/init.o
 .ARM.attributes
                0x0000006a       0x31 _build/utils.o
 .ARM.attributes
                0x0000009b       0x31 _build/nosso.o
 .ARM.attributes
                0x000000cc       0x31 _build/ble_ambient.o
 .ARM.attributes
                0x000000fd       0x31 _build/main.o
 .ARM.attributes
                0x0000012e       0x31 _build/sd_card.o
 .ARM.attributes
                0x0000015f       0x31 _build/SparkFunTSL2561.o
 .ARM.attributes
                0x00000190       0x31 _build/SparkFunMS1.o
 .ARM.attributes
                0x000001c1       0x31 _build/rain.o
 .ARM.attributes
                0x000001f2       0x31 _build/temp.o
 .ARM.attributes
                0x00000223       0x31 _build/lum.o
 .ARM.attributes
                0x00000254       0x31 _build/hum.o
 .ARM.attributes
                0x00000285       0x31 _build/humsolo.o
 .ARM.attributes
                0x000002b6       0x31 _build/battery.o
 .ARM.attributes
                0x000002e7       0x31 _build/max1161x.o
 .ARM.attributes
                0x00000318       0x31 _build/mpu9x50.o
 .ARM.attributes
                0x00000349       0x31 _build/max17048.o
 .ARM.attributes
                0x0000037a       0x31 _build/pca9538.o
 .ARM.attributes
                0x000003ab       0x31 _build/fhp_gpio.o
 .ARM.attributes
                0x000003dc       0x31 _build/nrf_pwm.o
 .ARM.attributes
                0x0000040d       0x31 _build/bme280.o
 .ARM.attributes
                0x0000043e       0x31 _build/SEGGER_RTT.o
 .ARM.attributes
                0x0000046f       0x31 _build/ff.o
 .ARM.attributes
                0x000004a0       0x31 _build/diskio.o
 .ARM.attributes
                0x000004d1       0x31 _build/spi_fhp_master.o
 .ARM.attributes
                0x00000502       0x31 _build/twi_hw_master.o
 .ARM.attributes
                0x00000533       0x31 _build/ble_dis.o
 .ARM.attributes
                0x00000564       0x31 _build/ble_srv_common.o
 .ARM.attributes
                0x00000595       0x31 _build/softdevice_handler.o
 .ARM.attributes
                0x000005c6       0x31 _build/ble_advdata.o
 .ARM.attributes
                0x000005f7       0x31 _build/ble_conn_params.o
 .ARM.attributes
                0x00000628       0x31 _build/app_timer.o
 .ARM.attributes
                0x00000659       0x31 _build/pstorage.o
 .ARM.attributes
                0x0000068a       0x31 _build/device_manager_peripheral.o
 .ARM.attributes
                0x000006bb       0x31 _build/app_gpiote.o
 .ARM.attributes
                0x000006ec       0x31 _build/nrf_delay.o
 .ARM.attributes
                0x0000071d       0x31 _build/app_scheduler.o
 .ARM.attributes
                0x0000074e       0x31 _build/system_nrf51.o
 .ARM.attributes
                0x0000077f       0x1b _build/gcc_startup_nrf51.o
 .ARM.attributes
                0x0000079a       0x2c /home/josepintor/Documentos/gcc-arm-none-eabi-4_9-2015q3/bin/../lib/gcc/arm-none-eabi/4.9.3/../../../../arm-none-eabi/lib/armv6-m/libm.a(lib_a-w_pow.o)
 .ARM.attributes
                0x000007c6       0x2c /home/josepintor/Documentos/gcc-arm-none-eabi-4_9-2015q3/bin/../lib/gcc/arm-none-eabi/4.9.3/../../../../arm-none-eabi/lib/armv6-m/libm.a(lib_a-e_pow.o)
 .ARM.attributes
                0x000007f2       0x2c /home/josepintor/Documentos/gcc-arm-none-eabi-4_9-2015q3/bin/../lib/gcc/arm-none-eabi/4.9.3/../../../../arm-none-eabi/lib/armv6-m/libm.a(lib_a-e_sqrt.o)
 .ARM.attributes
                0x0000081e       0x2c /home/josepintor/Documentos/gcc-arm-none-eabi-4_9-2015q3/bin/../lib/gcc/arm-none-eabi/4.9.3/../../../../arm-none-eabi/lib/armv6-m/libm.a(lib_a-s_fabs.o)
 .ARM.attributes
                0x0000084a       0x2c /home/josepintor/Documentos/gcc-arm-none-eabi-4_9-2015q3/bin/../lib/gcc/arm-none-eabi/4.9.3/../../../../arm-none-eabi/lib/armv6-m/libm.a(lib_a-s_finite.o)
 .ARM.attributes
                0x00000876       0x2c /home/josepintor/Documentos/gcc-arm-none-eabi-4_9-2015q3/bin/../lib/gcc/arm-none-eabi/4.9.3/../../../../arm-none-eabi/lib/armv6-m/libm.a(lib_a-s_fpclassify.o)
 .ARM.attributes
                0x000008a2       0x2c /home/josepintor/Documentos/gcc-arm-none-eabi-4_9-2015q3/bin/../lib/gcc/arm-none-eabi/4.9.3/../../../../arm-none-eabi/lib/armv6-m/libm.a(lib_a-s_lib_ver.o)
 .ARM.attributes
                0x000008ce       0x2c /home/josepintor/Documentos/gcc-arm-none-eabi-4_9-2015q3/bin/../lib/gcc/arm-none-eabi/4.9.3/../../../../arm-none-eabi/lib/armv6-m/libm.a(lib_a-s_matherr.o)
 .ARM.attributes
                0x000008fa       0x2c /home/josepintor/Documentos/gcc-arm-none-eabi-4_9-2015q3/bin/../lib/gcc/arm-none-eabi/4.9.3/../../../../arm-none-eabi/lib/armv6-m/libm.a(lib_a-s_nan.o)
 .ARM.attributes
                0x00000926       0x2c /home/josepintor/Documentos/gcc-arm-none-eabi-4_9-2015q3/bin/../lib/gcc/arm-none-eabi/4.9.3/../../../../arm-none-eabi/lib/armv6-m/libm.a(lib_a-s_rint.o)
 .ARM.attributes
                0x00000952       0x2c /home/josepintor/Documentos/gcc-arm-none-eabi-4_9-2015q3/bin/../lib/gcc/arm-none-eabi/4.9.3/../../../../arm-none-eabi/lib/armv6-m/libm.a(lib_a-s_scalbn.o)
 .ARM.attributes
                0x0000097e       0x2c /home/josepintor/Documentos/gcc-arm-none-eabi-4_9-2015q3/bin/../lib/gcc/arm-none-eabi/4.9.3/../../../../arm-none-eabi/lib/armv6-m/libm.a(lib_a-s_copysign.o)
 .ARM.attributes
                0x000009aa       0x1e /home/josepintor/Documentos/gcc-arm-none-eabi-4_9-2015q3/bin/../lib/gcc/arm-none-eabi/4.9.3/armv6-m/libgcc.a(_thumb1_case_uqi.o)
 .ARM.attributes
                0x000009c8       0x1e /home/josepintor/Documentos/gcc-arm-none-eabi-4_9-2015q3/bin/../lib/gcc/arm-none-eabi/4.9.3/armv6-m/libgcc.a(_udivsi3.o)
 .ARM.attributes
                0x000009e6       0x1e /home/josepintor/Documentos/gcc-arm-none-eabi-4_9-2015q3/bin/../lib/gcc/arm-none-eabi/4.9.3/armv6-m/libgcc.a(_divsi3.o)
 .ARM.attributes
                0x00000a04       0x1e /home/josepintor/Documentos/gcc-arm-none-eabi-4_9-2015q3/bin/../lib/gcc/arm-none-eabi/4.9.3/armv6-m/libgcc.a(_dvmd_tls.o)
 .ARM.attributes
                0x00000a22       0x1e /home/josepintor/Documentos/gcc-arm-none-eabi-4_9-2015q3/bin/../lib/gcc/arm-none-eabi/4.9.3/armv6-m/libgcc.a(_arm_cmpdf2.o)
 .ARM.attributes
                0x00000a40       0x1e /home/josepintor/Documentos/gcc-arm-none-eabi-4_9-2015q3/bin/../lib/gcc/arm-none-eabi/4.9.3/armv6-m/libgcc.a(_aeabi_uldivmod.o)
 .ARM.attributes
                0x00000a5e       0x2c /home/josepintor/Documentos/gcc-arm-none-eabi-4_9-2015q3/bin/../lib/gcc/arm-none-eabi/4.9.3/armv6-m/libgcc.a(_fixunsdfsi.o)
 .ARM.attributes
                0x00000a8a       0x2c /home/josepintor/Documentos/gcc-arm-none-eabi-4_9-2015q3/bin/../lib/gcc/arm-none-eabi/4.9.3/armv6-m/libgcc.a(bpabi.o)
 .ARM.attributes
                0x00000ab6       0x2c /home/josepintor/Documentos/gcc-arm-none-eabi-4_9-2015q3/bin/../lib/gcc/arm-none-eabi/4.9.3/armv6-m/libgcc.a(adddf3.o)
 .ARM.attributes
                0x00000ae2       0x2c /home/josepintor/Documentos/gcc-arm-none-eabi-4_9-2015q3/bin/../lib/gcc/arm-none-eabi/4.9.3/armv6-m/libgcc.a(divdf3.o)
 .ARM.attributes
                0x00000b0e       0x2c /home/josepintor/Documentos/gcc-arm-none-eabi-4_9-2015q3/bin/../lib/gcc/arm-none-eabi/4.9.3/armv6-m/libgcc.a(eqdf2.o)
 .ARM.attributes
                0x00000b3a       0x2c /home/josepintor/Documentos/gcc-arm-none-eabi-4_9-2015q3/bin/../lib/gcc/arm-none-eabi/4.9.3/armv6-m/libgcc.a(gedf2.o)
 .ARM.attributes
                0x00000b66       0x2c /home/josepintor/Documentos/gcc-arm-none-eabi-4_9-2015q3/bin/../lib/gcc/arm-none-eabi/4.9.3/armv6-m/libgcc.a(ledf2.o)
 .ARM.attributes
                0x00000b92       0x2c /home/josepintor/Documentos/gcc-arm-none-eabi-4_9-2015q3/bin/../lib/gcc/arm-none-eabi/4.9.3/armv6-m/libgcc.a(muldf3.o)
 .ARM.attributes
                0x00000bbe       0x2c /home/josepintor/Documentos/gcc-arm-none-eabi-4_9-2015q3/bin/../lib/gcc/arm-none-eabi/4.9.3/armv6-m/libgcc.a(subdf3.o)
 .ARM.attributes
                0x00000bea       0x2c /home/josepintor/Documentos/gcc-arm-none-eabi-4_9-2015q3/bin/../lib/gcc/arm-none-eabi/4.9.3/armv6-m/libgcc.a(fixdfsi.o)
 .ARM.attributes
                0x00000c16       0x2c /home/josepintor/Documentos/gcc-arm-none-eabi-4_9-2015q3/bin/../lib/gcc/arm-none-eabi/4.9.3/armv6-m/libgcc.a(floatsidf.o)
 .ARM.attributes
                0x00000c42       0x2c /home/josepintor/Documentos/gcc-arm-none-eabi-4_9-2015q3/bin/../lib/gcc/arm-none-eabi/4.9.3/armv6-m/libgcc.a(floatunsidf.o)
 .ARM.attributes