Archive member included because of file (symbol)

/home/ricardo/Documentos/nrf51/tools/gcc-arm-none-eabi-4_9-2015q3/bin/../lib/gcc/arm-none-eabi/4.9.3/../../../../arm-none-eabi/lib/armv6-m/libm.a(lib_a-w_pow.o)
                              _build/SparkFunTSL2561.o (pow)
/home/ricardo/Documentos/nrf51/tools/gcc-arm-none-eabi-4_9-2015q3/bin/../lib/gcc/arm-none-eabi/4.9.3/../../../../arm-none-eabi/lib/armv6-m/libm.a(lib_a-e_pow.o)
                              /home/ricardo/Documentos/nrf51/tools/gcc-arm-none-eabi-4_9-2015q3/bin/../lib/gcc/arm-none-eabi/4.9.3/../../../../arm-none-eabi/lib/armv6-m/libm.a(lib_a-w_pow.o) (__ieee754_pow)
/home/ricardo/Documentos/nrf51/tools/gcc-arm-none-eabi-4_9-2015q3/bin/../lib/gcc/arm-none-eabi/4.9.3/../../../../arm-none-eabi/lib/armv6-m/libm.a(lib_a-e_sqrt.o)
                              /home/ricardo/Documentos/nrf51/tools/gcc-arm-none-eabi-4_9-2015q3/bin/../lib/gcc/arm-none-eabi/4.9.3/../../../../arm-none-eabi/lib/armv6-m/libm.a(lib_a-e_pow.o) (__ieee754_sqrt)
/home/ricardo/Documentos/nrf51/tools/gcc-arm-none-eabi-4_9-2015q3/bin/../lib/gcc/arm-none-eabi/4.9.3/../../../../arm-none-eabi/lib/armv6-m/libm.a(lib_a-s_fabs.o)
                              /home/ricardo/Documentos/nrf51/tools/gcc-arm-none-eabi-4_9-2015q3/bin/../lib/gcc/arm-none-eabi/4.9.3/../../../../arm-none-eabi/lib/armv6-m/libm.a(lib_a-e_pow.o) (fabs)
/home/ricardo/Documentos/nrf51/tools/gcc-arm-none-eabi-4_9-2015q3/bin/../lib/gcc/arm-none-eabi/4.9.3/../../../../arm-none-eabi/lib/armv6-m/libm.a(lib_a-s_finite.o)
                              /home/ricardo/Documentos/nrf51/tools/gcc-arm-none-eabi-4_9-2015q3/bin/../lib/gcc/arm-none-eabi/4.9.3/../../../../arm-none-eabi/lib/armv6-m/libm.a(lib_a-w_pow.o) (finite)
/home/ricardo/Documentos/nrf51/tools/gcc-arm-none-eabi-4_9-2015q3/bin/../lib/gcc/arm-none-eabi/4.9.3/../../../../arm-none-eabi/lib/armv6-m/libm.a(lib_a-s_fpclassify.o)
                              /home/ricardo/Documentos/nrf51/tools/gcc-arm-none-eabi-4_9-2015q3/bin/../lib/gcc/arm-none-eabi/4.9.3/../../../../arm-none-eabi/lib/armv6-m/libm.a(lib_a-w_pow.o) (__fpclassifyd)
/home/ricardo/Documentos/nrf51/tools/gcc-arm-none-eabi-4_9-2015q3/bin/../lib/gcc/arm-none-eabi/4.9.3/../../../../arm-none-eabi/lib/armv6-m/libm.a(lib_a-s_lib_ver.o)
                              /home/ricardo/Documentos/nrf51/tools/gcc-arm-none-eabi-4_9-2015q3/bin/../lib/gcc/arm-none-eabi/4.9.3/../../../../arm-none-eabi/lib/armv6-m/libm.a(lib_a-w_pow.o) (__fdlib_version)
/home/ricardo/Documentos/nrf51/tools/gcc-arm-none-eabi-4_9-2015q3/bin/../lib/gcc/arm-none-eabi/4.9.3/../../../../arm-none-eabi/lib/armv6-m/libm.a(lib_a-s_matherr.o)
                              /home/ricardo/Documentos/nrf51/tools/gcc-arm-none-eabi-4_9-2015q3/bin/../lib/gcc/arm-none-eabi/4.9.3/../../../../arm-none-eabi/lib/armv6-m/libm.a(lib_a-w_pow.o) (matherr)
/home/ricardo/Documentos/nrf51/tools/gcc-arm-none-eabi-4_9-2015q3/bin/../lib/gcc/arm-none-eabi/4.9.3/../../../../arm-none-eabi/lib/armv6-m/libm.a(lib_a-s_nan.o)
                              /home/ricardo/Documentos/nrf51/tools/gcc-arm-none-eabi-4_9-2015q3/bin/../lib/gcc/arm-none-eabi/4.9.3/../../../../arm-none-eabi/lib/armv6-m/libm.a(lib_a-e_pow.o) (nan)
/home/ricardo/Documentos/nrf51/tools/gcc-arm-none-eabi-4_9-2015q3/bin/../lib/gcc/arm-none-eabi/4.9.3/../../../../arm-none-eabi/lib/armv6-m/libm.a(lib_a-s_rint.o)
                              /home/ricardo/Documentos/nrf51/tools/gcc-arm-none-eabi-4_9-2015q3/bin/../lib/gcc/arm-none-eabi/4.9.3/../../../../arm-none-eabi/lib/armv6-m/libm.a(lib_a-w_pow.o) (rint)
/home/ricardo/Documentos/nrf51/tools/gcc-arm-none-eabi-4_9-2015q3/bin/../lib/gcc/arm-none-eabi/4.9.3/../../../../arm-none-eabi/lib/armv6-m/libm.a(lib_a-s_scalbn.o)
                              /home/ricardo/Documentos/nrf51/tools/gcc-arm-none-eabi-4_9-2015q3/bin/../lib/gcc/arm-none-eabi/4.9.3/../../../../arm-none-eabi/lib/armv6-m/libm.a(lib_a-e_pow.o) (scalbn)
/home/ricardo/Documentos/nrf51/tools/gcc-arm-none-eabi-4_9-2015q3/bin/../lib/gcc/arm-none-eabi/4.9.3/../../../../arm-none-eabi/lib/armv6-m/libm.a(lib_a-s_copysign.o)
                              /home/ricardo/Documentos/nrf51/tools/gcc-arm-none-eabi-4_9-2015q3/bin/../lib/gcc/arm-none-eabi/4.9.3/../../../../arm-none-eabi/lib/armv6-m/libm.a(lib_a-s_scalbn.o) (copysign)
/home/ricardo/Documentos/nrf51/tools/gcc-arm-none-eabi-4_9-2015q3/bin/../lib/gcc/arm-none-eabi/4.9.3/armv6-m/libgcc.a(_udivsi3.o)
                              _build/bme280.o (__aeabi_uidiv)
/home/ricardo/Documentos/nrf51/tools/gcc-arm-none-eabi-4_9-2015q3/bin/../lib/gcc/arm-none-eabi/4.9.3/armv6-m/libgcc.a(_divsi3.o)
                              _build/utils.o (__aeabi_idiv)
/home/ricardo/Documentos/nrf51/tools/gcc-arm-none-eabi-4_9-2015q3/bin/../lib/gcc/arm-none-eabi/4.9.3/armv6-m/libgcc.a(_dvmd_tls.o)
                              /home/ricardo/Documentos/nrf51/tools/gcc-arm-none-eabi-4_9-2015q3/bin/../lib/gcc/arm-none-eabi/4.9.3/armv6-m/libgcc.a(_udivsi3.o) (__aeabi_idiv0)
[...]
Memory Configuration

Name             Origin             Length             Attributes
FLASH            0x00016000         0x0002a000         xr
RAM              0x20002000         0x00002000         xrw
*default*        0x00000000         0xffffffff

Linker script and memory map

LOAD /home/ricardo/Documentos/nrf51/tools/gcc-arm-none-eabi-4_9-2015q3/bin/../lib/gcc/arm-none-eabi/4.9.3/armv6-m/crti.o
LOAD /home/ricardo/Documentos/nrf51/tools/gcc-arm-none-eabi-4_9-2015q3/bin/../lib/gcc/arm-none-eabi/4.9.3/armv6-m/crtbegin.o
LOAD /home/ricardo/Documentos/nrf51/tools/gcc-arm-none-eabi-4_9-2015q3/bin/../lib/gcc/arm-none-eabi/4.9.3/../../../../arm-none-eabi/lib/armv6-m/crt0.o
LOAD _build/ble_ambient.o
LOAD _build/main.o
LOAD _build/init.o
LOAD _build/utils.o
LOAD _build/nosso.o
LOAD _build/battery.o
LOAD _build/fhp_gpio.o
LOAD _build/nrf_pwm.o
LOAD _build/max1161x.o
LOAD _build/pca9538.o
LOAD _build/mpu9x50.o
LOAD _build/spi_fhp_master.o
LOAD _build/bme280.o
LOAD _build/max17048.o
LOAD _build/ff.o
LOAD _build/diskio.o
LOAD _build/SEGGER_RTT.o
LOAD _build/hum.o
LOAD _build/lum.o
LOAD _build/humsolo.o
LOAD _build/pr.o
LOAD _build/temp.o
LOAD _build/SparkFunMS1.o
LOAD _build/rain.o
LOAD _build/SparkFunTSL2561.o
LOAD _build/sd2app.o
LOAD _build/sd_card.o
LOAD _build/twi_hw_master.o
LOAD _build/ble_dis.o
LOAD _build/ble_srv_common.o
LOAD _build/softdevice_handler.o
LOAD _build/ble_advdata.o
LOAD _build/ble_conn_params.o
LOAD _build/app_timer.o
LOAD _build/pstorage.o
LOAD _build/device_manager_peripheral.o
LOAD _build/app_gpiote.o
LOAD _build/nrf_delay.o
LOAD _build/app_scheduler.o
LOAD _build/system_nrf51.o
LOAD _build/gcc_startup_nrf51.o
LOAD /home/ricardo/Documentos/nrf51/tools/gcc-arm-none-eabi-4_9-2015q3/bin/../lib/gcc/arm-none-eabi/4.9.3/../../../../arm-none-eabi/lib/armv6-m/libm.a
START GROUP
LOAD /home/ricardo/Documentos/nrf51/tools/gcc-arm-none-eabi-4_9-2015q3/bin/../lib/gcc/arm-none-eabi/4.9.3/armv6-m/libgcc.a
LOAD /home/ricardo/Documentos/nrf51/tools/gcc-arm-none-eabi-4_9-2015q3/bin/../lib/gcc/arm-none-eabi/4.9.3/../../../../arm-none-eabi/lib/armv6-m/libc_nano.a
END GROUP
START GROUP
LOAD /home/ricardo/Documentos/nrf51/tools/gcc-arm-none-eabi-4_9-2015q3/bin/../lib/gcc/arm-none-eabi/4.9.3/armv6-m/libgcc.a
LOAD /home/ricardo/Documentos/nrf51/tools/gcc-arm-none-eabi-4_9-2015q3/bin/../lib/gcc/arm-none-eabi/4.9.3/../../../../arm-none-eabi/lib/armv6-m/libc_nano.a
END GROUP
LOAD /home/ricardo/Documentos/nrf51/tools/gcc-arm-none-eabi-4_9-2015q3/bin/../lib/gcc/arm-none-eabi/4.9.3/armv6-m/crtend.o
LOAD /home/ricardo/Documentos/nrf51/tools/gcc-arm-none-eabi-4_9-2015q3/bin/../lib/gcc/arm-none-eabi/4.9.3/armv6-m/crtn.o
START GROUP
LOAD /home/ricardo/Documentos/nrf51/tools/gcc-arm-none-eabi-4_9-2015q3/bin/../lib/gcc/arm-none-eabi/4.9.3/armv6-m/libgcc.a
LOAD /home/ricardo/Documentos/nrf51/tools/gcc-arm-none-eabi-4_9-2015q3/bin/../lib/gcc/arm-none-eabi/4.9.3/../../../../arm-none-eabi/lib/armv6-m/libc.a
LOAD /home/ricardo/Documentos/nrf51/tools/gcc-arm-none-eabi-4_9-2015q3/bin/../lib/gcc/arm-none-eabi/4.9.3/../../../../arm-none-eabi/lib/armv6-m/libnosys.a
END GROUP

.text           0x00016000    0x13357
 *(.Vectors)
 .Vectors       0x00016000       0xc0 _build/gcc_startup_nrf51.o
                0x00016000                __Vectors
 *(.text*)
 .text          0x000160c0       0x78 /home/ricardo/Documentos/nrf51/tools/gcc-arm-none-eabi-4_9-2015q3/bin/../lib/gcc/arm-none-eabi/4.9.3/../../../../arm-none-eabi/lib/armv6-m/crt0.o
                0x000160c0                _mainCRTStartup
                0x000160c0                _start
 .text.sd_ble_gatts_service_add
                0x00016138        0x8 _build/ble_ambient.o
 .text.sd_ble_gatts_characteristic_add
                0x00016140        0x8 _build/ble_ambient.o
 .text.sd_ble_gatts_value_set
                0x00016148        0x8 _build/ble_ambient.o
 .text.sd_ble_gatts_hvx
                0x00016150        0x8 _build/ble_ambient.o
 .text.sd_ble_uuid_vs_add
                0x00016158        0x8 _build/ble_ambient.o
 .text.on_connect
                0x00016160       0x18 _build/ble_ambient.o
 .text.on_disconnect
                0x00016178       0x18 _build/ble_ambient.o
 .text.on_write
                0x00016190      0x14c _build/ble_ambient.o
 .text.ble_ambient_on_ble_evt
                0x000162dc       0x4c _build/ble_ambient.o
                0x000162dc                ble_ambient_on_ble_evt
 .text.sensors_char_add
                0x00016328      0x724 _build/ble_ambient.o
 .text.ble_ambient_init
                0x00016a4c      0x1a0 _build/ble_ambient.o
                0x00016a4c                ble_ambient_init
 .text.ble_ambient_sensor_update
                0x00016bec      0x128 _build/ble_ambient.o
                0x00016bec                ble_ambient_sensor_update
 .text.lerCartao2
                0x00016d14      0x2c8 _build/ble_ambient.o
                0x00016d14                lerCartao2
 .text.ble_ambient_config_update
                0x00016fdc       0xdc _build/ble_ambient.o
                0x00016fdc                ble_ambient_config_update
 .text.NVIC_SystemReset
                0x000170b8       0x1c _build/main.o
 .text.nrf_gpio_pin_clear
                0x000170d4       0x24 _build/main.o
 .text.sd_ble_gap_adv_start
                0x000170f8        0x8 _build/main.o
 .text.sd_app_evt_wait
                0x00017100        0x8 _build/main.o
 .text.app_error_handler
                0x00017108       0xd8 _build/main.o
                0x00017108                app_error_handler
 .text.HardFault_Handler
                0x000171e0       0x44 _build/main.o
                0x000171e0                HardFault_Handler
 .text.assert_nrf_callback
                0x00017224       0x60 _build/main.o
                0x00017224                assert_nrf_callback
 .text.conn_params_error_handler
                0x00017284       0x20 _build/main.o
                0x00017284                conn_params_error_handler
 .text.on_conn_params_evt
                0x000172a4       0x3c _build/main.o
                0x000172a4                on_conn_params_evt
 .text.advertising_start
                0x000172e0       0xb8 _build/main.o
                0x000172e0                advertising_start
 .text.on_ble_evt
                0x00017398      0x108 _build/main.o
 .text.device_manager_evt_handler
                0x000174a0       0x38 _build/main.o
                0x000174a0                device_manager_evt_handler
 .text.ble_evt_dispatch
                0x000174d8       0x38 _build/main.o
                0x000174d8                ble_evt_dispatch
 .text.on_sys_evt
                0x00017510       0x10 _build/main.o
 .text.sys_evt_dispatch
                0x00017520       0x20 _build/main.o
                0x00017520                sys_evt_dispatch
 .text.ble_amb_evt
                0x00017540      0x1a8 _build/main.o
                0x00017540                ble_amb_evt
 .text.base_timer_handler
                0x000176e8       0x7c _build/main.o
                0x000176e8                base_timer_handler
 .text.watchdog_timer_handler
                0x00017764       0x20 _build/main.o
                0x00017764                watchdog_timer_handler
 .text.rtc_timer_handler
                0x00017784       0x14 _build/main.o
                0x00017784                rtc_timer_handler
 .text.power_manage
                0x00017798       0x38 _build/main.o
 .text.setup    0x000177d0      0x1f4 _build/main.o
 .text.main     0x000179c4       0x40 _build/main.o
                0x000179c4                main
 .text.NVIC_SetPriority
                0x00017a04       0xd4 _build/init.o
 .text.nrf_gpio_cfg_output
                0x00017ad8       0x20 _build/init.o
 .text.nrf_gpio_cfg_input
                0x00017af8       0x2c _build/init.o
 .text.nrf_gpio_pin_set
                0x00017b24       0x20 _build/init.o
 .text.nrf_gpio_pin_read
                0x00017b44       0x24 _build/init.o
 .text.sd_ble_gap_tx_power_set
                0x00017b68        0x8 _build/init.o
 .text.sd_ble_gap_appearance_set
                0x00017b70        0x8 _build/init.o
 .text.sd_ble_gap_ppcp_set
                0x00017b78        0x8 _build/init.o
 .text.sd_ble_gap_device_name_set
                0x00017b80        0x8 _build/init.o
 .text.sd_ble_enable
                0x00017b88        0x8 _build/init.o
 .text.sd_ble_opt_set
                0x00017b90        0x8 _build/init.o
 .text.gpio_init
                0x00017b98       0x5c _build/init.o
                0x00017b98                gpio_init
 .text.leds_init
                0x00017bf4       0x20 _build/init.o
                0x00017bf4                leds_init
 .text.timers_init
                0x00017c14       0xfc _build/init.o
                0x00017c14                timers_init
 .text.gpiote_init
                0x00017d10       0x98 _build/init.o
                0x00017d10                gpiote_init
 .text.ble_stack_init
                0x00017da8      0x120 _build/init.o
                0x00017da8                ble_stack_init
 .text.scheduler_init
                0x00017ec8       0x3c _build/init.o
                0x00017ec8                scheduler_init
 .text.device_manager_init
                0x00017f04       0xf4 _build/init.o
                0x00017f04                device_manager_init
 .text.gap_params_init
                0x00017ff8       0xc8 _build/init.o
                0x00017ff8                gap_params_init
 .text.services_init
                0x000180c0      0x108 _build/init.o
                0x000180c0                services_init
 .text.advertising_init
                0x000181c8       0x84 _build/init.o
                0x000181c8                advertising_init
 .text.conn_params_init
                0x0001824c       0x84 _build/init.o
                0x0001824c                conn_params_init
 .text.drivers_init
                0x000182d0      0x118 _build/init.o
                0x000182d0                drivers_init
 .text.sensors_init
                0x000183e8      0x15c _build/init.o
                0x000183e8                sensors_init
 .text.watchdog_init
                0x00018544       0x80 _build/init.o
                0x00018544                watchdog_init
 .text.application_work_start
                0x000185c4       0xfc _build/init.o
                0x000185c4                application_work_start
 .text.application_work_stop
                0x000186c0       0x68 _build/init.o
                0x000186c0                application_work_stop
 .text.msec_to_ticks
                0x00018728       0x20 _build/utils.o
                0x00018728                msec_to_ticks
 .text.check_ble_service_err_code
                0x00018748       0x70 _build/utils.o
                0x00018748                check_ble_service_err_code
 .text.log_to_sd
                0x000187b8       0x88 _build/utils.o
                0x000187b8                log_to_sd
 .text.log2sd   0x00018840       0xac _build/utils.o
                0x00018840                log2sd
 .text.getTimeStamp
                0x000188ec       0x14 _build/nosso.o
                0x000188ec                getTimeStamp
 .text.increTimeStamp
                0x00018900       0x18 _build/nosso.o
                0x00018900                increTimeStamp
 .text.nrf_gpio_pin_set
                0x00018918       0x20 _build/battery.o
 .text.nrf_gpio_pin_clear
                0x00018938       0x24 _build/battery.o
 .text.nrf_gpio_pin_read
                0x0001895c       0x24 _build/battery.o
 .text.battery_init
                0x00018980       0x20 _build/battery.o
                0x00018980                battery_init
 .text.induction_charging
                0x000189a0       0x88 _build/battery.o
                0x000189a0                induction_charging
 .text.wired_charging
                0x00018a28       0x88 _build/battery.o
                0x00018a28                wired_charging
 .text.battery_charge_handler
                0x00018ab0       0xac _build/battery.o
                0x00018ab0                battery_charge_handler
 .text.gauge_timer_handler
                0x00018b5c      0x144 _build/battery.o
                0x00018b5c                gauge_timer_handler
 .text.enable_high_voltage
                0x00018ca0       0x4c _build/battery.o
                0x00018ca0                enable_high_voltage
 .text.nrf_gpio_cfg_output
                0x00018cec       0x20 _build/fhp_gpio.o
 .text.nrf_gpio_pin_set
                0x00018d0c       0x20 _build/fhp_gpio.o
 .text.nrf_gpio_pin_clear
                0x00018d2c       0x24 _build/fhp_gpio.o
 .text.fhp_gpio_init
                0x00018d50       0x58 _build/fhp_gpio.o
                0x00018d50                fhp_gpio_init
 .text.clear_pwm_pin
                0x00018da8      0x15c _build/fhp_gpio.o
 .text.fhp_gpio_set
                0x00018f04       0x3c _build/fhp_gpio.o
                0x00018f04                fhp_gpio_set
 .text.fhp_gpio_clear
                0x00018f40       0x3c _build/fhp_gpio.o
                0x00018f40                fhp_gpio_clear
 .text.fhp_gpio_config
                0x00018f7c      0x2cc _build/fhp_gpio.o
 .text.fhp_gpio_blink
                0x00019248       0x60 _build/fhp_gpio.o
                0x00019248                fhp_gpio_blink
 .text.fhp_gpio_fade
                0x000192a8       0x68 _build/fhp_gpio.o
                0x000192a8                fhp_gpio_fade
 .text.timer_handler
                0x00019310      0x214 _build/fhp_gpio.o
 .text.nrf_gpiote_task_config
                0x00019524       0xb4 _build/nrf_pwm.o
 .text.nrf_gpiote_unconfig
                0x000195d8       0x24 _build/nrf_pwm.o
 .text.nrf_gpio_cfg_output
                0x000195fc       0x20 _build/nrf_pwm.o
 .text.nrf_gpio_pin_set
                0x0001961c       0x20 _build/nrf_pwm.o
 .text.nrf_gpio_pin_clear
                0x0001963c       0x24 _build/nrf_pwm.o
 .text.nrf_gpio_pin_write
                0x00019660       0x28 _build/nrf_pwm.o
 .text.sd_ppi_channel_enable_set
                0x00019688        0x8 _build/nrf_pwm.o
 .text.sd_ppi_channel_assign
                0x00019690        0x8 _build/nrf_pwm.o
 .text.sd_radio_session_open
                0x00019698        0x8 _build/nrf_pwm.o
 .text.sd_radio_request
                0x000196a0        0x8 _build/nrf_pwm.o
 .text.apply_pan73_workaround
                0x000196a8       0x60 _build/nrf_pwm.o
 .text.safe_margins_present
                0x00019708       0x64 _build/nrf_pwm.o
 .text.ppi_enable_channel
                0x0001976c       0x3c _build/nrf_pwm.o
 .text.nrf_radio_signal_callback
                0x000197a8       0x40 _build/nrf_pwm.o
                0x000197a8                nrf_radio_signal_callback
 .text.nrf_pwm_init
                0x000197e8      0x368 _build/nrf_pwm.o
                0x000197e8                nrf_pwm_init
 .text.nrf_pwm_set_value
                0x00019b50       0x64 _build/nrf_pwm.o
                0x00019b50                nrf_pwm_set_value
 .text.nrf_pwm_set_enabled
                0x00019bb4       0x9c _build/nrf_pwm.o
                0x00019bb4                nrf_pwm_set_enabled
 .text.TIMER2_IRQHandler
                0x00019c50      0x384 _build/nrf_pwm.o
                0x00019c50                TIMER2_IRQHandler
 .text.max1161x_write_data
                0x00019fd4       0x48 _build/max1161x.o
                0x00019fd4                max1161x_write_data
 .text.max1161x_init
                0x0001a01c       0x48 _build/max1161x.o
                0x0001a01c                max1161x_init
 .text.nrf_delay_us
                0x0001a064       0x34 _build/pca9538.o
 .text.pca9538_write
                0x0001a098       0x64 _build/pca9538.o
                0x0001a098                pca9538_write
 .text.pca9538_init
                0x0001a0fc       0x84 _build/pca9538.o
                0x0001a0fc                pca9538_init
 .text.nrf_delay_us
                0x0001a180       0x34 _build/mpu9x50.o
 .text.mpu9x50_initMoveSensor
                0x0001a1b4       0x80 _build/mpu9x50.o
                0x0001a1b4                mpu9x50_initMoveSensor
 .text.read_mult
                0x0001a234       0xd4 _build/mpu9x50.o
                0x0001a234                read_mult
 .text.read     0x0001a308       0x28 _build/mpu9x50.o
                0x0001a308                read
 .text.write_mult
                0x0001a330      0x114 _build/mpu9x50.o
                0x0001a330                write_mult
 .text.write    0x0001a444       0x2c _build/mpu9x50.o
                0x0001a444                write
 .text.writeBits
                0x0001a470       0xe8 _build/mpu9x50.o
                0x0001a470                writeBits
 .text.writeBit
                0x0001a558       0x40 _build/mpu9x50.o
                0x0001a558                writeBit
 .text.mpu9x50_fifoCtrl
                0x0001a598       0x68 _build/mpu9x50.o
                0x0001a598                mpu9x50_fifoCtrl
 .text.mpu9x50_reset
                0x0001a600       0x14 _build/mpu9x50.o
                0x0001a600                mpu9x50_reset
 .text.mpu9x50_gyroStandby
                0x0001a614       0x20 _build/mpu9x50.o
                0x0001a614                mpu9x50_gyroStandby
 .text.mpu9x50_sleep
                0x0001a634       0x2c _build/mpu9x50.o
                0x0001a634                mpu9x50_sleep
 .text.mpu9x50_cycleMode
                0x0001a660       0x20 _build/mpu9x50.o
                0x0001a660                mpu9x50_cycleMode
 .text.mpu9x50_setCycleWakeFrequency
                0x0001a680       0x20 _build/mpu9x50.o
                0x0001a680                mpu9x50_setCycleWakeFrequency
 .text.mpu9x50_setStandbyAccX
                0x0001a6a0       0x20 _build/mpu9x50.o
                0x0001a6a0                mpu9x50_setStandbyAccX
 .text.mpu9x50_setStandbyAccY
                0x0001a6c0       0x20 _build/mpu9x50.o
                0x0001a6c0                mpu9x50_setStandbyAccY
 .text.mpu9x50_setStandbyAccZ
                0x0001a6e0       0x20 _build/mpu9x50.o
                0x0001a6e0                mpu9x50_setStandbyAccZ
 .text.mpu9x50_setStandbyGyroX
                0x0001a700       0x20 _build/mpu9x50.o
                0x0001a700                mpu9x50_setStandbyGyroX
 .text.mpu9x50_setStandbyGyroY
                0x0001a720       0x20 _build/mpu9x50.o
                0x0001a720                mpu9x50_setStandbyGyroY
 .text.mpu9x50_setStandbyGyroZ
                0x0001a740       0x20 _build/mpu9x50.o
                0x0001a740                mpu9x50_setStandbyGyroZ
 .text.mpu9x50_setAccelerometerDigitalLowPassFilter
                0x0001a760       0x20 _build/mpu9x50.o
                0x0001a760                mpu9x50_setAccelerometerDigitalLowPassFilter
 .text.mpu9x50_setAccelerometerDigitalLowPassFilterOn
                0x0001a780       0x20 _build/mpu9x50.o
                0x0001a780                mpu9x50_setAccelerometerDigitalLowPassFilterOn
 .text.mpu9x50_setInterruptDataReadyEnable
                0x0001a7a0       0x20 _build/mpu9x50.o
                0x0001a7a0                mpu9x50_setInterruptDataReadyEnable
 .text.mpu9x50_setMotionInterrupt
                0x0001a7c0       0x10 _build/mpu9x50.o
                0x0001a7c0                mpu9x50_setMotionInterrupt
 .text.mpu9x50_setMotionThreshold
                0x0001a7d0       0x10 _build/mpu9x50.o
                0x0001a7d0                mpu9x50_setMotionThreshold
 .text.mpu9x50_setEnableFifo
                0x0001a7e0       0x20 _build/mpu9x50.o
                0x0001a7e0                mpu9x50_setEnableFifo
 .text.mpu9x50_setFifoReset
                0x0001a800       0x20 _build/mpu9x50.o
                0x0001a800                mpu9x50_setFifoReset
 .text.nrf_gpio_cfg_output
                0x0001a820       0x20 _build/spi_fhp_master.o
 .text.nrf_gpio_cfg_input
                0x0001a840       0x2c _build/spi_fhp_master.o
 .text.nrf_gpio_pin_set
                0x0001a86c       0x20 _build/spi_fhp_master.o
 .text.nrf_gpio_pin_clear
                0x0001a88c       0x24 _build/spi_fhp_master.o
 .text.spi_master_init
                0x0001a8b0      0x144 _build/spi_fhp_master.o
                0x0001a8b0                spi_master_init
 .text.spi_master_tx_rx
                0x0001a9f4       0xe4 _build/spi_fhp_master.o
                0x0001a9f4                spi_master_tx_rx
 .text.nrf_delay_us
                0x0001aad8       0x34 _build/bme280.o
 .text.bme280_init
                0x0001ab0c       0x7c _build/bme280.o
                0x0001ab0c                bme280_init
 .text.bme280_read_uncomp_temperature
                0x0001ab88       0x90 _build/bme280.o
                0x0001ab88                bme280_read_uncomp_temperature
 .text.bme280_compensate_temperature_int32
                0x0001ac18       0x88 _build/bme280.o
                0x0001ac18                bme280_compensate_temperature_int32
 .text.bme280_read_uncomp_pressure
                0x0001aca0       0x90 _build/bme280.o
                0x0001aca0                bme280_read_uncomp_pressure
 .text.bme280_compensate_pressure_int32
                0x0001ad30      0x15c _build/bme280.o
                0x0001ad30                bme280_compensate_pressure_int32
 .text.bme280_read_uncomp_humidity
                0x0001ae8c       0x7c _build/bme280.o
                0x0001ae8c                bme280_read_uncomp_humidity
 .text.bme280_compensate_humidity_int32
                0x0001af08       0xd4 _build/bme280.o
                0x0001af08                bme280_compensate_humidity_int32
 .text.bme280_get_calib_param
                0x0001afdc      0x26c _build/bme280.o
                0x0001afdc                bme280_get_calib_param
 .text.bme280_set_oversamp_temperature
                0x0001b248      0x1fc _build/bme280.o
                0x0001b248                bme280_set_oversamp_temperature
 .text.bme280_set_oversamp_pressure
                0x0001b444      0x1e8 _build/bme280.o
                0x0001b444                bme280_set_oversamp_pressure
 .text.bme280_set_oversamp_humidity
                0x0001b62c      0x24c _build/bme280.o
                0x0001b62c                bme280_set_oversamp_humidity
 .text.bme280_get_power_mode
                0x0001b878       0x6c _build/bme280.o
                0x0001b878                bme280_get_power_mode
 .text.bme280_set_power_mode
                0x0001b8e4      0x208 _build/bme280.o
                0x0001b8e4                bme280_set_power_mode
 .text.bme280_set_soft_rst
                0x0001baec       0x50 _build/bme280.o
                0x0001baec                bme280_set_soft_rst
 .text.bme280_set_filter
                0x0001bb3c      0x208 _build/bme280.o
                0x0001bb3c                bme280_set_filter
 .text.bme280_write_register
                0x0001bd44       0x60 _build/bme280.o
                0x0001bd44                bme280_write_register
 .text.bme280_read_register
                0x0001bda4       0x60 _build/bme280.o
                0x0001bda4                bme280_read_register
 .text.bme280_init_nrf51
                0x0001be04       0xac _build/bme280.o
                0x0001be04                bme280_init_nrf51
 .text.BME280_I2C_bus_write
                0x0001beb0      0x1c8 _build/bme280.o
                0x0001beb0                BME280_I2C_bus_write
 .text.BME280_I2C_bus_read
                0x0001c078       0xb0 _build/bme280.o
                0x0001c078                BME280_I2C_bus_read
 .text.bme280_read_temperature
                0x0001c128       0x54 _build/bme280.o
                0x0001c128                bme280_read_temperature
 .text.bme280_read_pressure
                0x0001c17c       0x54 _build/bme280.o
                0x0001c17c                bme280_read_pressure
 .text.bme280_read_humidity
                0x0001c1d0       0x54 _build/bme280.o
                0x0001c1d0                bme280_read_humidity
 .text.BME280_delay_msek
                0x0001c224       0x1c _build/bme280.o
                0x0001c224                BME280_delay_msek
 .text.nrf_delay_us
                0x0001c240       0x34 _build/max17048.o
 .text.max17048_write_data
                0x0001c274      0x11c _build/max17048.o
                0x0001c274                max17048_write_data
 .text.max17048_read_data
                0x0001c390       0x88 _build/max17048.o
                0x0001c390                max17048_read_data
 .text.max17048_clear_alert
                0x0001c418       0x6c _build/max17048.o
                0x0001c418                max17048_clear_alert
 .text.max17048_init
                0x0001c484      0x114 _build/max17048.o
                0x0001c484                max17048_init
 .text.max17048_read_soc
                0x0001c598       0x2c _build/max17048.o
                0x0001c598                max17048_read_soc
 .text.max17048_get_alert
                0x0001c5c4       0xbc _build/max17048.o
                0x0001c5c4                max17048_get_alert
 .text.mem_cpy  0x0001c680       0x38 _build/ff.o
 .text.mem_set  0x0001c6b8       0x30 _build/ff.o
 .text.mem_cmp  0x0001c6e8       0x4c _build/ff.o
 .text.chk_chr  0x0001c734       0x34 _build/ff.o
 .text.sync_window
                0x0001c768       0xa0 _build/ff.o
 .text.move_window
                0x0001c808       0x74 _build/ff.o
 .text.sync_fs  0x0001c87c      0x194 _build/ff.o
 .text.clust2sect
                0x0001ca10       0x38 _build/ff.o
                0x0001ca10                clust2sect
 .text.get_fat  0x0001ca48      0x16c _build/ff.o
                0x0001ca48                get_fat
 .text.put_fat  0x0001cbb4      0x23c _build/ff.o
                0x0001cbb4                put_fat
 .text.remove_chain
                0x0001cdf0       0xc4 _build/ff.o
 .text.create_chain
                0x0001ceb4      0x154 _build/ff.o
 .text.dir_sdi  0x0001d008      0x104 _build/ff.o
 .text.dir_next
                0x0001d10c      0x1a4 _build/ff.o
 .text.dir_alloc
                0x0001d2b0       0xb4 _build/ff.o
 .text.ld_clust
                0x0001d364       0x58 _build/ff.o
 .text.st_clust
                0x0001d3bc       0x48 _build/ff.o
 .text.dir_find
                0x0001d404       0xc4 _build/ff.o
 .text.dir_register
                0x0001d4c8       0x7c _build/ff.o
 .text.create_name
                0x0001d544      0x29c _build/ff.o
 .text.follow_path
                0x0001d7e0      0x100 _build/ff.o
 .text.get_ldnumber
                0x0001d8e0       0x84 _build/ff.o
 .text.check_fs
                0x0001d964       0xd0 _build/ff.o
 .text.find_volume
                0x0001da34      0x5ec _build/ff.o
 .text.validate
                0x0001e020       0x5c _build/ff.o
 .text.f_mount  0x0001e07c       0x94 _build/ff.o
                0x0001e07c                f_mount
 .text.f_open   0x0001e110      0x300 _build/ff.o
                0x0001e110                f_open
 .text.f_read   0x0001e410      0x24c _build/ff.o
                0x0001e410                f_read
 .text.f_write  0x0001e65c      0x2f0 _build/ff.o
                0x0001e65c                f_write
 .text.f_sync   0x0001e94c      0x13c _build/ff.o
                0x0001e94c                f_sync
 .text.f_close  0x0001ea88       0x50 _build/ff.o
                0x0001ea88                f_close
 .text.f_lseek  0x0001ead8      0x224 _build/ff.o
                0x0001ead8                f_lseek
 .text.nrf_delay_us
                0x0001ecfc       0x34 _build/diskio.o
 .text.disk_status
                0x0001ed30       0x28 _build/diskio.o
                0x0001ed30                disk_status
 .text.disk_initialize
                0x0001ed58      0x1c8 _build/diskio.o
                0x0001ed58                disk_initialize
 .text.disk_read
                0x0001ef20       0xbc _build/diskio.o
                0x0001ef20                disk_read
 .text.disk_write
                0x0001efdc       0xdc _build/diskio.o
                0x0001efdc                disk_write
 .text.disk_ioctl
                0x0001f0b8      0x160 _build/diskio.o
                0x0001f0b8                disk_ioctl
 .text._strlen  0x0001f218       0x3c _build/SEGGER_RTT.o
 .text._Init    0x0001f254        0x8 _build/SEGGER_RTT.o
 .text.SEGGER_RTT_Write
                0x0001f25c      0x224 _build/SEGGER_RTT.o
                0x0001f25c                SEGGER_RTT_Write
 .text.SEGGER_RTT_WriteString
                0x0001f480       0x30 _build/SEGGER_RTT.o
                0x0001f480                SEGGER_RTT_WriteString
 .text.hum_init
                0x0001f4b0       0x4c _build/hum.o
                0x0001f4b0                hum_init
 .text.hum_configs_update
                0x0001f4fc      0x120 _build/hum.o
                0x0001f4fc                hum_configs_update
 .text.hum_values_handler
                0x0001f61c       0xe8 _build/hum.o
                0x0001f61c                hum_values_handler
 .text.hum_timer_handler
                0x0001f704       0xec _build/hum.o
                0x0001f704                hum_timer_handler
 .text.pr_init  0x0001f7f0       0x4c _build/pr.o
                0x0001f7f0                pr_init
 .text.pr_configs_update
                0x0001f83c      0x130 _build/pr.o
                0x0001f83c                pr_configs_update
 .text.pr_values_handler
                0x0001f96c       0xe8 _build/pr.o
                0x0001f96c                pr_values_handler
 .text.pr_timer_handler
                0x0001fa54       0xe8 _build/pr.o
                0x0001fa54                pr_timer_handler
 .text.temp_init
                0x0001fb3c       0x50 _build/temp.o
                0x0001fb3c                temp_init
 .text.temp_configs_update
                0x0001fb8c      0x124 _build/temp.o
                0x0001fb8c                temp_configs_update
 .text.temp_values_handler
                0x0001fcb0       0xec _build/temp.o
                0x0001fcb0                temp_values_handler
 .text.temp_timer_handler
                0x0001fd9c       0xe4 _build/temp.o
                0x0001fd9c                temp_timer_handler
 .text.sd_init  0x0001fe80       0x50 _build/sd2app.o
                0x0001fe80                sd_init
 .text.nrf_delay_us
                0x0001fed0       0x34 _build/sd_card.o
 .text.nrf_gpio_cfg_output
                0x0001ff04       0x20 _build/sd_card.o
 .text.nrf_gpio_pin_set
                0x0001ff24       0x20 _build/sd_card.o
 .text.nrf_gpio_pin_clear
                0x0001ff44       0x24 _build/sd_card.o
 .text.spi_init
                0x0001ff68       0x28 _build/sd_card.o
                0x0001ff68                spi_init
 .text.send_mmc
                0x0001ff90       0x74 _build/sd_card.o
                0x0001ff90                send_mmc
 .text.receive_mmc
                0x00020004       0x90 _build/sd_card.o
                0x00020004                receive_mmc
 .text.wait_ready
                0x00020094       0x48 _build/sd_card.o
                0x00020094                wait_ready
 .text.select   0x000200dc       0x30 _build/sd_card.o
                0x000200dc                select
 .text.deselect
                0x0002010c       0x1c _build/sd_card.o
                0x0002010c                deselect
 .text.receive_datablock
                0x00020128       0x70 _build/sd_card.o
                0x00020128                receive_datablock
 .text.send_datablock
                0x00020198       0x78 _build/sd_card.o
                0x00020198                send_datablock
 .text.send_cmd
                0x00020210      0x140 _build/sd_card.o
                0x00020210                send_cmd
 .text.nrf_delay_us
                0x00020350       0x34 _build/twi_hw_master.o
 .text.twi_master_write
                0x00020384      0x124 _build/twi_hw_master.o
 .text.twi_master_read
                0x000204a8      0x168 _build/twi_hw_master.o
 .text.twi_master_clear_bus
                0x00020610      0x124 _build/twi_hw_master.o
 .text.twi_master_init
                0x00020734       0xa0 _build/twi_hw_master.o
                0x00020734                twi_master_init
 .text.twi_master_transfer
                0x000207d4       0xa0 _build/twi_hw_master.o
                0x000207d4                twi_master_transfer
 .text.uint16_encode
                0x00020874       0x34 _build/ble_dis.o
 .text.sd_ble_gatts_service_add
                0x000208a8        0x8 _build/ble_dis.o
 .text.sd_ble_gatts_characteristic_add
                0x000208b0        0x8 _build/ble_dis.o
 .text.sys_id_encode
                0x000208b8      0x188 _build/ble_dis.o
 .text.pnp_id_encode
                0x00020a40      0x12c _build/ble_dis.o
 .text.char_add
                0x00020b6c      0x18c _build/ble_dis.o
 .text.ble_dis_init
                0x00020cf8      0x26c _build/ble_dis.o
                0x00020cf8                ble_dis_init
 .text.ble_srv_ascii_to_utf8
                0x00020f64       0x28 _build/ble_srv_common.o
                0x00020f64                ble_srv_ascii_to_utf8
 .text.sd_nvic_EnableIRQ
                0x00020f8c        0x8 _build/softdevice_handler.o
 .text.sd_evt_get
                0x00020f94        0x8 _build/softdevice_handler.o
 .text.sd_softdevice_enable
                0x00020f9c        0x8 _build/softdevice_handler.o
 .text.is_word_aligned
                0x00020fa4       0x1c _build/softdevice_handler.o
 .text.sd_ble_evt_get
                0x00020fc0        0x8 _build/softdevice_handler.o
 .text.softdevice_assertion_handler
                0x00020fc8       0x28 _build/softdevice_handler.o
                0x00020fc8                softdevice_assertion_handler
 .text.intern_softdevice_events_execute
                0x00020ff0      0x114 _build/softdevice_handler.o
                0x00020ff0                intern_softdevice_events_execute
 .text.softdevice_handler_init
                0x00021104       0x8c _build/softdevice_handler.o
                0x00021104                softdevice_handler_init
 .text.softdevice_ble_evt_handler_set
                0x00021190       0x28 _build/softdevice_handler.o
                0x00021190                softdevice_ble_evt_handler_set
 .text.softdevice_sys_evt_handler_set
                0x000211b8       0x28 _build/softdevice_handler.o
                0x000211b8                softdevice_sys_evt_handler_set
 .text.SWI2_IRQHandler
                0x000211e0       0x4c _build/softdevice_handler.o
                0x000211e0                SWI2_IRQHandler
 .text.sd_ble_gap_adv_data_set
                0x0002122c        0x8 _build/ble_advdata.o
 .text.sd_ble_gap_appearance_get
                0x00021234        0x8 _build/ble_advdata.o
 .text.sd_ble_gap_device_name_get
                0x0002123c        0x8 _build/ble_advdata.o
 .text.sd_ble_uuid_encode
                0x00021244        0x8 _build/ble_advdata.o
 .text.uint16_encode
                0x0002124c       0x34 _build/ble_advdata.o
 .text.name_encode
                0x00021280      0x13c _build/ble_advdata.o
 .text.appearance_encode
                0x000213bc       0x90 _build/ble_advdata.o
 .text.uint8_array_encode
                0x0002144c       0xa4 _build/ble_advdata.o
 .text.tx_power_level_encode
                0x000214f0       0x70 _build/ble_advdata.o
 .text.uuid_list_sized_encode
                0x00021560      0x178 _build/ble_advdata.o
 .text.uuid_list_encode
                0x000216d8       0x78 _build/ble_advdata.o
 .text.conn_int_check
                0x00021750       0x80 _build/ble_advdata.o
 .text.conn_int_encode
                0x000217d0       0xb4 _build/ble_advdata.o
 .text.manuf_specific_data_encode
                0x00021884       0xd8 _build/ble_advdata.o
 .text.service_data_encode
                0x0002195c      0x10c _build/ble_advdata.o
 .text.adv_data_encode
                0x00021a68      0x1bc _build/ble_advdata.o
 .text.advdata_check
                0x00021c24       0x34 _build/ble_advdata.o
 .text.srdata_check
                0x00021c58       0x20 _build/ble_advdata.o
 .text.ble_advdata_set
                0x00021c78       0xcc _build/ble_advdata.o
                0x00021c78                ble_advdata_set
 .text.sd_ble_gap_conn_param_update
                0x00021d44        0x8 _build/ble_conn_params.o
 .text.sd_ble_gap_disconnect
                0x00021d4c        0x8 _build/ble_conn_params.o
 .text.sd_ble_gap_ppcp_set
                0x00021d54        0x8 _build/ble_conn_params.o
 .text.sd_ble_gap_ppcp_get
                0x00021d5c        0x8 _build/ble_conn_params.o
 .text.uint16_decode
                0x00021d64       0x28 _build/ble_conn_params.o
 .text.ble_srv_is_notification_enabled
                0x00021d8c       0x30 _build/ble_conn_params.o
 .text.is_conn_params_ok
                0x00021dbc       0x34 _build/ble_conn_params.o
 .text.update_timeout_handler
                0x00021df0       0xc4 _build/ble_conn_params.o
 .text.ble_conn_params_init
                0x00021eb4       0xac _build/ble_conn_params.o
                0x00021eb4                ble_conn_params_init
 .text.conn_params_negotiation
                0x00021f60       0xbc _build/ble_conn_params.o
 .text.on_connect
                0x0002201c       0x4c _build/ble_conn_params.o
 .text.on_disconnect
                0x00022068       0x54 _build/ble_conn_params.o
 .text.on_write
                0x000220bc       0x6c _build/ble_conn_params.o
 .text.on_conn_params_update
                0x00022128       0x28 _build/ble_conn_params.o
 .text.ble_conn_params_on_ble_evt
                0x00022150       0x50 _build/ble_conn_params.o
                0x00022150                ble_conn_params_on_ble_evt
 .text.is_word_aligned
                0x000221a0       0x1c _build/app_timer.o
 .text.NVIC_EnableIRQ
                0x000221bc       0x2c _build/app_timer.o
 .text.NVIC_DisableIRQ
                0x000221e8       0x30 _build/app_timer.o
 .text.NVIC_SetPendingIRQ
                0x00022218       0x30 _build/app_timer.o
 .text.NVIC_ClearPendingIRQ
                0x00022248       0x30 _build/app_timer.o
 .text.NVIC_SetPriority
                0x00022278       0xd4 _build/app_timer.o
 .text.NVIC_GetPriority
                0x0002234c       0x78 _build/app_timer.o
 .text.nrf_delay_us
                0x000223c4       0x34 _build/app_timer.o
 .text.current_int_priority_get
                0x000223f8       0x3c _build/app_timer.o
 .text.rtc1_init
                0x00022434       0x24 _build/app_timer.o
 .text.rtc1_start
                0x00022458       0x48 _build/app_timer.o
 .text.rtc1_stop
                0x000224a0       0x58 _build/app_timer.o
 .text.rtc1_counter_get
                0x000224f8       0x18 _build/app_timer.o
 .text.ticks_diff_get
                0x00022510       0x1c _build/app_timer.o
 .text.rtc1_compare0_set
                0x0002252c       0x1c _build/app_timer.o
 .text.timer_list_insert
                0x00022548      0x144 _build/app_timer.o
 .text.timer_list_remove
                0x0002268c       0xf8 _build/app_timer.o
 .text.timer_timeouts_check_sched
                0x00022784       0x10 _build/app_timer.o
 .text.timer_list_handler_sched
                0x00022794       0x10 _build/app_timer.o
 .text.timeout_handler_exec
                0x000227a4       0x64 _build/app_timer.o
 .text.timer_timeouts_check
                0x00022808       0xcc _build/app_timer.o
 .text.elapsed_ticks_acquire
                0x000228d4       0x7c _build/app_timer.o
 .text.list_deletions_handler
                0x00022950      0x120 _build/app_timer.o
 .text.expired_timers_handler
                0x00022a70       0xb0 _build/app_timer.o
 .text.list_insertions_handler
                0x00022b20      0x1ac _build/app_timer.o
 .text.compare_reg_update
                0x00022ccc       0xc4 _build/app_timer.o
 .text.timer_list_handler
                0x00022d90       0x8c _build/app_timer.o
 .text.user_op_enque
                0x00022e1c       0x18 _build/app_timer.o
 .text.user_op_alloc
                0x00022e34       0x58 _build/app_timer.o
 .text.timer_start_op_schedule
                0x00022e8c       0x80 _build/app_timer.o
 .text.timer_stop_op_schedule
                0x00022f0c       0x60 _build/app_timer.o
 .text.RTC1_IRQHandler
                0x00022f6c       0x4c _build/app_timer.o
                0x00022f6c                RTC1_IRQHandler
 .text.SWI0_IRQHandler
                0x00022fb8        0xc _build/app_timer.o
                0x00022fb8                SWI0_IRQHandler
 .text.app_timer_init
                0x00022fc4      0x17c _build/app_timer.o
                0x00022fc4                app_timer_init
 .text.app_timer_create
                0x00023140       0xbc _build/app_timer.o
                0x00023140                app_timer_create
 .text.user_id_get
                0x000231fc       0x34 _build/app_timer.o
 .text.app_timer_start
                0x00023230       0x8c _build/app_timer.o
                0x00023230                app_timer_start
 .text.app_timer_stop
                0x000232bc       0x60 _build/app_timer.o
                0x000232bc                app_timer_stop
 .text.sd_flash_write
                0x0002331c        0x8 _build/pstorage.o
 .text.sd_flash_page_erase
                0x00023324        0x8 _build/pstorage.o
 .text.is_word_aligned
                0x0002332c       0x1c _build/pstorage.o
 .text.cmd_queue_element_init
                0x00023348       0x84 _build/pstorage.o
 .text.cmd_queue_init
                0x000233cc       0x50 _build/pstorage.o
 .text.cmd_queue_enqueue
                0x0002341c      0x11c _build/pstorage.o
 .text.cmd_queue_dequeue
                0x00023538       0x38 _build/pstorage.o
 .text.app_notify
                0x00023570       0xa8 _build/pstorage.o
 .text.pstorage_sys_event_handler
                0x00023618      0x1d0 _build/pstorage.o
                0x00023618                pstorage_sys_event_handler
 .text.swap_state_process
                0x000237e8      0x2e0 _build/pstorage.o
 .text.cmd_process
                0x00023ac8      0x214 _build/pstorage.o
 .text.pstorage_init
                0x00023cdc      0x128 _build/pstorage.o
                0x00023cdc                pstorage_init
 .text.pstorage_register
                0x00023e04      0x210 _build/pstorage.o
                0x00023e04                pstorage_register
 .text.pstorage_block_identifier_get
                0x00024014       0xe0 _build/pstorage.o
                0x00024014                pstorage_block_identifier_get
 .text.pstorage_store
                0x000240f4      0x148 _build/pstorage.o
                0x000240f4                pstorage_store
 .text.pstorage_update
                0x0002423c      0x148 _build/pstorage.o
                0x0002423c                pstorage_update
 .text.pstorage_load
                0x00024384      0x16c _build/pstorage.o
                0x00024384                pstorage_load
 .text.pstorage_clear
                0x000244f0       0xf8 _build/pstorage.o
                0x000244f0                pstorage_clear
 .text.sd_ble_gap_sec_params_reply
                0x000245e8        0x8 _build/device_manager_peripheral.o
 .text.sd_ble_gap_sec_info_reply
                0x000245f0        0x8 _build/device_manager_peripheral.o
 .text.sd_ble_gatts_sys_attr_set
                0x000245f8        0x8 _build/device_manager_peripheral.o
 .text.sd_ble_gatts_sys_attr_get
                0x00024600        0x8 _build/device_manager_peripheral.o
 .text.update_status_bit_reset
                0x00024608       0x28 _build/device_manager_peripheral.o
 .text.update_status_bit_is_set
                0x00024630       0x2c _build/device_manager_peripheral.o
 .text.application_instance_init
                0x0002465c       0x38 _build/device_manager_peripheral.o
 .text.connection_instance_find
                0x00024694       0x90 _build/device_manager_peripheral.o
 .text.device_instance_allocate
                0x00024724       0xdc _build/device_manager_peripheral.o
 .text.peer_instance_init
                0x00024800       0x90 _build/device_manager_peripheral.o
 .text.device_instance_find
                0x00024890       0x88 _build/device_manager_peripheral.o
 .text.app_evt_notify
                0x00024918       0x28 _build/device_manager_peripheral.o
 .text.connection_instance_init
                0x00024940       0x68 _build/device_manager_peripheral.o
 .text.connection_instance_free
                0x000249a8       0x34 _build/device_manager_peripheral.o
 .text.storage_operation_dummy_handler
                0x000249dc       0x20 _build/device_manager_peripheral.o
 .text.no_service_context_store
                0x000249fc       0x14 _build/device_manager_peripheral.o
 .text.gatts_context_store
                0x00024a10      0x154 _build/device_manager_peripheral.o
 .text.gattc_context_store
                0x00024b64       0x14 _build/device_manager_peripheral.o
 .text.gattsc_context_store
                0x00024b78       0x3c _build/device_manager_peripheral.o
 .text.no_service_context_load
                0x00024bb4       0x14 _build/device_manager_peripheral.o
 .text.gatts_context_load
                0x00024bc8       0x6c _build/device_manager_peripheral.o
 .text.gattc_context_load
                0x00024c34       0x14 _build/device_manager_peripheral.o
 .text.gattsc_context_load
                0x00024c48       0x3c _build/device_manager_peripheral.o
 .text.no_service_context_apply
                0x00024c84       0x14 _build/device_manager_peripheral.o
 .text.gatts_context_apply
                0x00024c98       0xe0 _build/device_manager_peripheral.o
 .text.gattc_context_apply
                0x00024d78       0x14 _build/device_manager_peripheral.o
 .text.gattsc_context_apply
                0x00024d8c       0x30 _build/device_manager_peripheral.o
 .text.dm_pstorage_cb_handler
                0x00024dbc      0x2c0 _build/device_manager_peripheral.o
 .text.dm_init  0x0002507c      0x16c _build/device_manager_peripheral.o
                0x0002507c                dm_init
 .text.dm_register
                0x000251e8       0x98 _build/device_manager_peripheral.o
                0x000251e8                dm_register
 .text.dm_handle_initialize
                0x00025280       0x38 _build/device_manager_peripheral.o
                0x00025280                dm_handle_initialize
 .text.device_context_store
                0x000252b8      0x15c _build/device_manager_peripheral.o
 .text.connection_instance_allocate
                0x00025414       0x50 _build/device_manager_peripheral.o
 .text.bond_data_load
                0x00025464       0x80 _build/device_manager_peripheral.o
                0x00025464                bond_data_load
 .text.dm_ble_evt_handler
                0x000254e4      0x750 _build/device_manager_peripheral.o
                0x000254e4                dm_ble_evt_handler
 .text.NVIC_EnableIRQ
                0x00025c34       0x2c _build/app_gpiote.o
 .text.NVIC_ClearPendingIRQ
                0x00025c60       0x30 _build/app_gpiote.o
 .text.NVIC_SetPriority
                0x00025c90       0xd4 _build/app_gpiote.o
 .text.is_word_aligned
                0x00025d64       0x1c _build/app_gpiote.o
 .text.sense_level_toggle
                0x00025d80       0xac _build/app_gpiote.o
 .text.GPIOTE_IRQHandler
                0x00025e2c      0x11c _build/app_gpiote.o
                0x00025e2c                GPIOTE_IRQHandler
 .text.pins_sense_disable
                0x00025f48       0x88 _build/app_gpiote.o
 .text.app_gpiote_init
                0x00025fd0       0xa8 _build/app_gpiote.o
                0x00025fd0                app_gpiote_init
 .text.app_gpiote_user_register
                0x00026078       0xc8 _build/app_gpiote.o
                0x00026078                app_gpiote_user_register
 .text.app_gpiote_user_enable
                0x00026140      0x154 _build/app_gpiote.o
                0x00026140                app_gpiote_user_enable
 .text.nrf_delay_us
                0x00026294       0x34 _build/nrf_delay.o
 .text.nrf_delay_ms
                0x000262c8       0x28 _build/nrf_delay.o
                0x000262c8                nrf_delay_ms
 .text.NVIC_GetPriority
                0x000262f0       0x78 _build/app_scheduler.o
 .text.sd_nvic_critical_region_enter
                0x00026368        0x8 _build/app_scheduler.o
 .text.sd_nvic_critical_region_exit
                0x00026370        0x8 _build/app_scheduler.o
 .text.is_word_aligned
                0x00026378       0x1c _build/app_scheduler.o
 .text.current_int_priority_get
                0x00026394       0x3c _build/app_scheduler.o
 .text.next_index
                0x000263d0       0x34 _build/app_scheduler.o
 .text.app_sched_init
                0x00026404       0x90 _build/app_scheduler.o
                0x00026404                app_sched_init
 .text.app_sched_event_put
                0x00026494      0x194 _build/app_scheduler.o
                0x00026494                app_sched_event_put
 .text.app_sched_event_get
                0x00026628       0xa0 _build/app_scheduler.o
 .text.app_sched_execute
                0x000266c8       0x38 _build/app_scheduler.o
                0x000266c8                app_sched_execute
 .text.SystemInit
                0x00026700       0x40 _build/system_nrf51.o
                0x00026700                SystemInit
 .text.is_manual_peripheral_setup_needed
                0x00026740       0x80 _build/system_nrf51.o
 .text.is_disabled_in_debug_needed
                0x000267c0       0x4c _build/system_nrf51.o
 .text          0x0002680c       0x54 _build/gcc_startup_nrf51.o
                0x0002680c                Reset_Handler
                0x00026854                NMI_Handler
                0x00026858                SVC_Handler
                0x0002685a                PendSV_Handler
                0x0002685c                SysTick_Handler
                0x0002685e                SPI0_TWI0_IRQHandler
                0x0002685e                RTC0_IRQHandler
                0x0002685e                POWER_CLOCK_IRQHandler
                0x0002685e                RADIO_IRQHandler
                0x0002685e                LPCOMP_IRQHandler
                0x0002685e                SWI4_IRQHandler
                0x0002685e                TEMP_IRQHandler
                0x0002685e                QDEC_IRQHandler
                0x0002685e                UART0_IRQHandler
                0x0002685e                SWI5_IRQHandler
                0x0002685e                TIMER0_IRQHandler
                0x0002685e                TIMER1_IRQHandler
                0x0002685e                ECB_IRQHandler
                0x0002685e                Default_Handler
                0x0002685e                ADC_IRQHandler
                0x0002685e                SWI3_IRQHandler
                0x0002685e                CCM_AAR_IRQHandler
                0x0002685e                WDT_IRQHandler
                0x0002685e                RNG_IRQHandler
                0x0002685e                SPI1_TWI1_IRQHandler
                0x0002685e                SWI1_IRQHandler
 .text          0x00026860      0x120 /home/ricardo/Documentos/nrf51/tools/gcc-arm-none-eabi-4_9-2015q3/bin/../lib/gcc/arm-none-eabi/4.9.3/armv6-m/libgcc.a(_udivsi3.o)
                0x00026860                __udivsi3
                0x00026860                __aeabi_uidiv
                0x0002696c                __aeabi_uidivmod
 .text          0x00026980      0x1e0 /home/ricardo/Documentos/nrf51/tools/gcc-arm-none-eabi-4_9-2015q3/bin/../lib/gcc/arm-none-eabi/4.9.3/armv6-m/libgcc.a(_divsi3.o)
                0x00026980                __aeabi_idiv
                0x00026980                __divsi3
                0x00026b4c                __aeabi_idivmod
 .text          0x00026b60        0x4 /home/ricardo/Documentos/nrf51/tools/gcc-arm-none-eabi-4_9-2015q3/bin/../lib/gcc/arm-none-eabi/4.9.3/armv6-m/libgcc.a(_dvmd_tls.o)
                0x00026b60                __aeabi_ldiv0
                0x00026b60                __aeabi_idiv0
 .text          0x00026b64       0x40 /home/ricardo/Documentos/nrf51/tools/gcc-arm-none-eabi-4_9-2015q3/bin/../lib/gcc/arm-none-eabi/4.9.3/armv6-m/libgcc.a(_aeabi_uldivmod.o)
                0x00026b64                __aeabi_uldivmod
 .text          0x00026ba4       0x6c /home/ricardo/Documentos/nrf51/tools/gcc-arm-none-eabi-4_9-2015q3/bin/../lib/gcc/arm-none-eabi/4.9.3/armv6-m/libgcc.a(bpabi.o)
                0x00026ba4                __gnu_ldivmod_helper
                0x00026bdc                __gnu_uldivmod_helper
 .text          0x00026c10       0x3c /home/ricardo/Documentos/nrf51/tools/gcc-arm-none-eabi-4_9-2015q3/bin/../lib/gcc/arm-none-eabi/4.9.3/armv6-m/libgcc.a(_clzsi2.o)
                0x00026c10                __clzsi2
 .text          0x00026c4c       0x54 /home/ricardo/Documentos/nrf51/tools/gcc-arm-none-eabi-4_9-2015q3/bin/../lib/gcc/arm-none-eabi/4.9.3/armv6-m/libgcc.a(_muldi3.o)
                0x00026c4c                __aeabi_lmul
                0x00026c4c                __muldi3
 .text          0x00026ca0      0x1f0 /home/ricardo/Documentos/nrf51/tools/gcc-arm-none-eabi-4_9-2015q3/bin/../lib/gcc/arm-none-eabi/4.9.3/armv6-m/libgcc.a(_divdi3.o)
                0x00026ca0                __divdi3
 .text          0x00026e90      0x158 /home/ricardo/Documentos/nrf51/tools/gcc-arm-none-eabi-4_9-2015q3/bin/../lib/gcc/arm-none-eabi/4.9.3/armv6-m/libgcc.a(_udivdi3.o)
                0x00026e90                __udivdi3
 .text          0x00026fe8       0x18 /home/ricardo/Documentos/nrf51/tools/gcc-arm-none-eabi-4_9-2015q3/bin/../lib/gcc/arm-none-eabi/4.9.3/armv6-m/libgcc.a(_clzdi2.o)
                0x00026fe8                __clzdi2
 .text.exit     0x00027000       0x2c /home/ricardo/Documentos/nrf51/tools/gcc-arm-none-eabi-4_9-2015q3/bin/../lib/gcc/arm-none-eabi/4.9.3/../../../../arm-none-eabi/lib/armv6-m/libc_nano.a(lib_a-exit.o)
                0x00027000                exit
 .text.__libc_init_array
                0x0002702c       0x4c /home/ricardo/Documentos/nrf51/tools/gcc-arm-none-eabi-4_9-2015q3/bin/../lib/gcc/arm-none-eabi/4.9.3/../../../../arm-none-eabi/lib/armv6-m/libc_nano.a(lib_a-init.o)
                0x0002702c                __libc_init_array
 .text.memcmp   0x00027078       0x1e /home/ricardo/Documentos/nrf51/tools/gcc-arm-none-eabi-4_9-2015q3/bin/../lib/gcc/arm-none-eabi/4.9.3/../../../../arm-none-eabi/lib/armv6-m/libc_nano.a(lib_a-memcmp.o)
                0x00027078                memcmp
 .text.memcpy   0x00027096       0x12 /home/ricardo/Documentos/nrf51/tools/gcc-arm-none-eabi-4_9-2015q3/bin/../lib/gcc/arm-none-eabi/4.9.3/../../../../arm-none-eabi/lib/armv6-m/libc_nano.a(lib_a-memcpy.o)
                0x00027096                memcpy
 .text.memset   0x000270a8       0x10 /home/ricardo/Documentos/nrf51/tools/gcc-arm-none-eabi-4_9-2015q3/bin/../lib/gcc/arm-none-eabi/4.9.3/../../../../arm-none-eabi/lib/armv6-m/libc_nano.a(lib_a-memset.o)
                0x000270a8                memset
 .text._free_r  0x000270b8       0x8c /home/ricardo/Documentos/nrf51/tools/gcc-arm-none-eabi-4_9-2015q3/bin/../lib/gcc/arm-none-eabi/4.9.3/../../../../arm-none-eabi/lib/armv6-m/libc_nano.a(lib_a-nano-freer.o)
                0x000270b8                _free_r
 .text._malloc_r
                0x00027144       0xb0 /home/ricardo/Documentos/nrf51/tools/gcc-arm-none-eabi-4_9-2015q3/bin/../lib/gcc/arm-none-eabi/4.9.3/../../../../arm-none-eabi/lib/armv6-m/libc_nano.a(lib_a-nano-mallocr.o)
                0x00027144                _malloc_r
 .text._sbrk_r  0x000271f4       0x24 /home/ricardo/Documentos/nrf51/tools/gcc-arm-none-eabi-4_9-2015q3/bin/../lib/gcc/arm-none-eabi/4.9.3/../../../../arm-none-eabi/lib/armv6-m/libc_nano.a(lib_a-sbrkr.o)
                0x000271f4                _sbrk_r
 .text.sprintf  0x00027218       0x44 /home/ricardo/Documentos/nrf51/tools/gcc-arm-none-eabi-4_9-2015q3/bin/../lib/gcc/arm-none-eabi/4.9.3/../../../../arm-none-eabi/lib/armv6-m/libc_nano.a(lib_a-sprintf.o)
                0x00027218                sprintf
                0x00027218                siprintf
 .text.strlen   0x0002725c        0xe /home/ricardo/Documentos/nrf51/tools/gcc-arm-none-eabi-4_9-2015q3/bin/../lib/gcc/arm-none-eabi/4.9.3/../../../../arm-none-eabi/lib/armv6-m/libc_nano.a(lib_a-strlen.o)
                0x0002725c                strlen
 *fill*         0x0002726a        0x2 
 .text.__ssputs_r
                0x0002726c       0xc0 /home/ricardo/Documentos/nrf51/tools/gcc-arm-none-eabi-4_9-2015q3/bin/../lib/gcc/arm-none-eabi/4.9.3/../../../../arm-none-eabi/lib/armv6-m/libc_nano.a(lib_a-nano-svfprintf.o)
                0x0002726c                __ssputs_r
 .text._svfprintf_r
                0x0002732c      0x1ec /home/ricardo/Documentos/nrf51/tools/gcc-arm-none-eabi-4_9-2015q3/bin/../lib/gcc/arm-none-eabi/4.9.3/../../../../arm-none-eabi/lib/armv6-m/libc_nano.a(lib_a-nano-svfprintf.o)
                0x0002732c                _svfprintf_r
                0x0002732c                _svfiprintf_r
 .text._printf_common
                0x00027518       0xdc /home/ricardo/Documentos/nrf51/tools/gcc-arm-none-eabi-4_9-2015q3/bin/../lib/gcc/arm-none-eabi/4.9.3/../../../../arm-none-eabi/lib/armv6-m/libc_nano.a(lib_a-nano-vfprintf_i.o)
                0x00027518                _printf_common
 .text._printf_i
                0x000275f4      0x230 /home/ricardo/Documentos/nrf51/tools/gcc-arm-none-eabi-4_9-2015q3/bin/../lib/gcc/arm-none-eabi/4.9.3/../../../../arm-none-eabi/lib/armv6-m/libc_nano.a(lib_a-nano-vfprintf_i.o)
                0x000275f4                _printf_i
 .text.memchr   0x00027824       0x16 /home/ricardo/Documentos/nrf51/tools/gcc-arm-none-eabi-4_9-2015q3/bin/../lib/gcc/arm-none-eabi/4.9.3/../../../../arm-none-eabi/lib/armv6-m/libc_nano.a(lib_a-memchr.o)
                0x00027824                memchr
 .text.memmove  0x0002783a       0x28 /home/ricardo/Documentos/nrf51/tools/gcc-arm-none-eabi-4_9-2015q3/bin/../lib/gcc/arm-none-eabi/4.9.3/../../../../arm-none-eabi/lib/armv6-m/libc_nano.a(lib_a-memmove.o)
                0x0002783a                memmove
 .text._realloc_r
                0x00027862       0x4c /home/ricardo/Documentos/nrf51/tools/gcc-arm-none-eabi-4_9-2015q3/bin/../lib/gcc/arm-none-eabi/4.9.3/../../../../arm-none-eabi/lib/armv6-m/libc_nano.a(lib_a-nano-reallocr.o)
                0x00027862                _realloc_r
 .text._malloc_usable_size_r
                0x000278ae       0x16 /home/ricardo/Documentos/nrf51/tools/gcc-arm-none-eabi-4_9-2015q3/bin/../lib/gcc/arm-none-eabi/4.9.3/../../../../arm-none-eabi/lib/armv6-m/libc_nano.a(lib_a-nano-msizer.o)
                0x000278ae                _malloc_usable_size_r
 .text._sbrk    0x000278c4       0x1c /home/ricardo/Documentos/nrf51/tools/gcc-arm-none-eabi-4_9-2015q3/bin/../lib/gcc/arm-none-eabi/4.9.3/../../../../arm-none-eabi/lib/armv6-m/libnosys.a(sbrk.o)
                0x000278c4                _sbrk
 .text._exit    0x000278e0        0x4 /home/ricardo/Documentos/nrf51/tools/gcc-arm-none-eabi-4_9-2015q3/bin/../lib/gcc/arm-none-eabi/4.9.3/../../../../arm-none-eabi/lib/armv6-m/libnosys.a(_exit.o)
                0x000278e0                _exit
 *(.init)
 .init          0x000278e4        0x4 /home/ricardo/Documentos/nrf51/tools/gcc-arm-none-eabi-4_9-2015q3/bin/../lib/gcc/arm-none-eabi/4.9.3/armv6-m/crti.o
                0x000278e4                _init
 .init          0x000278e8        0x8 /home/ricardo/Documentos/nrf51/tools/gcc-arm-none-eabi-4_9-2015q3/bin/../lib/gcc/arm-none-eabi/4.9.3/armv6-m/crtn.o
 *(.fini)
 .fini          0x000278f0        0x4 /home/ricardo/Documentos/nrf51/tools/gcc-arm-none-eabi-4_9-2015q3/bin/../lib/gcc/arm-none-eabi/4.9.3/armv6-m/crti.o
                0x000278f0                _fini
 .fini          0x000278f4        0x8 /home/ricardo/Documentos/nrf51/tools/gcc-arm-none-eabi-4_9-2015q3/bin/../lib/gcc/arm-none-eabi/4.9.3/armv6-m/crtn.o
 *crtbegin.o(.ctors)
 *crtbegin?.o(.ctors)
 *(EXCLUDE_FILE(*crtend.o *crtend?.o) .ctors)
 *(SORT(.ctors.*))
 *(.ctors)
 *crtbegin.o(.dtors)
 *crtbegin?.o(.dtors)
 *(EXCLUDE_FILE(*crtend.o *crtend?.o) .dtors)
 *(SORT(.dtors.*))
 *(.dtors)
 *(.rodata*)
 .rodata        0x000278fc       0xc0 _build/ble_ambient.o
 .rodata        0x000279bc      0x43f _build/main.o
 *fill*         0x00027dfb        0x1 
 .rodata        0x00027dfc       0xc6 _build/init.o
 *fill*         0x00027ec2        0x2 
 .rodata        0x00027ec4       0xf8 _build/utils.o
 .rodata        0x00027fbc       0xfa _build/battery.o
 *fill*         0x000280b6        0x2 
 .rodata        0x000280b8       0x1f _build/fhp_gpio.o
 *fill*         0x000280d7        0x1 
 .rodata        0x000280d8       0x38 _build/nrf_pwm.o
 .rodata        0x00028110      0x968 _build/mpu9x50.o
                0x00028110                dmpMemory
                0x000288bc                dmpConfig
                0x000289a4                dmpUpdates
 .rodata        0x00028a78       0x72 _build/ff.o
 *fill*         0x00028aea        0x2 
 .rodata        0x00028aec        0x9 _build/SEGGER_RTT.o
 *fill*         0x00028af5        0x3 
 .rodata        0x00028af8      0x127 _build/hum.o
 *fill*         0x00028c1f        0x1 
 .rodata        0x00028c20      0x136 _build/pr.o
 *fill*         0x00028d56        0x2 
 .rodata        0x00028d58      0x13c _build/temp.o
 .rodata        0x00028e94       0xea _build/sd2app.o
 *fill*         0x00028f7e        0x2 
 .rodata        0x00028f80       0x5c _build/ble_dis.o
 .rodata        0x00028fdc       0x5f _build/softdevice_handler.o
 *fill*         0x0002903b        0x1 
 .rodata        0x0002903c       0x57 _build/app_timer.o
 *fill*         0x00029093        0x1 
 .rodata        0x00029094       0x1c _build/pstorage.o
 .rodata        0x000290b0      0x1b0 _build/device_manager_peripheral.o
                0x000290b0                m_service_context_store
                0x000290c0                m_service_context_load
                0x000290d0                m_service_context_apply
                0x000290e0                m_context_init_len
 .rodata        0x00029260       0x5b _build/app_scheduler.o
 .rodata.str1.1
                0x000292bb        0x2 /home/ricardo/Documentos/nrf51/tools/gcc-arm-none-eabi-4_9-2015q3/bin/../lib/gcc/arm-none-eabi/4.9.3/../../../../arm-none-eabi/lib/armv6-m/libc_nano.a(lib_a-impure.o)
 *fill*         0x000292bd        0x3 
 .rodata._global_impure_ptr
                0x000292c0        0x4 /home/ricardo/Documentos/nrf51/tools/gcc-arm-none-eabi-4_9-2015q3/bin/../lib/gcc/arm-none-eabi/4.9.3/../../../../arm-none-eabi/lib/armv6-m/libc_nano.a(lib_a-impure.o)
                0x000292c0                _global_impure_ptr
 .rodata.__sf_fake_stdin
                0x000292c4       0x20 /home/ricardo/Documentos/nrf51/tools/gcc-arm-none-eabi-4_9-2015q3/bin/../lib/gcc/arm-none-eabi/4.9.3/../../../../arm-none-eabi/lib/armv6-m/libc_nano.a(lib_a-findfp.o)
                0x000292c4                __sf_fake_stdin
 .rodata.__sf_fake_stdout
                0x000292e4       0x20 /home/ricardo/Documentos/nrf51/tools/gcc-arm-none-eabi-4_9-2015q3/bin/../lib/gcc/arm-none-eabi/4.9.3/../../../../arm-none-eabi/lib/armv6-m/libc_nano.a(lib_a-findfp.o)
                0x000292e4                __sf_fake_stdout
 .rodata.__sf_fake_stderr
                0x00029304       0x20 /home/ricardo/Documentos/nrf51/tools/gcc-arm-none-eabi-4_9-2015q3/bin/../lib/gcc/arm-none-eabi/4.9.3/../../../../arm-none-eabi/lib/armv6-m/libc_nano.a(lib_a-findfp.o)
                0x00029304                __sf_fake_stderr
 .rodata.str1.1
                0x00029324       0x11 /home/ricardo/Documentos/nrf51/tools/gcc-arm-none-eabi-4_9-2015q3/bin/../lib/gcc/arm-none-eabi/4.9.3/../../../../arm-none-eabi/lib/armv6-m/libc_nano.a(lib_a-nano-svfprintf.o)
 .rodata.str1.1
                0x00029335       0x22 /home/ricardo/Documentos/nrf51/tools/gcc-arm-none-eabi-4_9-2015q3/bin/../lib/gcc/arm-none-eabi/4.9.3/../../../../arm-none-eabi/lib/armv6-m/libc_nano.a(lib_a-nano-vfprintf_i.o)
 *(.eh_frame*)

.glue_7         0x00029358        0x0
 .glue_7        0x00000000        0x0 linker stubs

.glue_7t        0x00029358        0x0
 .glue_7t       0x00000000        0x0 linker stubs

.vfp11_veneer   0x00029358        0x0
 .vfp11_veneer  0x00000000        0x0 linker stubs

.v4_bx          0x00029358        0x0
 .v4_bx         0x00000000        0x0 linker stubs

.iplt           0x00029358        0x0
 .iplt          0x00000000        0x0 /home/ricardo/Documentos/nrf51/tools/gcc-arm-none-eabi-4_9-2015q3/bin/../lib/gcc/arm-none-eabi/4.9.3/armv6-m/crtbegin.o

.ARM.extab
 *(.ARM.extab* .gnu.linkonce.armextab.*)
                0x00029358                __exidx_start = .

.ARM.exidx      0x00029358        0x8
 *(.ARM.exidx* .gnu.linkonce.armexidx.*)
 .ARM.exidx     0x00029358        0x8 /home/ricardo/Documentos/nrf51/tools/gcc-arm-none-eabi-4_9-2015q3/bin/../lib/gcc/arm-none-eabi/4.9.3/../../../../arm-none-eabi/lib/armv6-m/crt0.o
 .ARM.exidx     0x00029360        0x0 _build/gcc_startup_nrf51.o
                                  0x8 (size before relaxing)
 .ARM.exidx     0x00029360        0x0 /home/ricardo/Documentos/nrf51/tools/gcc-arm-none-eabi-4_9-2015q3/bin/../lib/gcc/arm-none-eabi/4.9.3/armv6-m/libgcc.a(_divdi3.o)
                                  0x8 (size before relaxing)
 .ARM.exidx     0x00029360        0x0 /home/ricardo/Documentos/nrf51/tools/gcc-arm-none-eabi-4_9-2015q3/bin/../lib/gcc/arm-none-eabi/4.9.3/armv6-m/libgcc.a(_udivdi3.o)
                                  0x8 (size before relaxing)
                0x00029360                __exidx_end = .
                0x00029360                __etext = .

.rel.dyn        0x00029360        0x0
 .rel.iplt      0x00000000        0x0 /home/ricardo/Documentos/nrf51/tools/gcc-arm-none-eabi-4_9-2015q3/bin/../lib/gcc/arm-none-eabi/4.9.3/armv6-m/crtbegin.o

.data           0x20002000      0x124 load address 0x00029360
                0x20002000                __data_start__ = .
 *(vtable)
 *(.data*)
 .data          0x20002000        0x2 _build/main.o
 *fill*         0x20002002        0x2 
 .data          0x20002004       0x3c _build/fhp_gpio.o
 .data          0x20002040        0x4 _build/nrf_pwm.o
 .data          0x20002044        0x1 _build/diskio.o
 *fill*         0x20002045        0x3 
 .data          0x20002048       0x78 _build/SEGGER_RTT.o
 .data.impure_data
                0x200020c0       0x60 /home/ricardo/Documentos/nrf51/tools/gcc-arm-none-eabi-4_9-2015q3/bin/../lib/gcc/arm-none-eabi/4.9.3/../../../../arm-none-eabi/lib/armv6-m/libc_nano.a(lib_a-impure.o)
 .data._impure_ptr
                0x20002120        0x4 /home/ricardo/Documentos/nrf51/tools/gcc-arm-none-eabi-4_9-2015q3/bin/../lib/gcc/arm-none-eabi/4.9.3/../../../../arm-none-eabi/lib/armv6-m/libc_nano.a(lib_a-impure.o)
                0x20002120                _impure_ptr
                0x20002124                . = ALIGN (0x4)
                0x20002124                PROVIDE (__preinit_array_start, .)
 *(.preinit_array)
                0x20002124                PROVIDE (__preinit_array_end, .)
                0x20002124                . = ALIGN (0x4)
                0x20002124                PROVIDE (__init_array_start, .)
 *(SORT(.init_array.*))
 *(.init_array)
                0x20002124                PROVIDE (__init_array_end, .)
                0x20002124                . = ALIGN (0x4)
                0x20002124                PROVIDE (__fini_array_start, .)
 *(SORT(.fini_array.*))
 *(.fini_array)
                0x20002124                PROVIDE (__fini_array_end, .)
 *(.jcr)
                0x20002124                . = ALIGN (0x4)
                0x20002124                __data_end__ = .

.igot.plt       0x20002124        0x0 load address 0x00029484
 .igot.plt      0x00000000        0x0 /home/ricardo/Documentos/nrf51/tools/gcc-arm-none-eabi-4_9-2015q3/bin/../lib/gcc/arm-none-eabi/4.9.3/armv6-m/crtbegin.o

.bss            0x20002128     0x158c load address 0x00029488
                0x20002128                . = ALIGN (0x4)
                0x20002128                __bss_start__ = .
 *(.bss*)
 .bss           0x20002128       0x74 _build/ble_ambient.o
 .bss           0x2000219c      0x9d4 _build/init.o
 .bss           0x20002b70        0x8 _build/nosso.o
 .bss           0x20002b78        0x2 _build/battery.o
 *fill*         0x20002b7a        0x2 
 .bss           0x20002b7c       0x58 _build/nrf_pwm.o
 .bss           0x20002bd4        0x1 _build/max1161x.o
 .bss           0x20002bd5        0x3 _build/pca9538.o
 .bss           0x20002bd8       0x12 _build/mpu9x50.o
 *fill*         0x20002bea        0x2 
 .bss           0x20002bec        0x4 _build/bme280.o
 .bss           0x20002bf0        0x1 _build/max17048.o
 *fill*         0x20002bf1        0x3 
 .bss           0x20002bf4        0x6 _build/ff.o
 .bss           0x20002bfa        0x1 _build/diskio.o
 *fill*         0x20002bfb        0x1 
 .bss           0x20002bfc      0x411 _build/SEGGER_RTT.o
 *fill*         0x2000300d        0x3 
 .bss           0x20003010        0x4 _build/sd_card.o
 .bss           0x20003014       0x4c _build/ble_dis.o
 .bss           0x20003060       0x14 _build/softdevice_handler.o
 .bss           0x20003074       0x35 _build/ble_conn_params.o
 *fill*         0x200030a9        0x3 
 .bss           0x200030ac       0x29 _build/app_timer.o
 *fill*         0x200030d5        0x3 
 .bss           0x200030d8       0xf8 _build/pstorage.o
 .bss           0x200031d0      0x123 _build/device_manager_peripheral.o
 *fill*         0x200032f3        0x1 
 .bss           0x200032f4        0xc _build/app_gpiote.o
 .bss           0x20003300        0xe _build/app_scheduler.o
 *fill*         0x2000330e        0x2 
 .bss.__malloc_sbrk_start
                0x20003310        0x4 /home/ricardo/Documentos/nrf51/tools/gcc-arm-none-eabi-4_9-2015q3/bin/../lib/gcc/arm-none-eabi/4.9.3/../../../../arm-none-eabi/lib/armv6-m/libc_nano.a(lib_a-nano-mallocr.o)
                0x20003310                __malloc_sbrk_start
 .bss.__malloc_free_list
                0x20003314        0x4 /home/ricardo/Documentos/nrf51/tools/gcc-arm-none-eabi-4_9-2015q3/bin/../lib/gcc/arm-none-eabi/4.9.3/../../../../arm-none-eabi/lib/armv6-m/libc_nano.a(lib_a-nano-mallocr.o)
                0x20003314                __malloc_free_list
 .bss.heap_end.4079
                0x20003318        0x4 /home/ricardo/Documentos/nrf51/tools/gcc-arm-none-eabi-4_9-2015q3/bin/../lib/gcc/arm-none-eabi/4.9.3/../../../../arm-none-eabi/lib/armv6-m/libnosys.a(sbrk.o)
 *(COMMON)
 COMMON         0x2000331c      0x234 _build/ble_ambient.o
                0x2000331c                twi_busy
                0x20003320                sd_card
 COMMON         0x20003550      0x120 _build/main.o
                0x20003550                m_gauge_timer_id
                0x20003554                m_gpiote_user_ch
                0x20003555                _i2c_address
                0x20003558                m_watchdog_timer_id
                0x2000355c                m_app_handle
                0x20003560                m_sd2app
                0x20003580                m_pr
                0x200035a0                high_voltage_on
                0x200035a8                m_hum
                0x200035c8                low_battery
                0x200035cc                m_rtc_timer_id
                0x200035d0                m_amb
                0x20003648                m_temp
                0x20003668                _error
                0x2000366c                m_base_timer_id
 COMMON         0x20003670        0x1 _build/mpu9x50.o
                0x20003670                device_address
 *fill*         0x20003671        0x3 
 COMMON         0x20003674       0x3c _build/bme280.o
                0x20003674                bme280
 COMMON         0x200036b0        0x4 /home/ricardo/Documentos/nrf51/tools/gcc-arm-none-eabi-4_9-2015q3/bin/../lib/gcc/arm-none-eabi/4.9.3/../../../../arm-none-eabi/lib/armv6-m/libc_nano.a(lib_a-reent.o)
                0x200036b0                errno
                0x200036b4                . = ALIGN (0x4)
                0x200036b4                __bss_end__ = .

.heap           0x200036b8        0x0
                0x200036b8                __end__ = .
                0x200036b8                end = __end__
 *(.heap*)
 .heap          0x200036b8        0x0 _build/gcc_startup_nrf51.o
                0x200036b8                __HeapLimit = .

.stack_dummy    0x200036b8      0x800
 *(.stack*)
 .stack         0x200036b8      0x800 _build/gcc_startup_nrf51.o
                0x20004000                __StackTop = (ORIGIN (RAM) + 0x2000)
                0x20003800                __StackLimit = (__StackTop - SIZEOF (.stack_dummy))
                0x20004000                PROVIDE (__stack, __StackTop)
                0x00000001                ASSERT ((__StackLimit >= __HeapLimit), region RAM overflowed with stack)
OUTPUT(_build/setec_s110_xxaa.out elf32-littlearm)

.ARM.attributes
                0x00000000       0x28
 .ARM.attributes
                0x00000000       0x1e /home/ricardo/Documentos/nrf51/tools/gcc-arm-none-eabi-4_9-2015q3/bin/../lib/gcc/arm-none-eabi/4.9.3/armv6-m/crti.o
 .ARM.attributes
                0x0000001e       0x1b /home/ricardo/Documentos/nrf51/tools/gcc-arm-none-eabi-4_9-2015q3/bin/../lib/gcc/arm-none-eabi/4.9.3/../../../../arm-none-eabi/lib/armv6-m/crt0.o
 .ARM.attributes
                0x00000039       0x31 _build/ble_ambient.o
 .ARM.attributes
                0x0000006a       0x31 _build/main.o
 .ARM.attributes
                0x0000009b       0x31 _build/init.o
 .ARM.attributes
                0x000000cc       0x31 _build/utils.o
 .ARM.attributes
                0x000000fd       0x31 _build/nosso.o
 .ARM.attributes
                0x0000012e       0x31 _build/battery.o
 .ARM.attributes
                0x0000015f       0x31 _build/fhp_gpio.o
 .ARM.attributes
                0x00000190       0x31 _build/nrf_pwm.o
 .ARM.attributes
                0x000001c1       0x31 _build/max1161x.o
 .ARM.attributes
                0x000001f2       0x31 _build/pca9538.o
 .ARM.attributes
                0x00000223       0x31 _build/mpu9x50.o
 .ARM.attributes
                0x00000254       0x31 _build/spi_fhp_master.o
 .ARM.attributes
                0x00000285       0x31 _build/bme280.o
 .ARM.attributes
                0x000002b6       0x31 _build/max17048.o
 .ARM.attributes
                0x000002e7       0x31 _build/ff.o
 .ARM.attributes
                0x00000318       0x31 _build/diskio.o
 .ARM.attributes
                0x00000349       0x31 _build/SEGGER_RTT.o
 .ARM.attributes
                0x0000037a       0x31 _build/hum.o
 .ARM.attributes
                0x000003ab       0x31 _build/pr.o
 .ARM.attributes
                0x000003dc       0x31 _build/temp.o
 .ARM.attributes
                0x0000040d       0x31 _build/sd2app.o
 .ARM.attributes
                0x0000043e       0x31 _build/sd_card.o
 .ARM.attributes
                0x0000046f       0x31 _build/twi_hw_master.o
 .ARM.attributes
                0x000004a0       0x31 _build/ble_dis.o
 .ARM.attributes
                0x000004d1       0x31 _build/ble_srv_common.o
 .ARM.attributes
                0x00000502       0x31 _build/softdevice_handler.o
 .ARM.attributes
                0x00000533       0x31 _build/ble_advdata.o
 .ARM.attributes
                0x00000564       0x31 _build/ble_conn_params.o
 .ARM.attributes
                0x00000595       0x31 _build/app_timer.o
 .ARM.attributes
                0x000005c6       0x31 _build/pstorage.o
 .ARM.attributes
                0x000005f7       0x31 _build/device_manager_peripheral.o
 .ARM.attributes
                0x00000628       0x31 _build/app_gpiote.o
 .ARM.attributes
                0x00000659       0x31 _build/nrf_delay.o
 .ARM.attributes
                0x0000068a       0x31 _build/app_scheduler.o
 .ARM.attributes
                0x000006bb       0x31 _build/system_nrf51.o
 .ARM.attributes
                0x000006ec       0x1b _build/gcc_startup_nrf51.o
 .ARM.attributes
                0x00000707       0x1e /home/ricardo/Documentos/nrf51/tools/gcc-arm-none-eabi-4_9-2015q3/bin/../lib/gcc/arm-none-eabi/4.9.3/armv6-m/libgcc.a(_udivsi3.o)
 .ARM.attributes
                0x00000725       0x1e /home/ricardo/Documentos/nrf51/tools/gcc-arm-none-eabi-4_9-2015q3/bin/../lib/gcc/arm-none-eabi/4.9.3/armv6-m/libgcc.a(_divsi3.o)
 .ARM.attributes
                0x00000743       0x1e /home/ricardo/Documentos/nrf51/tools/gcc-arm-none-eabi-4_9-2015q3/bin/../lib/gcc/arm-none-eabi/4.9.3/armv6-m/libgcc.a(_dvmd_tls.o)
 .ARM.attributes
                0x00000761       0x1e /home/ricardo/Documentos/nrf51/tools/gcc-arm-none-eabi-4_9-2015q3/bin/../lib/gcc/arm-none-eabi/4.9.3/armv6-m/libgcc.a(_aeabi_uldivmod.o)
 .ARM.attributes
                0x0000077f       0x2c /home/ricardo/Documentos/nrf51/tools/gcc-arm-none-eabi-4_9-2015q3/bin/../lib/gcc/arm-none-eabi/4.9.3/armv6-m/libgcc.a(bpabi.o)
 .ARM.attributes
                0x000007ab       0x1e /home/ricardo/Documentos/nrf51/tools/gcc-arm-none-eabi-4_9-2015q3/bin/../lib/gcc/arm-none-eabi/4.9.3/armv6-m/libgcc.a(_clzsi2.o)
 .ARM.attributes
                0x000007c9       0x2c /home/ricardo/Documentos/nrf51/tools/gcc-arm-none-eabi-4_9-2015q3/bin/../lib/gcc/arm-none-eabi/4.9.3/armv6-m/libgcc.a(_muldi3.o)
 .ARM.attributes
                0x000007f5       0x2c /home/ricardo/Documentos/nrf51/tools/gcc-arm-none-eabi-4_9-2015q3/bin/../lib/gcc/arm-none-eabi/4.9.3/armv6-m/libgcc.a(_divdi3.o)
 .ARM.attributes
                0x00000821       0x2c /home/ricardo/Documentos/nrf51/tools/gcc-arm-none-eabi-4_9-2015q3/bin/../lib/gcc/arm-none-eabi/4.9.3/armv6-m/libgcc.a(_udivdi3.o)
 .ARM.attributes
                0x0000084d       0x1e /home/ricardo/Documentos/nrf51/tools/gcc-arm-none-eabi-4_9-2015q3/bin/../lib/gcc/arm-none-eabi/4.9.3/armv6-m/libgcc.a(_clzdi2.o)
 .ARM.attributes
                0x0000086b       0x2c /home/ricardo/Documentos/nrf51/tools/gcc-arm-none-eabi-4_9-2015q3/bin/../lib/gcc/arm-none-eabi/4.9.3/../../../../arm-none-eabi/lib/armv6-m/libc_nano.a(lib_a-exit.o)
 .ARM.attributes
                0x00000897       0x2c /home/ricardo/Documentos/nrf51/tools/gcc-arm-none-eabi-4_9-2015q3/bin/../lib/gcc/arm-none-eabi/4.9.3/../../../../arm-none-eabi/lib/armv6-m/libc_nano.a(lib_a-impure.o)
 .ARM.attributes
                0x000008c3       0x2c /home/ricardo/Documentos/nrf51/tools/gcc-arm-none-eabi-4_9-2015q3/bin/../lib/gcc/arm-none-eabi/4.9.3/../../../../arm-none-eabi/lib/armv6-m/libc_nano.a(lib_a-init.o)
 .ARM.attributes
                0x000008ef       0x2c /home/ricardo/Documentos/nrf51/tools/gcc-arm-none-eabi-4_9-2015q3/bin/../lib/gcc/arm-none-eabi/4.9.3/../../../../arm-none-eabi/lib/armv6-m/libc_nano.a(lib_a-memcmp.o)
 .ARM.attributes
                0x0000091b       0x2c /home/ricardo/Documentos/nrf51/tools/gcc-arm-none-eabi-4_9-2015q3/bin/../lib/gcc/arm-none-eabi/4.9.3/../../../../arm-none-eabi/lib/armv6-m/libc_nano.a(lib_a-memcpy.o)
 .ARM.attributes
                0x00000947       0x2c /home/ricardo/Documentos/nrf51/tools/gcc-arm-none-eabi-4_9-2015q3/bin/../lib/gcc/arm-none-eabi/4.9.3/../../../../arm-none-eabi/lib/armv6-m/libc_nano.a(lib_a-memset.o)
 .ARM.attributes
                0x00000973       0x2c /home/ricardo/Documentos/nrf51/tools/gcc-arm-none-eabi-4_9-2015q3/bin/../lib/gcc/arm-none-eabi/4.9.3/../../../../arm-none-eabi/lib/armv6-m/libc_nano.a(lib_a-nano-freer.o)
 .ARM.attributes
                0x0000099f       0x2c /home/ricardo/Documentos/nrf51/tools/gcc-arm-none-eabi-4_9-2015q3/bin/../lib/gcc/arm-none-eabi/4.9.3/../../../../arm-none-eabi/lib/armv6-m/libc_nano.a(lib_a-nano-mallocr.o)
 .ARM.attributes
                0x000009cb       0x2c /home/ricardo/Documentos/nrf51/tools/gcc-arm-none-eabi-4_9-2015q3/bin/../lib/gcc/arm-none-eabi/4.9.3/../../../../arm-none-eabi/lib/armv6-m/libc_nano.a(lib_a-sbrkr.o)
 .ARM.attributes
                0x000009f7       0x2c /home/ricardo/Documentos/nrf51/tools/gcc-arm-none-eabi-4_9-2015q3/bin/../lib/gcc/arm-none-eabi/4.9.3/../../../../arm-none-eabi/lib/armv6-m/libc_nano.a(lib_a-sprintf.o)
 .ARM.attributes
                0x00000a23       0x2c /home/ricardo/Documentos/nrf51/tools/gcc-arm-none-eabi-4_9-2015q3/bin/../lib/gcc/arm-none-eabi/4.9.3/../../../../arm-none-eabi/lib/armv6-m/libc_nano.a(lib_a-strlen.o)
 .ARM.attributes
                0x00000a4f       0x2c /home/ricardo/Documentos/nrf51/tools/gcc-arm-none-eabi-4_9-2015q3/bin/../lib/gcc/arm-none-eabi/4.9.3/../../../../arm-none-eabi/lib/armv6-m/libc_nano.a(lib_a-findfp.o)
 .ARM.attributes
                0x00000a7b       0x2c /home/ricardo/Documentos/nrf51/tools/gcc-arm-none-eabi-4_9-2015q3/bin/../lib/gcc/arm-none-eabi/4.9.3/../../../../arm-none-eabi/lib/armv6-m/libc_nano.a(lib_a-nano-svfprintf.o)
 .ARM.attributes
                0x00000aa7       0x2c /home/ricardo/Documentos/nrf51/tools/gcc-arm-none-eabi-4_9-2015q3/bin/../lib/gcc/arm-none-eabi/4.9.3/../../../../arm-none-eabi/lib/armv6-m/libc_nano.a(lib_a-nano-vfprintf_i.o)
 .ARM.attributes
                0x00000ad3       0x2c /home/ricardo/Documentos/nrf51/tools/gcc-arm-none-eabi-4_9-2015q3/bin/../lib/gcc/arm-none-eabi/4.9.3/../../../../arm-none-eabi/lib/armv6-m/libc_nano.a(lib_a-reent.o)
 .ARM.attributes
                0x00000aff       0x2c /home/ricardo/Documentos/nrf51/tools/gcc-arm-none-eabi-4_9-2015q3/bin/../lib/gcc/arm-none-eabi/4.9.3/../../../../arm-none-eabi/lib/armv6-m/libc_nano.a(lib_a-memchr.o)
 .ARM.attributes
                0x00000b2b       0x2c /home/ricardo/Documentos/nrf51/tools/gcc-arm-none-eabi-4_9-2015q3/bin/../lib/gcc/arm-none-eabi/4.9.3/../../../../arm-none-eabi/lib/armv6-m/libc_nano.a(lib_a-memmove.o)
 .ARM.attributes
                0x00000b57       0x2c /home/ricardo/Documentos/nrf51/tools/gcc-arm-none-eabi-4_9-2015q3/bin/../lib/gcc/arm-none-eabi/4.9.3/../../../../arm-none-eabi/lib/armv6-m/libc_nano.a(lib_a-nano-reallocr.o)
 .ARM.attributes
                0x00000b83       0x2c /home/ricardo/Documentos/nrf51/tools/gcc-arm-none-eabi-4_9-2015q3/bin/../lib/gcc/arm-none-eabi/4.9.3/../../../../arm-none-eabi/lib/armv6-m/libc_nano.a(lib_a-nano-msizer.o)
 .ARM.attributes
                0x00000baf       0x1e /home/ricardo/Documentos/nrf51/tools/gcc-arm-none-eabi-4_9-2015q3/bin/../lib/gcc/arm-none-eabi/4.9.3/armv6-m/crtn.o
 .ARM.attributes
                0x00000bcd       0x2c /home/ricardo/Documentos/nrf51/tools/gcc-arm-none-eabi-4_9-2015q3/bin/../lib/gcc/arm-none-eabi/4.9.3/../../../../arm-none-eabi/lib/armv6-m/libnosys.a(sbrk.o)
 .ARM.attributes
                0x00000bf9       0x2c /home/ricardo/Documentos/nrf51/tools/gcc-arm-none-eabi-4_9-2015q3/bin/../lib/gcc/arm-none-eabi/4.9.3/../../../../arm-none-eabi/lib/armv6-m/libnosys.a(_exit.o)

.comment        0x00000000       0x70
 .comment       0x00000000       0x70 _build/ble_ambient.o
                                 0x71 (size before relaxing)
 .comment       0x00000000       0x71 _build/main.o
 .comment       0x00000000       0x71 _build/init.o
 .comment       0x00000000       0x71 _build/utils.o
 .comment       0x00000000       0x71 _build/nosso.o
 .comment       0x00000000       0x71 _build/battery.o
 .comment       0x00000000       0x71 _build/fhp_gpio.o
 .comment       0x00000000       0x71 _build/nrf_pwm.o
 .comment       0x00000000       0x71 _build/max1161x.o
 .comment       0x00000000       0x71 _build/pca9538.o
 .comment       0x00000000       0x71 _build/mpu9x50.o
 .comment       0x00000000       0x71 _build/spi_fhp_master.o
 .comment       0x00000000       0x71 _build/bme280.o
 .comment       0x00000000       0x71 _build/max17048.o
 .comment       0x00000000       0x71 _build/ff.o
 .comment       0x00000000       0x71 _build/diskio.o
 .comment       0x00000000       0x71 _build/SEGGER_RTT.o
 .comment       0x00000000       0x71 _build/hum.o
 .comment       0x00000000       0x71 _build/pr.o
 .comment       0x00000000       0x71 _build/temp.o
 .comment       0x00000000       0x71 _build/sd2app.o
 .comment       0x00000000       0x71 _build/sd_card.o
 .comment       0x00000000       0x71 _build/twi_hw_master.o
 .comment       0x00000000       0x71 _build/ble_dis.o
 .comment       0x00000000       0x71 _build/ble_srv_common.o
 .comment       0x00000000       0x71 _build/softdevice_handler.o
 .comment       0x00000000       0x71 _build/ble_advdata.o
 .comment       0x00000000       0x71 _build/ble_conn_params.o
 .comment       0x00000000       0x71 _build/app_timer.o
 .comment       0x00000000       0x71 _build/pstorage.o
 .comment       0x00000000       0x71 _build/device_manager_peripheral.o
 .comment       0x00000000       0x71 _build/app_gpiote.o
 .comment       0x00000000       0x71 _build/nrf_delay.o
 .comment       0x00000000       0x71 _build/app_scheduler.o
 .comment       0x00000000       0x71 _build/system_nrf51.o

.debug_info     0x00000000    0x3a85c
 .debug_info    0x00000000     0x31d0 _build/ble_ambient.o
 .debug_info    0x000031d0     0x472a _build/main.o
 .debug_info    0x000078fa     0x4f34 _build/init.o
 .debug_info    0x0000c82e     0x1ef7 _build/utils.o
 .debug_info    0x0000e725      0x111 _build/nosso.o
 .debug_info    0x0000e836     0x1f01 _build/battery.o
 .debug_info    0x00010737     0x2037 _build/fhp_gpio.o
 .debug_info    0x0001276e     0x1a06 _build/nrf_pwm.o
 .debug_info    0x00014174      0x1e9 _build/max1161x.o
 .debug_info    0x0001435d     0x1cb8 _build/pca9538.o
 .debug_info    0x00016015     0x1c97 _build/mpu9x50.o
 .debug_info    0x00017cac      0x579 _build/spi_fhp_master.o
 .debug_info    0x00018225     0x105f _build/bme280.o
 .debug_info    0x00019284      0x2df _build/max17048.o
 .debug_info    0x00019563     0x1995 _build/ff.o
 .debug_info    0x0001aef8      0x345 _build/diskio.o
 .debug_info    0x0001b23d      0x528 _build/SEGGER_RTT.o
 .debug_info    0x0001b765     0x2b6f _build/hum.o
 .debug_info    0x0001e2d4     0x2b6f _build/pr.o
 .debug_info    0x00020e43     0x2b7b _build/temp.o
 .debug_info    0x000239be     0x2adb _build/sd2app.o
 .debug_info    0x00026499      0x4e4 _build/sd_card.o
 .debug_info    0x0002697d      0x802 _build/twi_hw_master.o
 .debug_info    0x0002717f     0x16d1 _build/ble_dis.o
 .debug_info    0x00028850      0xa40 _build/ble_srv_common.o
 .debug_info    0x00029290     0x366f _build/softdevice_handler.o
 .debug_info    0x0002c8ff     0x211e _build/ble_advdata.o
 .debug_info    0x0002ea1d     0x2ab6 _build/ble_conn_params.o
 .debug_info    0x000314d3     0x1f4e _build/app_timer.o
 .debug_info    0x00033421     0x1923 _build/pstorage.o
 .debug_info    0x00034d44     0x3ac5 _build/device_manager_peripheral.o
 .debug_info    0x00038809      0x9c5 _build/app_gpiote.o
 .debug_info    0x000391ce       0xdd _build/nrf_delay.o
 .debug_info    0x000392ab     0x134f _build/app_scheduler.o
 .debug_info    0x0003a5fa      0x1ad _build/system_nrf51.o
 .debug_info    0x0003a7a7       0xb5 _build/gcc_startup_nrf51.o

.debug_abbrev   0x00000000     0x4ebc
 .debug_abbrev  0x00000000      0x347 _build/ble_ambient.o
 .debug_abbrev  0x00000347      0x428 _build/main.o
 .debug_abbrev  0x0000076f      0x384 _build/init.o
 .debug_abbrev  0x00000af3      0x2c7 _build/utils.o
 .debug_abbrev  0x00000dba       0xa2 _build/nosso.o
 .debug_abbrev  0x00000e5c      0x2c8 _build/battery.o
 .debug_abbrev  0x00001124      0x30d _build/fhp_gpio.o
 .debug_abbrev  0x00001431      0x2d2 _build/nrf_pwm.o
 .debug_abbrev  0x00001703       0xc9 _build/max1161x.o
 .debug_abbrev  0x000017cc      0x250 _build/pca9538.o
 .debug_abbrev  0x00001a1c      0x291 _build/mpu9x50.o
 .debug_abbrev  0x00001cad      0x119 _build/spi_fhp_master.o
 .debug_abbrev  0x00001dc6      0x1d7 _build/bme280.o
 .debug_abbrev  0x00001f9d      0x114 _build/max17048.o
 .debug_abbrev  0x000020b1      0x18a _build/ff.o
 .debug_abbrev  0x0000223b      0x10c _build/diskio.o
 .debug_abbrev  0x00002347      0x1a7 _build/SEGGER_RTT.o
 .debug_abbrev  0x000024ee      0x2b6 _build/hum.o
 .debug_abbrev  0x000027a4      0x2b6 _build/pr.o
 .debug_abbrev  0x00002a5a      0x2b6 _build/temp.o
 .debug_abbrev  0x00002d10      0x2b6 _build/sd2app.o
 .debug_abbrev  0x00002fc6      0x17b _build/sd_card.o
 .debug_abbrev  0x00003141      0x19a _build/twi_hw_master.o
 .debug_abbrev  0x000032db      0x245 _build/ble_dis.o
 .debug_abbrev  0x00003520      0x1ac _build/ble_srv_common.o
 .debug_abbrev  0x000036cc      0x30f _build/softdevice_handler.o
 .debug_abbrev  0x000039db      0x286 _build/ble_advdata.o
 .debug_abbrev  0x00003c61      0x33d _build/ble_conn_params.o
 .debug_abbrev  0x00003f9e      0x367 _build/app_timer.o
 .debug_abbrev  0x00004305      0x276 _build/pstorage.o
 .debug_abbrev  0x0000457b      0x31e _build/device_manager_peripheral.o
 .debug_abbrev  0x00004899      0x24d _build/app_gpiote.o
 .debug_abbrev  0x00004ae6       0x80 _build/nrf_delay.o
 .debug_abbrev  0x00004b66      0x250 _build/app_scheduler.o
 .debug_abbrev  0x00004db6       0xf2 _build/system_nrf51.o
 .debug_abbrev  0x00004ea8       0x14 _build/gcc_startup_nrf51.o

.debug_aranges  0x00000000     0x3ce0
 .debug_aranges
                0x00000000      0x218 _build/ble_ambient.o
 .debug_aranges
                0x00000218      0x430 _build/main.o
 .debug_aranges
                0x00000648      0x430 _build/init.o
 .debug_aranges
                0x00000a78      0x1f8 _build/utils.o
 .debug_aranges
                0x00000c70       0x40 _build/nosso.o
 .debug_aranges
                0x00000cb0      0x210 _build/battery.o
 .debug_aranges
                0x00000ec0      0x228 _build/fhp_gpio.o
 .debug_aranges
                0x000010e8      0x250 _build/nrf_pwm.o
 .debug_aranges
                0x00001338       0x40 _build/max1161x.o
 .debug_aranges
                0x00001378      0x208 _build/pca9538.o
 .debug_aranges
                0x00001580      0x4d8 _build/mpu9x50.o
 .debug_aranges
                0x00001a58       0x48 _build/spi_fhp_master.o
 .debug_aranges
                0x00001aa0      0x150 _build/bme280.o
 .debug_aranges
                0x00001bf0       0x58 _build/max17048.o
 .debug_aranges
                0x00001c48      0x190 _build/ff.o
 .debug_aranges
                0x00001dd8       0x48 _build/diskio.o
 .debug_aranges
                0x00001e20       0x80 _build/SEGGER_RTT.o
 .debug_aranges
                0x00001ea0      0x1f0 _build/hum.o
 .debug_aranges
                0x00002090      0x1f0 _build/pr.o
 .debug_aranges
                0x00002280      0x1f0 _build/temp.o
 .debug_aranges
                0x00002470      0x1e8 _build/sd2app.o
 .debug_aranges
                0x00002658       0x80 _build/sd_card.o
 .debug_aranges
                0x000026d8       0x48 _build/twi_hw_master.o
 .debug_aranges
                0x00002720      0x158 _build/ble_dis.o
 .debug_aranges
                0x00002878       0xd0 _build/ble_srv_common.o
 .debug_aranges
                0x00002948      0x3c0 _build/softdevice_handler.o
 .debug_aranges
                0x00002d08      0x240 _build/ble_advdata.o
 .debug_aranges
                0x00002f48      0x230 _build/ble_conn_params.o
 .debug_aranges
                0x00003178      0x300 _build/app_timer.o
 .debug_aranges
                0x00003478      0x238 _build/pstorage.o
 .debug_aranges
                0x000036b0      0x348 _build/device_manager_peripheral.o
 .debug_aranges
                0x000039f8       0x78 _build/app_gpiote.o
 .debug_aranges
                0x00003a70       0x28 _build/nrf_delay.o
 .debug_aranges
                0x00003a98      0x1f0 _build/app_scheduler.o
 .debug_aranges
                0x00003c88       0x38 _build/system_nrf51.o
 .debug_aranges
                0x00003cc0       0x20 _build/gcc_startup_nrf51.o

.debug_ranges   0x00000000     0x3af0
 .debug_ranges  0x00000000      0x208 _build/ble_ambient.o
 .debug_ranges  0x00000208      0x420 _build/main.o
 .debug_ranges  0x00000628      0x420 _build/init.o
 .debug_ranges  0x00000a48      0x200 _build/utils.o
 .debug_ranges  0x00000c48       0x30 _build/nosso.o
 .debug_ranges  0x00000c78      0x200 _build/battery.o
 .debug_ranges  0x00000e78      0x218 _build/fhp_gpio.o
 .debug_ranges  0x00001090      0x240 _build/nrf_pwm.o
 .debug_ranges  0x000012d0       0x30 _build/max1161x.o
 .debug_ranges  0x00001300      0x1f8 _build/pca9538.o
 .debug_ranges  0x000014f8      0x4c8 _build/mpu9x50.o
 .debug_ranges  0x000019c0       0x38 _build/spi_fhp_master.o
 .debug_ranges  0x000019f8      0x140 _build/bme280.o
 .debug_ranges  0x00001b38       0x48 _build/max17048.o
 .debug_ranges  0x00001b80      0x180 _build/ff.o
 .debug_ranges  0x00001d00       0x38 _build/diskio.o
 .debug_ranges  0x00001d38       0x70 _build/SEGGER_RTT.o
 .debug_ranges  0x00001da8      0x1e0 _build/hum.o
 .debug_ranges  0x00001f88      0x1e0 _build/pr.o
 .debug_ranges  0x00002168      0x1e0 _build/temp.o
 .debug_ranges  0x00002348      0x1d8 _build/sd2app.o
 .debug_ranges  0x00002520       0x70 _build/sd_card.o
 .debug_ranges  0x00002590       0x38 _build/twi_hw_master.o
 .debug_ranges  0x000025c8      0x148 _build/ble_dis.o
 .debug_ranges  0x00002710       0xc0 _build/ble_srv_common.o
 .debug_ranges  0x000027d0      0x3b0 _build/softdevice_handler.o
 .debug_ranges  0x00002b80      0x230 _build/ble_advdata.o
 .debug_ranges  0x00002db0      0x238 _build/ble_conn_params.o
 .debug_ranges  0x00002fe8      0x2f0 _build/app_timer.o
 .debug_ranges  0x000032d8      0x258 _build/pstorage.o
 .debug_ranges  0x00003530      0x338 _build/device_manager_peripheral.o
 .debug_ranges  0x00003868       0x68 _build/app_gpiote.o
 .debug_ranges  0x000038d0       0x18 _build/nrf_delay.o
 .debug_ranges  0x000038e8      0x1e0 _build/app_scheduler.o
 .debug_ranges  0x00003ac8       0x28 _build/system_nrf51.o

.debug_macro    0x00000000    0x12808
 .debug_macro   0x00000000      0x298 _build/ble_ambient.o
 .debug_macro   0x00000298      0x85c _build/ble_ambient.o
 .debug_macro   0x00000af4       0xdc _build/ble_ambient.o
 .debug_macro   0x00000bd0       0xd6 _build/ble_ambient.o
 .debug_macro   0x00000ca6       0x22 _build/ble_ambient.o
 .debug_macro   0x00000cc8       0x58 _build/ble_ambient.o
 .debug_macro   0x00000d20       0x22 _build/ble_ambient.o
 .debug_macro   0x00000d42       0x44 _build/ble_ambient.o
 .debug_macro   0x00000d86       0xe3 _build/ble_ambient.o
 .debug_macro   0x00000e69       0x22 _build/ble_ambient.o
 .debug_macro   0x00000e8b      0x1df _build/ble_ambient.o
 .debug_macro   0x0000106a       0x58 _build/ble_ambient.o
 .debug_macro   0x000010c2       0x35 _build/ble_ambient.o
 .debug_macro   0x000010f7       0x9c _build/ble_ambient.o
 .debug_macro   0x00001193      0x166 _build/ble_ambient.o
 .debug_macro   0x000012f9       0x52 _build/ble_ambient.o
 .debug_macro   0x0000134b       0x16 _build/ble_ambient.o
 .debug_macro   0x00001361       0x43 _build/ble_ambient.o