Archive member included because of file (symbol)

/home/ricardo/Documentos/nrf51/tools/gcc-arm-none-eabi-4_9-2015q3/bin/../lib/gcc/arm-none-eabi/4.9.3/../../../../arm-none-eabi/lib/armv6-m/libm.a(lib_a-w_pow.o)
                              _build/SparkFunTSL2561.o (pow)
/home/ricardo/Documentos/nrf51/tools/gcc-arm-none-eabi-4_9-2015q3/bin/../lib/gcc/arm-none-eabi/4.9.3/../../../../arm-none-eabi/lib/armv6-m/libm.a(lib_a-e_pow.o)
                              /home/ricardo/Documentos/nrf51/tools/gcc-arm-none-eabi-4_9-2015q3/bin/../lib/gcc/arm-none-eabi/4.9.3/../../../../arm-none-eabi/lib/armv6-m/libm.a(lib_a-w_pow.o) (__ieee754_pow)
/home/ricardo/Documentos/nrf51/tools/gcc-arm-none-eabi-4_9-2015q3/bin/../lib/gcc/arm-none-eabi/4.9.3/../../../../arm-none-eabi/lib/armv6-m/libm.a(lib_a-e_sqrt.o)
                              /home/ricardo/Documentos/nrf51/tools/gcc-arm-none-eabi-4_9-2015q3/bin/../lib/gcc/arm-none-eabi/4.9.3/../../../../arm-none-eabi/lib/armv6-m/libm.a(lib_a-e_pow.o) (__ieee754_sqrt)
/home/ricardo/Documentos/nrf51/tools/gcc-arm-none-eabi-4_9-2015q3/bin/../lib/gcc/arm-none-eabi/4.9.3/../../../../arm-none-eabi/lib/armv6-m/libm.a(lib_a-s_fabs.o)
                              /home/ricardo/Documentos/nrf51/tools/gcc-arm-none-eabi-4_9-2015q3/bin/../lib/gcc/arm-none-eabi/4.9.3/../../../../arm-none-eabi/lib/armv6-m/libm.a(lib_a-e_pow.o) (fabs)
/home/ricardo/Documentos/nrf51/tools/gcc-arm-none-eabi-4_9-2015q3/bin/../lib/gcc/arm-none-eabi/4.9.3/../../../../arm-none-eabi/lib/armv6-m/libm.a(lib_a-s_finite.o)
                              /home/ricardo/Documentos/nrf51/tools/gcc-arm-none-eabi-4_9-2015q3/bin/../lib/gcc/arm-none-eabi/4.9.3/../../../../arm-none-eabi/lib/armv6-m/libm.a(lib_a-w_pow.o) (finite)
/home/ricardo/Documentos/nrf51/tools/gcc-arm-none-eabi-4_9-2015q3/bin/../lib/gcc/arm-none-eabi/4.9.3/../../../../arm-none-eabi/lib/armv6-m/libm.a(lib_a-s_fpclassify.o)
                              /home/ricardo/Documentos/nrf51/tools/gcc-arm-none-eabi-4_9-2015q3/bin/../lib/gcc/arm-none-eabi/4.9.3/../../../../arm-none-eabi/lib/armv6-m/libm.a(lib_a-w_pow.o) (__fpclassifyd)
/home/ricardo/Documentos/nrf51/tools/gcc-arm-none-eabi-4_9-2015q3/bin/../lib/gcc/arm-none-eabi/4.9.3/../../../../arm-none-eabi/lib/armv6-m/libm.a(lib_a-s_lib_ver.o)
                              /home/ricardo/Documentos/nrf51/tools/gcc-arm-none-eabi-4_9-2015q3/bin/../lib/gcc/arm-none-eabi/4.9.3/../../../../arm-none-eabi/lib/armv6-m/libm.a(lib_a-w_pow.o) (__fdlib_version)
/home/ricardo/Documentos/nrf51/tools/gcc-arm-none-eabi-4_9-2015q3/bin/../lib/gcc/arm-none-eabi/4.9.3/../../../../arm-none-eabi/lib/armv6-m/libm.a(lib_a-s_matherr.o)
                              /home/ricardo/Documentos/nrf51/tools/gcc-arm-none-eabi-4_9-2015q3/bin/../lib/gcc/arm-none-eabi/4.9.3/../../../../arm-none-eabi/lib/armv6-m/libm.a(lib_a-w_pow.o) (matherr)
/home/ricardo/Documentos/nrf51/tools/gcc-arm-none-eabi-4_9-2015q3/bin/../lib/gcc/arm-none-eabi/4.9.3/../../../../arm-none-eabi/lib/armv6-m/libm.a(lib_a-s_nan.o)
                              /home/ricardo/Documentos/nrf51/tools/gcc-arm-none-eabi-4_9-2015q3/bin/../lib/gcc/arm-none-eabi/4.9.3/../../../../arm-none-eabi/lib/armv6-m/libm.a(lib_a-e_pow.o) (nan)
/home/ricardo/Documentos/nrf51/tools/gcc-arm-none-eabi-4_9-2015q3/bin/../lib/gcc/arm-none-eabi/4.9.3/../../../../arm-none-eabi/lib/armv6-m/libm.a(lib_a-s_rint.o)
                              /home/ricardo/Documentos/nrf51/tools/gcc-arm-none-eabi-4_9-2015q3/bin/../lib/gcc/arm-none-eabi/4.9.3/../../../../arm-none-eabi/lib/armv6-m/libm.a(lib_a-w_pow.o) (rint)
/home/ricardo/Documentos/nrf51/tools/gcc-arm-none-eabi-4_9-2015q3/bin/../lib/gcc/arm-none-eabi/4.9.3/../../../../arm-none-eabi/lib/armv6-m/libm.a(lib_a-s_scalbn.o)
                              /home/ricardo/Documentos/nrf51/tools/gcc-arm-none-eabi-4_9-2015q3/bin/../lib/gcc/arm-none-eabi/4.9.3/../../../../arm-none-eabi/lib/armv6-m/libm.a(lib_a-e_pow.o) (scalbn)
/home/ricardo/Documentos/nrf51/tools/gcc-arm-none-eabi-4_9-2015q3/bin/../lib/gcc/arm-none-eabi/4.9.3/../../../../arm-none-eabi/lib/armv6-m/libm.a(lib_a-s_copysign.o)
                              /home/ricardo/Documentos/nrf51/tools/gcc-arm-none-eabi-4_9-2015q3/bin/../lib/gcc/arm-none-eabi/4.9.3/../../../../arm-none-eabi/lib/armv6-m/libm.a(lib_a-s_scalbn.o) (copysign)
/home/ricardo/Documentos/nrf51/tools/gcc-arm-none-eabi-4_9-2015q3/bin/../lib/gcc/arm-none-eabi/4.9.3/armv6-m/libgcc.a(_udivsi3.o)
                              _build/bme280.o (__aeabi_uidiv)
/home/ricardo/Documentos/nrf51/tools/gcc-arm-none-eabi-4_9-2015q3/bin/../lib/gcc/arm-none-eabi/4.9.3/armv6-m/libgcc.a(_divsi3.o)
                              _build/utils.o (__aeabi_idiv)
/home/ricardo/Documentos/nrf51/tools/gcc-arm-none-eabi-4_9-2015q3/bin/../lib/gcc/arm-none-eabi/4.9.3/armv6-m/libgcc.a(_dvmd_tls.o)
                              /home/ricardo/Documentos/nrf51/tools/gcc-arm-none-eabi-4_9-2015q3/bin/../lib/gcc/arm-none-eabi/4.9.3/armv6-m/libgcc.a(_udivsi3.o) (__aeabi_idiv0)
[...]
Memory Configuration

Name             Origin             Length             Attributes
FLASH            0x00016000         0x0002a000         xr
RAM              0x20002000         0x00002000         xrw
*default*        0x00000000         0xffffffff

Linker script and memory map

LOAD /home/ricardo/Documentos/nrf51/tools/gcc-arm-none-eabi-4_9-2015q3/bin/../lib/gcc/arm-none-eabi/4.9.3/armv6-m/crti.o
LOAD /home/ricardo/Documentos/nrf51/tools/gcc-arm-none-eabi-4_9-2015q3/bin/../lib/gcc/arm-none-eabi/4.9.3/armv6-m/crtbegin.o
LOAD /home/ricardo/Documentos/nrf51/tools/gcc-arm-none-eabi-4_9-2015q3/bin/../lib/gcc/arm-none-eabi/4.9.3/../../../../arm-none-eabi/lib/armv6-m/crt0.o
LOAD _build/ble_ambient.o
LOAD _build/main.o
LOAD _build/init.o
LOAD _build/utils.o
LOAD _build/nosso.o
LOAD _build/battery.o
LOAD _build/fhp_gpio.o
LOAD _build/nrf_pwm.o
LOAD _build/max1161x.o
LOAD _build/pca9538.o
LOAD _build/mpu9x50.o
LOAD _build/spi_fhp_master.o
LOAD _build/bme280.o
LOAD _build/max17048.o
LOAD _build/ff.o
LOAD _build/diskio.o
LOAD _build/SEGGER_RTT.o
LOAD _build/hum.o
LOAD _build/lum.o
LOAD _build/humsolo.o
LOAD _build/pr.o
LOAD _build/temp.o
LOAD _build/SparkFunMS1.o
LOAD _build/rain.o
LOAD _build/SparkFunTSL2561.o
LOAD _build/sd2app.o
LOAD _build/uv.o
LOAD _build/sd_card.o
LOAD _build/twi_hw_master.o
LOAD _build/ble_dis.o
LOAD _build/ble_srv_common.o
LOAD _build/softdevice_handler.o
LOAD _build/ble_advdata.o
LOAD _build/ble_conn_params.o
LOAD _build/app_timer.o
LOAD _build/pstorage.o
LOAD _build/device_manager_peripheral.o
LOAD _build/app_gpiote.o
LOAD _build/nrf_delay.o
LOAD _build/app_scheduler.o
LOAD _build/system_nrf51.o
LOAD _build/gcc_startup_nrf51.o
LOAD /home/ricardo/Documentos/nrf51/tools/gcc-arm-none-eabi-4_9-2015q3/bin/../lib/gcc/arm-none-eabi/4.9.3/../../../../arm-none-eabi/lib/armv6-m/libm.a
START GROUP
LOAD /home/ricardo/Documentos/nrf51/tools/gcc-arm-none-eabi-4_9-2015q3/bin/../lib/gcc/arm-none-eabi/4.9.3/armv6-m/libgcc.a
LOAD /home/ricardo/Documentos/nrf51/tools/gcc-arm-none-eabi-4_9-2015q3/bin/../lib/gcc/arm-none-eabi/4.9.3/../../../../arm-none-eabi/lib/armv6-m/libc_nano.a
END GROUP
START GROUP
LOAD /home/ricardo/Documentos/nrf51/tools/gcc-arm-none-eabi-4_9-2015q3/bin/../lib/gcc/arm-none-eabi/4.9.3/armv6-m/libgcc.a
LOAD /home/ricardo/Documentos/nrf51/tools/gcc-arm-none-eabi-4_9-2015q3/bin/../lib/gcc/arm-none-eabi/4.9.3/../../../../arm-none-eabi/lib/armv6-m/libc_nano.a
END GROUP
LOAD /home/ricardo/Documentos/nrf51/tools/gcc-arm-none-eabi-4_9-2015q3/bin/../lib/gcc/arm-none-eabi/4.9.3/armv6-m/crtend.o
LOAD /home/ricardo/Documentos/nrf51/tools/gcc-arm-none-eabi-4_9-2015q3/bin/../lib/gcc/arm-none-eabi/4.9.3/armv6-m/crtn.o
START GROUP
LOAD /home/ricardo/Documentos/nrf51/tools/gcc-arm-none-eabi-4_9-2015q3/bin/../lib/gcc/arm-none-eabi/4.9.3/armv6-m/libgcc.a
LOAD /home/ricardo/Documentos/nrf51/tools/gcc-arm-none-eabi-4_9-2015q3/bin/../lib/gcc/arm-none-eabi/4.9.3/../../../../arm-none-eabi/lib/armv6-m/libc.a
LOAD /home/ricardo/Documentos/nrf51/tools/gcc-arm-none-eabi-4_9-2015q3/bin/../lib/gcc/arm-none-eabi/4.9.3/../../../../arm-none-eabi/lib/armv6-m/libnosys.a
END GROUP

.text           0x00016000    0x13347
 *(.Vectors)
 .Vectors       0x00016000       0xc0 _build/gcc_startup_nrf51.o
                0x00016000                __Vectors
 *(.text*)
 .text          0x000160c0       0x78 /home/ricardo/Documentos/nrf51/tools/gcc-arm-none-eabi-4_9-2015q3/bin/../lib/gcc/arm-none-eabi/4.9.3/../../../../arm-none-eabi/lib/armv6-m/crt0.o
                0x000160c0                _mainCRTStartup
                0x000160c0                _start
 .text.sd_ble_gatts_service_add
                0x00016138        0x8 _build/ble_ambient.o
 .text.sd_ble_gatts_characteristic_add
                0x00016140        0x8 _build/ble_ambient.o
 .text.sd_ble_gatts_value_set
                0x00016148        0x8 _build/ble_ambient.o
 .text.sd_ble_gatts_hvx
                0x00016150        0x8 _build/ble_ambient.o
 .text.sd_ble_uuid_vs_add
                0x00016158        0x8 _build/ble_ambient.o
 .text.on_connect
                0x00016160       0x18 _build/ble_ambient.o
 .text.on_disconnect
                0x00016178       0x18 _build/ble_ambient.o
 .text.on_write
                0x00016190      0x14c _build/ble_ambient.o
 .text.ble_ambient_on_ble_evt
                0x000162dc       0x4c _build/ble_ambient.o
                0x000162dc                ble_ambient_on_ble_evt
 .text.sensors_char_add
                0x00016328      0x724 _build/ble_ambient.o
 .text.ble_ambient_init
                0x00016a4c      0x1a0 _build/ble_ambient.o
                0x00016a4c                ble_ambient_init
 .text.ble_ambient_sensor_update
                0x00016bec      0x128 _build/ble_ambient.o
                0x00016bec                ble_ambient_sensor_update
 .text.lerCartao2
                0x00016d14      0x2c8 _build/ble_ambient.o
                0x00016d14                lerCartao2
 .text.ble_ambient_config_update
                0x00016fdc       0xdc _build/ble_ambient.o
                0x00016fdc                ble_ambient_config_update
 .text.NVIC_SystemReset
                0x000170b8       0x1c _build/main.o
 .text.nrf_gpio_pin_clear
                0x000170d4       0x24 _build/main.o
 .text.sd_ble_gap_adv_start
                0x000170f8        0x8 _build/main.o
 .text.sd_app_evt_wait
                0x00017100        0x8 _build/main.o
 .text.app_error_handler
                0x00017108       0xd8 _build/main.o
                0x00017108                app_error_handler
 .text.HardFault_Handler
                0x000171e0       0x44 _build/main.o
                0x000171e0                HardFault_Handler
 .text.assert_nrf_callback
                0x00017224       0x60 _build/main.o
                0x00017224                assert_nrf_callback
 .text.conn_params_error_handler
                0x00017284       0x20 _build/main.o
                0x00017284                conn_params_error_handler
 .text.on_conn_params_evt
                0x000172a4       0x3c _build/main.o
                0x000172a4                on_conn_params_evt
 .text.advertising_start
                0x000172e0       0xb8 _build/main.o
                0x000172e0                advertising_start
 .text.on_ble_evt
                0x00017398      0x108 _build/main.o
 .text.device_manager_evt_handler
                0x000174a0       0x38 _build/main.o
                0x000174a0                device_manager_evt_handler
 .text.ble_evt_dispatch
                0x000174d8       0x38 _build/main.o
                0x000174d8                ble_evt_dispatch
 .text.on_sys_evt
                0x00017510       0x10 _build/main.o
 .text.sys_evt_dispatch
                0x00017520       0x20 _build/main.o
                0x00017520                sys_evt_dispatch
 .text.ble_amb_evt
                0x00017540      0x1a4 _build/main.o
                0x00017540                ble_amb_evt
 .text.base_timer_handler
                0x000176e4       0x7c _build/main.o
                0x000176e4                base_timer_handler
 .text.watchdog_timer_handler
                0x00017760       0x20 _build/main.o
                0x00017760                watchdog_timer_handler
 .text.rtc_timer_handler
                0x00017780       0x14 _build/main.o
                0x00017780                rtc_timer_handler
 .text.power_manage
                0x00017794       0x38 _build/main.o
 .text.setup    0x000177cc      0x1f4 _build/main.o
 .text.main     0x000179c0       0x40 _build/main.o
                0x000179c0                main
 .text.NVIC_SetPriority
                0x00017a00       0xd4 _build/init.o
 .text.nrf_gpio_cfg_output
                0x00017ad4       0x20 _build/init.o
 .text.nrf_gpio_cfg_input
                0x00017af4       0x2c _build/init.o
 .text.nrf_gpio_pin_set
                0x00017b20       0x20 _build/init.o
 .text.nrf_gpio_pin_read
                0x00017b40       0x24 _build/init.o
 .text.sd_ble_gap_tx_power_set
                0x00017b64        0x8 _build/init.o
 .text.sd_ble_gap_appearance_set
                0x00017b6c        0x8 _build/init.o
 .text.sd_ble_gap_ppcp_set
                0x00017b74        0x8 _build/init.o
 .text.sd_ble_gap_device_name_set
                0x00017b7c        0x8 _build/init.o
 .text.sd_ble_enable
                0x00017b84        0x8 _build/init.o
 .text.sd_ble_opt_set
                0x00017b8c        0x8 _build/init.o
 .text.gpio_init
                0x00017b94       0x5c _build/init.o
                0x00017b94                gpio_init
 .text.leds_init
                0x00017bf0       0x20 _build/init.o
                0x00017bf0                leds_init
 .text.timers_init
                0x00017c10       0xfc _build/init.o
                0x00017c10                timers_init
 .text.gpiote_init
                0x00017d0c       0x98 _build/init.o
                0x00017d0c                gpiote_init
 .text.ble_stack_init
                0x00017da4      0x120 _build/init.o
                0x00017da4                ble_stack_init
 .text.scheduler_init
                0x00017ec4       0x3c _build/init.o
                0x00017ec4                scheduler_init
 .text.device_manager_init
                0x00017f00       0xf4 _build/init.o
                0x00017f00                device_manager_init
 .text.gap_params_init
                0x00017ff4       0xc8 _build/init.o
                0x00017ff4                gap_params_init
 .text.services_init
                0x000180bc      0x108 _build/init.o
                0x000180bc                services_init
 .text.advertising_init
                0x000181c4       0x84 _build/init.o
                0x000181c4                advertising_init
 .text.conn_params_init
                0x00018248       0x84 _build/init.o
                0x00018248                conn_params_init
 .text.drivers_init
                0x000182cc      0x118 _build/init.o
                0x000182cc                drivers_init
 .text.sensors_init
                0x000183e4      0x158 _build/init.o
                0x000183e4                sensors_init
 .text.watchdog_init
                0x0001853c       0x7c _build/init.o
                0x0001853c                watchdog_init
 .text.application_work_start
                0x000185b8       0xfc _build/init.o
                0x000185b8                application_work_start
 .text.application_work_stop
                0x000186b4       0x64 _build/init.o
                0x000186b4                application_work_stop
 .text.msec_to_ticks
                0x00018718       0x20 _build/utils.o
                0x00018718                msec_to_ticks
 .text.check_ble_service_err_code
                0x00018738       0x70 _build/utils.o
                0x00018738                check_ble_service_err_code
 .text.log_to_sd
                0x000187a8       0x88 _build/utils.o
                0x000187a8                log_to_sd
 .text.log2sd   0x00018830       0xac _build/utils.o
                0x00018830                log2sd
 .text.getTimeStamp
                0x000188dc       0x14 _build/nosso.o
                0x000188dc                getTimeStamp
 .text.increTimeStamp
                0x000188f0       0x18 _build/nosso.o
                0x000188f0                increTimeStamp
 .text.nrf_gpio_pin_set
                0x00018908       0x20 _build/battery.o
 .text.nrf_gpio_pin_clear
                0x00018928       0x24 _build/battery.o
 .text.nrf_gpio_pin_read
                0x0001894c       0x24 _build/battery.o
 .text.battery_init
                0x00018970       0x20 _build/battery.o
                0x00018970                battery_init
 .text.induction_charging
                0x00018990       0x88 _build/battery.o
                0x00018990                induction_charging
 .text.wired_charging
                0x00018a18       0x88 _build/battery.o
                0x00018a18                wired_charging
 .text.battery_charge_handler
                0x00018aa0       0xac _build/battery.o
                0x00018aa0                battery_charge_handler
 .text.gauge_timer_handler
                0x00018b4c      0x144 _build/battery.o
                0x00018b4c                gauge_timer_handler
 .text.enable_high_voltage
                0x00018c90       0x4c _build/battery.o
                0x00018c90                enable_high_voltage
 .text.nrf_gpio_cfg_output
                0x00018cdc       0x20 _build/fhp_gpio.o
 .text.nrf_gpio_pin_set
                0x00018cfc       0x20 _build/fhp_gpio.o
 .text.nrf_gpio_pin_clear
                0x00018d1c       0x24 _build/fhp_gpio.o
 .text.fhp_gpio_init
                0x00018d40       0x58 _build/fhp_gpio.o
                0x00018d40                fhp_gpio_init
 .text.clear_pwm_pin
                0x00018d98      0x15c _build/fhp_gpio.o
 .text.fhp_gpio_set
                0x00018ef4       0x3c _build/fhp_gpio.o
                0x00018ef4                fhp_gpio_set
 .text.fhp_gpio_clear
                0x00018f30       0x3c _build/fhp_gpio.o
                0x00018f30                fhp_gpio_clear
 .text.fhp_gpio_config
                0x00018f6c      0x2cc _build/fhp_gpio.o
 .text.fhp_gpio_blink
                0x00019238       0x60 _build/fhp_gpio.o
                0x00019238                fhp_gpio_blink
 .text.fhp_gpio_fade
                0x00019298       0x68 _build/fhp_gpio.o
                0x00019298                fhp_gpio_fade
 .text.timer_handler
                0x00019300      0x214 _build/fhp_gpio.o
 .text.nrf_gpiote_task_config
                0x00019514       0xb4 _build/nrf_pwm.o
 .text.nrf_gpiote_unconfig
                0x000195c8       0x24 _build/nrf_pwm.o
 .text.nrf_gpio_cfg_output
                0x000195ec       0x20 _build/nrf_pwm.o
 .text.nrf_gpio_pin_set
                0x0001960c       0x20 _build/nrf_pwm.o
 .text.nrf_gpio_pin_clear
                0x0001962c       0x24 _build/nrf_pwm.o
 .text.nrf_gpio_pin_write
                0x00019650       0x28 _build/nrf_pwm.o
 .text.sd_ppi_channel_enable_set
                0x00019678        0x8 _build/nrf_pwm.o
 .text.sd_ppi_channel_assign
                0x00019680        0x8 _build/nrf_pwm.o
 .text.sd_radio_session_open
                0x00019688        0x8 _build/nrf_pwm.o
 .text.sd_radio_request
                0x00019690        0x8 _build/nrf_pwm.o
 .text.apply_pan73_workaround
                0x00019698       0x60 _build/nrf_pwm.o
 .text.safe_margins_present
                0x000196f8       0x64 _build/nrf_pwm.o
 .text.ppi_enable_channel
                0x0001975c       0x3c _build/nrf_pwm.o
 .text.nrf_radio_signal_callback
                0x00019798       0x40 _build/nrf_pwm.o
                0x00019798                nrf_radio_signal_callback
 .text.nrf_pwm_init
                0x000197d8      0x368 _build/nrf_pwm.o
                0x000197d8                nrf_pwm_init
 .text.nrf_pwm_set_value
                0x00019b40       0x64 _build/nrf_pwm.o
                0x00019b40                nrf_pwm_set_value
 .text.nrf_pwm_set_enabled
                0x00019ba4       0x9c _build/nrf_pwm.o
                0x00019ba4                nrf_pwm_set_enabled
 .text.TIMER2_IRQHandler
                0x00019c40      0x384 _build/nrf_pwm.o
                0x00019c40                TIMER2_IRQHandler
 .text.max1161x_write_data
                0x00019fc4       0x48 _build/max1161x.o
                0x00019fc4                max1161x_write_data
 .text.max1161x_init
                0x0001a00c       0x48 _build/max1161x.o
                0x0001a00c                max1161x_init
 .text.nrf_delay_us
                0x0001a054       0x34 _build/pca9538.o
 .text.pca9538_write
                0x0001a088       0x64 _build/pca9538.o
                0x0001a088                pca9538_write
 .text.pca9538_init
                0x0001a0ec       0x84 _build/pca9538.o
                0x0001a0ec                pca9538_init
 .text.nrf_delay_us
                0x0001a170       0x34 _build/mpu9x50.o
 .text.mpu9x50_initMoveSensor
                0x0001a1a4       0x80 _build/mpu9x50.o
                0x0001a1a4                mpu9x50_initMoveSensor
 .text.read_mult
                0x0001a224       0xd4 _build/mpu9x50.o
                0x0001a224                read_mult
 .text.read     0x0001a2f8       0x28 _build/mpu9x50.o
                0x0001a2f8                read
 .text.write_mult
                0x0001a320      0x114 _build/mpu9x50.o
                0x0001a320                write_mult
 .text.write    0x0001a434       0x2c _build/mpu9x50.o
                0x0001a434                write
 .text.writeBits
                0x0001a460       0xe8 _build/mpu9x50.o
                0x0001a460                writeBits
 .text.writeBit
                0x0001a548       0x40 _build/mpu9x50.o
                0x0001a548                writeBit
 .text.mpu9x50_fifoCtrl
                0x0001a588       0x68 _build/mpu9x50.o
                0x0001a588                mpu9x50_fifoCtrl
 .text.mpu9x50_reset
                0x0001a5f0       0x14 _build/mpu9x50.o
                0x0001a5f0                mpu9x50_reset
 .text.mpu9x50_gyroStandby
                0x0001a604       0x20 _build/mpu9x50.o
                0x0001a604                mpu9x50_gyroStandby
 .text.mpu9x50_sleep
                0x0001a624       0x2c _build/mpu9x50.o
                0x0001a624                mpu9x50_sleep
 .text.mpu9x50_cycleMode
                0x0001a650       0x20 _build/mpu9x50.o
                0x0001a650                mpu9x50_cycleMode
 .text.mpu9x50_setCycleWakeFrequency
                0x0001a670       0x20 _build/mpu9x50.o
                0x0001a670                mpu9x50_setCycleWakeFrequency
 .text.mpu9x50_setStandbyAccX
                0x0001a690       0x20 _build/mpu9x50.o
                0x0001a690                mpu9x50_setStandbyAccX
 .text.mpu9x50_setStandbyAccY
                0x0001a6b0       0x20 _build/mpu9x50.o
                0x0001a6b0                mpu9x50_setStandbyAccY
 .text.mpu9x50_setStandbyAccZ
                0x0001a6d0       0x20 _build/mpu9x50.o
                0x0001a6d0                mpu9x50_setStandbyAccZ
 .text.mpu9x50_setStandbyGyroX
                0x0001a6f0       0x20 _build/mpu9x50.o
                0x0001a6f0                mpu9x50_setStandbyGyroX
 .text.mpu9x50_setStandbyGyroY
                0x0001a710       0x20 _build/mpu9x50.o
                0x0001a710                mpu9x50_setStandbyGyroY
 .text.mpu9x50_setStandbyGyroZ
                0x0001a730       0x20 _build/mpu9x50.o
                0x0001a730                mpu9x50_setStandbyGyroZ
 .text.mpu9x50_setAccelerometerDigitalLowPassFilter
                0x0001a750       0x20 _build/mpu9x50.o
                0x0001a750                mpu9x50_setAccelerometerDigitalLowPassFilter
 .text.mpu9x50_setAccelerometerDigitalLowPassFilterOn
                0x0001a770       0x20 _build/mpu9x50.o
                0x0001a770                mpu9x50_setAccelerometerDigitalLowPassFilterOn
 .text.mpu9x50_setInterruptDataReadyEnable
                0x0001a790       0x20 _build/mpu9x50.o
                0x0001a790                mpu9x50_setInterruptDataReadyEnable
 .text.mpu9x50_setMotionInterrupt
                0x0001a7b0       0x10 _build/mpu9x50.o
                0x0001a7b0                mpu9x50_setMotionInterrupt
 .text.mpu9x50_setMotionThreshold
                0x0001a7c0       0x10 _build/mpu9x50.o
                0x0001a7c0                mpu9x50_setMotionThreshold
 .text.mpu9x50_setEnableFifo
                0x0001a7d0       0x20 _build/mpu9x50.o
                0x0001a7d0                mpu9x50_setEnableFifo
 .text.mpu9x50_setFifoReset
                0x0001a7f0       0x20 _build/mpu9x50.o
                0x0001a7f0                mpu9x50_setFifoReset
 .text.nrf_gpio_cfg_output
                0x0001a810       0x20 _build/spi_fhp_master.o
 .text.nrf_gpio_cfg_input
                0x0001a830       0x2c _build/spi_fhp_master.o
 .text.nrf_gpio_pin_set
                0x0001a85c       0x20 _build/spi_fhp_master.o
 .text.nrf_gpio_pin_clear
                0x0001a87c       0x24 _build/spi_fhp_master.o
 .text.spi_master_init
                0x0001a8a0      0x144 _build/spi_fhp_master.o
                0x0001a8a0                spi_master_init
 .text.spi_master_tx_rx
                0x0001a9e4       0xe4 _build/spi_fhp_master.o
                0x0001a9e4                spi_master_tx_rx
 .text.nrf_delay_us
                0x0001aac8       0x34 _build/bme280.o
 .text.bme280_init
                0x0001aafc       0x7c _build/bme280.o
                0x0001aafc                bme280_init
 .text.bme280_read_uncomp_temperature
                0x0001ab78       0x90 _build/bme280.o
                0x0001ab78                bme280_read_uncomp_temperature
 .text.bme280_compensate_temperature_int32
                0x0001ac08       0x88 _build/bme280.o
                0x0001ac08                bme280_compensate_temperature_int32
 .text.bme280_read_uncomp_pressure
                0x0001ac90       0x90 _build/bme280.o
                0x0001ac90                bme280_read_uncomp_pressure
 .text.bme280_compensate_pressure_int32
                0x0001ad20      0x15c _build/bme280.o
                0x0001ad20                bme280_compensate_pressure_int32
 .text.bme280_read_uncomp_humidity
                0x0001ae7c       0x7c _build/bme280.o
                0x0001ae7c                bme280_read_uncomp_humidity
 .text.bme280_compensate_humidity_int32
                0x0001aef8       0xd4 _build/bme280.o
                0x0001aef8                bme280_compensate_humidity_int32
 .text.bme280_get_calib_param
                0x0001afcc      0x26c _build/bme280.o
                0x0001afcc                bme280_get_calib_param
 .text.bme280_set_oversamp_temperature
                0x0001b238      0x1fc _build/bme280.o
                0x0001b238                bme280_set_oversamp_temperature
 .text.bme280_set_oversamp_pressure
                0x0001b434      0x1e8 _build/bme280.o
                0x0001b434                bme280_set_oversamp_pressure
 .text.bme280_set_oversamp_humidity
                0x0001b61c      0x24c _build/bme280.o
                0x0001b61c                bme280_set_oversamp_humidity
 .text.bme280_get_power_mode
                0x0001b868       0x6c _build/bme280.o
                0x0001b868                bme280_get_power_mode
 .text.bme280_set_power_mode
                0x0001b8d4      0x208 _build/bme280.o
                0x0001b8d4                bme280_set_power_mode
 .text.bme280_set_soft_rst
                0x0001badc       0x50 _build/bme280.o
                0x0001badc                bme280_set_soft_rst
 .text.bme280_set_filter
                0x0001bb2c      0x208 _build/bme280.o
                0x0001bb2c                bme280_set_filter
 .text.bme280_write_register
                0x0001bd34       0x60 _build/bme280.o
                0x0001bd34                bme280_write_register
 .text.bme280_read_register
                0x0001bd94       0x60 _build/bme280.o
                0x0001bd94                bme280_read_register
 .text.bme280_init_nrf51
                0x0001bdf4       0xac _build/bme280.o
                0x0001bdf4                bme280_init_nrf51
 .text.BME280_I2C_bus_write
                0x0001bea0      0x1c8 _build/bme280.o
                0x0001bea0                BME280_I2C_bus_write
 .text.BME280_I2C_bus_read
                0x0001c068       0xb0 _build/bme280.o
                0x0001c068                BME280_I2C_bus_read
 .text.bme280_read_temperature
                0x0001c118       0x54 _build/bme280.o
                0x0001c118                bme280_read_temperature
 .text.bme280_read_pressure
                0x0001c16c       0x54 _build/bme280.o
                0x0001c16c                bme280_read_pressure
 .text.bme280_read_humidity
                0x0001c1c0       0x54 _build/bme280.o
                0x0001c1c0                bme280_read_humidity
 .text.BME280_delay_msek
                0x0001c214       0x1c _build/bme280.o
                0x0001c214                BME280_delay_msek
 .text.nrf_delay_us
                0x0001c230       0x34 _build/max17048.o
 .text.max17048_write_data
                0x0001c264      0x11c _build/max17048.o
                0x0001c264                max17048_write_data
 .text.max17048_read_data
                0x0001c380       0x88 _build/max17048.o
                0x0001c380                max17048_read_data
 .text.max17048_clear_alert
                0x0001c408       0x6c _build/max17048.o
                0x0001c408                max17048_clear_alert
 .text.max17048_init
                0x0001c474      0x114 _build/max17048.o
                0x0001c474                max17048_init
 .text.max17048_read_soc
                0x0001c588       0x2c _build/max17048.o
                0x0001c588                max17048_read_soc
 .text.max17048_get_alert
                0x0001c5b4       0xbc _build/max17048.o
                0x0001c5b4                max17048_get_alert
 .text.mem_cpy  0x0001c670       0x38 _build/ff.o
 .text.mem_set  0x0001c6a8       0x30 _build/ff.o
 .text.mem_cmp  0x0001c6d8       0x4c _build/ff.o
 .text.chk_chr  0x0001c724       0x34 _build/ff.o
 .text.sync_window
                0x0001c758       0xa0 _build/ff.o
 .text.move_window
                0x0001c7f8       0x74 _build/ff.o
 .text.sync_fs  0x0001c86c      0x194 _build/ff.o
 .text.clust2sect
                0x0001ca00       0x38 _build/ff.o
                0x0001ca00                clust2sect
 .text.get_fat  0x0001ca38      0x16c _build/ff.o
                0x0001ca38                get_fat
 .text.put_fat  0x0001cba4      0x23c _build/ff.o
                0x0001cba4                put_fat
 .text.remove_chain
                0x0001cde0       0xc4 _build/ff.o
 .text.create_chain
                0x0001cea4      0x154 _build/ff.o
 .text.dir_sdi  0x0001cff8      0x104 _build/ff.o
 .text.dir_next
                0x0001d0fc      0x1a4 _build/ff.o
 .text.dir_alloc
                0x0001d2a0       0xb4 _build/ff.o
 .text.ld_clust
                0x0001d354       0x58 _build/ff.o
 .text.st_clust
                0x0001d3ac       0x48 _build/ff.o
 .text.dir_find
                0x0001d3f4       0xc4 _build/ff.o
 .text.dir_register
                0x0001d4b8       0x7c _build/ff.o
 .text.create_name
                0x0001d534      0x29c _build/ff.o
 .text.follow_path
                0x0001d7d0      0x100 _build/ff.o
 .text.get_ldnumber
                0x0001d8d0       0x84 _build/ff.o
 .text.check_fs
                0x0001d954       0xd0 _build/ff.o
 .text.find_volume
                0x0001da24      0x5ec _build/ff.o
 .text.validate
                0x0001e010       0x5c _build/ff.o
 .text.f_mount  0x0001e06c       0x94 _build/ff.o
                0x0001e06c                f_mount
 .text.f_open   0x0001e100      0x300 _build/ff.o
                0x0001e100                f_open
 .text.f_read   0x0001e400      0x24c _build/ff.o
                0x0001e400                f_read
 .text.f_write  0x0001e64c      0x2f0 _build/ff.o
                0x0001e64c                f_write
 .text.f_sync   0x0001e93c      0x13c _build/ff.o
                0x0001e93c                f_sync
 .text.f_close  0x0001ea78       0x50 _build/ff.o
                0x0001ea78                f_close
 .text.f_lseek  0x0001eac8      0x224 _build/ff.o
                0x0001eac8                f_lseek
 .text.nrf_delay_us
                0x0001ecec       0x34 _build/diskio.o
 .text.disk_status
                0x0001ed20       0x28 _build/diskio.o
                0x0001ed20                disk_status
 .text.disk_initialize
                0x0001ed48      0x1c8 _build/diskio.o
                0x0001ed48                disk_initialize
 .text.disk_read
                0x0001ef10       0xbc _build/diskio.o
                0x0001ef10                disk_read
 .text.disk_write
                0x0001efcc       0xdc _build/diskio.o
                0x0001efcc                disk_write
 .text.disk_ioctl
                0x0001f0a8      0x160 _build/diskio.o
                0x0001f0a8                disk_ioctl
 .text._strlen  0x0001f208       0x3c _build/SEGGER_RTT.o
 .text._Init    0x0001f244        0x8 _build/SEGGER_RTT.o
 .text.SEGGER_RTT_Write
                0x0001f24c      0x224 _build/SEGGER_RTT.o
                0x0001f24c                SEGGER_RTT_Write
 .text.SEGGER_RTT_WriteString
                0x0001f470       0x30 _build/SEGGER_RTT.o
                0x0001f470                SEGGER_RTT_WriteString
 .text.hum_init
                0x0001f4a0       0x4c _build/hum.o
                0x0001f4a0                hum_init
 .text.hum_configs_update
                0x0001f4ec      0x120 _build/hum.o
                0x0001f4ec                hum_configs_update
 .text.hum_values_handler
                0x0001f60c       0xe8 _build/hum.o
                0x0001f60c                hum_values_handler
 .text.hum_timer_handler
                0x0001f6f4       0xec _build/hum.o
                0x0001f6f4                hum_timer_handler
 .text.pr_init  0x0001f7e0       0x4c _build/pr.o
                0x0001f7e0                pr_init
 .text.pr_configs_update
                0x0001f82c      0x130 _build/pr.o
                0x0001f82c                pr_configs_update
 .text.pr_values_handler
                0x0001f95c       0xe8 _build/pr.o
                0x0001f95c                pr_values_handler
 .text.pr_timer_handler
                0x0001fa44       0xe8 _build/pr.o
                0x0001fa44                pr_timer_handler
 .text.temp_init
                0x0001fb2c       0x50 _build/temp.o
                0x0001fb2c                temp_init
 .text.temp_configs_update
                0x0001fb7c      0x124 _build/temp.o
                0x0001fb7c                temp_configs_update
 .text.temp_values_handler
                0x0001fca0       0xec _build/temp.o
                0x0001fca0                temp_values_handler
 .text.temp_timer_handler
                0x0001fd8c       0xe4 _build/temp.o
                0x0001fd8c                temp_timer_handler
 .text.sd_init  0x0001fe70       0x50 _build/sd2app.o
                0x0001fe70                sd_init
 .text.nrf_delay_us
                0x0001fec0       0x34 _build/sd_card.o
 .text.nrf_gpio_cfg_output
                0x0001fef4       0x20 _build/sd_card.o
 .text.nrf_gpio_pin_set
                0x0001ff14       0x20 _build/sd_card.o
 .text.nrf_gpio_pin_clear
                0x0001ff34       0x24 _build/sd_card.o
 .text.spi_init
                0x0001ff58       0x28 _build/sd_card.o
                0x0001ff58                spi_init
 .text.send_mmc
                0x0001ff80       0x74 _build/sd_card.o
                0x0001ff80                send_mmc
 .text.receive_mmc
                0x0001fff4       0x90 _build/sd_card.o
                0x0001fff4                receive_mmc
 .text.wait_ready
                0x00020084       0x48 _build/sd_card.o
                0x00020084                wait_ready
 .text.select   0x000200cc       0x30 _build/sd_card.o
                0x000200cc                select
 .text.deselect
                0x000200fc       0x1c _build/sd_card.o
                0x000200fc                deselect
 .text.receive_datablock
                0x00020118       0x70 _build/sd_card.o
                0x00020118                receive_datablock
 .text.send_datablock
                0x00020188       0x78 _build/sd_card.o
                0x00020188                send_datablock
 .text.send_cmd
                0x00020200      0x140 _build/sd_card.o
                0x00020200                send_cmd
 .text.nrf_delay_us
                0x00020340       0x34 _build/twi_hw_master.o
 .text.twi_master_write
                0x00020374      0x124 _build/twi_hw_master.o
 .text.twi_master_read
                0x00020498      0x168 _build/twi_hw_master.o
 .text.twi_master_clear_bus
                0x00020600      0x124 _build/twi_hw_master.o
 .text.twi_master_init
                0x00020724       0xa0 _build/twi_hw_master.o
                0x00020724                twi_master_init
 .text.twi_master_transfer
                0x000207c4       0xa0 _build/twi_hw_master.o
                0x000207c4                twi_master_transfer
 .text.uint16_encode
                0x00020864       0x34 _build/ble_dis.o
 .text.sd_ble_gatts_service_add
                0x00020898        0x8 _build/ble_dis.o
 .text.sd_ble_gatts_characteristic_add
                0x000208a0        0x8 _build/ble_dis.o
 .text.sys_id_encode
                0x000208a8      0x188 _build/ble_dis.o
 .text.pnp_id_encode
                0x00020a30      0x12c _build/ble_dis.o
 .text.char_add
                0x00020b5c      0x18c _build/ble_dis.o
 .text.ble_dis_init
                0x00020ce8      0x26c _build/ble_dis.o
                0x00020ce8                ble_dis_init
 .text.ble_srv_ascii_to_utf8
                0x00020f54       0x28 _build/ble_srv_common.o
                0x00020f54                ble_srv_ascii_to_utf8
 .text.sd_nvic_EnableIRQ
                0x00020f7c        0x8 _build/softdevice_handler.o
 .text.sd_evt_get
                0x00020f84        0x8 _build/softdevice_handler.o
 .text.sd_softdevice_enable
                0x00020f8c        0x8 _build/softdevice_handler.o
 .text.is_word_aligned
                0x00020f94       0x1c _build/softdevice_handler.o
 .text.sd_ble_evt_get
                0x00020fb0        0x8 _build/softdevice_handler.o
 .text.softdevice_assertion_handler
                0x00020fb8       0x28 _build/softdevice_handler.o
                0x00020fb8                softdevice_assertion_handler
 .text.intern_softdevice_events_execute
                0x00020fe0      0x114 _build/softdevice_handler.o
                0x00020fe0                intern_softdevice_events_execute
 .text.softdevice_handler_init
                0x000210f4       0x8c _build/softdevice_handler.o
                0x000210f4                softdevice_handler_init
 .text.softdevice_ble_evt_handler_set
                0x00021180       0x28 _build/softdevice_handler.o
                0x00021180                softdevice_ble_evt_handler_set
 .text.softdevice_sys_evt_handler_set
                0x000211a8       0x28 _build/softdevice_handler.o
                0x000211a8                softdevice_sys_evt_handler_set
 .text.SWI2_IRQHandler
                0x000211d0       0x4c _build/softdevice_handler.o
                0x000211d0                SWI2_IRQHandler
 .text.sd_ble_gap_adv_data_set
                0x0002121c        0x8 _build/ble_advdata.o
 .text.sd_ble_gap_appearance_get
                0x00021224        0x8 _build/ble_advdata.o
 .text.sd_ble_gap_device_name_get
                0x0002122c        0x8 _build/ble_advdata.o
 .text.sd_ble_uuid_encode
                0x00021234        0x8 _build/ble_advdata.o
 .text.uint16_encode
                0x0002123c       0x34 _build/ble_advdata.o
 .text.name_encode
                0x00021270      0x13c _build/ble_advdata.o
 .text.appearance_encode
                0x000213ac       0x90 _build/ble_advdata.o
 .text.uint8_array_encode
                0x0002143c       0xa4 _build/ble_advdata.o
 .text.tx_power_level_encode
                0x000214e0       0x70 _build/ble_advdata.o
 .text.uuid_list_sized_encode
                0x00021550      0x178 _build/ble_advdata.o
 .text.uuid_list_encode
                0x000216c8       0x78 _build/ble_advdata.o
 .text.conn_int_check
                0x00021740       0x80 _build/ble_advdata.o
 .text.conn_int_encode
                0x000217c0       0xb4 _build/ble_advdata.o
 .text.manuf_specific_data_encode
                0x00021874       0xd8 _build/ble_advdata.o
 .text.service_data_encode
                0x0002194c      0x10c _build/ble_advdata.o
 .text.adv_data_encode
                0x00021a58      0x1bc _build/ble_advdata.o
 .text.advdata_check
                0x00021c14       0x34 _build/ble_advdata.o
 .text.srdata_check
                0x00021c48       0x20 _build/ble_advdata.o
 .text.ble_advdata_set
                0x00021c68       0xcc _build/ble_advdata.o
                0x00021c68                ble_advdata_set
 .text.sd_ble_gap_conn_param_update
                0x00021d34        0x8 _build/ble_conn_params.o
 .text.sd_ble_gap_disconnect
                0x00021d3c        0x8 _build/ble_conn_params.o
 .text.sd_ble_gap_ppcp_set
                0x00021d44        0x8 _build/ble_conn_params.o
 .text.sd_ble_gap_ppcp_get
                0x00021d4c        0x8 _build/ble_conn_params.o
 .text.uint16_decode
                0x00021d54       0x28 _build/ble_conn_params.o
 .text.ble_srv_is_notification_enabled
                0x00021d7c       0x30 _build/ble_conn_params.o
 .text.is_conn_params_ok
                0x00021dac       0x34 _build/ble_conn_params.o
 .text.update_timeout_handler
                0x00021de0       0xc4 _build/ble_conn_params.o
 .text.ble_conn_params_init
                0x00021ea4       0xac _build/ble_conn_params.o
                0x00021ea4                ble_conn_params_init
 .text.conn_params_negotiation
                0x00021f50       0xbc _build/ble_conn_params.o
 .text.on_connect
                0x0002200c       0x4c _build/ble_conn_params.o
 .text.on_disconnect
                0x00022058       0x54 _build/ble_conn_params.o
 .text.on_write
                0x000220ac       0x6c _build/ble_conn_params.o
 .text.on_conn_params_update
                0x00022118       0x28 _build/ble_conn_params.o
 .text.ble_conn_params_on_ble_evt
                0x00022140       0x50 _build/ble_conn_params.o
                0x00022140                ble_conn_params_on_ble_evt
 .text.is_word_aligned
                0x00022190       0x1c _build/app_timer.o
 .text.NVIC_EnableIRQ
                0x000221ac       0x2c _build/app_timer.o
 .text.NVIC_DisableIRQ
                0x000221d8       0x30 _build/app_timer.o
 .text.NVIC_SetPendingIRQ
                0x00022208       0x30 _build/app_timer.o
 .text.NVIC_ClearPendingIRQ
                0x00022238       0x30 _build/app_timer.o
 .text.NVIC_SetPriority
                0x00022268       0xd4 _build/app_timer.o
 .text.NVIC_GetPriority
                0x0002233c       0x78 _build/app_timer.o
 .text.nrf_delay_us
                0x000223b4       0x34 _build/app_timer.o
 .text.current_int_priority_get
                0x000223e8       0x3c _build/app_timer.o
 .text.rtc1_init
                0x00022424       0x24 _build/app_timer.o
 .text.rtc1_start
                0x00022448       0x48 _build/app_timer.o
 .text.rtc1_stop
                0x00022490       0x58 _build/app_timer.o
 .text.rtc1_counter_get
                0x000224e8       0x18 _build/app_timer.o
 .text.ticks_diff_get
                0x00022500       0x1c _build/app_timer.o
 .text.rtc1_compare0_set
                0x0002251c       0x1c _build/app_timer.o
 .text.timer_list_insert
                0x00022538      0x144 _build/app_timer.o
 .text.timer_list_remove
                0x0002267c       0xf8 _build/app_timer.o
 .text.timer_timeouts_check_sched
                0x00022774       0x10 _build/app_timer.o
 .text.timer_list_handler_sched
                0x00022784       0x10 _build/app_timer.o
 .text.timeout_handler_exec
                0x00022794       0x64 _build/app_timer.o
 .text.timer_timeouts_check
                0x000227f8       0xcc _build/app_timer.o
 .text.elapsed_ticks_acquire
                0x000228c4       0x7c _build/app_timer.o
 .text.list_deletions_handler
                0x00022940      0x120 _build/app_timer.o
 .text.expired_timers_handler
                0x00022a60       0xb0 _build/app_timer.o
 .text.list_insertions_handler
                0x00022b10      0x1ac _build/app_timer.o
 .text.compare_reg_update
                0x00022cbc       0xc4 _build/app_timer.o
 .text.timer_list_handler
                0x00022d80       0x8c _build/app_timer.o
 .text.user_op_enque
                0x00022e0c       0x18 _build/app_timer.o
 .text.user_op_alloc
                0x00022e24       0x58 _build/app_timer.o
 .text.timer_start_op_schedule
                0x00022e7c       0x80 _build/app_timer.o
 .text.timer_stop_op_schedule
                0x00022efc       0x60 _build/app_timer.o
 .text.RTC1_IRQHandler
                0x00022f5c       0x4c _build/app_timer.o
                0x00022f5c                RTC1_IRQHandler
 .text.SWI0_IRQHandler
                0x00022fa8        0xc _build/app_timer.o
                0x00022fa8                SWI0_IRQHandler
 .text.app_timer_init
                0x00022fb4      0x17c _build/app_timer.o
                0x00022fb4                app_timer_init
 .text.app_timer_create
                0x00023130       0xbc _build/app_timer.o
                0x00023130                app_timer_create
 .text.user_id_get
                0x000231ec       0x34 _build/app_timer.o
 .text.app_timer_start
                0x00023220       0x8c _build/app_timer.o
                0x00023220                app_timer_start
 .text.app_timer_stop
                0x000232ac       0x60 _build/app_timer.o
                0x000232ac                app_timer_stop
 .text.sd_flash_write
                0x0002330c        0x8 _build/pstorage.o
 .text.sd_flash_page_erase
                0x00023314        0x8 _build/pstorage.o
 .text.is_word_aligned
                0x0002331c       0x1c _build/pstorage.o
 .text.cmd_queue_element_init
                0x00023338       0x84 _build/pstorage.o
 .text.cmd_queue_init
                0x000233bc       0x50 _build/pstorage.o
 .text.cmd_queue_enqueue
                0x0002340c      0x11c _build/pstorage.o
 .text.cmd_queue_dequeue
                0x00023528       0x38 _build/pstorage.o
 .text.app_notify
                0x00023560       0xa8 _build/pstorage.o
 .text.pstorage_sys_event_handler
                0x00023608      0x1d0 _build/pstorage.o
                0x00023608                pstorage_sys_event_handler
 .text.swap_state_process
                0x000237d8      0x2e0 _build/pstorage.o
 .text.cmd_process
                0x00023ab8      0x214 _build/pstorage.o
 .text.pstorage_init
                0x00023ccc      0x128 _build/pstorage.o
                0x00023ccc                pstorage_init
 .text.pstorage_register
                0x00023df4      0x210 _build/pstorage.o
                0x00023df4                pstorage_register
 .text.pstorage_block_identifier_get
                0x00024004       0xe0 _build/pstorage.o
                0x00024004                pstorage_block_identifier_get
 .text.pstorage_store
                0x000240e4      0x148 _build/pstorage.o
                0x000240e4                pstorage_store
 .text.pstorage_update
                0x0002422c      0x148 _build/pstorage.o
                0x0002422c                pstorage_update
 .text.pstorage_load
                0x00024374      0x16c _build/pstorage.o
                0x00024374                pstorage_load
 .text.pstorage_clear
                0x000244e0       0xf8 _build/pstorage.o
                0x000244e0                pstorage_clear
 .text.sd_ble_gap_sec_params_reply
                0x000245d8        0x8 _build/device_manager_peripheral.o
 .text.sd_ble_gap_sec_info_reply
                0x000245e0        0x8 _build/device_manager_peripheral.o
 .text.sd_ble_gatts_sys_attr_set
                0x000245e8        0x8 _build/device_manager_peripheral.o
 .text.sd_ble_gatts_sys_attr_get
                0x000245f0        0x8 _build/device_manager_peripheral.o
 .text.update_status_bit_reset
                0x000245f8       0x28 _build/device_manager_peripheral.o
 .text.update_status_bit_is_set
                0x00024620       0x2c _build/device_manager_peripheral.o
 .text.application_instance_init
                0x0002464c       0x38 _build/device_manager_peripheral.o
 .text.connection_instance_find
                0x00024684       0x90 _build/device_manager_peripheral.o
 .text.device_instance_allocate
                0x00024714       0xdc _build/device_manager_peripheral.o
 .text.peer_instance_init
                0x000247f0       0x90 _build/device_manager_peripheral.o
 .text.device_instance_find
                0x00024880       0x88 _build/device_manager_peripheral.o
 .text.app_evt_notify
                0x00024908       0x28 _build/device_manager_peripheral.o
 .text.connection_instance_init
                0x00024930       0x68 _build/device_manager_peripheral.o
 .text.connection_instance_free
                0x00024998       0x34 _build/device_manager_peripheral.o
 .text.storage_operation_dummy_handler
                0x000249cc       0x20 _build/device_manager_peripheral.o
 .text.no_service_context_store
                0x000249ec       0x14 _build/device_manager_peripheral.o
 .text.gatts_context_store
                0x00024a00      0x154 _build/device_manager_peripheral.o
 .text.gattc_context_store
                0x00024b54       0x14 _build/device_manager_peripheral.o
 .text.gattsc_context_store
                0x00024b68       0x3c _build/device_manager_peripheral.o
 .text.no_service_context_load
                0x00024ba4       0x14 _build/device_manager_peripheral.o
 .text.gatts_context_load
                0x00024bb8       0x6c _build/device_manager_peripheral.o
 .text.gattc_context_load
                0x00024c24       0x14 _build/device_manager_peripheral.o
 .text.gattsc_context_load
                0x00024c38       0x3c _build/device_manager_peripheral.o
 .text.no_service_context_apply
                0x00024c74       0x14 _build/device_manager_peripheral.o
 .text.gatts_context_apply
                0x00024c88       0xe0 _build/device_manager_peripheral.o
 .text.gattc_context_apply
                0x00024d68       0x14 _build/device_manager_peripheral.o
 .text.gattsc_context_apply
                0x00024d7c       0x30 _build/device_manager_peripheral.o
 .text.dm_pstorage_cb_handler
                0x00024dac      0x2c0 _build/device_manager_peripheral.o
 .text.dm_init  0x0002506c      0x16c _build/device_manager_peripheral.o
                0x0002506c                dm_init
 .text.dm_register
                0x000251d8       0x98 _build/device_manager_peripheral.o
                0x000251d8                dm_register
 .text.dm_handle_initialize
                0x00025270       0x38 _build/device_manager_peripheral.o
                0x00025270                dm_handle_initialize
 .text.device_context_store
                0x000252a8      0x15c _build/device_manager_peripheral.o
 .text.connection_instance_allocate
                0x00025404       0x50 _build/device_manager_peripheral.o
 .text.bond_data_load
                0x00025454       0x80 _build/device_manager_peripheral.o
                0x00025454                bond_data_load
 .text.dm_ble_evt_handler
                0x000254d4      0x750 _build/device_manager_peripheral.o
                0x000254d4                dm_ble_evt_handler
 .text.NVIC_EnableIRQ
                0x00025c24       0x2c _build/app_gpiote.o
 .text.NVIC_ClearPendingIRQ
                0x00025c50       0x30 _build/app_gpiote.o
 .text.NVIC_SetPriority
                0x00025c80       0xd4 _build/app_gpiote.o
 .text.is_word_aligned
                0x00025d54       0x1c _build/app_gpiote.o
 .text.sense_level_toggle
                0x00025d70       0xac _build/app_gpiote.o
 .text.GPIOTE_IRQHandler
                0x00025e1c      0x11c _build/app_gpiote.o
                0x00025e1c                GPIOTE_IRQHandler
 .text.pins_sense_disable
                0x00025f38       0x88 _build/app_gpiote.o
 .text.app_gpiote_init
                0x00025fc0       0xa8 _build/app_gpiote.o
                0x00025fc0                app_gpiote_init
 .text.app_gpiote_user_register
                0x00026068       0xc8 _build/app_gpiote.o
                0x00026068                app_gpiote_user_register
 .text.app_gpiote_user_enable
                0x00026130      0x154 _build/app_gpiote.o
                0x00026130                app_gpiote_user_enable
 .text.nrf_delay_us
                0x00026284       0x34 _build/nrf_delay.o
 .text.nrf_delay_ms
                0x000262b8       0x28 _build/nrf_delay.o
                0x000262b8                nrf_delay_ms
 .text.NVIC_GetPriority
                0x000262e0       0x78 _build/app_scheduler.o
 .text.sd_nvic_critical_region_enter
                0x00026358        0x8 _build/app_scheduler.o
 .text.sd_nvic_critical_region_exit
                0x00026360        0x8 _build/app_scheduler.o
 .text.is_word_aligned
                0x00026368       0x1c _build/app_scheduler.o
 .text.current_int_priority_get
                0x00026384       0x3c _build/app_scheduler.o
 .text.next_index
                0x000263c0       0x34 _build/app_scheduler.o
 .text.app_sched_init
                0x000263f4       0x90 _build/app_scheduler.o
                0x000263f4                app_sched_init
 .text.app_sched_event_put
                0x00026484      0x194 _build/app_scheduler.o
                0x00026484                app_sched_event_put
 .text.app_sched_event_get
                0x00026618       0xa0 _build/app_scheduler.o
 .text.app_sched_execute
                0x000266b8       0x38 _build/app_scheduler.o
                0x000266b8                app_sched_execute
 .text.SystemInit
                0x000266f0       0x40 _build/system_nrf51.o
                0x000266f0                SystemInit
 .text.is_manual_peripheral_setup_needed
                0x00026730       0x80 _build/system_nrf51.o
 .text.is_disabled_in_debug_needed
                0x000267b0       0x4c _build/system_nrf51.o
 .text          0x000267fc       0x54 _build/gcc_startup_nrf51.o
                0x000267fc                Reset_Handler
                0x00026844                NMI_Handler
                0x00026848                SVC_Handler
                0x0002684a                PendSV_Handler
                0x0002684c                SysTick_Handler
                0x0002684e                SPI0_TWI0_IRQHandler
                0x0002684e                RTC0_IRQHandler
                0x0002684e                POWER_CLOCK_IRQHandler
                0x0002684e                RADIO_IRQHandler
                0x0002684e                LPCOMP_IRQHandler
                0x0002684e                SWI4_IRQHandler
                0x0002684e                TEMP_IRQHandler
                0x0002684e                QDEC_IRQHandler
                0x0002684e                UART0_IRQHandler
                0x0002684e                SWI5_IRQHandler
                0x0002684e                TIMER0_IRQHandler
                0x0002684e                TIMER1_IRQHandler
                0x0002684e                ECB_IRQHandler
                0x0002684e                Default_Handler
                0x0002684e                ADC_IRQHandler
                0x0002684e                SWI3_IRQHandler
                0x0002684e                CCM_AAR_IRQHandler
                0x0002684e                WDT_IRQHandler
                0x0002684e                RNG_IRQHandler
                0x0002684e                SPI1_TWI1_IRQHandler
                0x0002684e                SWI1_IRQHandler
 .text          0x00026850      0x120 /home/ricardo/Documentos/nrf51/tools/gcc-arm-none-eabi-4_9-2015q3/bin/../lib/gcc/arm-none-eabi/4.9.3/armv6-m/libgcc.a(_udivsi3.o)
                0x00026850                __udivsi3
                0x00026850                __aeabi_uidiv
                0x0002695c                __aeabi_uidivmod
 .text          0x00026970      0x1e0 /home/ricardo/Documentos/nrf51/tools/gcc-arm-none-eabi-4_9-2015q3/bin/../lib/gcc/arm-none-eabi/4.9.3/armv6-m/libgcc.a(_divsi3.o)
                0x00026970                __aeabi_idiv
                0x00026970                __divsi3
                0x00026b3c                __aeabi_idivmod
 .text          0x00026b50        0x4 /home/ricardo/Documentos/nrf51/tools/gcc-arm-none-eabi-4_9-2015q3/bin/../lib/gcc/arm-none-eabi/4.9.3/armv6-m/libgcc.a(_dvmd_tls.o)
                0x00026b50                __aeabi_ldiv0
                0x00026b50                __aeabi_idiv0
 .text          0x00026b54       0x40 /home/ricardo/Documentos/nrf51/tools/gcc-arm-none-eabi-4_9-2015q3/bin/../lib/gcc/arm-none-eabi/4.9.3/armv6-m/libgcc.a(_aeabi_uldivmod.o)
                0x00026b54                __aeabi_uldivmod
 .text          0x00026b94       0x6c /home/ricardo/Documentos/nrf51/tools/gcc-arm-none-eabi-4_9-2015q3/bin/../lib/gcc/arm-none-eabi/4.9.3/armv6-m/libgcc.a(bpabi.o)
                0x00026b94                __gnu_ldivmod_helper
                0x00026bcc                __gnu_uldivmod_helper
 .text          0x00026c00       0x3c /home/ricardo/Documentos/nrf51/tools/gcc-arm-none-eabi-4_9-2015q3/bin/../lib/gcc/arm-none-eabi/4.9.3/armv6-m/libgcc.a(_clzsi2.o)
                0x00026c00                __clzsi2
 .text          0x00026c3c       0x54 /home/ricardo/Documentos/nrf51/tools/gcc-arm-none-eabi-4_9-2015q3/bin/../lib/gcc/arm-none-eabi/4.9.3/armv6-m/libgcc.a(_muldi3.o)
                0x00026c3c                __aeabi_lmul
                0x00026c3c                __muldi3
 .text          0x00026c90      0x1f0 /home/ricardo/Documentos/nrf51/tools/gcc-arm-none-eabi-4_9-2015q3/bin/../lib/gcc/arm-none-eabi/4.9.3/armv6-m/libgcc.a(_divdi3.o)
                0x00026c90                __divdi3
 .text          0x00026e80      0x158 /home/ricardo/Documentos/nrf51/tools/gcc-arm-none-eabi-4_9-2015q3/bin/../lib/gcc/arm-none-eabi/4.9.3/armv6-m/libgcc.a(_udivdi3.o)
                0x00026e80                __udivdi3
 .text          0x00026fd8       0x18 /home/ricardo/Documentos/nrf51/tools/gcc-arm-none-eabi-4_9-2015q3/bin/../lib/gcc/arm-none-eabi/4.9.3/armv6-m/libgcc.a(_clzdi2.o)
                0x00026fd8                __clzdi2
 .text.exit     0x00026ff0       0x2c /home/ricardo/Documentos/nrf51/tools/gcc-arm-none-eabi-4_9-2015q3/bin/../lib/gcc/arm-none-eabi/4.9.3/../../../../arm-none-eabi/lib/armv6-m/libc_nano.a(lib_a-exit.o)
                0x00026ff0                exit
 .text.__libc_init_array
                0x0002701c       0x4c /home/ricardo/Documentos/nrf51/tools/gcc-arm-none-eabi-4_9-2015q3/bin/../lib/gcc/arm-none-eabi/4.9.3/../../../../arm-none-eabi/lib/armv6-m/libc_nano.a(lib_a-init.o)
                0x0002701c                __libc_init_array
 .text.memcmp   0x00027068       0x1e /home/ricardo/Documentos/nrf51/tools/gcc-arm-none-eabi-4_9-2015q3/bin/../lib/gcc/arm-none-eabi/4.9.3/../../../../arm-none-eabi/lib/armv6-m/libc_nano.a(lib_a-memcmp.o)
                0x00027068                memcmp
 .text.memcpy   0x00027086       0x12 /home/ricardo/Documentos/nrf51/tools/gcc-arm-none-eabi-4_9-2015q3/bin/../lib/gcc/arm-none-eabi/4.9.3/../../../../arm-none-eabi/lib/armv6-m/libc_nano.a(lib_a-memcpy.o)
                0x00027086                memcpy
 .text.memset   0x00027098       0x10 /home/ricardo/Documentos/nrf51/tools/gcc-arm-none-eabi-4_9-2015q3/bin/../lib/gcc/arm-none-eabi/4.9.3/../../../../arm-none-eabi/lib/armv6-m/libc_nano.a(lib_a-memset.o)
                0x00027098                memset
 .text._free_r  0x000270a8       0x8c /home/ricardo/Documentos/nrf51/tools/gcc-arm-none-eabi-4_9-2015q3/bin/../lib/gcc/arm-none-eabi/4.9.3/../../../../arm-none-eabi/lib/armv6-m/libc_nano.a(lib_a-nano-freer.o)
                0x000270a8                _free_r
 .text._malloc_r
                0x00027134       0xb0 /home/ricardo/Documentos/nrf51/tools/gcc-arm-none-eabi-4_9-2015q3/bin/../lib/gcc/arm-none-eabi/4.9.3/../../../../arm-none-eabi/lib/armv6-m/libc_nano.a(lib_a-nano-mallocr.o)
                0x00027134                _malloc_r
 .text._sbrk_r  0x000271e4       0x24 /home/ricardo/Documentos/nrf51/tools/gcc-arm-none-eabi-4_9-2015q3/bin/../lib/gcc/arm-none-eabi/4.9.3/../../../../arm-none-eabi/lib/armv6-m/libc_nano.a(lib_a-sbrkr.o)
                0x000271e4                _sbrk_r
 .text.sprintf  0x00027208       0x44 /home/ricardo/Documentos/nrf51/tools/gcc-arm-none-eabi-4_9-2015q3/bin/../lib/gcc/arm-none-eabi/4.9.3/../../../../arm-none-eabi/lib/armv6-m/libc_nano.a(lib_a-sprintf.o)
                0x00027208                sprintf
                0x00027208                siprintf
 .text.strlen   0x0002724c        0xe /home/ricardo/Documentos/nrf51/tools/gcc-arm-none-eabi-4_9-2015q3/bin/../lib/gcc/arm-none-eabi/4.9.3/../../../../arm-none-eabi/lib/armv6-m/libc_nano.a(lib_a-strlen.o)
                0x0002724c                strlen
 *fill*         0x0002725a        0x2 
 .text.__ssputs_r
                0x0002725c       0xc0 /home/ricardo/Documentos/nrf51/tools/gcc-arm-none-eabi-4_9-2015q3/bin/../lib/gcc/arm-none-eabi/4.9.3/../../../../arm-none-eabi/lib/armv6-m/libc_nano.a(lib_a-nano-svfprintf.o)
                0x0002725c                __ssputs_r
 .text._svfprintf_r
                0x0002731c      0x1ec /home/ricardo/Documentos/nrf51/tools/gcc-arm-none-eabi-4_9-2015q3/bin/../lib/gcc/arm-none-eabi/4.9.3/../../../../arm-none-eabi/lib/armv6-m/libc_nano.a(lib_a-nano-svfprintf.o)
                0x0002731c                _svfprintf_r
                0x0002731c                _svfiprintf_r
 .text._printf_common
                0x00027508       0xdc /home/ricardo/Documentos/nrf51/tools/gcc-arm-none-eabi-4_9-2015q3/bin/../lib/gcc/arm-none-eabi/4.9.3/../../../../arm-none-eabi/lib/armv6-m/libc_nano.a(lib_a-nano-vfprintf_i.o)
                0x00027508                _printf_common
 .text._printf_i
                0x000275e4      0x230 /home/ricardo/Documentos/nrf51/tools/gcc-arm-none-eabi-4_9-2015q3/bin/../lib/gcc/arm-none-eabi/4.9.3/../../../../arm-none-eabi/lib/armv6-m/libc_nano.a(lib_a-nano-vfprintf_i.o)
                0x000275e4                _printf_i
 .text.memchr   0x00027814       0x16 /home/ricardo/Documentos/nrf51/tools/gcc-arm-none-eabi-4_9-2015q3/bin/../lib/gcc/arm-none-eabi/4.9.3/../../../../arm-none-eabi/lib/armv6-m/libc_nano.a(lib_a-memchr.o)
                0x00027814                memchr
 .text.memmove  0x0002782a       0x28 /home/ricardo/Documentos/nrf51/tools/gcc-arm-none-eabi-4_9-2015q3/bin/../lib/gcc/arm-none-eabi/4.9.3/../../../../arm-none-eabi/lib/armv6-m/libc_nano.a(lib_a-memmove.o)
                0x0002782a                memmove
 .text._realloc_r
                0x00027852       0x4c /home/ricardo/Documentos/nrf51/tools/gcc-arm-none-eabi-4_9-2015q3/bin/../lib/gcc/arm-none-eabi/4.9.3/../../../../arm-none-eabi/lib/armv6-m/libc_nano.a(lib_a-nano-reallocr.o)
                0x00027852                _realloc_r
 .text._malloc_usable_size_r
                0x0002789e       0x16 /home/ricardo/Documentos/nrf51/tools/gcc-arm-none-eabi-4_9-2015q3/bin/../lib/gcc/arm-none-eabi/4.9.3/../../../../arm-none-eabi/lib/armv6-m/libc_nano.a(lib_a-nano-msizer.o)
                0x0002789e                _malloc_usable_size_r
 .text._sbrk    0x000278b4       0x1c /home/ricardo/Documentos/nrf51/tools/gcc-arm-none-eabi-4_9-2015q3/bin/../lib/gcc/arm-none-eabi/4.9.3/../../../../arm-none-eabi/lib/armv6-m/libnosys.a(sbrk.o)
                0x000278b4                _sbrk
 .text._exit    0x000278d0        0x4 /home/ricardo/Documentos/nrf51/tools/gcc-arm-none-eabi-4_9-2015q3/bin/../lib/gcc/arm-none-eabi/4.9.3/../../../../arm-none-eabi/lib/armv6-m/libnosys.a(_exit.o)
                0x000278d0                _exit
 *(.init)
 .init          0x000278d4        0x4 /home/ricardo/Documentos/nrf51/tools/gcc-arm-none-eabi-4_9-2015q3/bin/../lib/gcc/arm-none-eabi/4.9.3/armv6-m/crti.o
                0x000278d4                _init
 .init          0x000278d8        0x8 /home/ricardo/Documentos/nrf51/tools/gcc-arm-none-eabi-4_9-2015q3/bin/../lib/gcc/arm-none-eabi/4.9.3/armv6-m/crtn.o
 *(.fini)
 .fini          0x000278e0        0x4 /home/ricardo/Documentos/nrf51/tools/gcc-arm-none-eabi-4_9-2015q3/bin/../lib/gcc/arm-none-eabi/4.9.3/armv6-m/crti.o
                0x000278e0                _fini
 .fini          0x000278e4        0x8 /home/ricardo/Documentos/nrf51/tools/gcc-arm-none-eabi-4_9-2015q3/bin/../lib/gcc/arm-none-eabi/4.9.3/armv6-m/crtn.o
 *crtbegin.o(.ctors)
 *crtbegin?.o(.ctors)
 *(EXCLUDE_FILE(*crtend.o *crtend?.o) .ctors)
 *(SORT(.ctors.*))
 *(.ctors)
 *crtbegin.o(.dtors)
 *crtbegin?.o(.dtors)
 *(EXCLUDE_FILE(*crtend.o *crtend?.o) .dtors)
 *(SORT(.dtors.*))
 *(.dtors)
 *(.rodata*)
 .rodata        0x000278ec       0xc0 _build/ble_ambient.o
 .rodata        0x000279ac      0x43f _build/main.o
 *fill*         0x00027deb        0x1 
 .rodata        0x00027dec       0xc6 _build/init.o
 *fill*         0x00027eb2        0x2 
 .rodata        0x00027eb4       0xf8 _build/utils.o
 .rodata        0x00027fac       0xfa _build/battery.o
 *fill*         0x000280a6        0x2 
 .rodata        0x000280a8       0x1f _build/fhp_gpio.o
 *fill*         0x000280c7        0x1 
 .rodata        0x000280c8       0x38 _build/nrf_pwm.o
 .rodata        0x00028100      0x968 _build/mpu9x50.o
                0x00028100                dmpMemory
                0x000288ac                dmpConfig
                0x00028994                dmpUpdates
 .rodata        0x00028a68       0x72 _build/ff.o
 *fill*         0x00028ada        0x2 
 .rodata        0x00028adc        0x9 _build/SEGGER_RTT.o
 *fill*         0x00028ae5        0x3 
 .rodata        0x00028ae8      0x127 _build/hum.o
 *fill*         0x00028c0f        0x1 
 .rodata        0x00028c10      0x136 _build/pr.o
 *fill*         0x00028d46        0x2 
 .rodata        0x00028d48      0x13c _build/temp.o
 .rodata        0x00028e84       0xea _build/sd2app.o
 *fill*         0x00028f6e        0x2 
 .rodata        0x00028f70       0x5c _build/ble_dis.o
 .rodata        0x00028fcc       0x5f _build/softdevice_handler.o
 *fill*         0x0002902b        0x1 
 .rodata        0x0002902c       0x57 _build/app_timer.o
 *fill*         0x00029083        0x1 
 .rodata        0x00029084       0x1c _build/pstorage.o
 .rodata        0x000290a0      0x1b0 _build/device_manager_peripheral.o
                0x000290a0                m_service_context_store
                0x000290b0                m_service_context_load
                0x000290c0                m_service_context_apply
                0x000290d0                m_context_init_len
 .rodata        0x00029250       0x5b _build/app_scheduler.o
 .rodata.str1.1
                0x000292ab        0x2 /home/ricardo/Documentos/nrf51/tools/gcc-arm-none-eabi-4_9-2015q3/bin/../lib/gcc/arm-none-eabi/4.9.3/../../../../arm-none-eabi/lib/armv6-m/libc_nano.a(lib_a-impure.o)
 *fill*         0x000292ad        0x3 
 .rodata._global_impure_ptr
                0x000292b0        0x4 /home/ricardo/Documentos/nrf51/tools/gcc-arm-none-eabi-4_9-2015q3/bin/../lib/gcc/arm-none-eabi/4.9.3/../../../../arm-none-eabi/lib/armv6-m/libc_nano.a(lib_a-impure.o)
                0x000292b0                _global_impure_ptr
 .rodata.__sf_fake_stdin
                0x000292b4       0x20 /home/ricardo/Documentos/nrf51/tools/gcc-arm-none-eabi-4_9-2015q3/bin/../lib/gcc/arm-none-eabi/4.9.3/../../../../arm-none-eabi/lib/armv6-m/libc_nano.a(lib_a-findfp.o)
                0x000292b4                __sf_fake_stdin
 .rodata.__sf_fake_stdout
                0x000292d4       0x20 /home/ricardo/Documentos/nrf51/tools/gcc-arm-none-eabi-4_9-2015q3/bin/../lib/gcc/arm-none-eabi/4.9.3/../../../../arm-none-eabi/lib/armv6-m/libc_nano.a(lib_a-findfp.o)
                0x000292d4                __sf_fake_stdout
 .rodata.__sf_fake_stderr
                0x000292f4       0x20 /home/ricardo/Documentos/nrf51/tools/gcc-arm-none-eabi-4_9-2015q3/bin/../lib/gcc/arm-none-eabi/4.9.3/../../../../arm-none-eabi/lib/armv6-m/libc_nano.a(lib_a-findfp.o)
                0x000292f4                __sf_fake_stderr
 .rodata.str1.1
                0x00029314       0x11 /home/ricardo/Documentos/nrf51/tools/gcc-arm-none-eabi-4_9-2015q3/bin/../lib/gcc/arm-none-eabi/4.9.3/../../../../arm-none-eabi/lib/armv6-m/libc_nano.a(lib_a-nano-svfprintf.o)
 .rodata.str1.1
                0x00029325       0x22 /home/ricardo/Documentos/nrf51/tools/gcc-arm-none-eabi-4_9-2015q3/bin/../lib/gcc/arm-none-eabi/4.9.3/../../../../arm-none-eabi/lib/armv6-m/libc_nano.a(lib_a-nano-vfprintf_i.o)
 *(.eh_frame*)

.glue_7         0x00029348        0x0
 .glue_7        0x00000000        0x0 linker stubs

.glue_7t        0x00029348        0x0
 .glue_7t       0x00000000        0x0 linker stubs

.vfp11_veneer   0x00029348        0x0
 .vfp11_veneer  0x00000000        0x0 linker stubs

.v4_bx          0x00029348        0x0
 .v4_bx         0x00000000        0x0 linker stubs

.iplt           0x00029348        0x0
 .iplt          0x00000000        0x0 /home/ricardo/Documentos/nrf51/tools/gcc-arm-none-eabi-4_9-2015q3/bin/../lib/gcc/arm-none-eabi/4.9.3/armv6-m/crtbegin.o

.ARM.extab
 *(.ARM.extab* .gnu.linkonce.armextab.*)
                0x00029348                __exidx_start = .

.ARM.exidx      0x00029348        0x8
 *(.ARM.exidx* .gnu.linkonce.armexidx.*)
 .ARM.exidx     0x00029348        0x8 /home/ricardo/Documentos/nrf51/tools/gcc-arm-none-eabi-4_9-2015q3/bin/../lib/gcc/arm-none-eabi/4.9.3/../../../../arm-none-eabi/lib/armv6-m/crt0.o
 .ARM.exidx     0x00029350        0x0 _build/gcc_startup_nrf51.o
                                  0x8 (size before relaxing)
 .ARM.exidx     0x00029350        0x0 /home/ricardo/Documentos/nrf51/tools/gcc-arm-none-eabi-4_9-2015q3/bin/../lib/gcc/arm-none-eabi/4.9.3/armv6-m/libgcc.a(_divdi3.o)
                                  0x8 (size before relaxing)
 .ARM.exidx     0x00029350        0x0 /home/ricardo/Documentos/nrf51/tools/gcc-arm-none-eabi-4_9-2015q3/bin/../lib/gcc/arm-none-eabi/4.9.3/armv6-m/libgcc.a(_udivdi3.o)
                                  0x8 (size before relaxing)
                0x00029350                __exidx_end = .
                0x00029350                __etext = .

.rel.dyn        0x00029350        0x0
 .rel.iplt      0x00000000        0x0 /home/ricardo/Documentos/nrf51/tools/gcc-arm-none-eabi-4_9-2015q3/bin/../lib/gcc/arm-none-eabi/4.9.3/armv6-m/crtbegin.o

.data           0x20002000      0x124 load address 0x00029350
                0x20002000                __data_start__ = .
 *(vtable)
 *(.data*)
 .data          0x20002000        0x2 _build/main.o
 *fill*         0x20002002        0x2 
 .data          0x20002004       0x3c _build/fhp_gpio.o
 .data          0x20002040        0x4 _build/nrf_pwm.o
 .data          0x20002044        0x1 _build/diskio.o
 *fill*         0x20002045        0x3 
 .data          0x20002048       0x78 _build/SEGGER_RTT.o
 .data.impure_data
                0x200020c0       0x60 /home/ricardo/Documentos/nrf51/tools/gcc-arm-none-eabi-4_9-2015q3/bin/../lib/gcc/arm-none-eabi/4.9.3/../../../../arm-none-eabi/lib/armv6-m/libc_nano.a(lib_a-impure.o)
 .data._impure_ptr
                0x20002120        0x4 /home/ricardo/Documentos/nrf51/tools/gcc-arm-none-eabi-4_9-2015q3/bin/../lib/gcc/arm-none-eabi/4.9.3/../../../../arm-none-eabi/lib/armv6-m/libc_nano.a(lib_a-impure.o)
                0x20002120                _impure_ptr
                0x20002124                . = ALIGN (0x4)
                0x20002124                PROVIDE (__preinit_array_start, .)
 *(.preinit_array)
                0x20002124                PROVIDE (__preinit_array_end, .)
                0x20002124                . = ALIGN (0x4)
                0x20002124                PROVIDE (__init_array_start, .)
 *(SORT(.init_array.*))
 *(.init_array)
                0x20002124                PROVIDE (__init_array_end, .)
                0x20002124                . = ALIGN (0x4)
                0x20002124                PROVIDE (__fini_array_start, .)
 *(SORT(.fini_array.*))
 *(.fini_array)
                0x20002124                PROVIDE (__fini_array_end, .)
 *(.jcr)
                0x20002124                . = ALIGN (0x4)
                0x20002124                __data_end__ = .

.igot.plt       0x20002124        0x0 load address 0x00029474
 .igot.plt      0x00000000        0x0 /home/ricardo/Documentos/nrf51/tools/gcc-arm-none-eabi-4_9-2015q3/bin/../lib/gcc/arm-none-eabi/4.9.3/armv6-m/crtbegin.o

.bss            0x20002128     0x159c load address 0x00029478
                0x20002128                . = ALIGN (0x4)
                0x20002128                __bss_start__ = .
 *(.bss*)
 .bss           0x20002128       0x84 _build/ble_ambient.o
 .bss           0x200021ac      0x9d4 _build/init.o
 .bss           0x20002b80        0x8 _build/nosso.o
 .bss           0x20002b88        0x2 _build/battery.o
 *fill*         0x20002b8a        0x2 
 .bss           0x20002b8c       0x58 _build/nrf_pwm.o
 .bss           0x20002be4        0x1 _build/max1161x.o
 .bss           0x20002be5        0x3 _build/pca9538.o
 .bss           0x20002be8       0x12 _build/mpu9x50.o
 *fill*         0x20002bfa        0x2 
 .bss           0x20002bfc        0x4 _build/bme280.o
 .bss           0x20002c00        0x1 _build/max17048.o
 *fill*         0x20002c01        0x3 
 .bss           0x20002c04        0x6 _build/ff.o
 .bss           0x20002c0a        0x1 _build/diskio.o
 *fill*         0x20002c0b        0x1 
 .bss           0x20002c0c      0x411 _build/SEGGER_RTT.o
 *fill*         0x2000301d        0x3 
 .bss           0x20003020        0x4 _build/sd_card.o
 .bss           0x20003024       0x4c _build/ble_dis.o
 .bss           0x20003070       0x14 _build/softdevice_handler.o
 .bss           0x20003084       0x35 _build/ble_conn_params.o
 *fill*         0x200030b9        0x3 
 .bss           0x200030bc       0x29 _build/app_timer.o
 *fill*         0x200030e5        0x3 
 .bss           0x200030e8       0xf8 _build/pstorage.o
 .bss           0x200031e0      0x123 _build/device_manager_peripheral.o
 *fill*         0x20003303        0x1 
 .bss           0x20003304        0xc _build/app_gpiote.o
 .bss           0x20003310        0xe _build/app_scheduler.o
 *fill*         0x2000331e        0x2 
 .bss.__malloc_sbrk_start
                0x20003320        0x4 /home/ricardo/Documentos/nrf51/tools/gcc-arm-none-eabi-4_9-2015q3/bin/../lib/gcc/arm-none-eabi/4.9.3/../../../../arm-none-eabi/lib/armv6-m/libc_nano.a(lib_a-nano-mallocr.o)
                0x20003320                __malloc_sbrk_start
 .bss.__malloc_free_list
                0x20003324        0x4 /home/ricardo/Documentos/nrf51/tools/gcc-arm-none-eabi-4_9-2015q3/bin/../lib/gcc/arm-none-eabi/4.9.3/../../../../arm-none-eabi/lib/armv6-m/libc_nano.a(lib_a-nano-mallocr.o)
                0x20003324                __malloc_free_list
 .bss.heap_end.4079
                0x20003328        0x4 /home/ricardo/Documentos/nrf51/tools/gcc-arm-none-eabi-4_9-2015q3/bin/../lib/gcc/arm-none-eabi/4.9.3/../../../../arm-none-eabi/lib/armv6-m/libnosys.a(sbrk.o)
 *(COMMON)
 COMMON         0x2000332c      0x234 _build/ble_ambient.o
                0x2000332c                twi_busy
                0x20003330                sd_card
 COMMON         0x20003560      0x120 _build/main.o
                0x20003560                m_gauge_timer_id
                0x20003564                m_gpiote_user_ch
                0x20003565                _i2c_address
                0x20003568                m_watchdog_timer_id
                0x2000356c                m_app_handle
                0x20003570                m_sd2app
                0x20003590                m_pr
                0x200035b0                high_voltage_on
                0x200035b8                m_hum
                0x200035d8                low_battery
                0x200035dc                m_rtc_timer_id
                0x200035e0                m_amb
                0x20003658                m_temp
                0x20003678                _error
                0x2000367c                m_base_timer_id
 COMMON         0x20003680        0x1 _build/mpu9x50.o
                0x20003680                device_address
 *fill*         0x20003681        0x3 
 COMMON         0x20003684       0x3c _build/bme280.o
                0x20003684                bme280
 COMMON         0x200036c0        0x4 /home/ricardo/Documentos/nrf51/tools/gcc-arm-none-eabi-4_9-2015q3/bin/../lib/gcc/arm-none-eabi/4.9.3/../../../../arm-none-eabi/lib/armv6-m/libc_nano.a(lib_a-reent.o)
                0x200036c0                errno
                0x200036c4                . = ALIGN (0x4)
                0x200036c4                __bss_end__ = .

.heap           0x200036c8        0x0
                0x200036c8                __end__ = .
                0x200036c8                end = __end__
 *(.heap*)
 .heap          0x200036c8        0x0 _build/gcc_startup_nrf51.o
                0x200036c8                __HeapLimit = .

.stack_dummy    0x200036c8      0x800
 *(.stack*)
 .stack         0x200036c8      0x800 _build/gcc_startup_nrf51.o
                0x20004000                __StackTop = (ORIGIN (RAM) + 0x2000)
                0x20003800                __StackLimit = (__StackTop - SIZEOF (.stack_dummy))
                0x20004000                PROVIDE (__stack, __StackTop)
                0x00000001                ASSERT ((__StackLimit >= __HeapLimit), region RAM overflowed with stack)
OUTPUT(_build/setec_s110_xxaa.out elf32-littlearm)

.ARM.attributes
                0x00000000       0x28
 .ARM.attributes
                0x00000000       0x1e /home/ricardo/Documentos/nrf51/tools/gcc-arm-none-eabi-4_9-2015q3/bin/../lib/gcc/arm-none-eabi/4.9.3/armv6-m/crti.o
 .ARM.attributes
                0x0000001e       0x1b /home/ricardo/Documentos/nrf51/tools/gcc-arm-none-eabi-4_9-2015q3/bin/../lib/gcc/arm-none-eabi/4.9.3/../../../../arm-none-eabi/lib/armv6-m/crt0.o
 .ARM.attributes
                0x00000039       0x31 _build/ble_ambient.o
 .ARM.attributes
                0x0000006a       0x31 _build/main.o
 .ARM.attributes
                0x0000009b       0x31 _build/init.o
 .ARM.attributes
                0x000000cc       0x31 _build/utils.o
 .ARM.attributes
                0x000000fd       0x31 _build/nosso.o
 .ARM.attributes
                0x0000012e       0x31 _build/battery.o
 .ARM.attributes
                0x0000015f       0x31 _build/fhp_gpio.o
 .ARM.attributes
                0x00000190       0x31 _build/nrf_pwm.o
 .ARM.attributes
                0x000001c1       0x31 _build/max1161x.o
 .ARM.attributes
                0x000001f2       0x31 _build/pca9538.o
 .ARM.attributes
                0x00000223       0x31 _build/mpu9x50.o
 .ARM.attributes
                0x00000254       0x31 _build/spi_fhp_master.o
 .ARM.attributes
                0x00000285       0x31 _build/bme280.o
 .ARM.attributes
                0x000002b6       0x31 _build/max17048.o
 .ARM.attributes
                0x000002e7       0x31 _build/ff.o
 .ARM.attributes
                0x00000318       0x31 _build/diskio.o
 .ARM.attributes
                0x00000349       0x31 _build/SEGGER_RTT.o
 .ARM.attributes
                0x0000037a       0x31 _build/hum.o
 .ARM.attributes
                0x000003ab       0x31 _build/pr.o
 .ARM.attributes
                0x000003dc       0x31 _build/temp.o
 .ARM.attributes
                0x0000040d       0x31 _build/sd2app.o
 .ARM.attributes
                0x0000043e       0x31 _build/sd_card.o
 .ARM.attributes
                0x0000046f       0x31 _build/twi_hw_master.o
 .ARM.attributes
                0x000004a0       0x31 _build/ble_dis.o
 .ARM.attributes
                0x000004d1       0x31 _build/ble_srv_common.o
 .ARM.attributes
                0x00000502       0x31 _build/softdevice_handler.o
 .ARM.attributes
                0x00000533       0x31 _build/ble_advdata.o
 .ARM.attributes
                0x00000564       0x31 _build/ble_conn_params.o
 .ARM.attributes
                0x00000595       0x31 _build/app_timer.o
 .ARM.attributes
                0x000005c6       0x31 _build/pstorage.o
 .ARM.attributes
                0x000005f7       0x31 _build/device_manager_peripheral.o
 .ARM.attributes
                0x00000628       0x31 _build/app_gpiote.o
 .ARM.attributes
                0x00000659       0x31 _build/nrf_delay.o
 .ARM.attributes
                0x0000068a       0x31 _build/app_scheduler.o
 .ARM.attributes
                0x000006bb       0x31 _build/system_nrf51.o
 .ARM.attributes
                0x000006ec       0x1b _build/gcc_startup_nrf51.o
 .ARM.attributes
                0x00000707       0x1e /home/ricardo/Documentos/nrf51/tools/gcc-arm-none-eabi-4_9-2015q3/bin/../lib/gcc/arm-none-eabi/4.9.3/armv6-m/libgcc.a(_udivsi3.o)
 .ARM.attributes
                0x00000725       0x1e /home/ricardo/Documentos/nrf51/tools/gcc-arm-none-eabi-4_9-2015q3/bin/../lib/gcc/arm-none-eabi/4.9.3/armv6-m/libgcc.a(_divsi3.o)
 .ARM.attributes
                0x00000743       0x1e /home/ricardo/Documentos/nrf51/tools/gcc-arm-none-eabi-4_9-2015q3/bin/../lib/gcc/arm-none-eabi/4.9.3/armv6-m/libgcc.a(_dvmd_tls.o)
 .ARM.attributes
                0x00000761       0x1e /home/ricardo/Documentos/nrf51/tools/gcc-arm-none-eabi-4_9-2015q3/bin/../lib/gcc/arm-none-eabi/4.9.3/armv6-m/libgcc.a(_aeabi_uldivmod.o)
 .ARM.attributes
                0x0000077f       0x2c /home/ricardo/Documentos/nrf51/tools/gcc-arm-none-eabi-4_9-2015q3/bin/../lib/gcc/arm-none-eabi/4.9.3/armv6-m/libgcc.a(bpabi.o)
 .ARM.attributes
                0x000007ab       0x1e /home/ricardo/Documentos/nrf51/tools/gcc-arm-none-eabi-4_9-2015q3/bin/../lib/gcc/arm-none-eabi/4.9.3/armv6-m/libgcc.a(_clzsi2.o)
 .ARM.attributes
                0x000007c9       0x2c /home/ricardo/Documentos/nrf51/tools/gcc-arm-none-eabi-4_9-2015q3/bin/../lib/gcc/arm-none-eabi/4.9.3/armv6-m/libgcc.a(_muldi3.o)
 .ARM.attributes
                0x000007f5       0x2c /home/ricardo/Documentos/nrf51/tools/gcc-arm-none-eabi-4_9-2015q3/bin/../lib/gcc/arm-none-eabi/4.9.3/armv6-m/libgcc.a(_divdi3.o)
 .ARM.attributes
                0x00000821       0x2c /home/ricardo/Documentos/nrf51/tools/gcc-arm-none-eabi-4_9-2015q3/bin/../lib/gcc/arm-none-eabi/4.9.3/armv6-m/libgcc.a(_udivdi3.o)
 .ARM.attributes
                0x0000084d       0x1e /home/ricardo/Documentos/nrf51/tools/gcc-arm-none-eabi-4_9-2015q3/bin/../lib/gcc/arm-none-eabi/4.9.3/armv6-m/libgcc.a(_clzdi2.o)
 .ARM.attributes
                0x0000086b       0x2c /home/ricardo/Documentos/nrf51/tools/gcc-arm-none-eabi-4_9-2015q3/bin/../lib/gcc/arm-none-eabi/4.9.3/../../../../arm-none-eabi/lib/armv6-m/libc_nano.a(lib_a-exit.o)
 .ARM.attributes
                0x00000897       0x2c /home/ricardo/Documentos/nrf51/tools/gcc-arm-none-eabi-4_9-2015q3/bin/../lib/gcc/arm-none-eabi/4.9.3/../../../../arm-none-eabi/lib/armv6-m/libc_nano.a(lib_a-impure.o)
 .ARM.attributes
                0x000008c3       0x2c /home/ricardo/Documentos/nrf51/tools/gcc-arm-none-eabi-4_9-2015q3/bin/../lib/gcc/arm-none-eabi/4.9.3/../../../../arm-none-eabi/lib/armv6-m/libc_nano.a(lib_a-init.o)
 .ARM.attributes
                0x000008ef       0x2c /home/ricardo/Documentos/nrf51/tools/gcc-arm-none-eabi-4_9-2015q3/bin/../lib/gcc/arm-none-eabi/4.9.3/../../../../arm-none-eabi/lib/armv6-m/libc_nano.a(lib_a-memcmp.o)
 .ARM.attributes
                0x0000091b       0x2c /home/ricardo/Documentos/nrf51/tools/gcc-arm-none-eabi-4_9-2015q3/bin/../lib/gcc/arm-none-eabi/4.9.3/../../../../arm-none-eabi/lib/armv6-m/libc_nano.a(lib_a-memcpy.o)
 .ARM.attributes
                0x00000947       0x2c /home/ricardo/Documentos/nrf51/tools/gcc-arm-none-eabi-4_9-2015q3/bin/../lib/gcc/arm-none-eabi/4.9.3/../../../../arm-none-eabi/lib/armv6-m/libc_nano.a(lib_a-memset.o)
 .ARM.attributes
                0x00000973       0x2c /home/ricardo/Documentos/nrf51/tools/gcc-arm-none-eabi-4_9-2015q3/bin/../lib/gcc/arm-none-eabi/4.9.3/../../../../arm-none-eabi/lib/armv6-m/libc_nano.a(lib_a-nano-freer.o)
 .ARM.attributes
                0x0000099f       0x2c /home/ricardo/Documentos/nrf51/tools/gcc-arm-none-eabi-4_9-2015q3/bin/../lib/gcc/arm-none-eabi/4.9.3/../../../../arm-none-eabi/lib/armv6-m/libc_nano.a(lib_a-nano-mallocr.o)
 .ARM.attributes
                0x000009cb       0x2c /home/ricardo/Documentos/nrf51/tools/gcc-arm-none-eabi-4_9-2015q3/bin/../lib/gcc/arm-none-eabi/4.9.3/../../../../arm-none-eabi/lib/armv6-m/libc_nano.a(lib_a-sbrkr.o)
 .ARM.attributes
                0x000009f7       0x2c /home/ricardo/Documentos/nrf51/tools/gcc-arm-none-eabi-4_9-2015q3/bin/../lib/gcc/arm-none-eabi/4.9.3/../../../../arm-none-eabi/lib/armv6-m/libc_nano.a(lib_a-sprintf.o)
 .ARM.attributes
                0x00000a23       0x2c /home/ricardo/Documentos/nrf51/tools/gcc-arm-none-eabi-4_9-2015q3/bin/../lib/gcc/arm-none-eabi/4.9.3/../../../../arm-none-eabi/lib/armv6-m/libc_nano.a(lib_a-strlen.o)
 .ARM.attributes
                0x00000a4f       0x2c /home/ricardo/Documentos/nrf51/tools/gcc-arm-none-eabi-4_9-2015q3/bin/../lib/gcc/arm-none-eabi/4.9.3/../../../../arm-none-eabi/lib/armv6-m/libc_nano.a(lib_a-findfp.o)
 .ARM.attributes
                0x00000a7b       0x2c /home/ricardo/Documentos/nrf51/tools/gcc-arm-none-eabi-4_9-2015q3/bin/../lib/gcc/arm-none-eabi/4.9.3/../../../../arm-none-eabi/lib/armv6-m/libc_nano.a(lib_a-nano-svfprintf.o)
 .ARM.attributes
                0x00000aa7       0x2c /home/ricardo/Documentos/nrf51/tools/gcc-arm-none-eabi-4_9-2015q3/bin/../lib/gcc/arm-none-eabi/4.9.3/../../../../arm-none-eabi/lib/armv6-m/libc_nano.a(lib_a-nano-vfprintf_i.o)
 .ARM.attributes
                0x00000ad3       0x2c /home/ricardo/Documentos/nrf51/tools/gcc-arm-none-eabi-4_9-2015q3/bin/../lib/gcc/arm-none-eabi/4.9.3/../../../../arm-none-eabi/lib/armv6-m/libc_nano.a(lib_a-reent.o)
 .ARM.attributes
                0x00000aff       0x2c /home/ricardo/Documentos/nrf51/tools/gcc-arm-none-eabi-4_9-2015q3/bin/../lib/gcc/arm-none-eabi/4.9.3/../../../../arm-none-eabi/lib/armv6-m/libc_nano.a(lib_a-memchr.o)
 .ARM.attributes
                0x00000b2b       0x2c /home/ricardo/Documentos/nrf51/tools/gcc-arm-none-eabi-4_9-2015q3/bin/../lib/gcc/arm-none-eabi/4.9.3/../../../../arm-none-eabi/lib/armv6-m/libc_nano.a(lib_a-memmove.o)
 .ARM.attributes
                0x00000b57       0x2c /home/ricardo/Documentos/nrf51/tools/gcc-arm-none-eabi-4_9-2015q3/bin/../lib/gcc/arm-none-eabi/4.9.3/../../../../arm-none-eabi/lib/armv6-m/libc_nano.a(lib_a-nano-reallocr.o)
 .ARM.attributes
                0x00000b83       0x2c /home/ricardo/Documentos/nrf51/tools/gcc-arm-none-eabi-4_9-2015q3/bin/../lib/gcc/arm-none-eabi/4.9.3/../../../../arm-none-eabi/lib/armv6-m/libc_nano.a(lib_a-nano-msizer.o)
 .ARM.attributes
                0x00000baf       0x1e /home/ricardo/Documentos/nrf51/tools/gcc-arm-none-eabi-4_9-2015q3/bin/../lib/gcc/arm-none-eabi/4.9.3/armv6-m/crtn.o
 .ARM.attributes
                0x00000bcd       0x2c /home/ricardo/Documentos/nrf51/tools/gcc-arm-none-eabi-4_9-2015q3/bin/../lib/gcc/arm-none-eabi/4.9.3/../../../../arm-none-eabi/lib/armv6-m/libnosys.a(sbrk.o)
 .ARM.attributes
                0x00000bf9       0x2c /home/ricardo/Documentos/nrf51/tools/gcc-arm-none-eabi-4_9-2015q3/bin/../lib/gcc/arm-none-eabi/4.9.3/../../../../arm-none-eabi/lib/armv6-m/libnosys.a(_exit.o)

.comment        0x00000000       0x70
 .comment       0x00000000       0x70 _build/ble_ambient.o
                                 0x71 (size before relaxing)
 .comment       0x00000000       0x71 _build/main.o
 .comment       0x00000000       0x71 _build/init.o
 .comment       0x00000000       0x71 _build/utils.o
 .comment       0x00000000       0x71 _build/nosso.o
 .comment       0x00000000       0x71 _build/battery.o
 .comment       0x00000000       0x71 _build/fhp_gpio.o
 .comment       0x00000000       0x71 _build/nrf_pwm.o
 .comment       0x00000000       0x71 _build/max1161x.o
 .comment       0x00000000       0x71 _build/pca9538.o
 .comment       0x00000000       0x71 _build/mpu9x50.o
 .comment       0x00000000       0x71 _build/spi_fhp_master.o
 .comment       0x00000000       0x71 _build/bme280.o
 .comment       0x00000000       0x71 _build/max17048.o
 .comment       0x00000000       0x71 _build/ff.o
 .comment       0x00000000       0x71 _build/diskio.o
 .comment       0x00000000       0x71 _build/SEGGER_RTT.o
 .comment       0x00000000       0x71 _build/hum.o
 .comment       0x00000000       0x71 _build/pr.o
 .comment       0x00000000       0x71 _build/temp.o
 .comment       0x00000000       0x71 _build/sd2app.o
 .comment       0x00000000       0x71 _build/sd_card.o
 .comment       0x00000000       0x71 _build/twi_hw_master.o
 .comment       0x00000000       0x71 _build/ble_dis.o
 .comment       0x00000000       0x71 _build/ble_srv_common.o
 .comment       0x00000000       0x71 _build/softdevice_handler.o
 .comment       0x00000000       0x71 _build/ble_advdata.o
 .comment       0x00000000       0x71 _build/ble_conn_params.o
 .comment       0x00000000       0x71 _build/app_timer.o
 .comment       0x00000000       0x71 _build/pstorage.o
 .comment       0x00000000       0x71 _build/device_manager_peripheral.o
 .comment       0x00000000       0x71 _build/app_gpiote.o
 .comment       0x00000000       0x71 _build/nrf_delay.o
 .comment       0x00000000       0x71 _build/app_scheduler.o
 .comment       0x00000000       0x71 _build/system_nrf51.o

.debug_info     0x00000000    0x3a875
 .debug_info    0x00000000     0x31dd _build/ble_ambient.o
 .debug_info    0x000031dd     0x4730 _build/main.o
 .debug_info    0x0000790d     0x4f3a _build/init.o
 .debug_info    0x0000c847     0x1ef7 _build/utils.o
 .debug_info    0x0000e73e      0x111 _build/nosso.o
 .debug_info    0x0000e84f     0x1f01 _build/battery.o
 .debug_info    0x00010750     0x2037 _build/fhp_gpio.o
 .debug_info    0x00012787     0x1a06 _build/nrf_pwm.o
 .debug_info    0x0001418d      0x1e9 _build/max1161x.o
 .debug_info    0x00014376     0x1cb8 _build/pca9538.o
 .debug_info    0x0001602e     0x1c97 _build/mpu9x50.o
 .debug_info    0x00017cc5      0x579 _build/spi_fhp_master.o
 .debug_info    0x0001823e     0x105f _build/bme280.o
 .debug_info    0x0001929d      0x2df _build/max17048.o
 .debug_info    0x0001957c     0x1995 _build/ff.o
 .debug_info    0x0001af11      0x345 _build/diskio.o
 .debug_info    0x0001b256      0x528 _build/SEGGER_RTT.o
 .debug_info    0x0001b77e     0x2b6f _build/hum.o
 .debug_info    0x0001e2ed     0x2b6f _build/pr.o
 .debug_info    0x00020e5c     0x2b7b _build/temp.o
 .debug_info    0x000239d7     0x2adb _build/sd2app.o
 .debug_info    0x000264b2      0x4e4 _build/sd_card.o
 .debug_info    0x00026996      0x802 _build/twi_hw_master.o
 .debug_info    0x00027198     0x16d1 _build/ble_dis.o
 .debug_info    0x00028869      0xa40 _build/ble_srv_common.o
 .debug_info    0x000292a9     0x366f _build/softdevice_handler.o
 .debug_info    0x0002c918     0x211e _build/ble_advdata.o
 .debug_info    0x0002ea36     0x2ab6 _build/ble_conn_params.o
 .debug_info    0x000314ec     0x1f4e _build/app_timer.o
 .debug_info    0x0003343a     0x1923 _build/pstorage.o
 .debug_info    0x00034d5d     0x3ac5 _build/device_manager_peripheral.o
 .debug_info    0x00038822      0x9c5 _build/app_gpiote.o
 .debug_info    0x000391e7       0xdd _build/nrf_delay.o
 .debug_info    0x000392c4     0x134f _build/app_scheduler.o
 .debug_info    0x0003a613      0x1ad _build/system_nrf51.o
 .debug_info    0x0003a7c0       0xb5 _build/gcc_startup_nrf51.o

.debug_abbrev   0x00000000     0x4ebc
 .debug_abbrev  0x00000000      0x347 _build/ble_ambient.o
 .debug_abbrev  0x00000347      0x428 _build/main.o
 .debug_abbrev  0x0000076f      0x384 _build/init.o
 .debug_abbrev  0x00000af3      0x2c7 _build/utils.o
 .debug_abbrev  0x00000dba       0xa2 _build/nosso.o
 .debug_abbrev  0x00000e5c      0x2c8 _build/battery.o
 .debug_abbrev  0x00001124      0x30d _build/fhp_gpio.o
 .debug_abbrev  0x00001431      0x2d2 _build/nrf_pwm.o
 .debug_abbrev  0x00001703       0xc9 _build/max1161x.o
 .debug_abbrev  0x000017cc      0x250 _build/pca9538.o
 .debug_abbrev  0x00001a1c      0x291 _build/mpu9x50.o
 .debug_abbrev  0x00001cad      0x119 _build/spi_fhp_master.o
 .debug_abbrev  0x00001dc6      0x1d7 _build/bme280.o
 .debug_abbrev  0x00001f9d      0x114 _build/max17048.o
 .debug_abbrev  0x000020b1      0x18a _build/ff.o
 .debug_abbrev  0x0000223b      0x10c _build/diskio.o
 .debug_abbrev  0x00002347      0x1a7 _build/SEGGER_RTT.o
 .debug_abbrev  0x000024ee      0x2b6 _build/hum.o
 .debug_abbrev  0x000027a4      0x2b6 _build/pr.o
 .debug_abbrev  0x00002a5a      0x2b6 _build/temp.o
 .debug_abbrev  0x00002d10      0x2b6 _build/sd2app.o
 .debug_abbrev  0x00002fc6      0x17b _build/sd_card.o
 .debug_abbrev  0x00003141      0x19a _build/twi_hw_master.o
 .debug_abbrev  0x000032db      0x245 _build/ble_dis.o
 .debug_abbrev  0x00003520      0x1ac _build/ble_srv_common.o
 .debug_abbrev  0x000036cc      0x30f _build/softdevice_handler.o
 .debug_abbrev  0x000039db      0x286 _build/ble_advdata.o
 .debug_abbrev  0x00003c61      0x33d _build/ble_conn_params.o
 .debug_abbrev  0x00003f9e      0x367 _build/app_timer.o
 .debug_abbrev  0x00004305      0x276 _build/pstorage.o
 .debug_abbrev  0x0000457b      0x31e _build/device_manager_peripheral.o
 .debug_abbrev  0x00004899      0x24d _build/app_gpiote.o
 .debug_abbrev  0x00004ae6       0x80 _build/nrf_delay.o
 .debug_abbrev  0x00004b66      0x250 _build/app_scheduler.o
 .debug_abbrev  0x00004db6       0xf2 _build/system_nrf51.o
 .debug_abbrev  0x00004ea8       0x14 _build/gcc_startup_nrf51.o

.debug_aranges  0x00000000     0x3ce0
 .debug_aranges
                0x00000000      0x218 _build/ble_ambient.o
 .debug_aranges
                0x00000218      0x430 _build/main.o
 .debug_aranges
                0x00000648      0x430 _build/init.o
 .debug_aranges
                0x00000a78      0x1f8 _build/utils.o
 .debug_aranges
                0x00000c70       0x40 _build/nosso.o
 .debug_aranges
                0x00000cb0      0x210 _build/battery.o
 .debug_aranges
                0x00000ec0      0x228 _build/fhp_gpio.o
 .debug_aranges
                0x000010e8      0x250 _build/nrf_pwm.o
 .debug_aranges
                0x00001338       0x40 _build/max1161x.o
 .debug_aranges
                0x00001378      0x208 _build/pca9538.o
 .debug_aranges
                0x00001580      0x4d8 _build/mpu9x50.o
 .debug_aranges
                0x00001a58       0x48 _build/spi_fhp_master.o
 .debug_aranges
                0x00001aa0      0x150 _build/bme280.o
 .debug_aranges
                0x00001bf0       0x58 _build/max17048.o
 .debug_aranges
                0x00001c48      0x190 _build/ff.o
 .debug_aranges
                0x00001dd8       0x48 _build/diskio.o
 .debug_aranges
                0x00001e20       0x80 _build/SEGGER_RTT.o
 .debug_aranges
                0x00001ea0      0x1f0 _build/hum.o
 .debug_aranges
                0x00002090      0x1f0 _build/pr.o
 .debug_aranges
                0x00002280      0x1f0 _build/temp.o
 .debug_aranges
                0x00002470      0x1e8 _build/sd2app.o
 .debug_aranges
                0x00002658       0x80 _build/sd_card.o
 .debug_aranges
                0x000026d8       0x48 _build/twi_hw_master.o
 .debug_aranges
                0x00002720      0x158 _build/ble_dis.o
 .debug_aranges
                0x00002878       0xd0 _build/ble_srv_common.o
 .debug_aranges
                0x00002948      0x3c0 _build/softdevice_handler.o
 .debug_aranges
                0x00002d08      0x240 _build/ble_advdata.o
 .debug_aranges
                0x00002f48      0x230 _build/ble_conn_params.o
 .debug_aranges
                0x00003178      0x300 _build/app_timer.o
 .debug_aranges
                0x00003478      0x238 _build/pstorage.o
 .debug_aranges
                0x000036b0      0x348 _build/device_manager_peripheral.o
 .debug_aranges
                0x000039f8       0x78 _build/app_gpiote.o
 .debug_aranges
                0x00003a70       0x28 _build/nrf_delay.o
 .debug_aranges
                0x00003a98      0x1f0 _build/app_scheduler.o
 .debug_aranges
                0x00003c88       0x38 _build/system_nrf51.o
 .debug_aranges
                0x00003cc0       0x20 _build/gcc_startup_nrf51.o

.debug_ranges   0x00000000     0x3af0
 .debug_ranges  0x00000000      0x208 _build/ble_ambient.o
 .debug_ranges  0x00000208      0x420 _build/main.o
 .debug_ranges  0x00000628      0x420 _build/init.o
 .debug_ranges  0x00000a48      0x200 _build/utils.o
 .debug_ranges  0x00000c48       0x30 _build/nosso.o
 .debug_ranges  0x00000c78      0x200 _build/battery.o
 .debug_ranges  0x00000e78      0x218 _build/fhp_gpio.o
 .debug_ranges  0x00001090      0x240 _build/nrf_pwm.o
 .debug_ranges  0x000012d0       0x30 _build/max1161x.o
 .debug_ranges  0x00001300      0x1f8 _build/pca9538.o
 .debug_ranges  0x000014f8      0x4c8 _build/mpu9x50.o
 .debug_ranges  0x000019c0       0x38 _build/spi_fhp_master.o
 .debug_ranges  0x000019f8      0x140 _build/bme280.o
 .debug_ranges  0x00001b38       0x48 _build/max17048.o
 .debug_ranges  0x00001b80      0x180 _build/ff.o
 .debug_ranges  0x00001d00       0x38 _build/diskio.o
 .debug_ranges  0x00001d38       0x70 _build/SEGGER_RTT.o
 .debug_ranges  0x00001da8      0x1e0 _build/hum.o
 .debug_ranges  0x00001f88      0x1e0 _build/pr.o
 .debug_ranges  0x00002168      0x1e0 _build/temp.o
 .debug_ranges  0x00002348      0x1d8 _build/sd2app.o
 .debug_ranges  0x00002520       0x70 _build/sd_card.o
 .debug_ranges  0x00002590       0x38 _build/twi_hw_master.o
 .debug_ranges  0x000025c8      0x148 _build/ble_dis.o
 .debug_ranges  0x00002710       0xc0 _build/ble_srv_common.o
 .debug_ranges  0x000027d0      0x3b0 _build/softdevice_handler.o
 .debug_ranges  0x00002b80      0x230 _build/ble_advdata.o
 .debug_ranges  0x00002db0      0x238 _build/ble_conn_params.o
 .debug_ranges  0x00002fe8      0x2f0 _build/app_timer.o
 .debug_ranges  0x000032d8      0x258 _build/pstorage.o
 .debug_ranges  0x00003530      0x338 _build/device_manager_peripheral.o
 .debug_ranges  0x00003868       0x68 _build/app_gpiote.o
 .debug_ranges  0x000038d0       0x18 _build/nrf_delay.o
 .debug_ranges  0x000038e8      0x1e0 _build/app_scheduler.o
 .debug_ranges  0x00003ac8       0x28 _build/system_nrf51.o

.debug_macro    0x00000000    0x12834
 .debug_macro   0x00000000      0x298 _build/ble_ambient.o
 .debug_macro   0x00000298      0x85c _build/ble_ambient.o
 .debug_macro   0x00000af4       0xdc _build/ble_ambient.o
 .debug_macro   0x00000bd0       0xdc _build/ble_ambient.o
 .debug_macro   0x00000cac       0x22 _build/ble_ambient.o
 .debug_macro   0x00000cce       0x64 _build/ble_ambient.o
 .debug_macro   0x00000d32       0x22 _build/ble_ambient.o
 .debug_macro   0x00000d54       0x44 _build/ble_ambient.o
 .debug_macro   0x00000d98       0xe3 _build/ble_ambient.o
 .debug_macro   0x00000e7b       0x22 _build/ble_ambient.o
 .debug_macro   0x00000e9d      0x1df _build/ble_ambient.o
 .debug_macro   0x0000107c       0x58 _build/ble_ambient.o
 .debug_macro   0x000010d4       0x35 _build/ble_ambient.o
 .debug_macro   0x00001109       0x9c _build/ble_ambient.o
 .debug_macro   0x000011a5      0x166 _build/ble_ambient.o
 .debug_macro   0x0000130b       0x52 _build/ble_ambient.o
 .debug_macro   0x0000135d       0x16 _build/ble_ambient.o