Archive member included because of file (symbol)

/home/josepintor/Documentos/gcc-arm-none-eabi-4_9-2015q3/bin/../lib/gcc/arm-none-eabi/4.9.3/../../../../arm-none-eabi/lib/armv6-m/libm.a(lib_a-w_pow.o)
                              _build/SparkFunTSL2561.o (pow)
/home/josepintor/Documentos/gcc-arm-none-eabi-4_9-2015q3/bin/../lib/gcc/arm-none-eabi/4.9.3/../../../../arm-none-eabi/lib/armv6-m/libm.a(lib_a-e_pow.o)
                              /home/josepintor/Documentos/gcc-arm-none-eabi-4_9-2015q3/bin/../lib/gcc/arm-none-eabi/4.9.3/../../../../arm-none-eabi/lib/armv6-m/libm.a(lib_a-w_pow.o) (__ieee754_pow)
/home/josepintor/Documentos/gcc-arm-none-eabi-4_9-2015q3/bin/../lib/gcc/arm-none-eabi/4.9.3/../../../../arm-none-eabi/lib/armv6-m/libm.a(lib_a-e_sqrt.o)
                              /home/josepintor/Documentos/gcc-arm-none-eabi-4_9-2015q3/bin/../lib/gcc/arm-none-eabi/4.9.3/../../../../arm-none-eabi/lib/armv6-m/libm.a(lib_a-e_pow.o) (__ieee754_sqrt)
/home/josepintor/Documentos/gcc-arm-none-eabi-4_9-2015q3/bin/../lib/gcc/arm-none-eabi/4.9.3/../../../../arm-none-eabi/lib/armv6-m/libm.a(lib_a-s_fabs.o)
                              /home/josepintor/Documentos/gcc-arm-none-eabi-4_9-2015q3/bin/../lib/gcc/arm-none-eabi/4.9.3/../../../../arm-none-eabi/lib/armv6-m/libm.a(lib_a-e_pow.o) (fabs)
/home/josepintor/Documentos/gcc-arm-none-eabi-4_9-2015q3/bin/../lib/gcc/arm-none-eabi/4.9.3/../../../../arm-none-eabi/lib/armv6-m/libm.a(lib_a-s_finite.o)
                              /home/josepintor/Documentos/gcc-arm-none-eabi-4_9-2015q3/bin/../lib/gcc/arm-none-eabi/4.9.3/../../../../arm-none-eabi/lib/armv6-m/libm.a(lib_a-w_pow.o) (finite)
/home/josepintor/Documentos/gcc-arm-none-eabi-4_9-2015q3/bin/../lib/gcc/arm-none-eabi/4.9.3/../../../../arm-none-eabi/lib/armv6-m/libm.a(lib_a-s_fpclassify.o)
                              /home/josepintor/Documentos/gcc-arm-none-eabi-4_9-2015q3/bin/../lib/gcc/arm-none-eabi/4.9.3/../../../../arm-none-eabi/lib/armv6-m/libm.a(lib_a-w_pow.o) (__fpclassifyd)
/home/josepintor/Documentos/gcc-arm-none-eabi-4_9-2015q3/bin/../lib/gcc/arm-none-eabi/4.9.3/../../../../arm-none-eabi/lib/armv6-m/libm.a(lib_a-s_lib_ver.o)
                              /home/josepintor/Documentos/gcc-arm-none-eabi-4_9-2015q3/bin/../lib/gcc/arm-none-eabi/4.9.3/../../../../arm-none-eabi/lib/armv6-m/libm.a(lib_a-w_pow.o) (__fdlib_version)
/home/josepintor/Documentos/gcc-arm-none-eabi-4_9-2015q3/bin/../lib/gcc/arm-none-eabi/4.9.3/../../../../arm-none-eabi/lib/armv6-m/libm.a(lib_a-s_matherr.o)
                              /home/josepintor/Documentos/gcc-arm-none-eabi-4_9-2015q3/bin/../lib/gcc/arm-none-eabi/4.9.3/../../../../arm-none-eabi/lib/armv6-m/libm.a(lib_a-w_pow.o) (matherr)
/home/josepintor/Documentos/gcc-arm-none-eabi-4_9-2015q3/bin/../lib/gcc/arm-none-eabi/4.9.3/../../../../arm-none-eabi/lib/armv6-m/libm.a(lib_a-s_nan.o)
                              /home/josepintor/Documentos/gcc-arm-none-eabi-4_9-2015q3/bin/../lib/gcc/arm-none-eabi/4.9.3/../../../../arm-none-eabi/lib/armv6-m/libm.a(lib_a-e_pow.o) (nan)
/home/josepintor/Documentos/gcc-arm-none-eabi-4_9-2015q3/bin/../lib/gcc/arm-none-eabi/4.9.3/../../../../arm-none-eabi/lib/armv6-m/libm.a(lib_a-s_rint.o)
                              /home/josepintor/Documentos/gcc-arm-none-eabi-4_9-2015q3/bin/../lib/gcc/arm-none-eabi/4.9.3/../../../../arm-none-eabi/lib/armv6-m/libm.a(lib_a-w_pow.o) (rint)
/home/josepintor/Documentos/gcc-arm-none-eabi-4_9-2015q3/bin/../lib/gcc/arm-none-eabi/4.9.3/../../../../arm-none-eabi/lib/armv6-m/libm.a(lib_a-s_scalbn.o)
                              /home/josepintor/Documentos/gcc-arm-none-eabi-4_9-2015q3/bin/../lib/gcc/arm-none-eabi/4.9.3/../../../../arm-none-eabi/lib/armv6-m/libm.a(lib_a-e_pow.o) (scalbn)
/home/josepintor/Documentos/gcc-arm-none-eabi-4_9-2015q3/bin/../lib/gcc/arm-none-eabi/4.9.3/../../../../arm-none-eabi/lib/armv6-m/libm.a(lib_a-s_copysign.o)
                              /home/josepintor/Documentos/gcc-arm-none-eabi-4_9-2015q3/bin/../lib/gcc/arm-none-eabi/4.9.3/../../../../arm-none-eabi/lib/armv6-m/libm.a(lib_a-s_scalbn.o) (copysign)
/home/josepintor/Documentos/gcc-arm-none-eabi-4_9-2015q3/bin/../lib/gcc/arm-none-eabi/4.9.3/armv6-m/libgcc.a(_thumb1_case_uqi.o)
                              _build/ble_ambient.o (__gnu_thumb1_case_uqi)
/home/josepintor/Documentos/gcc-arm-none-eabi-4_9-2015q3/bin/../lib/gcc/arm-none-eabi/4.9.3/armv6-m/libgcc.a(_udivsi3.o)
                              _build/SparkFunTSL2561.o (__aeabi_uidiv)
/home/josepintor/Documentos/gcc-arm-none-eabi-4_9-2015q3/bin/../lib/gcc/arm-none-eabi/4.9.3/armv6-m/libgcc.a(_divsi3.o)
                              _build/utils.o (__aeabi_idiv)
/home/josepintor/Documentos/gcc-arm-none-eabi-4_9-2015q3/bin/../lib/gcc/arm-none-eabi/4.9.3/armv6-m/libgcc.a(_dvmd_tls.o)
                              /home/josepintor/Documentos/gcc-arm-none-eabi-4_9-2015q3/bin/../lib/gcc/arm-none-eabi/4.9.3/armv6-m/libgcc.a(_udivsi3.o) (__aeabi_idiv0)
[...]
Memory Configuration

Name             Origin             Length             Attributes
FLASH            0x00016000         0x0002a000         xr
RAM              0x20002000         0x00002000         xrw
*default*        0x00000000         0xffffffff

Linker script and memory map

LOAD /home/josepintor/Documentos/gcc-arm-none-eabi-4_9-2015q3/bin/../lib/gcc/arm-none-eabi/4.9.3/armv6-m/crti.o
LOAD /home/josepintor/Documentos/gcc-arm-none-eabi-4_9-2015q3/bin/../lib/gcc/arm-none-eabi/4.9.3/armv6-m/crtbegin.o
LOAD /home/josepintor/Documentos/gcc-arm-none-eabi-4_9-2015q3/bin/../lib/gcc/arm-none-eabi/4.9.3/../../../../arm-none-eabi/lib/armv6-m/crt0.o
LOAD _build/init.o
LOAD _build/utils.o
LOAD _build/nosso.o
LOAD _build/ble_ambient.o
LOAD _build/main.o
LOAD _build/sd_card.o
LOAD _build/SparkFunTSL2561.o
LOAD _build/SparkFunMS1.o
LOAD _build/rain.o
LOAD _build/uv.o
LOAD _build/temp.o
LOAD _build/lum.o
LOAD _build/sd2app.o
LOAD _build/pr.o
LOAD _build/hum.o
LOAD _build/humsolo.o
LOAD _build/battery.o
LOAD _build/max1161x.o
LOAD _build/mpu9x50.o
LOAD _build/max17048.o
LOAD _build/pca9538.o
LOAD _build/fhp_gpio.o
LOAD _build/nrf_pwm.o
LOAD _build/bme280.o
LOAD _build/SEGGER_RTT.o
LOAD _build/ff.o
LOAD _build/diskio.o
LOAD _build/spi_fhp_master.o
LOAD _build/twi_hw_master.o
LOAD _build/ble_dis.o
LOAD _build/ble_srv_common.o
LOAD _build/softdevice_handler.o
LOAD _build/ble_advdata.o
LOAD _build/ble_conn_params.o
LOAD _build/app_timer.o
LOAD _build/pstorage.o
LOAD _build/device_manager_peripheral.o
LOAD _build/app_gpiote.o
LOAD _build/nrf_delay.o
LOAD _build/app_scheduler.o
LOAD _build/system_nrf51.o
LOAD _build/gcc_startup_nrf51.o
LOAD /home/josepintor/Documentos/gcc-arm-none-eabi-4_9-2015q3/bin/../lib/gcc/arm-none-eabi/4.9.3/../../../../arm-none-eabi/lib/armv6-m/libm.a
START GROUP
LOAD /home/josepintor/Documentos/gcc-arm-none-eabi-4_9-2015q3/bin/../lib/gcc/arm-none-eabi/4.9.3/armv6-m/libgcc.a
LOAD /home/josepintor/Documentos/gcc-arm-none-eabi-4_9-2015q3/bin/../lib/gcc/arm-none-eabi/4.9.3/../../../../arm-none-eabi/lib/armv6-m/libc_nano.a
END GROUP
START GROUP
LOAD /home/josepintor/Documentos/gcc-arm-none-eabi-4_9-2015q3/bin/../lib/gcc/arm-none-eabi/4.9.3/armv6-m/libgcc.a
LOAD /home/josepintor/Documentos/gcc-arm-none-eabi-4_9-2015q3/bin/../lib/gcc/arm-none-eabi/4.9.3/../../../../arm-none-eabi/lib/armv6-m/libc_nano.a
END GROUP
LOAD /home/josepintor/Documentos/gcc-arm-none-eabi-4_9-2015q3/bin/../lib/gcc/arm-none-eabi/4.9.3/armv6-m/crtend.o
LOAD /home/josepintor/Documentos/gcc-arm-none-eabi-4_9-2015q3/bin/../lib/gcc/arm-none-eabi/4.9.3/armv6-m/crtn.o
START GROUP
LOAD /home/josepintor/Documentos/gcc-arm-none-eabi-4_9-2015q3/bin/../lib/gcc/arm-none-eabi/4.9.3/armv6-m/libgcc.a
LOAD /home/josepintor/Documentos/gcc-arm-none-eabi-4_9-2015q3/bin/../lib/gcc/arm-none-eabi/4.9.3/../../../../arm-none-eabi/lib/armv6-m/libc.a
LOAD /home/josepintor/Documentos/gcc-arm-none-eabi-4_9-2015q3/bin/../lib/gcc/arm-none-eabi/4.9.3/../../../../arm-none-eabi/lib/armv6-m/libnosys.a
END GROUP

.text           0x00016000     0xeafb
 *(.Vectors)
 .Vectors       0x00016000       0xc0 _build/gcc_startup_nrf51.o
                0x00016000                __Vectors
 *(.text*)
 .text          0x000160c0       0x78 /home/josepintor/Documentos/gcc-arm-none-eabi-4_9-2015q3/bin/../lib/gcc/arm-none-eabi/4.9.3/../../../../arm-none-eabi/lib/armv6-m/crt0.o
                0x000160c0                _mainCRTStartup
                0x000160c0                _start
 .text.sd_ble_gap_tx_power_set
                0x00016138        0x4 _build/init.o
 .text.sd_ble_gap_appearance_set
                0x0001613c        0x4 _build/init.o
 .text.sd_ble_gap_ppcp_set
                0x00016140        0x4 _build/init.o
 .text.sd_ble_gap_device_name_set
                0x00016144        0x4 _build/init.o
 .text.sd_ble_enable
                0x00016148        0x4 _build/init.o
 .text.sd_ble_opt_set
                0x0001614c        0x4 _build/init.o
 .text.gpio_init
                0x00016150       0x60 _build/init.o
                0x00016150                gpio_init
 .text.leds_init
                0x000161b0       0x28 _build/init.o
                0x000161b0                leds_init
 .text.timers_init
                0x000161d8       0xa0 _build/init.o
                0x000161d8                timers_init
 .text.gpiote_init
                0x00016278       0x78 _build/init.o
                0x00016278                gpiote_init
 .text.ble_stack_init
                0x000162f0       0x98 _build/init.o
                0x000162f0                ble_stack_init
 .text.scheduler_init
                0x00016388       0x24 _build/init.o
                0x00016388                scheduler_init
 .text.device_manager_init
                0x000163ac       0x80 _build/init.o
                0x000163ac                device_manager_init
 .text.gap_params_init
                0x0001642c       0x5c _build/init.o
                0x0001642c                gap_params_init
 .text.services_init
                0x00016488       0x94 _build/init.o
                0x00016488                services_init
 .text.advertising_init
                0x0001651c       0x4c _build/init.o
                0x0001651c                advertising_init
 .text.conn_params_init
                0x00016568       0x54 _build/init.o
                0x00016568                conn_params_init
 .text.drivers_init
                0x000165bc       0x9c _build/init.o
                0x000165bc                drivers_init
 .text.sensors_init
                0x00016658      0x164 _build/init.o
                0x00016658                sensors_init
 .text.watchdog_init
                0x000167bc       0x54 _build/init.o
                0x000167bc                watchdog_init
 .text.application_work_start
                0x00016810       0x90 _build/init.o
                0x00016810                application_work_start
 .text.application_work_stop
                0x000168a0       0x3c _build/init.o
                0x000168a0                application_work_stop
 .text.msec_to_ticks
                0x000168dc        0x4 _build/utils.o
                0x000168dc                msec_to_ticks
 .text.check_ble_service_err_code
                0x000168e0       0x48 _build/utils.o
                0x000168e0                check_ble_service_err_code
 .text.log_to_sd
                0x00016928       0x58 _build/utils.o
                0x00016928                log_to_sd
 .text.log2sd   0x00016980       0x74 _build/utils.o
                0x00016980                log2sd
 .text.getTimeStamp
                0x000169f4        0xc _build/nosso.o
                0x000169f4                getTimeStamp
 .text.increTimeStamp
                0x00016a00       0x10 _build/nosso.o
                0x00016a00                increTimeStamp
 .text.sd_ble_gatts_service_add
                0x00016a10        0x4 _build/ble_ambient.o
 .text.sd_ble_gatts_characteristic_add
                0x00016a14        0x4 _build/ble_ambient.o
 .text.sd_ble_gatts_value_set
                0x00016a18        0x4 _build/ble_ambient.o
 .text.sd_ble_gatts_hvx
                0x00016a1c        0x4 _build/ble_ambient.o
 .text.sd_ble_uuid_vs_add
                0x00016a20        0x4 _build/ble_ambient.o
 .text.ble_ambient_init
                0x00016a24      0x610 _build/ble_ambient.o
                0x00016a24                ble_ambient_init
 .text.ble_ambient_sensor_update
                0x00017034       0x94 _build/ble_ambient.o
                0x00017034                ble_ambient_sensor_update
 .text.lerCartao2
                0x000170c8      0x1a4 _build/ble_ambient.o
                0x000170c8                lerCartao2
 .text.ble_ambient_config_update
                0x0001726c       0xa6 _build/ble_ambient.o
                0x0001726c                ble_ambient_config_update
 .text.ble_ambient_on_ble_evt
                0x00017312      0x198 _build/ble_ambient.o
                0x00017312                ble_ambient_on_ble_evt
 .text.sd_ble_gap_adv_start
                0x000174aa        0x4 _build/main.o
 .text.sd_app_evt_wait
                0x000174ae        0x4 _build/main.o
 *fill*         0x000174b2        0x2 
 .text.setup    0x000174b4      0x174 _build/main.o
 .text.app_error_handler
                0x00017628       0x9c _build/main.o
                0x00017628                app_error_handler
 .text.HardFault_Handler
                0x000176c4       0x3c _build/main.o
                0x000176c4                HardFault_Handler
 .text.assert_nrf_callback
                0x00017700       0x4c _build/main.o
                0x00017700                assert_nrf_callback
 .text.conn_params_error_handler
                0x0001774c       0x10 _build/main.o
                0x0001774c                conn_params_error_handler
 .text.on_conn_params_evt
                0x0001775c       0x24 _build/main.o
                0x0001775c                on_conn_params_evt
 .text.advertising_start
                0x00017780       0x54 _build/main.o
                0x00017780                advertising_start
 .text.on_ble_evt
                0x000177d4       0xb0 _build/main.o
 .text.device_manager_evt_handler
                0x00017884       0x1c _build/main.o
                0x00017884                device_manager_evt_handler
 .text.ble_evt_dispatch
                0x000178a0       0x24 _build/main.o
                0x000178a0                ble_evt_dispatch
 .text.sys_evt_dispatch
                0x000178c4        0x8 _build/main.o
                0x000178c4                sys_evt_dispatch
 .text.ble_amb_evt
                0x000178cc      0x174 _build/main.o
                0x000178cc                ble_amb_evt
 .text.base_timer_handler
                0x00017a40       0x8c _build/main.o
                0x00017a40                base_timer_handler
 .text.watchdog_timer_handler
                0x00017acc       0x14 _build/main.o
                0x00017acc                watchdog_timer_handler
 .text.rtc_timer_handler
                0x00017ae0        0x8 _build/main.o
                0x00017ae0                rtc_timer_handler
 .text.startup.main
                0x00017ae8       0x48 _build/main.o
                0x00017ae8                main
 .text.nrf_delay_us.constprop.0
                0x00017b30       0x26 _build/sd_card.o
 *fill*         0x00017b56        0x2 
 .text.spi_init
                0x00017b58       0x2c _build/sd_card.o
                0x00017b58                spi_init
 .text.send_mmc
                0x00017b84       0x28 _build/sd_card.o
                0x00017b84                send_mmc
 .text.receive_mmc
                0x00017bac       0x38 _build/sd_card.o
                0x00017bac                receive_mmc
 .text.wait_ready
                0x00017be4       0x2c _build/sd_card.o
                0x00017be4                wait_ready
 .text.deselect
                0x00017c10       0x1c _build/sd_card.o
                0x00017c10                deselect
 .text.select   0x00017c2c       0x30 _build/sd_card.o
                0x00017c2c                select
 .text.receive_datablock
                0x00017c5c       0x48 _build/sd_card.o
                0x00017c5c                receive_datablock
 .text.send_datablock
                0x00017ca4       0x4c _build/sd_card.o
                0x00017ca4                send_datablock
 .text.send_cmd
                0x00017cf0       0x94 _build/sd_card.o
                0x00017cf0                send_cmd
 .text.SFE_TSL2561_begin
                0x00017d84       0x1c _build/SparkFunTSL2561.o
                0x00017d84                SFE_TSL2561_begin
 .text.SFE_TSL2561_getLux
                0x00017da0      0x1d0 _build/SparkFunTSL2561.o
                0x00017da0                SFE_TSL2561_getLux
 .text.SFE_TSL2561_readByte
                0x00017f70       0x58 _build/SparkFunTSL2561.o
                0x00017f70                SFE_TSL2561_readByte
 .text.SFE_TSL2561_getID
                0x00017fc8       0x14 _build/SparkFunTSL2561.o
                0x00017fc8                SFE_TSL2561_getID
 .text.SFE_TSL2561_writeByte
                0x00017fdc       0x58 _build/SparkFunTSL2561.o
                0x00017fdc                SFE_TSL2561_writeByte
 .text.SFE_TSL2561_setPowerUp
                0x00018034       0x14 _build/SparkFunTSL2561.o
                0x00018034                SFE_TSL2561_setPowerUp
 .text.setTiming
                0x00018048       0x48 _build/SparkFunTSL2561.o
                0x00018048                setTiming
 .text.SFE_TSL2561_setTiming
                0x00018090       0x22 _build/SparkFunTSL2561.o
                0x00018090                SFE_TSL2561_setTiming
 *fill*         0x000180b2        0x2 
 .text.SparkFunTSL2561_init
                0x000180b4       0xd0 _build/SparkFunTSL2561.o
                0x000180b4                SparkFunTSL2561_init
 .text.SFE_TSL2561_readUInt
                0x00018184       0x5c _build/SparkFunTSL2561.o
                0x00018184                SFE_TSL2561_readUInt
 .text.SFE_TSL2561_getData
                0x000181e0       0x24 _build/SparkFunTSL2561.o
                0x000181e0                SFE_TSL2561_getData
 .text.SparkFunTSL2561_bring_the_light
                0x00018204       0x84 _build/SparkFunTSL2561.o
                0x00018204                SparkFunTSL2561_bring_the_light
 .text.SparkFunMS1_read1
                0x00018288       0x40 _build/SparkFunMS1.o
                0x00018288                SparkFunMS1_read1
 .text.SparkFunMS1_read3
                0x000182c8       0x38 _build/SparkFunMS1.o
                0x000182c8                SparkFunMS1_read3
 .text.SparkFunMS1_read2
                0x00018300       0x40 _build/SparkFunMS1.o
                0x00018300                SparkFunMS1_read2
 .text.rain_init
                0x00018340       0x34 _build/rain.o
                0x00018340                rain_init
 .text.rain_configs_update
                0x00018374       0x94 _build/rain.o
                0x00018374                rain_configs_update
 .text.rain_values_handler
                0x00018408       0x68 _build/rain.o
                0x00018408                rain_values_handler
 .text.rain_timer_handler
                0x00018470       0x84 _build/rain.o
                0x00018470                rain_timer_handler
 .text.uv_init  0x000184f4       0x34 _build/uv.o
                0x000184f4                uv_init
 .text.uv_configs_update
                0x00018528       0x90 _build/uv.o
                0x00018528                uv_configs_update
 .text.uv_values_handler
                0x000185b8       0x68 _build/uv.o
                0x000185b8                uv_values_handler
 .text.uv_timer_handler
                0x00018620       0x84 _build/uv.o
                0x00018620                uv_timer_handler
 .text.temp_init
                0x000186a4       0x34 _build/temp.o
                0x000186a4                temp_init
 .text.temp_configs_update
                0x000186d8       0x94 _build/temp.o
                0x000186d8                temp_configs_update
 .text.temp_values_handler
                0x0001876c       0x7c _build/temp.o
                0x0001876c                temp_values_handler
 .text.temp_timer_handler
                0x000187e8       0x84 _build/temp.o
                0x000187e8                temp_timer_handler
 .text.lum_init
                0x0001886c       0x34 _build/lum.o
                0x0001886c                lum_init
 .text.lum_configs_update
                0x000188a0       0x94 _build/lum.o
                0x000188a0                lum_configs_update
 .text.lum_values_handler
                0x00018934       0x7c _build/lum.o
                0x00018934                lum_values_handler
 .text.lum_timer_handler
                0x000189b0       0x84 _build/lum.o
                0x000189b0                lum_timer_handler
 .text.sd_init  0x00018a34       0x30 _build/sd2app.o
                0x00018a34                sd_init
 .text.pr_init  0x00018a64       0x34 _build/pr.o
                0x00018a64                pr_init
 .text.pr_configs_update
                0x00018a98       0x9c _build/pr.o
                0x00018a98                pr_configs_update
 .text.pr_values_handler
                0x00018b34       0x7c _build/pr.o
                0x00018b34                pr_values_handler
 .text.pr_timer_handler
                0x00018bb0       0x84 _build/pr.o
                0x00018bb0                pr_timer_handler
 .text.hum_init
                0x00018c34       0x34 _build/hum.o
                0x00018c34                hum_init
 .text.hum_configs_update
                0x00018c68       0x94 _build/hum.o
                0x00018c68                hum_configs_update
 .text.hum_values_handler
                0x00018cfc       0x7c _build/hum.o
                0x00018cfc                hum_values_handler
 .text.hum_timer_handler
                0x00018d78       0x84 _build/hum.o
                0x00018d78                hum_timer_handler
 .text.humsolo_init
                0x00018dfc       0x34 _build/humsolo.o
                0x00018dfc                humsolo_init
 .text.humsolo_configs_update
                0x00018e30       0x94 _build/humsolo.o
                0x00018e30                humsolo_configs_update
 .text.humsolo_values_handler
                0x00018ec4       0x84 _build/humsolo.o
                0x00018ec4                humsolo_values_handler
 .text.humsolo_timer_handler
                0x00018f48       0x84 _build/humsolo.o
                0x00018f48                humsolo_timer_handler
 .text.induction_charging.part.0
                0x00018fcc       0x3c _build/battery.o
 .text.wired_charging.part.1
                0x00019008       0x3c _build/battery.o
 .text.battery_init
                0x00019044       0x18 _build/battery.o
                0x00019044                battery_init
 .text.induction_charging
                0x0001905c       0x38 _build/battery.o
                0x0001905c                induction_charging
 .text.wired_charging
                0x00019094       0x38 _build/battery.o
                0x00019094                wired_charging
 .text.battery_charge_handler
                0x000190cc       0x68 _build/battery.o
                0x000190cc                battery_charge_handler
 .text.gauge_timer_handler
                0x00019134       0x9c _build/battery.o
                0x00019134                gauge_timer_handler
 .text.enable_high_voltage
                0x000191d0       0x20 _build/battery.o
                0x000191d0                enable_high_voltage
 .text.max1161x_write_data
                0x000191f0       0x28 _build/max1161x.o
                0x000191f0                max1161x_write_data
 .text.max1161x_read_data
                0x00019218       0x4c _build/max1161x.o
                0x00019218                max1161x_read_data
 .text.max1161x_init
                0x00019264       0x28 _build/max1161x.o
                0x00019264                max1161x_init
 .text.max1161x_read_channel
                0x0001928c       0x44 _build/max1161x.o
                0x0001928c                max1161x_read_channel
 .text.read_mult
                0x000192d0       0x74 _build/mpu9x50.o
                0x000192d0                read_mult
 .text.read     0x00019344        0xa _build/mpu9x50.o
                0x00019344                read
 *fill*         0x0001934e        0x2 
 .text.write_mult
                0x00019350       0x54 _build/mpu9x50.o
                0x00019350                write_mult
 .text.write    0x000193a4       0x12 _build/mpu9x50.o
                0x000193a4                write
 .text.writeBits
                0x000193b6       0x44 _build/mpu9x50.o
                0x000193b6                writeBits
 .text.writeBit
                0x000193fa        0xc _build/mpu9x50.o
                0x000193fa                writeBit
 .text.mpu9x50_reset
                0x00019406        0xe _build/mpu9x50.o
                0x00019406                mpu9x50_reset
 .text.mpu9x50_gyroStandby
                0x00019414        0xe _build/mpu9x50.o
                0x00019414                mpu9x50_gyroStandby
 .text.mpu9x50_cycleMode
                0x00019422        0xe _build/mpu9x50.o
                0x00019422                mpu9x50_cycleMode
 .text.mpu9x50_setCycleWakeFrequency
                0x00019430       0x10 _build/mpu9x50.o
                0x00019430                mpu9x50_setCycleWakeFrequency
 .text.mpu9x50_setStandbyAccX
                0x00019440        0xe _build/mpu9x50.o
                0x00019440                mpu9x50_setStandbyAccX
 .text.mpu9x50_setStandbyAccY
                0x0001944e        0xe _build/mpu9x50.o
                0x0001944e                mpu9x50_setStandbyAccY
 .text.mpu9x50_setStandbyAccZ
                0x0001945c        0xe _build/mpu9x50.o
                0x0001945c                mpu9x50_setStandbyAccZ
 .text.mpu9x50_setStandbyGyroX
                0x0001946a        0xe _build/mpu9x50.o
                0x0001946a                mpu9x50_setStandbyGyroX
 .text.mpu9x50_setStandbyGyroY
                0x00019478        0xe _build/mpu9x50.o
                0x00019478                mpu9x50_setStandbyGyroY
 .text.mpu9x50_setStandbyGyroZ
                0x00019486        0xe _build/mpu9x50.o
                0x00019486                mpu9x50_setStandbyGyroZ
 .text.mpu9x50_setAccelerometerDigitalLowPassFilter
                0x00019494       0x10 _build/mpu9x50.o
                0x00019494                mpu9x50_setAccelerometerDigitalLowPassFilter
 .text.mpu9x50_setAccelerometerDigitalLowPassFilterOn
                0x000194a4        0xe _build/mpu9x50.o
                0x000194a4                mpu9x50_setAccelerometerDigitalLowPassFilterOn
 .text.mpu9x50_setMotionInterrupt
                0x000194b2        0xc _build/mpu9x50.o
                0x000194b2                mpu9x50_setMotionInterrupt
 .text.mpu9x50_setMotionThreshold
                0x000194be        0xc _build/mpu9x50.o
                0x000194be                mpu9x50_setMotionThreshold
 *fill*         0x000194ca        0x2 
 .text.mpu9x50_initMoveSensor
                0x000194cc       0x68 _build/mpu9x50.o
                0x000194cc                mpu9x50_initMoveSensor
 .text.max17048_write_data
                0x00019534       0x4c _build/max17048.o
                0x00019534                max17048_write_data
 .text.max17048_read_data
                0x00019580       0x6c _build/max17048.o
                0x00019580                max17048_read_data
 .text.max17048_clear_alert
                0x000195ec       0x44 _build/max17048.o
                0x000195ec                max17048_clear_alert
 .text.max17048_init
                0x00019630       0x98 _build/max17048.o
                0x00019630                max17048_init
 .text.max17048_read_soc
                0x000196c8       0x18 _build/max17048.o
                0x000196c8                max17048_read_soc
 .text.max17048_get_alert
                0x000196e0       0x58 _build/max17048.o
                0x000196e0                max17048_get_alert
 .text.nrf_delay_us.constprop.1
                0x00019738       0x26 _build/pca9538.o
 *fill*         0x0001975e        0x2 
 .text.pca9538_write
                0x00019760       0x30 _build/pca9538.o
                0x00019760                pca9538_write
 .text.pca9538_init
                0x00019790       0x4c _build/pca9538.o
                0x00019790                pca9538_init
 .text.timer_handler
                0x000197dc       0x88 _build/fhp_gpio.o
 .text.clear_pwm_pin
                0x00019864       0x9c _build/fhp_gpio.o
 .text.fhp_gpio_config
                0x00019900      0x128 _build/fhp_gpio.o
 .text.fhp_gpio_init
                0x00019a28       0x34 _build/fhp_gpio.o
                0x00019a28                fhp_gpio_init
 .text.fhp_gpio_set
                0x00019a5c       0x2c _build/fhp_gpio.o
                0x00019a5c                fhp_gpio_set
 .text.fhp_gpio_clear
                0x00019a88       0x30 _build/fhp_gpio.o
                0x00019a88                fhp_gpio_clear
 .text.fhp_gpio_blink
                0x00019ab8       0x38 _build/fhp_gpio.o
                0x00019ab8                fhp_gpio_blink
 .text.fhp_gpio_fade
                0x00019af0       0x3c _build/fhp_gpio.o
                0x00019af0                fhp_gpio_fade
 .text.sd_ppi_channel_enable_set
                0x00019b2c        0x4 _build/nrf_pwm.o
 .text.sd_ppi_channel_assign
                0x00019b30        0x4 _build/nrf_pwm.o
 .text.sd_radio_session_open
                0x00019b34        0x4 _build/nrf_pwm.o
 .text.sd_radio_request
                0x00019b38        0x4 _build/nrf_pwm.o
 .text.safe_margins_present
                0x00019b3c       0x3c _build/nrf_pwm.o
 .text.ppi_enable_channel
                0x00019b78       0x18 _build/nrf_pwm.o
 .text.nrf_gpiote_task_config.constprop.2
                0x00019b90       0x44 _build/nrf_pwm.o
 .text.nrf_pwm_init
                0x00019bd4      0x208 _build/nrf_pwm.o
                0x00019bd4                nrf_pwm_init
 .text.nrf_pwm_set_value
                0x00019ddc       0x38 _build/nrf_pwm.o
                0x00019ddc                nrf_pwm_set_value
 .text.nrf_pwm_set_enabled
                0x00019e14       0x78 _build/nrf_pwm.o
                0x00019e14                nrf_pwm_set_enabled
 .text.TIMER2_IRQHandler
                0x00019e8c      0x21c _build/nrf_pwm.o
                0x00019e8c                TIMER2_IRQHandler
 .text.nrf_radio_signal_callback
                0x0001a0a8       0x20 _build/nrf_pwm.o
                0x0001a0a8                nrf_radio_signal_callback
 .text.BME280_I2C_bus_write
                0x0001a0c8       0x7a _build/bme280.o
                0x0001a0c8                BME280_I2C_bus_write
 .text.BME280_delay_msek
                0x0001a142        0x8 _build/bme280.o
                0x0001a142                BME280_delay_msek
 .text.BME280_I2C_bus_read
                0x0001a14a       0x54 _build/bme280.o
                0x0001a14a                BME280_I2C_bus_read
 *fill*         0x0001a19e        0x2 
 .text.bme280_read_uncomp_temperature
                0x0001a1a0       0x44 _build/bme280.o
                0x0001a1a0                bme280_read_uncomp_temperature
 .text.bme280_compensate_temperature_int32
                0x0001a1e4       0x3c _build/bme280.o
                0x0001a1e4                bme280_compensate_temperature_int32
 .text.bme280_read_uncomp_pressure
                0x0001a220       0x44 _build/bme280.o
                0x0001a220                bme280_read_uncomp_pressure
 .text.bme280_compensate_pressure_int32
                0x0001a264       0xb0 _build/bme280.o
                0x0001a264                bme280_compensate_pressure_int32
 .text.bme280_read_uncomp_humidity
                0x0001a314       0x3c _build/bme280.o
                0x0001a314                bme280_read_uncomp_humidity
 .text.bme280_compensate_humidity_int32
                0x0001a350       0x80 _build/bme280.o
                0x0001a350                bme280_compensate_humidity_int32
 .text.bme280_get_calib_param
                0x0001a3d0      0x114 _build/bme280.o
                0x0001a3d0                bme280_get_calib_param
 .text.bme280_init
                0x0001a4e4       0x38 _build/bme280.o
                0x0001a4e4                bme280_init
 .text.bme280_get_power_mode
                0x0001a51c       0x38 _build/bme280.o
                0x0001a51c                bme280_get_power_mode
 .text.bme280_set_soft_rst
                0x0001a554       0x2c _build/bme280.o
                0x0001a554                bme280_set_soft_rst
 .text.bme280_write_register
                0x0001a580       0x28 _build/bme280.o
                0x0001a580                bme280_write_register
 .text.bme280_read_register
                0x0001a5a8       0x28 _build/bme280.o
                0x0001a5a8                bme280_read_register
 .text.bme280_set_oversamp_temperature
                0x0001a5d0       0xe4 _build/bme280.o
                0x0001a5d0                bme280_set_oversamp_temperature
 .text.bme280_set_oversamp_pressure
                0x0001a6b4       0xe8 _build/bme280.o
                0x0001a6b4                bme280_set_oversamp_pressure
 .text.bme280_set_oversamp_humidity
                0x0001a79c      0x118 _build/bme280.o
                0x0001a79c                bme280_set_oversamp_humidity
 .text.bme280_set_power_mode
                0x0001a8b4       0xdc _build/bme280.o
                0x0001a8b4                bme280_set_power_mode
 .text.bme280_set_filter
                0x0001a990       0xf0 _build/bme280.o
                0x0001a990                bme280_set_filter
 .text.bme280_init_nrf51
                0x0001aa80       0x74 _build/bme280.o
                0x0001aa80                bme280_init_nrf51
 .text.bme280_read_temperature
                0x0001aaf4       0x38 _build/bme280.o
                0x0001aaf4                bme280_read_temperature
 .text.bme280_read_pressure
                0x0001ab2c       0x38 _build/bme280.o
                0x0001ab2c                bme280_read_pressure
 .text.bme280_read_humidity
                0x0001ab64       0x38 _build/bme280.o
                0x0001ab64                bme280_read_humidity
 .text.SEGGER_RTT_Write
                0x0001ab9c       0xcc _build/SEGGER_RTT.o
                0x0001ab9c                SEGGER_RTT_Write
 .text.SEGGER_RTT_WriteString
                0x0001ac68       0x1a _build/SEGGER_RTT.o
                0x0001ac68                SEGGER_RTT_WriteString
 .text.mem_cpy  0x0001ac82       0x12 _build/ff.o
 .text.mem_set  0x0001ac94        0xe _build/ff.o
 .text.get_ldnumber
                0x0001aca2       0x30 _build/ff.o
 .text.validate
                0x0001acd2       0x2e _build/ff.o
 .text.ld_clust.isra.0
                0x0001ad00       0x1c _build/ff.o
 .text.sync_window.part.2
                0x0001ad1c       0x4a _build/ff.o
 .text.sync_window
                0x0001ad66       0x14 _build/ff.o
 *fill*         0x0001ad7a        0x2 
 .text.sync_fs  0x0001ad7c       0xe4 _build/ff.o
 .text.move_window
                0x0001ae60       0x34 _build/ff.o
 .text.check_fs
                0x0001ae94       0xa4 _build/ff.o
 .text.find_volume
                0x0001af38      0x388 _build/ff.o
 .text.clust2sect
                0x0001b2c0       0x18 _build/ff.o
                0x0001b2c0                clust2sect
 .text.get_fat  0x0001b2d8       0xd8 _build/ff.o
                0x0001b2d8                get_fat
 .text.dir_sdi  0x0001b3b0       0x86 _build/ff.o
 .text.put_fat  0x0001b436      0x10c _build/ff.o
                0x0001b436                put_fat
 *fill*         0x0001b542        0x2 
 .text.create_chain
                0x0001b544       0xb0 _build/ff.o
 .text.dir_next
                0x0001b5f4       0xe8 _build/ff.o
 .text.follow_path
                0x0001b6dc      0x1e0 _build/ff.o
 .text.dir_register
                0x0001b8bc       0x62 _build/ff.o
 .text.remove_chain
                0x0001b91e       0x5a _build/ff.o
 .text.f_mount  0x0001b978       0x50 _build/ff.o
                0x0001b978                f_mount
 .text.f_open   0x0001b9c8      0x12e _build/ff.o
                0x0001b9c8                f_open
 .text.f_read   0x0001baf6      0x136 _build/ff.o
                0x0001baf6                f_read
 .text.f_write  0x0001bc2c      0x182 _build/ff.o
                0x0001bc2c                f_write
 .text.f_sync   0x0001bdae       0x70 _build/ff.o
                0x0001bdae                f_sync
 .text.f_close  0x0001be1e       0x1a _build/ff.o
                0x0001be1e                f_close
 .text.f_lseek  0x0001be38      0x100 _build/ff.o
                0x0001be38                f_lseek
 .text.nrf_delay_us.constprop.0
                0x0001bf38       0x28 _build/diskio.o
 .text.disk_status
                0x0001bf60       0x14 _build/diskio.o
                0x0001bf60                disk_status
 .text.disk_initialize
                0x0001bf74       0xfc _build/diskio.o
                0x0001bf74                disk_initialize
 .text.disk_read
                0x0001c070       0x74 _build/diskio.o
                0x0001c070                disk_read
 .text.disk_write
                0x0001c0e4       0x98 _build/diskio.o
                0x0001c0e4                disk_write
 .text.disk_ioctl
                0x0001c17c       0xc0 _build/diskio.o
                0x0001c17c                disk_ioctl
 .text.spi_master_init
                0x0001c23c       0xb8 _build/spi_fhp_master.o
                0x0001c23c                spi_master_init
 .text.spi_master_tx_rx
                0x0001c2f4       0x88 _build/spi_fhp_master.o
                0x0001c2f4                spi_master_tx_rx
 .text.nrf_delay_us
                0x0001c37c       0x2e _build/twi_hw_master.o
 *fill*         0x0001c3aa        0x2 
 .text.twi_master_clear_bus
                0x0001c3ac       0xb8 _build/twi_hw_master.o
 .text.twi_master_init
                0x0001c464       0x74 _build/twi_hw_master.o
                0x0001c464                twi_master_init
 .text.twi_master_transfer
                0x0001c4d8      0x180 _build/twi_hw_master.o
                0x0001c4d8                twi_master_transfer
 .text.sd_ble_gatts_service_add
                0x0001c658        0x4 _build/ble_dis.o
 .text.sd_ble_gatts_characteristic_add
                0x0001c65c        0x4 _build/ble_dis.o
 .text.char_add
                0x0001c660       0x88 _build/ble_dis.o
 .text.ble_dis_init
                0x0001c6e8      0x19c _build/ble_dis.o
                0x0001c6e8                ble_dis_init
 .text.ble_srv_ascii_to_utf8
                0x0001c884       0x12 _build/ble_srv_common.o
                0x0001c884                ble_srv_ascii_to_utf8
 .text.sd_nvic_EnableIRQ
                0x0001c896        0x4 _build/softdevice_handler.o
 .text.sd_evt_get
                0x0001c89a        0x4 _build/softdevice_handler.o
 .text.sd_softdevice_enable
                0x0001c89e        0x4 _build/softdevice_handler.o
 .text.sd_ble_evt_get
                0x0001c8a2        0x4 _build/softdevice_handler.o
 .text.softdevice_assertion_handler
                0x0001c8a6        0xc _build/softdevice_handler.o
                0x0001c8a6                softdevice_assertion_handler
 *fill*         0x0001c8b2        0x2 
 .text.intern_softdevice_events_execute
                0x0001c8b4       0x98 _build/softdevice_handler.o
                0x0001c8b4                intern_softdevice_events_execute
 .text.softdevice_handler_init
                0x0001c94c       0x38 _build/softdevice_handler.o
                0x0001c94c                softdevice_handler_init
 .text.softdevice_ble_evt_handler_set
                0x0001c984       0x14 _build/softdevice_handler.o
                0x0001c984                softdevice_ble_evt_handler_set
 .text.softdevice_sys_evt_handler_set
                0x0001c998       0x14 _build/softdevice_handler.o
                0x0001c998                softdevice_sys_evt_handler_set
 .text.SWI2_IRQHandler
                0x0001c9ac       0x2c _build/softdevice_handler.o
                0x0001c9ac                SWI2_IRQHandler
 .text.sd_ble_gap_adv_data_set
                0x0001c9d8        0x4 _build/ble_advdata.o
 .text.sd_ble_gap_appearance_get
                0x0001c9dc        0x4 _build/ble_advdata.o
 .text.sd_ble_gap_device_name_get
                0x0001c9e0        0x4 _build/ble_advdata.o
 .text.sd_ble_uuid_encode
                0x0001c9e4        0x4 _build/ble_advdata.o
 .text.uuid_list_sized_encode
                0x0001c9e8       0xaa _build/ble_advdata.o
 .text.uuid_list_encode
                0x0001ca92       0x26 _build/ble_advdata.o
 .text.adv_data_encode
                0x0001cab8      0x2fc _build/ble_advdata.o
 .text.ble_advdata_set
                0x0001cdb4       0x70 _build/ble_advdata.o
                0x0001cdb4                ble_advdata_set
 .text.sd_ble_gap_conn_param_update
                0x0001ce24        0x4 _build/ble_conn_params.o
 .text.sd_ble_gap_disconnect
                0x0001ce28        0x4 _build/ble_conn_params.o
 .text.sd_ble_gap_ppcp_set
                0x0001ce2c        0x4 _build/ble_conn_params.o
 .text.sd_ble_gap_ppcp_get
                0x0001ce30        0x4 _build/ble_conn_params.o
 .text.update_timeout_handler
                0x0001ce34       0x64 _build/ble_conn_params.o
 .text.conn_params_negotiation
                0x0001ce98       0x64 _build/ble_conn_params.o
 .text.ble_conn_params_init
                0x0001cefc       0x60 _build/ble_conn_params.o
                0x0001cefc                ble_conn_params_init
 .text.ble_conn_params_on_ble_evt
                0x0001cf5c       0x8c _build/ble_conn_params.o
                0x0001cf5c                ble_conn_params_on_ble_evt
 .text.user_op_alloc
                0x0001cfe8       0x2a _build/app_timer.o
 *fill*         0x0001d012        0x2 
 .text.user_id_get
                0x0001d014       0x64 _build/app_timer.o
 .text.nrf_delay_us.constprop.5
                0x0001d078       0x26 _build/app_timer.o
 *fill*         0x0001d09e        0x2 
 .text.rtc1_stop
                0x0001d0a0       0x40 _build/app_timer.o
 .text.RTC1_IRQHandler
                0x0001d0e0       0xa0 _build/app_timer.o
                0x0001d0e0                RTC1_IRQHandler
 .text.SWI0_IRQHandler
                0x0001d180      0x37c _build/app_timer.o
                0x0001d180                SWI0_IRQHandler
 .text.app_timer_init
                0x0001d4fc       0xc0 _build/app_timer.o
                0x0001d4fc                app_timer_init
 .text.app_timer_create
                0x0001d5bc       0x4c _build/app_timer.o
                0x0001d5bc                app_timer_create
 .text.app_timer_start
                0x0001d608       0x90 _build/app_timer.o
                0x0001d608                app_timer_start
 .text.app_timer_stop
                0x0001d698       0x60 _build/app_timer.o
                0x0001d698                app_timer_stop
 .text.sd_flash_write
                0x0001d6f8        0x4 _build/pstorage.o
 .text.sd_flash_page_erase
                0x0001d6fc        0x4 _build/pstorage.o
 .text.app_notify
                0x0001d700       0x30 _build/pstorage.o
 .text.swap_state_process
                0x0001d730      0x1bc _build/pstorage.o
 .text.cmd_process
                0x0001d8ec      0x118 _build/pstorage.o
 .text.unlikely.cmd_queue_enqueue
                0x0001da04       0x54 _build/pstorage.o
 .text.cmd_queue_dequeue
                0x0001da58       0x20 _build/pstorage.o
 .text.pstorage_sys_event_handler
                0x0001da78       0xec _build/pstorage.o
                0x0001da78                pstorage_sys_event_handler
 .text.pstorage_init
                0x0001db64       0xc4 _build/pstorage.o
                0x0001db64                pstorage_init
 .text.pstorage_register
                0x0001dc28      0x11c _build/pstorage.o
                0x0001dc28                pstorage_register
 .text.pstorage_block_identifier_get
                0x0001dd44       0x5c _build/pstorage.o
                0x0001dd44                pstorage_block_identifier_get
 .text.pstorage_store
                0x0001dda0       0x88 _build/pstorage.o
                0x0001dda0                pstorage_store
 .text.pstorage_update
                0x0001de28       0x88 _build/pstorage.o
                0x0001de28                pstorage_update
 .text.pstorage_load
                0x0001deb0       0xac _build/pstorage.o
                0x0001deb0                pstorage_load
 .text.pstorage_clear
                0x0001df5c       0x6c _build/pstorage.o
                0x0001df5c                pstorage_clear
 .text.sd_ble_gap_sec_params_reply
                0x0001dfc8        0x4 _build/device_manager_peripheral.o
 .text.sd_ble_gap_sec_info_reply
                0x0001dfcc        0x4 _build/device_manager_peripheral.o
 .text.sd_ble_gatts_sys_attr_set
                0x0001dfd0        0x4 _build/device_manager_peripheral.o
 .text.sd_ble_gatts_sys_attr_get
                0x0001dfd4        0x4 _build/device_manager_peripheral.o
 .text.storage_operation_dummy_handler
                0x0001dfd8        0x4 _build/device_manager_peripheral.o
 .text.no_service_context_store
                0x0001dfdc        0x4 _build/device_manager_peripheral.o
 .text.gattc_context_store
                0x0001dfe0        0x4 _build/device_manager_peripheral.o
 .text.no_service_context_load
                0x0001dfe4        0x4 _build/device_manager_peripheral.o
 .text.gattc_context_load
                0x0001dfe8        0x4 _build/device_manager_peripheral.o
 .text.no_service_context_apply
                0x0001dfec        0x4 _build/device_manager_peripheral.o
 .text.gatts_context_apply
                0x0001dff0       0x4c _build/device_manager_peripheral.o
 .text.gattc_context_apply
                0x0001e03c        0x4 _build/device_manager_peripheral.o
 .text.gattsc_context_apply
                0x0001e040        0x8 _build/device_manager_peripheral.o
 .text.gatts_context_store
                0x0001e048       0xac _build/device_manager_peripheral.o
 .text.gattsc_context_store
                0x0001e0f4        0x8 _build/device_manager_peripheral.o
 .text.device_context_store
                0x0001e0fc       0xbc _build/device_manager_peripheral.o
 .text.gatts_context_load
                0x0001e1b8       0x30 _build/device_manager_peripheral.o
 .text.gattsc_context_load
                0x0001e1e8        0x8 _build/device_manager_peripheral.o
 .text.dm_pstorage_cb_handler
                0x0001e1f0      0x130 _build/device_manager_peripheral.o
 .text.peer_instance_init
                0x0001e320       0x4c _build/device_manager_peripheral.o
 .text.dm_init  0x0001e36c       0xdc _build/device_manager_peripheral.o
                0x0001e36c                dm_init
 .text.dm_register
                0x0001e448       0x58 _build/device_manager_peripheral.o
                0x0001e448                dm_register
 .text.bond_data_load
                0x0001e4a0       0x50 _build/device_manager_peripheral.o
                0x0001e4a0                bond_data_load
 .text.dm_ble_evt_handler
                0x0001e4f0      0x354 _build/device_manager_peripheral.o
                0x0001e4f0                dm_ble_evt_handler
 .text.pins_sense_disable
                0x0001e844       0x40 _build/app_gpiote.o
 .text.sense_level_toggle.isra.0
                0x0001e884       0x4c _build/app_gpiote.o
 .text.GPIOTE_IRQHandler
                0x0001e8d0       0x98 _build/app_gpiote.o
                0x0001e8d0                GPIOTE_IRQHandler
 .text.app_gpiote_init
                0x0001e968       0x68 _build/app_gpiote.o
                0x0001e968                app_gpiote_init
 .text.app_gpiote_user_register
                0x0001e9d0       0x48 _build/app_gpiote.o
                0x0001e9d0                app_gpiote_user_register
 .text.app_gpiote_user_enable
                0x0001ea18       0x98 _build/app_gpiote.o
                0x0001ea18                app_gpiote_user_enable
 .text.nrf_delay_ms
                0x0001eab0       0x40 _build/nrf_delay.o
                0x0001eab0                nrf_delay_ms
 .text.sd_nvic_critical_region_enter
                0x0001eaf0        0x4 _build/app_scheduler.o
 .text.sd_nvic_critical_region_exit
                0x0001eaf4        0x4 _build/app_scheduler.o
 .text.app_sched_init
                0x0001eaf8       0x2c _build/app_scheduler.o
                0x0001eaf8                app_sched_init
 .text.app_sched_event_put
                0x0001eb24      0x12c _build/app_scheduler.o
                0x0001eb24                app_sched_event_put
 .text.app_sched_execute
                0x0001ec50       0x40 _build/app_scheduler.o
                0x0001ec50                app_sched_execute
 .text.SystemInit
                0x0001ec90       0x8c _build/system_nrf51.o
                0x0001ec90                SystemInit
 .text          0x0001ed1c       0x54 _build/gcc_startup_nrf51.o
                0x0001ed1c                Reset_Handler
                0x0001ed64                NMI_Handler
                0x0001ed68                SVC_Handler
                0x0001ed6a                PendSV_Handler
                0x0001ed6c                SysTick_Handler
                0x0001ed6e                SPI0_TWI0_IRQHandler
                0x0001ed6e                RTC0_IRQHandler
                0x0001ed6e                POWER_CLOCK_IRQHandler
                0x0001ed6e                RADIO_IRQHandler
                0x0001ed6e                LPCOMP_IRQHandler
                0x0001ed6e                SWI4_IRQHandler
                0x0001ed6e                TEMP_IRQHandler
                0x0001ed6e                QDEC_IRQHandler
                0x0001ed6e                UART0_IRQHandler
                0x0001ed6e                SWI5_IRQHandler
                0x0001ed6e                TIMER0_IRQHandler
                0x0001ed6e                TIMER1_IRQHandler
                0x0001ed6e                ECB_IRQHandler
                0x0001ed6e                Default_Handler
                0x0001ed6e                ADC_IRQHandler
                0x0001ed6e                SWI3_IRQHandler
                0x0001ed6e                CCM_AAR_IRQHandler
                0x0001ed6e                WDT_IRQHandler
                0x0001ed6e                RNG_IRQHandler
                0x0001ed6e                SPI1_TWI1_IRQHandler
                0x0001ed6e                SWI1_IRQHandler
 .text.pow      0x0001ed70      0x35c /home/josepintor/Documentos/gcc-arm-none-eabi-4_9-2015q3/bin/../lib/gcc/arm-none-eabi/4.9.3/../../../../arm-none-eabi/lib/armv6-m/libm.a(lib_a-w_pow.o)
                0x0001ed70                pow
 .text.__ieee754_pow
                0x0001f0cc      0xa8c /home/josepintor/Documentos/gcc-arm-none-eabi-4_9-2015q3/bin/../lib/gcc/arm-none-eabi/4.9.3/../../../../arm-none-eabi/lib/armv6-m/libm.a(lib_a-e_pow.o)
                0x0001f0cc                __ieee754_pow
 .text.__ieee754_sqrt
                0x0001fb58      0x1ec /home/josepintor/Documentos/gcc-arm-none-eabi-4_9-2015q3/bin/../lib/gcc/arm-none-eabi/4.9.3/../../../../arm-none-eabi/lib/armv6-m/libm.a(lib_a-e_sqrt.o)
                0x0001fb58                __ieee754_sqrt
 .text.fabs     0x0001fd44        0x8 /home/josepintor/Documentos/gcc-arm-none-eabi-4_9-2015q3/bin/../lib/gcc/arm-none-eabi/4.9.3/../../../../arm-none-eabi/lib/armv6-m/libm.a(lib_a-s_fabs.o)
                0x0001fd44                fabs
 .text.finite   0x0001fd4c       0x14 /home/josepintor/Documentos/gcc-arm-none-eabi-4_9-2015q3/bin/../lib/gcc/arm-none-eabi/4.9.3/../../../../arm-none-eabi/lib/armv6-m/libm.a(lib_a-s_finite.o)
                0x0001fd4c                finite
 .text.__fpclassifyd
                0x0001fd60       0x5c /home/josepintor/Documentos/gcc-arm-none-eabi-4_9-2015q3/bin/../lib/gcc/arm-none-eabi/4.9.3/../../../../arm-none-eabi/lib/armv6-m/libm.a(lib_a-s_fpclassify.o)
                0x0001fd60                __fpclassifyd
 .text.matherr  0x0001fdbc        0x4 /home/josepintor/Documentos/gcc-arm-none-eabi-4_9-2015q3/bin/../lib/gcc/arm-none-eabi/4.9.3/../../../../arm-none-eabi/lib/armv6-m/libm.a(lib_a-s_matherr.o)
                0x0001fdbc                matherr
 .text.nan      0x0001fdc0        0xc /home/josepintor/Documentos/gcc-arm-none-eabi-4_9-2015q3/bin/../lib/gcc/arm-none-eabi/4.9.3/../../../../arm-none-eabi/lib/armv6-m/libm.a(lib_a-s_nan.o)
                0x0001fdc0                nan
 .text.rint     0x0001fdcc      0x144 /home/josepintor/Documentos/gcc-arm-none-eabi-4_9-2015q3/bin/../lib/gcc/arm-none-eabi/4.9.3/../../../../arm-none-eabi/lib/armv6-m/libm.a(lib_a-s_rint.o)
                0x0001fdcc                rint
 .text.scalbn   0x0001ff10       0xf8 /home/josepintor/Documentos/gcc-arm-none-eabi-4_9-2015q3/bin/../lib/gcc/arm-none-eabi/4.9.3/../../../../arm-none-eabi/lib/armv6-m/libm.a(lib_a-s_scalbn.o)
                0x0001ff10                scalbn
 .text.copysign
                0x00020008       0x10 /home/josepintor/Documentos/gcc-arm-none-eabi-4_9-2015q3/bin/../lib/gcc/arm-none-eabi/4.9.3/../../../../arm-none-eabi/lib/armv6-m/libm.a(lib_a-s_copysign.o)
                0x00020008                copysign
 .text          0x00020018       0x14 /home/josepintor/Documentos/gcc-arm-none-eabi-4_9-2015q3/bin/../lib/gcc/arm-none-eabi/4.9.3/armv6-m/libgcc.a(_thumb1_case_uqi.o)
                0x00020018                __gnu_thumb1_case_uqi
 .text          0x0002002c      0x120 /home/josepintor/Documentos/gcc-arm-none-eabi-4_9-2015q3/bin/../lib/gcc/arm-none-eabi/4.9.3/armv6-m/libgcc.a(_udivsi3.o)
                0x0002002c                __udivsi3
                0x0002002c                __aeabi_uidiv
                0x00020138                __aeabi_uidivmod
 .text          0x0002014c      0x1e0 /home/josepintor/Documentos/gcc-arm-none-eabi-4_9-2015q3/bin/../lib/gcc/arm-none-eabi/4.9.3/armv6-m/libgcc.a(_divsi3.o)
                0x0002014c                __aeabi_idiv
                0x0002014c                __divsi3
                0x00020318                __aeabi_idivmod
 .text          0x0002032c        0x4 /home/josepintor/Documentos/gcc-arm-none-eabi-4_9-2015q3/bin/../lib/gcc/arm-none-eabi/4.9.3/armv6-m/libgcc.a(_dvmd_tls.o)
                0x0002032c                __aeabi_ldiv0
                0x0002032c                __aeabi_idiv0
 .text          0x00020330       0x7c /home/josepintor/Documentos/gcc-arm-none-eabi-4_9-2015q3/bin/../lib/gcc/arm-none-eabi/4.9.3/armv6-m/libgcc.a(_arm_cmpdf2.o)
                0x00020330                __aeabi_cdrcmple
                0x00020340                __aeabi_cdcmple
                0x00020340                __aeabi_cdcmpeq
                0x00020350                __aeabi_dcmpeq
                0x0002035c                __aeabi_dcmplt
                0x00020370                __aeabi_dcmple
                0x00020384                __aeabi_dcmpgt
                0x00020398                __aeabi_dcmpge
 .text          0x000203ac       0x40 /home/josepintor/Documentos/gcc-arm-none-eabi-4_9-2015q3/bin/../lib/gcc/arm-none-eabi/4.9.3/armv6-m/libgcc.a(_aeabi_uldivmod.o)
                0x000203ac                __aeabi_uldivmod
 .text          0x000203ec       0x3c /home/josepintor/Documentos/gcc-arm-none-eabi-4_9-2015q3/bin/../lib/gcc/arm-none-eabi/4.9.3/armv6-m/libgcc.a(_fixunsdfsi.o)
                0x000203ec                __fixunsdfsi
                0x000203ec                __aeabi_d2uiz
 .text          0x00020428       0x6c /home/josepintor/Documentos/gcc-arm-none-eabi-4_9-2015q3/bin/../lib/gcc/arm-none-eabi/4.9.3/armv6-m/libgcc.a(bpabi.o)
                0x00020428                __gnu_ldivmod_helper
                0x00020460                __gnu_uldivmod_helper
 .text          0x00020494      0x650 /home/josepintor/Documentos/gcc-arm-none-eabi-4_9-2015q3/bin/../lib/gcc/arm-none-eabi/4.9.3/armv6-m/libgcc.a(adddf3.o)
                0x00020494                __aeabi_dadd
 .text          0x00020ae4      0x648 /home/josepintor/Documentos/gcc-arm-none-eabi-4_9-2015q3/bin/../lib/gcc/arm-none-eabi/4.9.3/armv6-m/libgcc.a(divdf3.o)
                0x00020ae4                __aeabi_ddiv
 .text          0x0002112c       0x88 /home/josepintor/Documentos/gcc-arm-none-eabi-4_9-2015q3/bin/../lib/gcc/arm-none-eabi/4.9.3/armv6-m/libgcc.a(eqdf2.o)
                0x0002112c                __eqdf2
                0x0002112c                __nedf2
 .text          0x000211b4       0xe0 /home/josepintor/Documentos/gcc-arm-none-eabi-4_9-2015q3/bin/../lib/gcc/arm-none-eabi/4.9.3/armv6-m/libgcc.a(gedf2.o)
                0x000211b4                __gtdf2
                0x000211b4                __gedf2
 .text          0x00021294       0xcc /home/josepintor/Documentos/gcc-arm-none-eabi-4_9-2015q3/bin/../lib/gcc/arm-none-eabi/4.9.3/armv6-m/libgcc.a(ledf2.o)
                0x00021294                __ltdf2
                0x00021294                __ledf2
 .text          0x00021360      0x534 /home/josepintor/Documentos/gcc-arm-none-eabi-4_9-2015q3/bin/../lib/gcc/arm-none-eabi/4.9.3/armv6-m/libgcc.a(muldf3.o)
                0x00021360                __aeabi_dmul
 .text          0x00021894      0x6f4 /home/josepintor/Documentos/gcc-arm-none-eabi-4_9-2015q3/bin/../lib/gcc/arm-none-eabi/4.9.3/armv6-m/libgcc.a(subdf3.o)
                0x00021894                __aeabi_dsub
 .text          0x00021f88       0x6c /home/josepintor/Documentos/gcc-arm-none-eabi-4_9-2015q3/bin/../lib/gcc/arm-none-eabi/4.9.3/armv6-m/libgcc.a(fixdfsi.o)
                0x00021f88                __aeabi_d2iz
 .text          0x00021ff4       0x78 /home/josepintor/Documentos/gcc-arm-none-eabi-4_9-2015q3/bin/../lib/gcc/arm-none-eabi/4.9.3/armv6-m/libgcc.a(floatsidf.o)
                0x00021ff4                __aeabi_i2d
 .text          0x0002206c       0x64 /home/josepintor/Documentos/gcc-arm-none-eabi-4_9-2015q3/bin/../lib/gcc/arm-none-eabi/4.9.3/armv6-m/libgcc.a(floatunsidf.o)
                0x0002206c                __aeabi_ui2d
 .text          0x000220d0       0x3c /home/josepintor/Documentos/gcc-arm-none-eabi-4_9-2015q3/bin/../lib/gcc/arm-none-eabi/4.9.3/armv6-m/libgcc.a(_clzsi2.o)
                0x000220d0                __clzsi2
 .text          0x0002210c       0x54 /home/josepintor/Documentos/gcc-arm-none-eabi-4_9-2015q3/bin/../lib/gcc/arm-none-eabi/4.9.3/armv6-m/libgcc.a(_muldi3.o)
                0x0002210c                __aeabi_lmul
                0x0002210c                __muldi3
 .text          0x00022160      0x1f0 /home/josepintor/Documentos/gcc-arm-none-eabi-4_9-2015q3/bin/../lib/gcc/arm-none-eabi/4.9.3/armv6-m/libgcc.a(_divdi3.o)
                0x00022160                __divdi3
 .text          0x00022350      0x158 /home/josepintor/Documentos/gcc-arm-none-eabi-4_9-2015q3/bin/../lib/gcc/arm-none-eabi/4.9.3/armv6-m/libgcc.a(_udivdi3.o)
                0x00022350                __udivdi3
 .text          0x000224a8       0x18 /home/josepintor/Documentos/gcc-arm-none-eabi-4_9-2015q3/bin/../lib/gcc/arm-none-eabi/4.9.3/armv6-m/libgcc.a(_clzdi2.o)
                0x000224a8                __clzdi2
 .text.__errno  0x000224c0        0xc /home/josepintor/Documentos/gcc-arm-none-eabi-4_9-2015q3/bin/../lib/gcc/arm-none-eabi/4.9.3/../../../../arm-none-eabi/lib/armv6-m/libc_nano.a(lib_a-errno.o)
                0x000224c0                __errno
 .text.exit     0x000224cc       0x2c /home/josepintor/Documentos/gcc-arm-none-eabi-4_9-2015q3/bin/../lib/gcc/arm-none-eabi/4.9.3/../../../../arm-none-eabi/lib/armv6-m/libc_nano.a(lib_a-exit.o)
                0x000224cc                exit
 .text.__libc_init_array
                0x000224f8       0x4c /home/josepintor/Documentos/gcc-arm-none-eabi-4_9-2015q3/bin/../lib/gcc/arm-none-eabi/4.9.3/../../../../arm-none-eabi/lib/armv6-m/libc_nano.a(lib_a-init.o)
                0x000224f8                __libc_init_array
 .text.memcmp   0x00022544       0x1e /home/josepintor/Documentos/gcc-arm-none-eabi-4_9-2015q3/bin/../lib/gcc/arm-none-eabi/4.9.3/../../../../arm-none-eabi/lib/armv6-m/libc_nano.a(lib_a-memcmp.o)
                0x00022544                memcmp
 .text.memcpy   0x00022562       0x12 /home/josepintor/Documentos/gcc-arm-none-eabi-4_9-2015q3/bin/../lib/gcc/arm-none-eabi/4.9.3/../../../../arm-none-eabi/lib/armv6-m/libc_nano.a(lib_a-memcpy.o)
                0x00022562                memcpy
 .text.memset   0x00022574       0x10 /home/josepintor/Documentos/gcc-arm-none-eabi-4_9-2015q3/bin/../lib/gcc/arm-none-eabi/4.9.3/../../../../arm-none-eabi/lib/armv6-m/libc_nano.a(lib_a-memset.o)
                0x00022574                memset
 .text._free_r  0x00022584       0x8c /home/josepintor/Documentos/gcc-arm-none-eabi-4_9-2015q3/bin/../lib/gcc/arm-none-eabi/4.9.3/../../../../arm-none-eabi/lib/armv6-m/libc_nano.a(lib_a-nano-freer.o)
                0x00022584                _free_r
 .text._malloc_r
                0x00022610       0xb0 /home/josepintor/Documentos/gcc-arm-none-eabi-4_9-2015q3/bin/../lib/gcc/arm-none-eabi/4.9.3/../../../../arm-none-eabi/lib/armv6-m/libc_nano.a(lib_a-nano-mallocr.o)
                0x00022610                _malloc_r
 .text.printf   0x000226c0       0x34 /home/josepintor/Documentos/gcc-arm-none-eabi-4_9-2015q3/bin/../lib/gcc/arm-none-eabi/4.9.3/../../../../arm-none-eabi/lib/armv6-m/libc_nano.a(lib_a-printf.o)
                0x000226c0                printf
                0x000226c0                iprintf
 .text._sbrk_r  0x000226f4       0x24 /home/josepintor/Documentos/gcc-arm-none-eabi-4_9-2015q3/bin/../lib/gcc/arm-none-eabi/4.9.3/../../../../arm-none-eabi/lib/armv6-m/libc_nano.a(lib_a-sbrkr.o)
                0x000226f4                _sbrk_r
 .text.sprintf  0x00022718       0x44 /home/josepintor/Documentos/gcc-arm-none-eabi-4_9-2015q3/bin/../lib/gcc/arm-none-eabi/4.9.3/../../../../arm-none-eabi/lib/armv6-m/libc_nano.a(lib_a-sprintf.o)
                0x00022718                sprintf
                0x00022718                siprintf
 .text.strcpy   0x0002275c       0x10 /home/josepintor/Documentos/gcc-arm-none-eabi-4_9-2015q3/bin/../lib/gcc/arm-none-eabi/4.9.3/../../../../arm-none-eabi/lib/armv6-m/libc_nano.a(lib_a-strcpy.o)
                0x0002275c                strcpy
 .text.strlen   0x0002276c        0xe /home/josepintor/Documentos/gcc-arm-none-eabi-4_9-2015q3/bin/../lib/gcc/arm-none-eabi/4.9.3/../../../../arm-none-eabi/lib/armv6-m/libc_nano.a(lib_a-strlen.o)
                0x0002276c                strlen
 *fill*         0x0002277a        0x2 
 .text._cleanup_r
                0x0002277c       0x10 /home/josepintor/Documentos/gcc-arm-none-eabi-4_9-2015q3/bin/../lib/gcc/arm-none-eabi/4.9.3/../../../../arm-none-eabi/lib/armv6-m/libc_nano.a(lib_a-findfp.o)
                0x0002277c                _cleanup_r
 .text.std.isra.0
                0x0002278c       0x48 /home/josepintor/Documentos/gcc-arm-none-eabi-4_9-2015q3/bin/../lib/gcc/arm-none-eabi/4.9.3/../../../../arm-none-eabi/lib/armv6-m/libc_nano.a(lib_a-findfp.o)
 .text.__sfmoreglue
                0x000227d4       0x2c /home/josepintor/Documentos/gcc-arm-none-eabi-4_9-2015q3/bin/../lib/gcc/arm-none-eabi/4.9.3/../../../../arm-none-eabi/lib/armv6-m/libc_nano.a(lib_a-findfp.o)
                0x000227d4                __sfmoreglue
 .text.__sinit  0x00022800       0x64 /home/josepintor/Documentos/gcc-arm-none-eabi-4_9-2015q3/bin/../lib/gcc/arm-none-eabi/4.9.3/../../../../arm-none-eabi/lib/armv6-m/libc_nano.a(lib_a-findfp.o)
                0x00022800                __sinit
 .text.__sfp    0x00022864       0x7c /home/josepintor/Documentos/gcc-arm-none-eabi-4_9-2015q3/bin/../lib/gcc/arm-none-eabi/4.9.3/../../../../arm-none-eabi/lib/armv6-m/libc_nano.a(lib_a-findfp.o)
                0x00022864                __sfp
 .text._fwalk_reent
                0x000228e0       0x42 /home/josepintor/Documentos/gcc-arm-none-eabi-4_9-2015q3/bin/../lib/gcc/arm-none-eabi/4.9.3/../../../../arm-none-eabi/lib/armv6-m/libc_nano.a(lib_a-fwalk.o)
                0x000228e0                _fwalk_reent
 *fill*         0x00022922        0x2 
 .text.__ssputs_r
                0x00022924       0xc0 /home/josepintor/Documentos/gcc-arm-none-eabi-4_9-2015q3/bin/../lib/gcc/arm-none-eabi/4.9.3/../../../../arm-none-eabi/lib/armv6-m/libc_nano.a(lib_a-nano-svfprintf.o)
                0x00022924                __ssputs_r
 .text._svfprintf_r
                0x000229e4      0x1ec /home/josepintor/Documentos/gcc-arm-none-eabi-4_9-2015q3/bin/../lib/gcc/arm-none-eabi/4.9.3/../../../../arm-none-eabi/lib/armv6-m/libc_nano.a(lib_a-nano-svfprintf.o)
                0x000229e4                _svfprintf_r
                0x000229e4                _svfiprintf_r
 .text.__sfputc_r
                0x00022bd0       0x2a /home/josepintor/Documentos/gcc-arm-none-eabi-4_9-2015q3/bin/../lib/gcc/arm-none-eabi/4.9.3/../../../../arm-none-eabi/lib/armv6-m/libc_nano.a(lib_a-nano-vfprintf.o)
 .text.__sfputs_r
                0x00022bfa       0x24 /home/josepintor/Documentos/gcc-arm-none-eabi-4_9-2015q3/bin/../lib/gcc/arm-none-eabi/4.9.3/../../../../arm-none-eabi/lib/armv6-m/libc_nano.a(lib_a-nano-vfprintf.o)
                0x00022bfa                __sfputs_r
 *fill*         0x00022c1e        0x2 
 .text._vfprintf_r
                0x00022c20      0x220 /home/josepintor/Documentos/gcc-arm-none-eabi-4_9-2015q3/bin/../lib/gcc/arm-none-eabi/4.9.3/../../../../arm-none-eabi/lib/armv6-m/libc_nano.a(lib_a-nano-vfprintf.o)
                0x00022c20                _vfiprintf_r
                0x00022c20                _vfprintf_r
 .text._printf_common
                0x00022e40       0xdc /home/josepintor/Documentos/gcc-arm-none-eabi-4_9-2015q3/bin/../lib/gcc/arm-none-eabi/4.9.3/../../../../arm-none-eabi/lib/armv6-m/libc_nano.a(lib_a-nano-vfprintf_i.o)
                0x00022e40                _printf_common
 .text._printf_i
                0x00022f1c      0x230 /home/josepintor/Documentos/gcc-arm-none-eabi-4_9-2015q3/bin/../lib/gcc/arm-none-eabi/4.9.3/../../../../arm-none-eabi/lib/armv6-m/libc_nano.a(lib_a-nano-vfprintf_i.o)
                0x00022f1c                _printf_i
 .text.__sread  0x0002314c       0x28 /home/josepintor/Documentos/gcc-arm-none-eabi-4_9-2015q3/bin/../lib/gcc/arm-none-eabi/4.9.3/../../../../arm-none-eabi/lib/armv6-m/libc_nano.a(lib_a-stdio.o)
                0x0002314c                __sread
 .text.__swrite
                0x00023174       0x38 /home/josepintor/Documentos/gcc-arm-none-eabi-4_9-2015q3/bin/../lib/gcc/arm-none-eabi/4.9.3/../../../../arm-none-eabi/lib/armv6-m/libc_nano.a(lib_a-stdio.o)
                0x00023174                __swrite
 .text.__sseek  0x000231ac       0x2c /home/josepintor/Documentos/gcc-arm-none-eabi-4_9-2015q3/bin/../lib/gcc/arm-none-eabi/4.9.3/../../../../arm-none-eabi/lib/armv6-m/libc_nano.a(lib_a-stdio.o)
                0x000231ac                __sseek
 .text.__sclose
                0x000231d8        0xc /home/josepintor/Documentos/gcc-arm-none-eabi-4_9-2015q3/bin/../lib/gcc/arm-none-eabi/4.9.3/../../../../arm-none-eabi/lib/armv6-m/libc_nano.a(lib_a-stdio.o)
                0x000231d8                __sclose
 .text.__swbuf_r
                0x000231e4       0xb0 /home/josepintor/Documentos/gcc-arm-none-eabi-4_9-2015q3/bin/../lib/gcc/arm-none-eabi/4.9.3/../../../../arm-none-eabi/lib/armv6-m/libc_nano.a(lib_a-wbuf.o)
                0x000231e4                __swbuf_r
 .text._write_r
                0x00023294       0x28 /home/josepintor/Documentos/gcc-arm-none-eabi-4_9-2015q3/bin/../lib/gcc/arm-none-eabi/4.9.3/../../../../arm-none-eabi/lib/armv6-m/libc_nano.a(lib_a-writer.o)
                0x00023294                _write_r
 .text.__swsetup_r
                0x000232bc       0xe8 /home/josepintor/Documentos/gcc-arm-none-eabi-4_9-2015q3/bin/../lib/gcc/arm-none-eabi/4.9.3/../../../../arm-none-eabi/lib/armv6-m/libc_nano.a(lib_a-wsetup.o)
                0x000232bc                __swsetup_r
 .text._close_r
                0x000233a4       0x24 /home/josepintor/Documentos/gcc-arm-none-eabi-4_9-2015q3/bin/../lib/gcc/arm-none-eabi/4.9.3/../../../../arm-none-eabi/lib/armv6-m/libc_nano.a(lib_a-closer.o)
                0x000233a4                _close_r
 .text.__sflush_r
                0x000233c8      0x112 /home/josepintor/Documentos/gcc-arm-none-eabi-4_9-2015q3/bin/../lib/gcc/arm-none-eabi/4.9.3/../../../../arm-none-eabi/lib/armv6-m/libc_nano.a(lib_a-fflush.o)
                0x000233c8                __sflush_r
 *fill*         0x000234da        0x2 
 .text._fflush_r
                0x000234dc       0x58 /home/josepintor/Documentos/gcc-arm-none-eabi-4_9-2015q3/bin/../lib/gcc/arm-none-eabi/4.9.3/../../../../arm-none-eabi/lib/armv6-m/libc_nano.a(lib_a-fflush.o)
                0x000234dc                _fflush_r
 .text._lseek_r
                0x00023534       0x28 /home/josepintor/Documentos/gcc-arm-none-eabi-4_9-2015q3/bin/../lib/gcc/arm-none-eabi/4.9.3/../../../../arm-none-eabi/lib/armv6-m/libc_nano.a(lib_a-lseekr.o)
                0x00023534                _lseek_r
 .text.__smakebuf_r
                0x0002355c       0xb0 /home/josepintor/Documentos/gcc-arm-none-eabi-4_9-2015q3/bin/../lib/gcc/arm-none-eabi/4.9.3/../../../../arm-none-eabi/lib/armv6-m/libc_nano.a(lib_a-makebuf.o)
                0x0002355c                __smakebuf_r
 .text.memchr   0x0002360c       0x16 /home/josepintor/Documentos/gcc-arm-none-eabi-4_9-2015q3/bin/../lib/gcc/arm-none-eabi/4.9.3/../../../../arm-none-eabi/lib/armv6-m/libc_nano.a(lib_a-memchr.o)
                0x0002360c                memchr
 .text.memmove  0x00023622       0x28 /home/josepintor/Documentos/gcc-arm-none-eabi-4_9-2015q3/bin/../lib/gcc/arm-none-eabi/4.9.3/../../../../arm-none-eabi/lib/armv6-m/libc_nano.a(lib_a-memmove.o)
                0x00023622                memmove
 .text._realloc_r
                0x0002364a       0x4c /home/josepintor/Documentos/gcc-arm-none-eabi-4_9-2015q3/bin/../lib/gcc/arm-none-eabi/4.9.3/../../../../arm-none-eabi/lib/armv6-m/libc_nano.a(lib_a-nano-reallocr.o)
                0x0002364a                _realloc_r
 *fill*         0x00023696        0x2 
 .text._read_r  0x00023698       0x28 /home/josepintor/Documentos/gcc-arm-none-eabi-4_9-2015q3/bin/../lib/gcc/arm-none-eabi/4.9.3/../../../../arm-none-eabi/lib/armv6-m/libc_nano.a(lib_a-readr.o)
                0x00023698                _read_r
 .text._fstat_r
                0x000236c0       0x24 /home/josepintor/Documentos/gcc-arm-none-eabi-4_9-2015q3/bin/../lib/gcc/arm-none-eabi/4.9.3/../../../../arm-none-eabi/lib/armv6-m/libc_nano.a(lib_a-fstatr.o)
                0x000236c0                _fstat_r
 .text._isatty_r
                0x000236e4       0x24 /home/josepintor/Documentos/gcc-arm-none-eabi-4_9-2015q3/bin/../lib/gcc/arm-none-eabi/4.9.3/../../../../arm-none-eabi/lib/armv6-m/libc_nano.a(lib_a-isattyr.o)
                0x000236e4                _isatty_r
 .text._malloc_usable_size_r
                0x00023708       0x16 /home/josepintor/Documentos/gcc-arm-none-eabi-4_9-2015q3/bin/../lib/gcc/arm-none-eabi/4.9.3/../../../../arm-none-eabi/lib/armv6-m/libc_nano.a(lib_a-nano-msizer.o)
                0x00023708                _malloc_usable_size_r
 *fill*         0x0002371e        0x2 
 .text._close   0x00023720       0x10 /home/josepintor/Documentos/gcc-arm-none-eabi-4_9-2015q3/bin/../lib/gcc/arm-none-eabi/4.9.3/../../../../arm-none-eabi/lib/armv6-m/libnosys.a(close.o)
                0x00023720                _close
 .text._fstat   0x00023730       0x10 /home/josepintor/Documentos/gcc-arm-none-eabi-4_9-2015q3/bin/../lib/gcc/arm-none-eabi/4.9.3/../../../../arm-none-eabi/lib/armv6-m/libnosys.a(fstat.o)
                0x00023730                _fstat
 .text._isatty  0x00023740       0x10 /home/josepintor/Documentos/gcc-arm-none-eabi-4_9-2015q3/bin/../lib/gcc/arm-none-eabi/4.9.3/../../../../arm-none-eabi/lib/armv6-m/libnosys.a(isatty.o)
                0x00023740                _isatty
 .text._lseek   0x00023750       0x10 /home/josepintor/Documentos/gcc-arm-none-eabi-4_9-2015q3/bin/../lib/gcc/arm-none-eabi/4.9.3/../../../../arm-none-eabi/lib/armv6-m/libnosys.a(lseek.o)
                0x00023750                _lseek
 .text._read    0x00023760       0x10 /home/josepintor/Documentos/gcc-arm-none-eabi-4_9-2015q3/bin/../lib/gcc/arm-none-eabi/4.9.3/../../../../arm-none-eabi/lib/armv6-m/libnosys.a(read.o)
                0x00023760                _read
 .text._sbrk    0x00023770       0x1c /home/josepintor/Documentos/gcc-arm-none-eabi-4_9-2015q3/bin/../lib/gcc/arm-none-eabi/4.9.3/../../../../arm-none-eabi/lib/armv6-m/libnosys.a(sbrk.o)
                0x00023770                _sbrk
 .text._write   0x0002378c       0x10 /home/josepintor/Documentos/gcc-arm-none-eabi-4_9-2015q3/bin/../lib/gcc/arm-none-eabi/4.9.3/../../../../arm-none-eabi/lib/armv6-m/libnosys.a(write.o)
                0x0002378c                _write
 .text._exit    0x0002379c        0x4 /home/josepintor/Documentos/gcc-arm-none-eabi-4_9-2015q3/bin/../lib/gcc/arm-none-eabi/4.9.3/../../../../arm-none-eabi/lib/armv6-m/libnosys.a(_exit.o)
                0x0002379c                _exit
 *(.init)
 .init          0x000237a0        0x4 /home/josepintor/Documentos/gcc-arm-none-eabi-4_9-2015q3/bin/../lib/gcc/arm-none-eabi/4.9.3/armv6-m/crti.o
                0x000237a0                _init
 .init          0x000237a4        0x8 /home/josepintor/Documentos/gcc-arm-none-eabi-4_9-2015q3/bin/../lib/gcc/arm-none-eabi/4.9.3/armv6-m/crtn.o
 *(.fini)
 .fini          0x000237ac        0x4 /home/josepintor/Documentos/gcc-arm-none-eabi-4_9-2015q3/bin/../lib/gcc/arm-none-eabi/4.9.3/armv6-m/crti.o
                0x000237ac                _fini
 .fini          0x000237b0        0x8 /home/josepintor/Documentos/gcc-arm-none-eabi-4_9-2015q3/bin/../lib/gcc/arm-none-eabi/4.9.3/armv6-m/crtn.o
 *crtbegin.o(.ctors)
 *crtbegin?.o(.ctors)
 *(EXCLUDE_FILE(*crtend.o *crtend?.o) .ctors)
 *(SORT(.ctors.*))
 *(.ctors)
 *crtbegin.o(.dtors)
 *crtbegin?.o(.dtors)
 *(EXCLUDE_FILE(*crtend.o *crtend?.o) .dtors)
 *(SORT(.dtors.*))
 *(.dtors)
 *(.rodata*)
 .rodata.str1.1
                0x000237b8       0xaf _build/init.o
 .rodata.str1.1
                0x00023867      0x106 _build/utils.o
                                0x107 (size before relaxing)
 .rodata        0x0002396d       0x10 _build/ble_ambient.o
 .rodata.str1.1
                0x0002397d       0x4a _build/ble_ambient.o
                                 0xa2 (size before relaxing)
 .rodata.str1.1
                0x000239c7      0x482 _build/main.o
                                0x487 (size before relaxing)
 .rodata.str1.1
                0x00023e49       0x82 _build/SparkFunTSL2561.o
 .rodata.str1.1
                0x00023ecb       0x44 _build/SparkFunMS1.o
 .rodata.str1.1
                0x00023f0f       0xdf _build/rain.o
 .rodata.str1.1
                0x00023fee       0xba _build/uv.o
                                 0xd1 (size before relaxing)
 .rodata.str1.1
                0x000240a8      0x106 _build/temp.o
                                0x11d (size before relaxing)
 .rodata.str1.1
                0x000241ae       0xfc _build/lum.o
                                0x113 (size before relaxing)
 .rodata.str1.1
                0x000242aa       0x80 _build/sd2app.o
                                 0xaf (size before relaxing)
 .rodata.str1.1
                0x0002432a       0xe9 _build/pr.o
                                0x100 (size before relaxing)
 .rodata.str1.1
                0x00024413       0xef _build/hum.o
                                0x106 (size before relaxing)
 .rodata.str1.1
                0x00024502      0x110 _build/humsolo.o
                                0x127 (size before relaxing)
 .rodata.str1.1
                0x00024612      0x10c _build/battery.o
 .rodata.str1.1
                0x0002471e       0x65 _build/mpu9x50.o
 .rodata.str1.1
                0x00024783       0x1f _build/fhp_gpio.o
 .rodata        0x000247a2        0xa _build/nrf_pwm.o
 .rodata.str1.1
                0x000247ac        0x9 _build/SEGGER_RTT.o
 .rodata.str1.1
                0x000247b5       0x43 _build/ff.o
 .rodata        0x000247f8        0x3 _build/spi_fhp_master.o
 .rodata.str1.1
                0x000247fb       0x59 _build/ble_dis.o
 .rodata.str1.1
                0x00024854       0x5c _build/softdevice_handler.o
 .rodata.str1.1
                0x000248b0       0x54 _build/app_timer.o
 .rodata        0x00024904       0x34 _build/device_manager_peripheral.o
                0x00024904                m_service_context_store
                0x00024914                m_service_context_load
                0x00024924                m_service_context_apply
                0x00024934                m_context_init_len
 .rodata.str1.1
                0x00024938       0x58 _build/app_scheduler.o
 .rodata.str1.4
                0x00024990        0x4 /home/josepintor/Documentos/gcc-arm-none-eabi-4_9-2015q3/bin/../lib/gcc/arm-none-eabi/4.9.3/../../../../arm-none-eabi/lib/armv6-m/libm.a(lib_a-w_pow.o)
 *fill*         0x00024994        0x4 
 .rodata.dp_h   0x00024998       0x10 /home/josepintor/Documentos/gcc-arm-none-eabi-4_9-2015q3/bin/../lib/gcc/arm-none-eabi/4.9.3/../../../../arm-none-eabi/lib/armv6-m/libm.a(lib_a-e_pow.o)
 .rodata.dp_l   0x000249a8       0x10 /home/josepintor/Documentos/gcc-arm-none-eabi-4_9-2015q3/bin/../lib/gcc/arm-none-eabi/4.9.3/../../../../arm-none-eabi/lib/armv6-m/libm.a(lib_a-e_pow.o)
 .rodata.bp     0x000249b8       0x10 /home/josepintor/Documentos/gcc-arm-none-eabi-4_9-2015q3/bin/../lib/gcc/arm-none-eabi/4.9.3/../../../../arm-none-eabi/lib/armv6-m/libm.a(lib_a-e_pow.o)
 .rodata.str1.4
                0x000249c8        0x4 /home/josepintor/Documentos/gcc-arm-none-eabi-4_9-2015q3/bin/../lib/gcc/arm-none-eabi/4.9.3/../../../../arm-none-eabi/lib/armv6-m/libm.a(lib_a-e_pow.o)
                                  0x1 (size before relaxing)
 *fill*         0x000249cc        0x4 
 .rodata.TWO52  0x000249d0       0x10 /home/josepintor/Documentos/gcc-arm-none-eabi-4_9-2015q3/bin/../lib/gcc/arm-none-eabi/4.9.3/../../../../arm-none-eabi/lib/armv6-m/libm.a(lib_a-s_rint.o)
 .rodata        0x000249e0       0x40 /home/josepintor/Documentos/gcc-arm-none-eabi-4_9-2015q3/bin/../lib/gcc/arm-none-eabi/4.9.3/armv6-m/libgcc.a(divdf3.o)
 .rodata        0x00024a20       0x40 /home/josepintor/Documentos/gcc-arm-none-eabi-4_9-2015q3/bin/../lib/gcc/arm-none-eabi/4.9.3/armv6-m/libgcc.a(muldf3.o)
 .rodata.str1.1
                0x00024a60        0x2 /home/josepintor/Documentos/gcc-arm-none-eabi-4_9-2015q3/bin/../lib/gcc/arm-none-eabi/4.9.3/../../../../arm-none-eabi/lib/armv6-m/libc_nano.a(lib_a-impure.o)
 *fill*         0x00024a62        0x2 
 .rodata._global_impure_ptr
                0x00024a64        0x4 /home/josepintor/Documentos/gcc-arm-none-eabi-4_9-2015q3/bin/../lib/gcc/arm-none-eabi/4.9.3/../../../../arm-none-eabi/lib/armv6-m/libc_nano.a(lib_a-impure.o)
                0x00024a64                _global_impure_ptr
 .rodata.__sf_fake_stdin
                0x00024a68       0x20 /home/josepintor/Documentos/gcc-arm-none-eabi-4_9-2015q3/bin/../lib/gcc/arm-none-eabi/4.9.3/../../../../arm-none-eabi/lib/armv6-m/libc_nano.a(lib_a-findfp.o)
                0x00024a68                __sf_fake_stdin
 .rodata.__sf_fake_stdout
                0x00024a88       0x20 /home/josepintor/Documentos/gcc-arm-none-eabi-4_9-2015q3/bin/../lib/gcc/arm-none-eabi/4.9.3/../../../../arm-none-eabi/lib/armv6-m/libc_nano.a(lib_a-findfp.o)
                0x00024a88                __sf_fake_stdout
 .rodata.__sf_fake_stderr
                0x00024aa8       0x20 /home/josepintor/Documentos/gcc-arm-none-eabi-4_9-2015q3/bin/../lib/gcc/arm-none-eabi/4.9.3/../../../../arm-none-eabi/lib/armv6-m/libc_nano.a(lib_a-findfp.o)
                0x00024aa8                __sf_fake_stderr
 .rodata.str1.1
                0x00024ac8       0x11 /home/josepintor/Documentos/gcc-arm-none-eabi-4_9-2015q3/bin/../lib/gcc/arm-none-eabi/4.9.3/../../../../arm-none-eabi/lib/armv6-m/libc_nano.a(lib_a-nano-svfprintf.o)
 .rodata.str1.1
                0x00000000       0x11 /home/josepintor/Documentos/gcc-arm-none-eabi-4_9-2015q3/bin/../lib/gcc/arm-none-eabi/4.9.3/../../../../arm-none-eabi/lib/armv6-m/libc_nano.a(lib_a-nano-vfprintf.o)
 .rodata.str1.1
                0x00024ad9       0x22 /home/josepintor/Documentos/gcc-arm-none-eabi-4_9-2015q3/bin/../lib/gcc/arm-none-eabi/4.9.3/../../../../arm-none-eabi/lib/armv6-m/libc_nano.a(lib_a-nano-vfprintf_i.o)
 *(.eh_frame*)

.glue_7         0x00024afc        0x0
 .glue_7        0x00000000        0x0 linker stubs

.glue_7t        0x00024afc        0x0
 .glue_7t       0x00000000        0x0 linker stubs

.vfp11_veneer   0x00024afc        0x0
 .vfp11_veneer  0x00000000        0x0 linker stubs

.v4_bx          0x00024afc        0x0
 .v4_bx         0x00000000        0x0 linker stubs

.iplt           0x00024afc        0x0
 .iplt          0x00000000        0x0 /home/josepintor/Documentos/gcc-arm-none-eabi-4_9-2015q3/bin/../lib/gcc/arm-none-eabi/4.9.3/armv6-m/crtbegin.o

.ARM.extab
 *(.ARM.extab* .gnu.linkonce.armextab.*)
                0x00024afc                __exidx_start = .

.ARM.exidx      0x00024afc        0x8
 *(.ARM.exidx* .gnu.linkonce.armexidx.*)
 .ARM.exidx     0x00024afc        0x8 /home/josepintor/Documentos/gcc-arm-none-eabi-4_9-2015q3/bin/../lib/gcc/arm-none-eabi/4.9.3/../../../../arm-none-eabi/lib/armv6-m/crt0.o
 .ARM.exidx     0x00024b04        0x0 _build/gcc_startup_nrf51.o
                                  0x8 (size before relaxing)
 .ARM.exidx     0x00024b04        0x0 /home/josepintor/Documentos/gcc-arm-none-eabi-4_9-2015q3/bin/../lib/gcc/arm-none-eabi/4.9.3/armv6-m/libgcc.a(_divdi3.o)
                                  0x8 (size before relaxing)
 .ARM.exidx     0x00024b04        0x0 /home/josepintor/Documentos/gcc-arm-none-eabi-4_9-2015q3/bin/../lib/gcc/arm-none-eabi/4.9.3/armv6-m/libgcc.a(_udivdi3.o)
                                  0x8 (size before relaxing)
                0x00024b04                __exidx_end = .
                0x00024b04                __etext = .

.rel.dyn        0x00024b04        0x0
 .rel.iplt      0x00000000        0x0 /home/josepintor/Documentos/gcc-arm-none-eabi-4_9-2015q3/bin/../lib/gcc/arm-none-eabi/4.9.3/armv6-m/crtbegin.o

.data           0x20002000      0x138 load address 0x00024b04
                0x20002000                __data_start__ = .
 *(vtable)
 *(.data*)
 .data          0x20002000        0x2 _build/main.o
 *fill*         0x20002002        0x2 
 .data          0x20002004       0x13 _build/SparkFunTSL2561.o
                0x20002004                TSL2561_ADDR
                0x20002005                TSL2561_CMD_CLEAR
                0x20002006                TSL2561_CMD
                0x20002007                TSL2561_REG_ID
                0x20002008                TSL2561_REG_TIMING
                0x2000200c                ms
                0x20002010                TSL2561_REG_INTCTL
                0x20002011                TSL2561_REG_DATA_0
                0x20002012                TSL2561_REG_DATA_1
                0x20002013                TSL2561_REG_THRESH_L
                0x20002014                TSL2561_REG_THRESH_H
                0x20002015                TSL2561_ADDR_1
                0x20002016                TSL2561_ADDR_0
 *fill*         0x20002017        0x1 
 .data          0x20002018       0x3c _build/fhp_gpio.o
 .data          0x20002054        0x4 _build/nrf_pwm.o
 .data          0x20002058       0x78 _build/SEGGER_RTT.o
 .data          0x200020d0        0x1 _build/diskio.o
 .data.__fdlib_version
                0x200020d1        0x1 /home/josepintor/Documentos/gcc-arm-none-eabi-4_9-2015q3/bin/../lib/gcc/arm-none-eabi/4.9.3/../../../../arm-none-eabi/lib/armv6-m/libm.a(lib_a-s_lib_ver.o)
                0x200020d1                __fdlib_version
 *fill*         0x200020d2        0x2 
 .data.impure_data
                0x200020d4       0x60 /home/josepintor/Documentos/gcc-arm-none-eabi-4_9-2015q3/bin/../lib/gcc/arm-none-eabi/4.9.3/../../../../arm-none-eabi/lib/armv6-m/libc_nano.a(lib_a-impure.o)
 .data._impure_ptr
                0x20002134        0x4 /home/josepintor/Documentos/gcc-arm-none-eabi-4_9-2015q3/bin/../lib/gcc/arm-none-eabi/4.9.3/../../../../arm-none-eabi/lib/armv6-m/libc_nano.a(lib_a-impure.o)
                0x20002134                _impure_ptr
                0x20002138                . = ALIGN (0x4)
                0x20002138                PROVIDE (__preinit_array_start, .)
 *(.preinit_array)
                0x20002138                PROVIDE (__preinit_array_end, .)
                0x20002138                . = ALIGN (0x4)
                0x20002138                PROVIDE (__init_array_start, .)
 *(SORT(.init_array.*))
 *(.init_array)
                0x20002138                PROVIDE (__init_array_end, .)
                0x20002138                . = ALIGN (0x4)
                0x20002138                PROVIDE (__fini_array_start, .)
 *(SORT(.fini_array.*))
 *(.fini_array)
                0x20002138                PROVIDE (__fini_array_end, .)
 *(.jcr)
                0x20002138                . = ALIGN (0x4)
                0x20002138                __data_end__ = .

.igot.plt       0x20002138        0x0 load address 0x00024c3c
 .igot.plt      0x00000000        0x0 /home/josepintor/Documentos/gcc-arm-none-eabi-4_9-2015q3/bin/../lib/gcc/arm-none-eabi/4.9.3/armv6-m/crtbegin.o

.bss            0x20002138     0x166c load address 0x00024c40
                0x20002138                . = ALIGN (0x4)
                0x20002138                __bss_start__ = .
 *(.bss*)
 .bss           0x20002138      0x9d4 _build/init.o
 .bss           0x20002b0c        0x8 _build/nosso.o
 .bss           0x20002b14       0x84 _build/ble_ambient.o
 .bss           0x20002b98        0x4 _build/sd_card.o
 .bss           0x20002b9c        0x4 _build/SparkFunTSL2561.o
                0x20002b9c                TSL2561_REG_CONTROL
                0x20002b9d                time
                0x20002b9e                good
                0x20002b9f                error
 .bss           0x20002ba0        0x2 _build/battery.o
 .bss           0x20002ba2        0x1 _build/max1161x.o
 .bss           0x20002ba3        0x1 _build/max17048.o
 .bss           0x20002ba4        0x3 _build/pca9538.o
 *fill*         0x20002ba7        0x1 
 .bss           0x20002ba8       0x58 _build/nrf_pwm.o
 .bss           0x20002c00        0x4 _build/bme280.o
 .bss           0x20002c04      0x411 _build/SEGGER_RTT.o
 *fill*         0x20003015        0x3 
 .bss           0x20003018        0x6 _build/ff.o
 .bss           0x2000301e        0x1 _build/diskio.o
 *fill*         0x2000301f        0x1 
 .bss           0x20003020       0x4a _build/ble_dis.o
 *fill*         0x2000306a        0x2 
 .bss           0x2000306c       0x18 _build/softdevice_handler.o
 .bss           0x20003084       0x35 _build/ble_conn_params.o
 *fill*         0x200030b9        0x3 
 .bss           0x200030bc       0x29 _build/app_timer.o
 *fill*         0x200030e5        0x3 
 .bss           0x200030e8       0xf8 _build/pstorage.o
 .bss           0x200031e0      0x120 _build/device_manager_peripheral.o
 .bss           0x20003300        0xa _build/app_gpiote.o
 *fill*         0x2000330a        0x2 
 .bss           0x2000330c        0xe _build/app_scheduler.o
 *fill*         0x2000331a        0x2 
 .bss.__malloc_sbrk_start
                0x2000331c        0x4 /home/josepintor/Documentos/gcc-arm-none-eabi-4_9-2015q3/bin/../lib/gcc/arm-none-eabi/4.9.3/../../../../arm-none-eabi/lib/armv6-m/libc_nano.a(lib_a-nano-mallocr.o)
                0x2000331c                __malloc_sbrk_start
 .bss.__malloc_free_list
                0x20003320        0x4 /home/josepintor/Documentos/gcc-arm-none-eabi-4_9-2015q3/bin/../lib/gcc/arm-none-eabi/4.9.3/../../../../arm-none-eabi/lib/armv6-m/libc_nano.a(lib_a-nano-mallocr.o)
                0x20003320                __malloc_free_list
 .bss.heap_end.4079
                0x20003324        0x4 /home/josepintor/Documentos/gcc-arm-none-eabi-4_9-2015q3/bin/../lib/gcc/arm-none-eabi/4.9.3/../../../../arm-none-eabi/lib/armv6-m/libnosys.a(sbrk.o)
 *(COMMON)
 COMMON         0x20003328      0x434 _build/init.o
                0x20003328                m_gauge_timer_id
                0x20003330                m_humsolo
                0x20003350                m_gpiote_user_ch
                0x20003351                _i2c_address
                0x20003354                m_watchdog_timer_id
                0x20003358                twi_busy
                0x20003359                m_app_handle
                0x20003360                m_rain
                0x20003380                m_sd2app
                0x200033a0                m_pr
                0x200033c0                high_voltage_on
                0x200033c8                m_hum
                0x200033e8                low_battery
                0x200033ec                m_rtc_timer_id
                0x200033f0                m_amb
                0x200034c0                m_temp
                0x200034e0                _error
                0x200034e8                m_uv
                0x20003508                sd_card
                0x20003738                m_lum
                0x20003758                m_base_timer_id
 COMMON         0x2000375c        0x4 _build/SparkFunTSL2561.o
                0x2000375c                data1
                0x2000375d                ID
                0x2000375e                data0
                0x2000375f                gain
 COMMON         0x20003760        0x1 _build/mpu9x50.o
                0x20003760                device_address
 *fill*         0x20003761        0x3 
 COMMON         0x20003764       0x3c _build/bme280.o
                0x20003764                bme280
 COMMON         0x200037a0        0x4 /home/josepintor/Documentos/gcc-arm-none-eabi-4_9-2015q3/bin/../lib/gcc/arm-none-eabi/4.9.3/../../../../arm-none-eabi/lib/armv6-m/libc_nano.a(lib_a-reent.o)
                0x200037a0                errno
                0x200037a4                . = ALIGN (0x4)
                0x200037a4                __bss_end__ = .

.heap           0x200037a8        0x0
                0x200037a8                __end__ = .
                0x200037a8                end = __end__
 *(.heap*)
 .heap          0x200037a8        0x0 _build/gcc_startup_nrf51.o
                0x200037a8                __HeapLimit = .

.stack_dummy    0x200037a8      0x800
 *(.stack*)
 .stack         0x200037a8      0x800 _build/gcc_startup_nrf51.o
                0x20004000                __StackTop = (ORIGIN (RAM) + 0x2000)
                0x20003800                __StackLimit = (__StackTop - SIZEOF (.stack_dummy))
                0x20004000                PROVIDE (__stack, __StackTop)
                0x00000001                ASSERT ((__StackLimit >= __HeapLimit), region RAM overflowed with stack)
OUTPUT(_build/setec_s110_xxaa.out elf32-littlearm)

.ARM.attributes
                0x00000000       0x28
 .ARM.attributes
                0x00000000       0x1e /home/josepintor/Documentos/gcc-arm-none-eabi-4_9-2015q3/bin/../lib/gcc/arm-none-eabi/4.9.3/armv6-m/crti.o
 .ARM.attributes
                0x0000001e       0x1b /home/josepintor/Documentos/gcc-arm-none-eabi-4_9-2015q3/bin/../lib/gcc/arm-none-eabi/4.9.3/../../../../arm-none-eabi/lib/armv6-m/crt0.o
 .ARM.attributes
                0x00000039       0x31 _build/init.o
 .ARM.attributes
                0x0000006a       0x31 _build/utils.o
 .ARM.attributes
                0x0000009b       0x31 _build/nosso.o
 .ARM.attributes
                0x000000cc       0x31 _build/ble_ambient.o
 .ARM.attributes
                0x000000fd       0x31 _build/main.o
 .ARM.attributes
                0x0000012e       0x31 _build/sd_card.o
 .ARM.attributes
                0x0000015f       0x31 _build/SparkFunTSL2561.o
 .ARM.attributes
                0x00000190       0x31 _build/SparkFunMS1.o
 .ARM.attributes
                0x000001c1       0x31 _build/rain.o
 .ARM.attributes
                0x000001f2       0x31 _build/uv.o
 .ARM.attributes
                0x00000223       0x31 _build/temp.o
 .ARM.attributes
                0x00000254       0x31 _build/lum.o
 .ARM.attributes
                0x00000285       0x31 _build/sd2app.o
 .ARM.attributes
                0x000002b6       0x31 _build/pr.o
 .ARM.attributes
                0x000002e7       0x31 _build/hum.o
 .ARM.attributes
                0x00000318       0x31 _build/humsolo.o
 .ARM.attributes
                0x00000349       0x31 _build/battery.o
 .ARM.attributes
                0x0000037a       0x31 _build/max1161x.o
 .ARM.attributes
                0x000003ab       0x31 _build/mpu9x50.o
 .ARM.attributes
                0x000003dc       0x31 _build/max17048.o
 .ARM.attributes
                0x0000040d       0x31 _build/pca9538.o
 .ARM.attributes
                0x0000043e       0x31 _build/fhp_gpio.o
 .ARM.attributes
                0x0000046f       0x31 _build/nrf_pwm.o
 .ARM.attributes
                0x000004a0       0x31 _build/bme280.o
 .ARM.attributes
                0x000004d1       0x31 _build/SEGGER_RTT.o
 .ARM.attributes
                0x00000502       0x31 _build/ff.o
 .ARM.attributes
                0x00000533       0x31 _build/diskio.o
 .ARM.attributes
                0x00000564       0x31 _build/spi_fhp_master.o
 .ARM.attributes
                0x00000595       0x31 _build/twi_hw_master.o
 .ARM.attributes
                0x000005c6       0x31 _build/ble_dis.o
 .ARM.attributes
                0x000005f7       0x31 _build/ble_srv_common.o
 .ARM.attributes
                0x00000628       0x31 _build/softdevice_handler.o
 .ARM.attributes
                0x00000659       0x31 _build/ble_advdata.o
 .ARM.attributes
                0x0000068a       0x31 _build/ble_conn_params.o
 .ARM.attributes
                0x000006bb       0x31 _build/app_timer.o
 .ARM.attributes
                0x000006ec       0x31 _build/pstorage.o
 .ARM.attributes
                0x0000071d       0x31 _build/device_manager_peripheral.o
 .ARM.attributes
                0x0000074e       0x31 _build/app_gpiote.o
 .ARM.attributes
                0x0000077f       0x31 _build/nrf_delay.o
 .ARM.attributes
                0x000007b0       0x31 _build/app_scheduler.o
 .ARM.attributes
                0x000007e1       0x31 _build/system_nrf51.o
 .ARM.attributes
                0x00000812       0x1b _build/gcc_startup_nrf51.o
 .ARM.attributes
                0x0000082d       0x2c /home/josepintor/Documentos/gcc-arm-none-eabi-4_9-2015q3/bin/../lib/gcc/arm-none-eabi/4.9.3/../../../../arm-none-eabi/lib/armv6-m/libm.a(lib_a-w_pow.o)
 .ARM.attributes
                0x00000859       0x2c /home/josepintor/Documentos/gcc-arm-none-eabi-4_9-2015q3/bin/../lib/gcc/arm-none-eabi/4.9.3/../../../../arm-none-eabi/lib/armv6-m/libm.a(lib_a-e_pow.o)
 .ARM.attributes
                0x00000885       0x2c /home/josepintor/Documentos/gcc-arm-none-eabi-4_9-2015q3/bin/../lib/gcc/arm-none-eabi/4.9.3/../../../../arm-none-eabi/lib/armv6-m/libm.a(lib_a-e_sqrt.o)
 .ARM.attributes
                0x000008b1       0x2c /home/josepintor/Documentos/gcc-arm-none-eabi-4_9-2015q3/bin/../lib/gcc/arm-none-eabi/4.9.3/../../../../arm-none-eabi/lib/armv6-m/libm.a(lib_a-s_fabs.o)
 .ARM.attributes
                0x000008dd       0x2c /home/josepintor/Documentos/gcc-arm-none-eabi-4_9-2015q3/bin/../lib/gcc/arm-none-eabi/4.9.3/../../../../arm-none-eabi/lib/armv6-m/libm.a(lib_a-s_finite.o)
 .ARM.attributes
                0x00000909       0x2c /home/josepintor/Documentos/gcc-arm-none-eabi-4_9-2015q3/bin/../lib/gcc/arm-none-eabi/4.9.3/../../../../arm-none-eabi/lib/armv6-m/libm.a(lib_a-s_fpclassify.o)
 .ARM.attributes
                0x00000935       0x2c /home/josepintor/Documentos/gcc-arm-none-eabi-4_9-2015q3/bin/../lib/gcc/arm-none-eabi/4.9.3/../../../../arm-none-eabi/lib/armv6-m/libm.a(lib_a-s_lib_ver.o)
 .ARM.attributes
                0x00000961       0x2c /home/josepintor/Documentos/gcc-arm-none-eabi-4_9-2015q3/bin/../lib/gcc/arm-none-eabi/4.9.3/../../../../arm-none-eabi/lib/armv6-m/libm.a(lib_a-s_matherr.o)
 .ARM.attributes
                0x0000098d       0x2c /home/josepintor/Documentos/gcc-arm-none-eabi-4_9-2015q3/bin/../lib/gcc/arm-none-eabi/4.9.3/../../../../arm-none-eabi/lib/armv6-m/libm.a(lib_a-s_nan.o)
 .ARM.attributes
                0x000009b9       0x2c /home/josepintor/Documentos/gcc-arm-none-eabi-4_9-2015q3/bin/../lib/gcc/arm-none-eabi/4.9.3/../../../../arm-none-eabi/lib/armv6-m/libm.a(lib_a-s_rint.o)
 .ARM.attributes
                0x000009e5       0x2c /home/josepintor/Documentos/gcc-arm-none-eabi-4_9-2015q3/bin/../lib/gcc/arm-none-eabi/4.9.3/../../../../arm-none-eabi/lib/armv6-m/libm.a(lib_a-s_scalbn.o)
 .ARM.attributes
                0x00000a11       0x2c /home/josepintor/Documentos/gcc-arm-none-eabi-4_9-2015q3/bin/../lib/gcc/arm-none-eabi/4.9.3/../../../../arm-none-eabi/lib/armv6-m/libm.a(lib_a-s_copysign.o)
 .ARM.attributes
                0x00000a3d       0x1e /home/josepintor/Documentos/gcc-arm-none-eabi-4_9-2015q3/bin/../lib/gcc/arm-none-eabi/4.9.3/armv6-m/libgcc.a(_thumb1_case_uqi.o)
 .ARM.attributes
                0x00000a5b       0x1e /home/josepintor/Documentos/gcc-arm-none-eabi-4_9-2015q3/bin/../lib/gcc/arm-none-eabi/4.9.3/armv6-m/libgcc.a(_udivsi3.o)
 .ARM.attributes
                0x00000a79       0x1e /home/josepintor/Documentos/gcc-arm-none-eabi-4_9-2015q3/bin/../lib/gcc/arm-none-eabi/4.9.3/armv6-m/libgcc.a(_divsi3.o)
 .ARM.attributes
                0x00000a97       0x1e /home/josepintor/Documentos/gcc-arm-none-eabi-4_9-2015q3/bin/../lib/gcc/arm-none-eabi/4.9.3/armv6-m/libgcc.a(_dvmd_tls.o)
 .ARM.attributes
                0x00000ab5       0x1e /home/josepintor/Documentos/gcc-arm-none-eabi-4_9-2015q3/bin/../lib/gcc/arm-none-eabi/4.9.3/armv6-m/libgcc.a(_arm_cmpdf2.o)
 .ARM.attributes
                0x00000ad3       0x1e /home/josepintor/Documentos/gcc-arm-none-eabi-4_9-2015q3/bin/../lib/gcc/arm-none-eabi/4.9.3/armv6-m/libgcc.a(_aeabi_uldivmod.o)
 .ARM.attributes
                0x00000af1       0x2c /home/josepintor/Documentos/gcc-arm-none-eabi-4_9-2015q3/bin/../lib/gcc/arm-none-eabi/4.9.3/armv6-m/libgcc.a(_fixunsdfsi.o)
 .ARM.attributes
                0x00000b1d       0x2c /home/josepintor/Documentos/gcc-arm-none-eabi-4_9-2015q3/bin/../lib/gcc/arm-none-eabi/4.9.3/armv6-m/libgcc.a(bpabi.o)
 .ARM.attributes
                0x00000b49       0x2c /home/josepintor/Documentos/gcc-arm-none-eabi-4_9-2015q3/bin/../lib/gcc/arm-none-eabi/4.9.3/armv6-m/libgcc.a(adddf3.o)
 .ARM.attributes
                0x00000b75       0x2c /home/josepintor/Documentos/gcc-arm-none-eabi-4_9-2015q3/bin/../lib/gcc/arm-none-eabi/4.9.3/armv6-m/libgcc.a(divdf3.o)
 .ARM.attributes
                0x00000ba1       0x2c /home/josepintor/Documentos/gcc-arm-none-eabi-4_9-2015q3/bin/../lib/gcc/arm-none-eabi/4.9.3/armv6-m/libgcc.a(eqdf2.o)
 .ARM.attributes
                0x00000bcd       0x2c /home/josepintor/Documentos/gcc-arm-none-eabi-4_9-2015q3/bin/../lib/gcc/arm-none-eabi/4.9.3/armv6-m/libgcc.a(gedf2.o)
 .ARM.attributes
                0x00000bf9       0x2c /home/josepintor/Documentos/gcc-arm-none-eabi-4_9-2015q3/bin/../lib/gcc/arm-none-eabi/4.9.3/armv6-m/libgcc.a(ledf2.o)
 .ARM.attributes
                0x00000c25       0x2c /home/josepintor/Documentos/gcc-arm-none-eabi-4_9-2015q3/bin/../lib/gcc/arm-none-eabi/4.9.3/armv6-m/libgcc.a(muldf3.o)
 .ARM.attributes