Archive member included because of file (symbol)

/home/luis/Desktop/SETEC/gcc-arm-none-eabi-4_9-2015q3/bin/../lib/gcc/arm-none-eabi/4.9.3/../../../../arm-none-eabi/lib/armv6-m/libm.a(lib_a-w_pow.o)
                              _build/SparkFunTSL2561.o (pow)
/home/luis/Desktop/SETEC/gcc-arm-none-eabi-4_9-2015q3/bin/../lib/gcc/arm-none-eabi/4.9.3/../../../../arm-none-eabi/lib/armv6-m/libm.a(lib_a-e_pow.o)
                              /home/luis/Desktop/SETEC/gcc-arm-none-eabi-4_9-2015q3/bin/../lib/gcc/arm-none-eabi/4.9.3/../../../../arm-none-eabi/lib/armv6-m/libm.a(lib_a-w_pow.o) (__ieee754_pow)
/home/luis/Desktop/SETEC/gcc-arm-none-eabi-4_9-2015q3/bin/../lib/gcc/arm-none-eabi/4.9.3/../../../../arm-none-eabi/lib/armv6-m/libm.a(lib_a-e_sqrt.o)
                              /home/luis/Desktop/SETEC/gcc-arm-none-eabi-4_9-2015q3/bin/../lib/gcc/arm-none-eabi/4.9.3/../../../../arm-none-eabi/lib/armv6-m/libm.a(lib_a-e_pow.o) (__ieee754_sqrt)
/home/luis/Desktop/SETEC/gcc-arm-none-eabi-4_9-2015q3/bin/../lib/gcc/arm-none-eabi/4.9.3/../../../../arm-none-eabi/lib/armv6-m/libm.a(lib_a-s_fabs.o)
                              /home/luis/Desktop/SETEC/gcc-arm-none-eabi-4_9-2015q3/bin/../lib/gcc/arm-none-eabi/4.9.3/../../../../arm-none-eabi/lib/armv6-m/libm.a(lib_a-e_pow.o) (fabs)
/home/luis/Desktop/SETEC/gcc-arm-none-eabi-4_9-2015q3/bin/../lib/gcc/arm-none-eabi/4.9.3/../../../../arm-none-eabi/lib/armv6-m/libm.a(lib_a-s_finite.o)
                              /home/luis/Desktop/SETEC/gcc-arm-none-eabi-4_9-2015q3/bin/../lib/gcc/arm-none-eabi/4.9.3/../../../../arm-none-eabi/lib/armv6-m/libm.a(lib_a-w_pow.o) (finite)
/home/luis/Desktop/SETEC/gcc-arm-none-eabi-4_9-2015q3/bin/../lib/gcc/arm-none-eabi/4.9.3/../../../../arm-none-eabi/lib/armv6-m/libm.a(lib_a-s_fpclassify.o)
                              /home/luis/Desktop/SETEC/gcc-arm-none-eabi-4_9-2015q3/bin/../lib/gcc/arm-none-eabi/4.9.3/../../../../arm-none-eabi/lib/armv6-m/libm.a(lib_a-w_pow.o) (__fpclassifyd)
/home/luis/Desktop/SETEC/gcc-arm-none-eabi-4_9-2015q3/bin/../lib/gcc/arm-none-eabi/4.9.3/../../../../arm-none-eabi/lib/armv6-m/libm.a(lib_a-s_lib_ver.o)
                              /home/luis/Desktop/SETEC/gcc-arm-none-eabi-4_9-2015q3/bin/../lib/gcc/arm-none-eabi/4.9.3/../../../../arm-none-eabi/lib/armv6-m/libm.a(lib_a-w_pow.o) (__fdlib_version)
/home/luis/Desktop/SETEC/gcc-arm-none-eabi-4_9-2015q3/bin/../lib/gcc/arm-none-eabi/4.9.3/../../../../arm-none-eabi/lib/armv6-m/libm.a(lib_a-s_matherr.o)
                              /home/luis/Desktop/SETEC/gcc-arm-none-eabi-4_9-2015q3/bin/../lib/gcc/arm-none-eabi/4.9.3/../../../../arm-none-eabi/lib/armv6-m/libm.a(lib_a-w_pow.o) (matherr)
/home/luis/Desktop/SETEC/gcc-arm-none-eabi-4_9-2015q3/bin/../lib/gcc/arm-none-eabi/4.9.3/../../../../arm-none-eabi/lib/armv6-m/libm.a(lib_a-s_nan.o)
                              /home/luis/Desktop/SETEC/gcc-arm-none-eabi-4_9-2015q3/bin/../lib/gcc/arm-none-eabi/4.9.3/../../../../arm-none-eabi/lib/armv6-m/libm.a(lib_a-e_pow.o) (nan)
/home/luis/Desktop/SETEC/gcc-arm-none-eabi-4_9-2015q3/bin/../lib/gcc/arm-none-eabi/4.9.3/../../../../arm-none-eabi/lib/armv6-m/libm.a(lib_a-s_rint.o)
                              /home/luis/Desktop/SETEC/gcc-arm-none-eabi-4_9-2015q3/bin/../lib/gcc/arm-none-eabi/4.9.3/../../../../arm-none-eabi/lib/armv6-m/libm.a(lib_a-w_pow.o) (rint)
/home/luis/Desktop/SETEC/gcc-arm-none-eabi-4_9-2015q3/bin/../lib/gcc/arm-none-eabi/4.9.3/../../../../arm-none-eabi/lib/armv6-m/libm.a(lib_a-s_scalbn.o)
                              /home/luis/Desktop/SETEC/gcc-arm-none-eabi-4_9-2015q3/bin/../lib/gcc/arm-none-eabi/4.9.3/../../../../arm-none-eabi/lib/armv6-m/libm.a(lib_a-e_pow.o) (scalbn)
/home/luis/Desktop/SETEC/gcc-arm-none-eabi-4_9-2015q3/bin/../lib/gcc/arm-none-eabi/4.9.3/../../../../arm-none-eabi/lib/armv6-m/libm.a(lib_a-s_copysign.o)
                              /home/luis/Desktop/SETEC/gcc-arm-none-eabi-4_9-2015q3/bin/../lib/gcc/arm-none-eabi/4.9.3/../../../../arm-none-eabi/lib/armv6-m/libm.a(lib_a-s_scalbn.o) (copysign)
/home/luis/Desktop/SETEC/gcc-arm-none-eabi-4_9-2015q3/bin/../lib/gcc/arm-none-eabi/4.9.3/armv6-m/libgcc.a(_udivsi3.o)
                              _build/utils.o (__aeabi_uidiv)
/home/luis/Desktop/SETEC/gcc-arm-none-eabi-4_9-2015q3/bin/../lib/gcc/arm-none-eabi/4.9.3/armv6-m/libgcc.a(_divsi3.o)
                              _build/utils.o (__aeabi_idiv)
/home/luis/Desktop/SETEC/gcc-arm-none-eabi-4_9-2015q3/bin/../lib/gcc/arm-none-eabi/4.9.3/armv6-m/libgcc.a(_dvmd_tls.o)
                              /home/luis/Desktop/SETEC/gcc-arm-none-eabi-4_9-2015q3/bin/../lib/gcc/arm-none-eabi/4.9.3/armv6-m/libgcc.a(_udivsi3.o) (__aeabi_idiv0)
/home/luis/Desktop/SETEC/gcc-arm-none-eabi-4_9-2015q3/bin/../lib/gcc/arm-none-eabi/4.9.3/armv6-m/libgcc.a(_arm_cmpdf2.o)
                              /home/luis/Desktop/SETEC/gcc-arm-none-eabi-4_9-2015q3/bin/../lib/gcc/arm-none-eabi/4.9.3/../../../../arm-none-eabi/lib/armv6-m/libm.a(lib_a-w_pow.o) (__aeabi_dcmpeq)
[...]
Memory Configuration

Name             Origin             Length             Attributes
FLASH            0x00016000         0x0002a000         xr
RAM              0x20002000         0x00002000         xrw
*default*        0x00000000         0xffffffff

Linker script and memory map

LOAD /home/luis/Desktop/SETEC/gcc-arm-none-eabi-4_9-2015q3/bin/../lib/gcc/arm-none-eabi/4.9.3/armv6-m/crti.o
LOAD /home/luis/Desktop/SETEC/gcc-arm-none-eabi-4_9-2015q3/bin/../lib/gcc/arm-none-eabi/4.9.3/armv6-m/crtbegin.o
LOAD /home/luis/Desktop/SETEC/gcc-arm-none-eabi-4_9-2015q3/bin/../lib/gcc/arm-none-eabi/4.9.3/../../../../arm-none-eabi/lib/armv6-m/crt0.o
LOAD _build/utils.o
LOAD _build/ble_ambient.o
LOAD _build/main.o
LOAD _build/init.o
LOAD _build/nosso.o
LOAD _build/humsolo.o
LOAD _build/pr.o
LOAD _build/rain.o
LOAD _build/temp.o
LOAD _build/lum.o
LOAD _build/SparkFunTSL2561.o
LOAD _build/hum.o
LOAD _build/SparkFunMS1.o
LOAD _build/sd_card.o
LOAD _build/nrf_pwm.o
LOAD _build/fhp_gpio.o
LOAD _build/spi_fhp_master.o
LOAD _build/bme280.o
LOAD _build/max1161x.o
LOAD _build/SEGGER_RTT.o
LOAD _build/max17048.o
LOAD _build/mpu9x50.o
LOAD _build/pca9538.o
LOAD _build/ff.o
LOAD _build/diskio.o
LOAD _build/battery.o
LOAD _build/twi_hw_master.o
LOAD _build/ble_dis.o
LOAD _build/ble_srv_common.o
LOAD _build/softdevice_handler.o
LOAD _build/ble_advdata.o
LOAD _build/ble_conn_params.o
LOAD _build/app_timer.o
LOAD _build/pstorage.o
LOAD _build/device_manager_peripheral.o
LOAD _build/app_gpiote.o
LOAD _build/nrf_delay.o
LOAD _build/app_scheduler.o
LOAD _build/system_nrf51.o
LOAD _build/gcc_startup_nrf51.o
LOAD /home/luis/Desktop/SETEC/gcc-arm-none-eabi-4_9-2015q3/bin/../lib/gcc/arm-none-eabi/4.9.3/../../../../arm-none-eabi/lib/armv6-m/libm.a
START GROUP
LOAD /home/luis/Desktop/SETEC/gcc-arm-none-eabi-4_9-2015q3/bin/../lib/gcc/arm-none-eabi/4.9.3/armv6-m/libgcc.a
LOAD /home/luis/Desktop/SETEC/gcc-arm-none-eabi-4_9-2015q3/bin/../lib/gcc/arm-none-eabi/4.9.3/../../../../arm-none-eabi/lib/armv6-m/libc_nano.a
END GROUP
START GROUP
LOAD /home/luis/Desktop/SETEC/gcc-arm-none-eabi-4_9-2015q3/bin/../lib/gcc/arm-none-eabi/4.9.3/armv6-m/libgcc.a
LOAD /home/luis/Desktop/SETEC/gcc-arm-none-eabi-4_9-2015q3/bin/../lib/gcc/arm-none-eabi/4.9.3/../../../../arm-none-eabi/lib/armv6-m/libc_nano.a
END GROUP
LOAD /home/luis/Desktop/SETEC/gcc-arm-none-eabi-4_9-2015q3/bin/../lib/gcc/arm-none-eabi/4.9.3/armv6-m/crtend.o
LOAD /home/luis/Desktop/SETEC/gcc-arm-none-eabi-4_9-2015q3/bin/../lib/gcc/arm-none-eabi/4.9.3/armv6-m/crtn.o
START GROUP
LOAD /home/luis/Desktop/SETEC/gcc-arm-none-eabi-4_9-2015q3/bin/../lib/gcc/arm-none-eabi/4.9.3/armv6-m/libgcc.a
LOAD /home/luis/Desktop/SETEC/gcc-arm-none-eabi-4_9-2015q3/bin/../lib/gcc/arm-none-eabi/4.9.3/../../../../arm-none-eabi/lib/armv6-m/libc.a
LOAD /home/luis/Desktop/SETEC/gcc-arm-none-eabi-4_9-2015q3/bin/../lib/gcc/arm-none-eabi/4.9.3/../../../../arm-none-eabi/lib/armv6-m/libnosys.a
END GROUP

.text           0x00016000    0x1892b
 *(.Vectors)
 .Vectors       0x00016000       0xc0 _build/gcc_startup_nrf51.o
                0x00016000                __Vectors
 *(.text*)
 .text          0x000160c0       0x78 /home/luis/Desktop/SETEC/gcc-arm-none-eabi-4_9-2015q3/bin/../lib/gcc/arm-none-eabi/4.9.3/../../../../arm-none-eabi/lib/armv6-m/crt0.o
                0x000160c0                _mainCRTStartup
                0x000160c0                _start
 .text.getBaseTimer
                0x00016138       0x14 _build/utils.o
                0x00016138                getBaseTimer
 .text.msec_to_ticks
                0x0001614c       0x30 _build/utils.o
                0x0001614c                msec_to_ticks
 .text.check_ble_service_err_code
                0x0001617c       0x70 _build/utils.o
                0x0001617c                check_ble_service_err_code
 .text.add_zeroes_twenty
                0x000161ec      0x14c _build/utils.o
                0x000161ec                add_zeroes_twenty
 .text.add_zeroes
                0x00016338       0xc4 _build/utils.o
                0x00016338                add_zeroes
 .text.add_zeroes_temp
                0x000163fc      0x140 _build/utils.o
                0x000163fc                add_zeroes_temp
 .text.log_to_sd
                0x0001653c      0x180 _build/utils.o
                0x0001653c                log_to_sd
 .text.log2sd   0x000166bc       0x98 _build/utils.o
                0x000166bc                log2sd
 .text.sd_ble_gatts_service_add
                0x00016754        0x8 _build/ble_ambient.o
 .text.sd_ble_gatts_characteristic_add
                0x0001675c        0x8 _build/ble_ambient.o
 .text.sd_ble_gatts_value_set
                0x00016764        0x8 _build/ble_ambient.o
 .text.sd_ble_gatts_hvx
                0x0001676c        0x8 _build/ble_ambient.o
 .text.sd_ble_uuid_vs_add
                0x00016774        0x8 _build/ble_ambient.o
 .text.on_connect
                0x0001677c       0x18 _build/ble_ambient.o
 .text.on_disconnect
                0x00016794       0x50 _build/ble_ambient.o
 .text.on_write
                0x000167e4      0x284 _build/ble_ambient.o
 .text.ble_ambient_on_ble_evt
                0x00016a68       0x5c _build/ble_ambient.o
                0x00016a68                ble_ambient_on_ble_evt
 .text.sensors_char_add
                0x00016ac4      0xc00 _build/ble_ambient.o
 .text.ble_ambient_init
                0x000176c4      0x298 _build/ble_ambient.o
                0x000176c4                ble_ambient_init
 .text.ble_ambient_sensor_update
                0x0001795c      0x128 _build/ble_ambient.o
                0x0001795c                ble_ambient_sensor_update
 .text.sd_handler
                0x00017a84      0x180 _build/ble_ambient.o
                0x00017a84                sd_handler
 .text.lerCartao2
                0x00017c04      0x118 _build/ble_ambient.o
                0x00017c04                lerCartao2
 .text.ble_ambient_config_update
                0x00017d1c      0x194 _build/ble_ambient.o
                0x00017d1c                ble_ambient_config_update
 .text.rtc_timer_handler
                0x00017eb0       0x14 _build/ble_ambient.o
                0x00017eb0                rtc_timer_handler
 .text.ble_install_config_update
                0x00017ec4      0x170 _build/ble_ambient.o
                0x00017ec4                ble_install_config_update
 .text.NVIC_SystemReset
                0x00018034       0x1c _build/main.o
 .text.nrf_gpio_pin_clear
                0x00018050       0x24 _build/main.o
 .text.sd_ble_gap_adv_start
                0x00018074        0x8 _build/main.o
 .text.sd_app_evt_wait
                0x0001807c        0x8 _build/main.o
 .text.app_error_handler
                0x00018084       0x6c _build/main.o
                0x00018084                app_error_handler
 .text.HardFault_Handler
                0x000180f0       0x44 _build/main.o
                0x000180f0                HardFault_Handler
 .text.assert_nrf_callback
                0x00018134       0x60 _build/main.o
                0x00018134                assert_nrf_callback
 .text.conn_params_error_handler
                0x00018194       0x20 _build/main.o
                0x00018194                conn_params_error_handler
 .text.on_conn_params_evt
                0x000181b4       0x3c _build/main.o
                0x000181b4                on_conn_params_evt
 .text.advertising_start
                0x000181f0       0xb8 _build/main.o
                0x000181f0                advertising_start
 .text.on_ble_evt
                0x000182a8       0xf4 _build/main.o
 .text.device_manager_evt_handler
                0x0001839c       0x34 _build/main.o
                0x0001839c                device_manager_evt_handler
 .text.ble_evt_dispatch
                0x000183d0       0x38 _build/main.o
                0x000183d0                ble_evt_dispatch
 .text.on_sys_evt
                0x00018408       0x10 _build/main.o
 .text.sys_evt_dispatch
                0x00018418       0x20 _build/main.o
                0x00018418                sys_evt_dispatch
 .text.ble_amb_evt
                0x00018438      0x298 _build/main.o
                0x00018438                ble_amb_evt
 .text.sensor_timer_handler
                0x000186d0       0xe0 _build/main.o
                0x000186d0                sensor_timer_handler
 .text.base_timer_handler
                0x000187b0       0x40 _build/main.o
                0x000187b0                base_timer_handler
 .text.watchdog_timer_handler
                0x000187f0       0x20 _build/main.o
                0x000187f0                watchdog_timer_handler
 .text.power_manage
                0x00018810       0x34 _build/main.o
 .text.setup    0x00018844      0x1f4 _build/main.o
 .text.main     0x00018a38       0xa4 _build/main.o
                0x00018a38                main
 .text.NVIC_SetPriority
                0x00018adc       0xd4 _build/init.o
 .text.nrf_gpio_cfg_output
                0x00018bb0       0x20 _build/init.o
 .text.nrf_gpio_cfg_input
                0x00018bd0       0x2c _build/init.o
 .text.nrf_gpio_pin_set
                0x00018bfc       0x20 _build/init.o
 .text.nrf_gpio_pin_read
                0x00018c1c       0x24 _build/init.o
 .text.sd_ble_gap_tx_power_set
                0x00018c40        0x8 _build/init.o
 .text.sd_ble_gap_appearance_set
                0x00018c48        0x8 _build/init.o
 .text.sd_ble_gap_ppcp_set
                0x00018c50        0x8 _build/init.o
 .text.sd_ble_gap_device_name_set
                0x00018c58        0x8 _build/init.o
 .text.sd_ble_enable
                0x00018c60        0x8 _build/init.o
 .text.sd_ble_opt_set
                0x00018c68        0x8 _build/init.o
 .text.gpio_init
                0x00018c70       0x60 _build/init.o
                0x00018c70                gpio_init
 .text.leds_init
                0x00018cd0       0x20 _build/init.o
                0x00018cd0                leds_init
 .text.timers_init
                0x00018cf0      0x128 _build/init.o
                0x00018cf0                timers_init
 .text.gpiote_init
                0x00018e18       0x98 _build/init.o
                0x00018e18                gpiote_init
 .text.ble_stack_init
                0x00018eb0      0x120 _build/init.o
                0x00018eb0                ble_stack_init
 .text.scheduler_init
                0x00018fd0       0x3c _build/init.o
                0x00018fd0                scheduler_init
 .text.device_manager_init
                0x0001900c       0xf4 _build/init.o
                0x0001900c                device_manager_init
 .text.gap_params_init
                0x00019100       0xc8 _build/init.o
                0x00019100                gap_params_init
 .text.services_init
                0x000191c8      0x118 _build/init.o
                0x000191c8                services_init
 .text.advertising_init
                0x000192e0       0x84 _build/init.o
                0x000192e0                advertising_init
 .text.conn_params_init
                0x00019364       0x84 _build/init.o
                0x00019364                conn_params_init
 .text.drivers_init
                0x000193e8      0x118 _build/init.o
                0x000193e8                drivers_init
 .text.sensors_init
                0x00019500      0x1c0 _build/init.o
                0x00019500                sensors_init
 .text.watchdog_init
                0x000196c0       0x80 _build/init.o
                0x000196c0                watchdog_init
 .text.application_work_start
                0x00019740      0x1c0 _build/init.o
                0x00019740                application_work_start
 .text.getTimeStamp
                0x00019900       0x14 _build/nosso.o
                0x00019900                getTimeStamp
 .text.getflagBAT
                0x00019914       0x14 _build/nosso.o
                0x00019914                getflagBAT
 .text.getflagACC
                0x00019928       0x14 _build/nosso.o
                0x00019928                getflagACC
 .text.getflag_sd
                0x0001993c       0x14 _build/nosso.o
                0x0001993c                getflag_sd
 .text.setTimeStamp
                0x00019950       0x18 _build/nosso.o
                0x00019950                setTimeStamp
 .text.setflagBAT
                0x00019968       0x18 _build/nosso.o
                0x00019968                setflagBAT
 .text.setflagACC
                0x00019980       0x18 _build/nosso.o
                0x00019980                setflagACC
 .text.setflag_sd
                0x00019998       0x18 _build/nosso.o
                0x00019998                setflag_sd
 .text.increTimeStamp
                0x000199b0       0x18 _build/nosso.o
                0x000199b0                increTimeStamp
 .text.humsolo_init
                0x000199c8       0x50 _build/humsolo.o
                0x000199c8                humsolo_init
 .text.humsolo_configs_update
                0x00019a18      0x118 _build/humsolo.o
                0x00019a18                humsolo_configs_update
 .text.humsolo_values_handler
                0x00019b30       0x58 _build/humsolo.o
                0x00019b30                humsolo_values_handler
 .text.rain_init
                0x00019b88       0x50 _build/rain.o
                0x00019b88                rain_init
 .text.rain_configs_update
                0x00019bd8      0x11c _build/rain.o
                0x00019bd8                rain_configs_update
 .text.rain_values_handler
                0x00019cf4       0x68 _build/rain.o
                0x00019cf4                rain_values_handler
 .text.temp_init
                0x00019d5c       0x50 _build/temp.o
                0x00019d5c                temp_init
 .text.temp_configs_update
                0x00019dac      0x120 _build/temp.o
                0x00019dac                temp_configs_update
 .text.temp_values_handler
                0x00019ecc       0xa0 _build/temp.o
                0x00019ecc                temp_values_handler
 .text.lum_init
                0x00019f6c       0x50 _build/lum.o
                0x00019f6c                lum_init
 .text.lum_configs_update
                0x00019fbc      0x118 _build/lum.o
                0x00019fbc                lum_configs_update
 .text.lum_values_handler
                0x0001a0d4       0x88 _build/lum.o
                0x0001a0d4                lum_values_handler
 .text.begin    0x0001a15c       0x28 _build/SparkFunTSL2561.o
                0x0001a15c                begin
 .text.SparkFunTSL2561_init
                0x0001a184       0xf8 _build/SparkFunTSL2561.o
                0x0001a184                SparkFunTSL2561_init
 .text.SparkFunTSL2561_bring_the_light
                0x0001a27c       0xa4 _build/SparkFunTSL2561.o
                0x0001a27c                SparkFunTSL2561_bring_the_light
 .text.SFE_TSL2561_begin
                0x0001a320       0x1c _build/SparkFunTSL2561.o
                0x0001a320                SFE_TSL2561_begin
 .text.SFE_TSL2561_setPowerUp
                0x0001a33c       0x1c _build/SparkFunTSL2561.o
                0x0001a33c                SFE_TSL2561_setPowerUp
 .text.setTiming
                0x0001a358       0xb4 _build/SparkFunTSL2561.o
                0x0001a358                setTiming
 .text.SFE_TSL2561_setTiming
                0x0001a40c       0x60 _build/SparkFunTSL2561.o
                0x0001a40c                SFE_TSL2561_setTiming
 .text.SFE_TSL2561_getData
                0x0001a46c       0x5c _build/SparkFunTSL2561.o
                0x0001a46c                SFE_TSL2561_getData
 .text.SFE_TSL2561_getLux
                0x0001a4c8      0x360 _build/SparkFunTSL2561.o
                0x0001a4c8                SFE_TSL2561_getLux
 .text.SFE_TSL2561_getID
                0x0001a828       0x2c _build/SparkFunTSL2561.o
                0x0001a828                SFE_TSL2561_getID
 .text.SFE_TSL2561_readByte
                0x0001a854       0xac _build/SparkFunTSL2561.o
                0x0001a854                SFE_TSL2561_readByte
 .text.SFE_TSL2561_writeByte
                0x0001a900       0xa4 _build/SparkFunTSL2561.o
                0x0001a900                SFE_TSL2561_writeByte
 .text.SFE_TSL2561_readUInt
                0x0001a9a4       0xb0 _build/SparkFunTSL2561.o
                0x0001a9a4                SFE_TSL2561_readUInt
 .text.hum_init
                0x0001aa54       0x4c _build/hum.o
                0x0001aa54                hum_init
 .text.hum_configs_update
                0x0001aaa0      0x11c _build/hum.o
                0x0001aaa0                hum_configs_update
 .text.hum_values_handler
                0x0001abbc       0x6c _build/hum.o
                0x0001abbc                hum_values_handler
 .text.SparkFunMS1_read1
                0x0001ac28       0x84 _build/SparkFunMS1.o
                0x0001ac28                SparkFunMS1_read1
 .text.SparkFunMS1_read3
                0x0001acac       0x70 _build/SparkFunMS1.o
                0x0001acac                SparkFunMS1_read3
 .text.nrf_delay_us
                0x0001ad1c       0x34 _build/sd_card.o
 .text.nrf_gpio_cfg_output
                0x0001ad50       0x20 _build/sd_card.o
 .text.nrf_gpio_pin_set
                0x0001ad70       0x20 _build/sd_card.o
 .text.nrf_gpio_pin_clear
                0x0001ad90       0x24 _build/sd_card.o
 .text.spi_init
                0x0001adb4       0x28 _build/sd_card.o
                0x0001adb4                spi_init
 .text.send_mmc
                0x0001addc       0x74 _build/sd_card.o
                0x0001addc                send_mmc
 .text.receive_mmc
                0x0001ae50       0x90 _build/sd_card.o
                0x0001ae50                receive_mmc
 .text.wait_ready
                0x0001aee0       0x48 _build/sd_card.o
                0x0001aee0                wait_ready
 .text.select   0x0001af28       0x30 _build/sd_card.o
                0x0001af28                select
 .text.deselect
                0x0001af58       0x1c _build/sd_card.o
                0x0001af58                deselect
 .text.receive_datablock
                0x0001af74       0x70 _build/sd_card.o
                0x0001af74                receive_datablock
 .text.send_datablock
                0x0001afe4       0x78 _build/sd_card.o
                0x0001afe4                send_datablock
 .text.send_cmd
                0x0001b05c      0x140 _build/sd_card.o
                0x0001b05c                send_cmd
 .text.nrf_gpiote_task_config
                0x0001b19c       0xb4 _build/nrf_pwm.o
 .text.nrf_gpiote_unconfig
                0x0001b250       0x24 _build/nrf_pwm.o
 .text.nrf_gpio_cfg_output
                0x0001b274       0x20 _build/nrf_pwm.o
 .text.nrf_gpio_pin_set
                0x0001b294       0x20 _build/nrf_pwm.o
 .text.nrf_gpio_pin_clear
                0x0001b2b4       0x24 _build/nrf_pwm.o
 .text.nrf_gpio_pin_write
                0x0001b2d8       0x28 _build/nrf_pwm.o
 .text.sd_ppi_channel_enable_set
                0x0001b300        0x8 _build/nrf_pwm.o
 .text.sd_ppi_channel_assign
                0x0001b308        0x8 _build/nrf_pwm.o
 .text.sd_radio_session_open
                0x0001b310        0x8 _build/nrf_pwm.o
 .text.sd_radio_request
                0x0001b318        0x8 _build/nrf_pwm.o
 .text.apply_pan73_workaround
                0x0001b320       0x60 _build/nrf_pwm.o
 .text.safe_margins_present
                0x0001b380       0x64 _build/nrf_pwm.o
 .text.ppi_enable_channel
                0x0001b3e4       0x3c _build/nrf_pwm.o
 .text.nrf_radio_signal_callback
                0x0001b420       0x40 _build/nrf_pwm.o
                0x0001b420                nrf_radio_signal_callback
 .text.nrf_pwm_init
                0x0001b460      0x368 _build/nrf_pwm.o
                0x0001b460                nrf_pwm_init
 .text.nrf_pwm_set_value
                0x0001b7c8       0x64 _build/nrf_pwm.o
                0x0001b7c8                nrf_pwm_set_value
 .text.nrf_pwm_set_enabled
                0x0001b82c       0x9c _build/nrf_pwm.o
                0x0001b82c                nrf_pwm_set_enabled
 .text.TIMER2_IRQHandler
                0x0001b8c8      0x384 _build/nrf_pwm.o
                0x0001b8c8                TIMER2_IRQHandler
 .text.nrf_gpio_cfg_output
                0x0001bc4c       0x20 _build/fhp_gpio.o
 .text.nrf_gpio_pin_set
                0x0001bc6c       0x20 _build/fhp_gpio.o
 .text.nrf_gpio_pin_clear
                0x0001bc8c       0x24 _build/fhp_gpio.o
 .text.fhp_gpio_init
                0x0001bcb0       0x58 _build/fhp_gpio.o
                0x0001bcb0                fhp_gpio_init
 .text.clear_pwm_pin
                0x0001bd08      0x15c _build/fhp_gpio.o
 .text.fhp_gpio_set
                0x0001be64       0x3c _build/fhp_gpio.o
                0x0001be64                fhp_gpio_set
 .text.fhp_gpio_clear
                0x0001bea0       0x3c _build/fhp_gpio.o
                0x0001bea0                fhp_gpio_clear
 .text.fhp_gpio_config
                0x0001bedc      0x2cc _build/fhp_gpio.o
 .text.fhp_gpio_blink
                0x0001c1a8       0x60 _build/fhp_gpio.o
                0x0001c1a8                fhp_gpio_blink
 .text.fhp_gpio_fade
                0x0001c208       0x68 _build/fhp_gpio.o
                0x0001c208                fhp_gpio_fade
 .text.timer_handler
                0x0001c270      0x214 _build/fhp_gpio.o
 .text.nrf_gpio_cfg_output
                0x0001c484       0x20 _build/spi_fhp_master.o
 .text.nrf_gpio_cfg_input
                0x0001c4a4       0x2c _build/spi_fhp_master.o
 .text.nrf_gpio_pin_set
                0x0001c4d0       0x20 _build/spi_fhp_master.o
 .text.nrf_gpio_pin_clear
                0x0001c4f0       0x24 _build/spi_fhp_master.o
 .text.spi_master_init
                0x0001c514      0x144 _build/spi_fhp_master.o
                0x0001c514                spi_master_init
 .text.spi_master_tx_rx
                0x0001c658       0xe4 _build/spi_fhp_master.o
                0x0001c658                spi_master_tx_rx
 .text.nrf_delay_us
                0x0001c73c       0x34 _build/bme280.o
 .text.bme280_init
                0x0001c770       0x7c _build/bme280.o
                0x0001c770                bme280_init
 .text.bme280_read_uncomp_temperature
                0x0001c7ec       0x90 _build/bme280.o
                0x0001c7ec                bme280_read_uncomp_temperature
 .text.bme280_compensate_temperature_int32
                0x0001c87c       0x88 _build/bme280.o
                0x0001c87c                bme280_compensate_temperature_int32
 .text.bme280_read_uncomp_humidity
                0x0001c904       0x7c _build/bme280.o
                0x0001c904                bme280_read_uncomp_humidity
 .text.bme280_compensate_humidity_int32
                0x0001c980       0xd4 _build/bme280.o
                0x0001c980                bme280_compensate_humidity_int32
 .text.bme280_get_calib_param
                0x0001ca54      0x26c _build/bme280.o
                0x0001ca54                bme280_get_calib_param
 .text.bme280_set_oversamp_temperature
                0x0001ccc0      0x1fc _build/bme280.o
                0x0001ccc0                bme280_set_oversamp_temperature
 .text.bme280_set_oversamp_pressure
                0x0001cebc      0x1e8 _build/bme280.o
                0x0001cebc                bme280_set_oversamp_pressure
 .text.bme280_set_oversamp_humidity
                0x0001d0a4      0x24c _build/bme280.o
                0x0001d0a4                bme280_set_oversamp_humidity
 .text.bme280_get_power_mode
                0x0001d2f0       0x6c _build/bme280.o
                0x0001d2f0                bme280_get_power_mode
 .text.bme280_set_power_mode
                0x0001d35c      0x208 _build/bme280.o
                0x0001d35c                bme280_set_power_mode
 .text.bme280_set_soft_rst
                0x0001d564       0x50 _build/bme280.o
                0x0001d564                bme280_set_soft_rst
 .text.bme280_set_filter
                0x0001d5b4      0x208 _build/bme280.o
                0x0001d5b4                bme280_set_filter
 .text.bme280_write_register
                0x0001d7bc       0x60 _build/bme280.o
                0x0001d7bc                bme280_write_register
 .text.bme280_read_register
                0x0001d81c       0x60 _build/bme280.o
                0x0001d81c                bme280_read_register
 .text.bme280_init_nrf51
                0x0001d87c       0xac _build/bme280.o
                0x0001d87c                bme280_init_nrf51
 .text.BME280_I2C_bus_write
                0x0001d928      0x1c8 _build/bme280.o
                0x0001d928                BME280_I2C_bus_write
 .text.BME280_I2C_bus_read
                0x0001daf0       0xb0 _build/bme280.o
                0x0001daf0                BME280_I2C_bus_read
 .text.bme280_read_temperature
                0x0001dba0       0x54 _build/bme280.o
                0x0001dba0                bme280_read_temperature
 .text.bme280_read_humidity
                0x0001dbf4       0x54 _build/bme280.o
                0x0001dbf4                bme280_read_humidity
 .text.BME280_delay_msek
                0x0001dc48       0x1c _build/bme280.o
                0x0001dc48                BME280_delay_msek
 .text.nrf_delay_us
                0x0001dc64       0x34 _build/max1161x.o
 .text.max1161x_write_data
                0x0001dc98       0x48 _build/max1161x.o
                0x0001dc98                max1161x_write_data
 .text.max1161x_read_data
                0x0001dce0       0x54 _build/max1161x.o
                0x0001dce0                max1161x_read_data
 .text.max1161x_init
                0x0001dd34       0x48 _build/max1161x.o
                0x0001dd34                max1161x_init
 .text.max1161x_read_channel
                0x0001dd7c       0x88 _build/max1161x.o
                0x0001dd7c                max1161x_read_channel
 .text._strlen  0x0001de04       0x3c _build/SEGGER_RTT.o
 .text._Init    0x0001de40        0x8 _build/SEGGER_RTT.o
 .text.SEGGER_RTT_Write
                0x0001de48      0x224 _build/SEGGER_RTT.o
                0x0001de48                SEGGER_RTT_Write
 .text.SEGGER_RTT_WriteString
                0x0001e06c       0x30 _build/SEGGER_RTT.o
                0x0001e06c                SEGGER_RTT_WriteString
 .text.nrf_delay_us
                0x0001e09c       0x34 _build/max17048.o
 .text.max17048_write_data
                0x0001e0d0      0x11c _build/max17048.o
                0x0001e0d0                max17048_write_data
 .text.max17048_read_data
                0x0001e1ec       0x88 _build/max17048.o
                0x0001e1ec                max17048_read_data
 .text.max17048_clear_alert
                0x0001e274       0x6c _build/max17048.o
                0x0001e274                max17048_clear_alert
 .text.max17048_init
                0x0001e2e0      0x114 _build/max17048.o
                0x0001e2e0                max17048_init
 .text.max17048_read_soc
                0x0001e3f4       0x2c _build/max17048.o
                0x0001e3f4                max17048_read_soc
 .text.max17048_get_alert
                0x0001e420       0xbc _build/max17048.o
                0x0001e420                max17048_get_alert
 .text.nrf_delay_us
                0x0001e4dc       0x34 _build/mpu9x50.o
 .text.mpu9x50_initMoveSensor
                0x0001e510       0x80 _build/mpu9x50.o
                0x0001e510                mpu9x50_initMoveSensor
 .text.read_mult
                0x0001e590       0xd4 _build/mpu9x50.o
                0x0001e590                read_mult
 .text.read     0x0001e664       0x28 _build/mpu9x50.o
                0x0001e664                read
 .text.get8     0x0001e68c       0x38 _build/mpu9x50.o
                0x0001e68c                get8
 .text.write_mult
                0x0001e6c4      0x114 _build/mpu9x50.o
                0x0001e6c4                write_mult
 .text.write    0x0001e7d8       0x2c _build/mpu9x50.o
                0x0001e7d8                write
 .text.writeBits
                0x0001e804       0xe8 _build/mpu9x50.o
                0x0001e804                writeBits
 .text.writeBit
                0x0001e8ec       0x40 _build/mpu9x50.o
                0x0001e8ec                writeBit
 .text.mpu9x50_fifoCtrl
                0x0001e92c       0x68 _build/mpu9x50.o
                0x0001e92c                mpu9x50_fifoCtrl
 .text.mpu9x50_reset
                0x0001e994       0x14 _build/mpu9x50.o
                0x0001e994                mpu9x50_reset
 .text.mpu9x50_gyroStandby
                0x0001e9a8       0x20 _build/mpu9x50.o
                0x0001e9a8                mpu9x50_gyroStandby
 .text.mpu9x50_sleep
                0x0001e9c8       0x2c _build/mpu9x50.o
                0x0001e9c8                mpu9x50_sleep
 .text.mpu9x50_cycleMode
                0x0001e9f4       0x20 _build/mpu9x50.o
                0x0001e9f4                mpu9x50_cycleMode
 .text.mpu9x50_setCycleWakeFrequency
                0x0001ea14       0x20 _build/mpu9x50.o
                0x0001ea14                mpu9x50_setCycleWakeFrequency
 .text.mpu9x50_setStandbyAccX
                0x0001ea34       0x20 _build/mpu9x50.o
                0x0001ea34                mpu9x50_setStandbyAccX
 .text.mpu9x50_setStandbyAccY
                0x0001ea54       0x20 _build/mpu9x50.o
                0x0001ea54                mpu9x50_setStandbyAccY
 .text.mpu9x50_setStandbyAccZ
                0x0001ea74       0x20 _build/mpu9x50.o
                0x0001ea74                mpu9x50_setStandbyAccZ
 .text.mpu9x50_setStandbyGyroX
                0x0001ea94       0x20 _build/mpu9x50.o
                0x0001ea94                mpu9x50_setStandbyGyroX
 .text.mpu9x50_setStandbyGyroY
                0x0001eab4       0x20 _build/mpu9x50.o
                0x0001eab4                mpu9x50_setStandbyGyroY
 .text.mpu9x50_setStandbyGyroZ
                0x0001ead4       0x20 _build/mpu9x50.o
                0x0001ead4                mpu9x50_setStandbyGyroZ
 .text.mpu9x50_setAccelerometerDigitalLowPassFilter
                0x0001eaf4       0x20 _build/mpu9x50.o
                0x0001eaf4                mpu9x50_setAccelerometerDigitalLowPassFilter
 .text.mpu9x50_setAccelerometerDigitalLowPassFilterOn
                0x0001eb14       0x20 _build/mpu9x50.o
                0x0001eb14                mpu9x50_setAccelerometerDigitalLowPassFilterOn
 .text.mpu9x50_setInterruptDataReadyEnable
                0x0001eb34       0x20 _build/mpu9x50.o
                0x0001eb34                mpu9x50_setInterruptDataReadyEnable
 .text.mpu9x50_setMotionInterrupt
                0x0001eb54       0x10 _build/mpu9x50.o
                0x0001eb54                mpu9x50_setMotionInterrupt
 .text.mpu9x50_setMotionThreshold
                0x0001eb64       0x10 _build/mpu9x50.o
                0x0001eb64                mpu9x50_setMotionThreshold
 .text.mpu9x50_getInterruptStatus
                0x0001eb74       0x14 _build/mpu9x50.o
                0x0001eb74                mpu9x50_getInterruptStatus
 .text.mpu9x50_setEnableFifo
                0x0001eb88       0x20 _build/mpu9x50.o
                0x0001eb88                mpu9x50_setEnableFifo
 .text.mpu9x50_setFifoReset
                0x0001eba8       0x20 _build/mpu9x50.o
                0x0001eba8                mpu9x50_setFifoReset
 .text.nrf_delay_us
                0x0001ebc8       0x34 _build/pca9538.o
 .text.pca9538_write
                0x0001ebfc       0x64 _build/pca9538.o
                0x0001ebfc                pca9538_write
 .text.pca9538_init
                0x0001ec60       0x84 _build/pca9538.o
                0x0001ec60                pca9538_init
 .text.mem_cpy  0x0001ece4       0x38 _build/ff.o
 .text.mem_set  0x0001ed1c       0x30 _build/ff.o
 .text.mem_cmp  0x0001ed4c       0x4c _build/ff.o
 .text.chk_chr  0x0001ed98       0x34 _build/ff.o
 .text.sync_window
                0x0001edcc       0xa0 _build/ff.o
 .text.move_window
                0x0001ee6c       0x74 _build/ff.o
 .text.sync_fs  0x0001eee0      0x194 _build/ff.o
 .text.clust2sect
                0x0001f074       0x38 _build/ff.o
                0x0001f074                clust2sect
 .text.get_fat  0x0001f0ac      0x16c _build/ff.o
                0x0001f0ac                get_fat
 .text.put_fat  0x0001f218      0x23c _build/ff.o
                0x0001f218                put_fat
 .text.remove_chain
                0x0001f454       0xc4 _build/ff.o
 .text.create_chain
                0x0001f518      0x154 _build/ff.o
 .text.dir_sdi  0x0001f66c      0x104 _build/ff.o
 .text.dir_next
                0x0001f770      0x1a4 _build/ff.o
 .text.dir_alloc
                0x0001f914       0xb4 _build/ff.o
 .text.ld_clust
                0x0001f9c8       0x58 _build/ff.o
 .text.st_clust
                0x0001fa20       0x48 _build/ff.o
 .text.dir_find
                0x0001fa68       0xc4 _build/ff.o
 .text.dir_register
                0x0001fb2c       0x7c _build/ff.o
 .text.create_name
                0x0001fba8      0x29c _build/ff.o
 .text.follow_path
                0x0001fe44      0x100 _build/ff.o
 .text.get_ldnumber
                0x0001ff44       0x84 _build/ff.o
 .text.check_fs
                0x0001ffc8       0xd0 _build/ff.o
 .text.find_volume
                0x00020098      0x5ec _build/ff.o
 .text.validate
                0x00020684       0x5c _build/ff.o
 .text.f_mount  0x000206e0       0x94 _build/ff.o
                0x000206e0                f_mount
 .text.f_open   0x00020774      0x300 _build/ff.o
                0x00020774                f_open
 .text.f_read   0x00020a74      0x24c _build/ff.o
                0x00020a74                f_read
 .text.f_write  0x00020cc0      0x2f0 _build/ff.o
                0x00020cc0                f_write
 .text.f_sync   0x00020fb0      0x13c _build/ff.o
                0x00020fb0                f_sync
 .text.f_close  0x000210ec       0x50 _build/ff.o
                0x000210ec                f_close
 .text.f_lseek  0x0002113c      0x224 _build/ff.o
                0x0002113c                f_lseek
 .text.nrf_delay_us
                0x00021360       0x34 _build/diskio.o
 .text.disk_status
                0x00021394       0x28 _build/diskio.o
                0x00021394                disk_status
 .text.disk_initialize
                0x000213bc      0x1c8 _build/diskio.o
                0x000213bc                disk_initialize
 .text.disk_read
                0x00021584       0xbc _build/diskio.o
                0x00021584                disk_read
 .text.disk_write
                0x00021640       0xdc _build/diskio.o
                0x00021640                disk_write
 .text.disk_ioctl
                0x0002171c      0x160 _build/diskio.o
                0x0002171c                disk_ioctl
 .text.nrf_gpio_pin_set
                0x0002187c       0x20 _build/battery.o
 .text.nrf_gpio_pin_clear
                0x0002189c       0x24 _build/battery.o
 .text.nrf_gpio_pin_read
                0x000218c0       0x24 _build/battery.o
 .text.battery_init
                0x000218e4       0x20 _build/battery.o
                0x000218e4                battery_init
 .text.induction_charging
                0x00021904       0x88 _build/battery.o
                0x00021904                induction_charging
 .text.wired_charging
                0x0002198c       0x88 _build/battery.o
                0x0002198c                wired_charging
 .text.battery_charge_handler
                0x00021a14       0xac _build/battery.o
                0x00021a14                battery_charge_handler
 .text.gauge_timer_handler
                0x00021ac0      0x150 _build/battery.o
                0x00021ac0                gauge_timer_handler
 .text.enable_high_voltage
                0x00021c10       0x4c _build/battery.o
                0x00021c10                enable_high_voltage
 .text.nrf_delay_us
                0x00021c5c       0x34 _build/twi_hw_master.o
 .text.twi_master_write
                0x00021c90      0x124 _build/twi_hw_master.o
 .text.twi_master_read
                0x00021db4      0x168 _build/twi_hw_master.o
 .text.twi_master_clear_bus
                0x00021f1c      0x124 _build/twi_hw_master.o
 .text.twi_master_init
                0x00022040       0xa0 _build/twi_hw_master.o
                0x00022040                twi_master_init
 .text.twi_master_transfer
                0x000220e0       0xa0 _build/twi_hw_master.o
                0x000220e0                twi_master_transfer
 .text.uint16_encode
                0x00022180       0x34 _build/ble_dis.o
 .text.sd_ble_gatts_service_add
                0x000221b4        0x8 _build/ble_dis.o
 .text.sd_ble_gatts_characteristic_add
                0x000221bc        0x8 _build/ble_dis.o
 .text.sys_id_encode
                0x000221c4      0x188 _build/ble_dis.o
 .text.pnp_id_encode
                0x0002234c      0x12c _build/ble_dis.o
 .text.char_add
                0x00022478      0x18c _build/ble_dis.o
 .text.ble_dis_init
                0x00022604      0x26c _build/ble_dis.o
                0x00022604                ble_dis_init
 .text.ble_srv_ascii_to_utf8
                0x00022870       0x28 _build/ble_srv_common.o
                0x00022870                ble_srv_ascii_to_utf8
 .text.sd_nvic_EnableIRQ
                0x00022898        0x8 _build/softdevice_handler.o
 .text.sd_evt_get
                0x000228a0        0x8 _build/softdevice_handler.o
 .text.sd_softdevice_enable
                0x000228a8        0x8 _build/softdevice_handler.o
 .text.is_word_aligned
                0x000228b0       0x1c _build/softdevice_handler.o
 .text.sd_ble_evt_get
                0x000228cc        0x8 _build/softdevice_handler.o
 .text.softdevice_assertion_handler
                0x000228d4       0x28 _build/softdevice_handler.o
                0x000228d4                softdevice_assertion_handler
 .text.intern_softdevice_events_execute
                0x000228fc      0x114 _build/softdevice_handler.o
                0x000228fc                intern_softdevice_events_execute
 .text.softdevice_handler_init
                0x00022a10       0x8c _build/softdevice_handler.o
                0x00022a10                softdevice_handler_init
 .text.softdevice_ble_evt_handler_set
                0x00022a9c       0x28 _build/softdevice_handler.o
                0x00022a9c                softdevice_ble_evt_handler_set
 .text.softdevice_sys_evt_handler_set
                0x00022ac4       0x28 _build/softdevice_handler.o
                0x00022ac4                softdevice_sys_evt_handler_set
 .text.SWI2_IRQHandler
                0x00022aec       0x4c _build/softdevice_handler.o
                0x00022aec                SWI2_IRQHandler
 .text.sd_ble_gap_adv_data_set
                0x00022b38        0x8 _build/ble_advdata.o
 .text.sd_ble_gap_appearance_get
                0x00022b40        0x8 _build/ble_advdata.o
 .text.sd_ble_gap_device_name_get
                0x00022b48        0x8 _build/ble_advdata.o
 .text.sd_ble_uuid_encode
                0x00022b50        0x8 _build/ble_advdata.o
 .text.uint16_encode
                0x00022b58       0x34 _build/ble_advdata.o
 .text.name_encode
                0x00022b8c      0x13c _build/ble_advdata.o
 .text.appearance_encode
                0x00022cc8       0x90 _build/ble_advdata.o
 .text.uint8_array_encode
                0x00022d58       0xa4 _build/ble_advdata.o
 .text.tx_power_level_encode
                0x00022dfc       0x70 _build/ble_advdata.o
 .text.uuid_list_sized_encode
                0x00022e6c      0x178 _build/ble_advdata.o
 .text.uuid_list_encode
                0x00022fe4       0x78 _build/ble_advdata.o
 .text.conn_int_check
                0x0002305c       0x80 _build/ble_advdata.o
 .text.conn_int_encode
                0x000230dc       0xb4 _build/ble_advdata.o
 .text.manuf_specific_data_encode
                0x00023190       0xd8 _build/ble_advdata.o
 .text.service_data_encode
                0x00023268      0x10c _build/ble_advdata.o
 .text.adv_data_encode
                0x00023374      0x1bc _build/ble_advdata.o
 .text.advdata_check
                0x00023530       0x34 _build/ble_advdata.o
 .text.srdata_check
                0x00023564       0x20 _build/ble_advdata.o
 .text.ble_advdata_set
                0x00023584       0xcc _build/ble_advdata.o
                0x00023584                ble_advdata_set
 .text.sd_ble_gap_conn_param_update
                0x00023650        0x8 _build/ble_conn_params.o
 .text.sd_ble_gap_disconnect
                0x00023658        0x8 _build/ble_conn_params.o
 .text.sd_ble_gap_ppcp_set
                0x00023660        0x8 _build/ble_conn_params.o
 .text.sd_ble_gap_ppcp_get
                0x00023668        0x8 _build/ble_conn_params.o
 .text.uint16_decode
                0x00023670       0x28 _build/ble_conn_params.o
 .text.ble_srv_is_notification_enabled
                0x00023698       0x30 _build/ble_conn_params.o
 .text.is_conn_params_ok
                0x000236c8       0x34 _build/ble_conn_params.o
 .text.update_timeout_handler
                0x000236fc       0xc4 _build/ble_conn_params.o
 .text.ble_conn_params_init
                0x000237c0       0xac _build/ble_conn_params.o
                0x000237c0                ble_conn_params_init
 .text.conn_params_negotiation
                0x0002386c       0xbc _build/ble_conn_params.o
 .text.on_connect
                0x00023928       0x4c _build/ble_conn_params.o
 .text.on_disconnect
                0x00023974       0x54 _build/ble_conn_params.o
 .text.on_write
                0x000239c8       0x6c _build/ble_conn_params.o
 .text.on_conn_params_update
                0x00023a34       0x28 _build/ble_conn_params.o
 .text.ble_conn_params_on_ble_evt
                0x00023a5c       0x50 _build/ble_conn_params.o
                0x00023a5c                ble_conn_params_on_ble_evt
 .text.is_word_aligned
                0x00023aac       0x1c _build/app_timer.o
 .text.NVIC_EnableIRQ
                0x00023ac8       0x2c _build/app_timer.o
 .text.NVIC_DisableIRQ
                0x00023af4       0x30 _build/app_timer.o
 .text.NVIC_SetPendingIRQ
                0x00023b24       0x30 _build/app_timer.o
 .text.NVIC_ClearPendingIRQ
                0x00023b54       0x30 _build/app_timer.o
 .text.NVIC_SetPriority
                0x00023b84       0xd4 _build/app_timer.o
 .text.NVIC_GetPriority
                0x00023c58       0x78 _build/app_timer.o
 .text.nrf_delay_us
                0x00023cd0       0x34 _build/app_timer.o
 .text.current_int_priority_get
                0x00023d04       0x3c _build/app_timer.o
 .text.rtc1_init
                0x00023d40       0x24 _build/app_timer.o
 .text.rtc1_start
                0x00023d64       0x48 _build/app_timer.o
 .text.rtc1_stop
                0x00023dac       0x58 _build/app_timer.o
 .text.rtc1_counter_get
                0x00023e04       0x18 _build/app_timer.o
 .text.ticks_diff_get
                0x00023e1c       0x1c _build/app_timer.o
 .text.rtc1_compare0_set
                0x00023e38       0x1c _build/app_timer.o
 .text.timer_list_insert
                0x00023e54      0x144 _build/app_timer.o
 .text.timer_list_remove
                0x00023f98       0xf8 _build/app_timer.o
 .text.timer_timeouts_check_sched
                0x00024090       0x10 _build/app_timer.o
 .text.timer_list_handler_sched
                0x000240a0       0x10 _build/app_timer.o
 .text.timeout_handler_exec
                0x000240b0       0x64 _build/app_timer.o
 .text.timer_timeouts_check
                0x00024114       0xcc _build/app_timer.o
 .text.elapsed_ticks_acquire
                0x000241e0       0x7c _build/app_timer.o
 .text.list_deletions_handler
                0x0002425c      0x120 _build/app_timer.o
 .text.expired_timers_handler
                0x0002437c       0xb0 _build/app_timer.o
 .text.list_insertions_handler
                0x0002442c      0x1ac _build/app_timer.o
 .text.compare_reg_update
                0x000245d8       0xc4 _build/app_timer.o
 .text.timer_list_handler
                0x0002469c       0x8c _build/app_timer.o
 .text.user_op_enque
                0x00024728       0x18 _build/app_timer.o
 .text.user_op_alloc
                0x00024740       0x58 _build/app_timer.o
 .text.timer_start_op_schedule
                0x00024798       0x80 _build/app_timer.o
 .text.timer_stop_op_schedule
                0x00024818       0x60 _build/app_timer.o
 .text.RTC1_IRQHandler
                0x00024878       0x4c _build/app_timer.o
                0x00024878                RTC1_IRQHandler
 .text.SWI0_IRQHandler
                0x000248c4        0xc _build/app_timer.o
                0x000248c4                SWI0_IRQHandler
 .text.app_timer_init
                0x000248d0      0x17c _build/app_timer.o
                0x000248d0                app_timer_init
 .text.app_timer_create
                0x00024a4c       0xbc _build/app_timer.o
                0x00024a4c                app_timer_create
 .text.user_id_get
                0x00024b08       0x34 _build/app_timer.o
 .text.app_timer_start
                0x00024b3c       0x8c _build/app_timer.o
                0x00024b3c                app_timer_start
 .text.app_timer_stop
                0x00024bc8       0x60 _build/app_timer.o
                0x00024bc8                app_timer_stop
 .text.sd_flash_write
                0x00024c28        0x8 _build/pstorage.o
 .text.sd_flash_page_erase
                0x00024c30        0x8 _build/pstorage.o
 .text.is_word_aligned
                0x00024c38       0x1c _build/pstorage.o
 .text.cmd_queue_element_init
                0x00024c54       0x84 _build/pstorage.o
 .text.cmd_queue_init
                0x00024cd8       0x50 _build/pstorage.o
 .text.cmd_queue_enqueue
                0x00024d28      0x11c _build/pstorage.o
 .text.cmd_queue_dequeue
                0x00024e44       0x38 _build/pstorage.o
 .text.app_notify
                0x00024e7c       0xa8 _build/pstorage.o
 .text.pstorage_sys_event_handler
                0x00024f24      0x1d0 _build/pstorage.o
                0x00024f24                pstorage_sys_event_handler
 .text.swap_state_process
                0x000250f4      0x2e0 _build/pstorage.o
 .text.cmd_process
                0x000253d4      0x214 _build/pstorage.o
 .text.pstorage_init
                0x000255e8      0x128 _build/pstorage.o
                0x000255e8                pstorage_init
 .text.pstorage_register
                0x00025710      0x210 _build/pstorage.o
                0x00025710                pstorage_register
 .text.pstorage_block_identifier_get
                0x00025920       0xe0 _build/pstorage.o
                0x00025920                pstorage_block_identifier_get
 .text.pstorage_store
                0x00025a00      0x148 _build/pstorage.o
                0x00025a00                pstorage_store
 .text.pstorage_update
                0x00025b48      0x148 _build/pstorage.o
                0x00025b48                pstorage_update
 .text.pstorage_load
                0x00025c90      0x16c _build/pstorage.o
                0x00025c90                pstorage_load
 .text.pstorage_clear
                0x00025dfc       0xf8 _build/pstorage.o
                0x00025dfc                pstorage_clear
 .text.sd_ble_gap_sec_params_reply
                0x00025ef4        0x8 _build/device_manager_peripheral.o
 .text.sd_ble_gap_sec_info_reply
                0x00025efc        0x8 _build/device_manager_peripheral.o
 .text.sd_ble_gatts_sys_attr_set
                0x00025f04        0x8 _build/device_manager_peripheral.o
 .text.sd_ble_gatts_sys_attr_get
                0x00025f0c        0x8 _build/device_manager_peripheral.o
 .text.update_status_bit_reset
                0x00025f14       0x28 _build/device_manager_peripheral.o
 .text.update_status_bit_is_set
                0x00025f3c       0x2c _build/device_manager_peripheral.o
 .text.application_instance_init
                0x00025f68       0x38 _build/device_manager_peripheral.o
 .text.connection_instance_find
                0x00025fa0       0x90 _build/device_manager_peripheral.o
 .text.device_instance_allocate
                0x00026030       0xdc _build/device_manager_peripheral.o
 .text.peer_instance_init
                0x0002610c       0x90 _build/device_manager_peripheral.o
 .text.device_instance_find
                0x0002619c       0x88 _build/device_manager_peripheral.o
 .text.app_evt_notify
                0x00026224       0x28 _build/device_manager_peripheral.o
 .text.connection_instance_init
                0x0002624c       0x68 _build/device_manager_peripheral.o
 .text.connection_instance_free
                0x000262b4       0x34 _build/device_manager_peripheral.o
 .text.storage_operation_dummy_handler
                0x000262e8       0x20 _build/device_manager_peripheral.o
 .text.no_service_context_store
                0x00026308       0x14 _build/device_manager_peripheral.o
 .text.gatts_context_store
                0x0002631c      0x154 _build/device_manager_peripheral.o
 .text.gattc_context_store
                0x00026470       0x14 _build/device_manager_peripheral.o
 .text.gattsc_context_store
                0x00026484       0x3c _build/device_manager_peripheral.o
 .text.no_service_context_load
                0x000264c0       0x14 _build/device_manager_peripheral.o
 .text.gatts_context_load
                0x000264d4       0x6c _build/device_manager_peripheral.o
 .text.gattc_context_load
                0x00026540       0x14 _build/device_manager_peripheral.o
 .text.gattsc_context_load
                0x00026554       0x3c _build/device_manager_peripheral.o
 .text.no_service_context_apply
                0x00026590       0x14 _build/device_manager_peripheral.o
 .text.gatts_context_apply
                0x000265a4       0xe0 _build/device_manager_peripheral.o
 .text.gattc_context_apply
                0x00026684       0x14 _build/device_manager_peripheral.o
 .text.gattsc_context_apply
                0x00026698       0x30 _build/device_manager_peripheral.o
 .text.dm_pstorage_cb_handler
                0x000266c8      0x2c0 _build/device_manager_peripheral.o
 .text.dm_init  0x00026988      0x16c _build/device_manager_peripheral.o
                0x00026988                dm_init
 .text.dm_register
                0x00026af4       0x98 _build/device_manager_peripheral.o
                0x00026af4                dm_register
 .text.dm_handle_initialize
                0x00026b8c       0x38 _build/device_manager_peripheral.o
                0x00026b8c                dm_handle_initialize
 .text.device_context_store
                0x00026bc4      0x15c _build/device_manager_peripheral.o
 .text.connection_instance_allocate
                0x00026d20       0x50 _build/device_manager_peripheral.o
 .text.bond_data_load
                0x00026d70       0x80 _build/device_manager_peripheral.o
                0x00026d70                bond_data_load
 .text.dm_ble_evt_handler
                0x00026df0      0x750 _build/device_manager_peripheral.o
                0x00026df0                dm_ble_evt_handler
 .text.NVIC_EnableIRQ
                0x00027540       0x2c _build/app_gpiote.o
 .text.NVIC_ClearPendingIRQ
                0x0002756c       0x30 _build/app_gpiote.o
 .text.NVIC_SetPriority
                0x0002759c       0xd4 _build/app_gpiote.o
 .text.is_word_aligned
                0x00027670       0x1c _build/app_gpiote.o
 .text.sense_level_toggle
                0x0002768c       0xac _build/app_gpiote.o
 .text.GPIOTE_IRQHandler
                0x00027738      0x11c _build/app_gpiote.o
                0x00027738                GPIOTE_IRQHandler
 .text.pins_sense_disable
                0x00027854       0x88 _build/app_gpiote.o
 .text.app_gpiote_init
                0x000278dc       0xa8 _build/app_gpiote.o
                0x000278dc                app_gpiote_init
 .text.app_gpiote_user_register
                0x00027984       0xc8 _build/app_gpiote.o
                0x00027984                app_gpiote_user_register
 .text.app_gpiote_user_enable
                0x00027a4c      0x154 _build/app_gpiote.o
                0x00027a4c                app_gpiote_user_enable
 .text.nrf_delay_us
                0x00027ba0       0x34 _build/nrf_delay.o
 .text.nrf_delay_ms
                0x00027bd4       0x28 _build/nrf_delay.o
                0x00027bd4                nrf_delay_ms
 .text.NVIC_GetPriority
                0x00027bfc       0x78 _build/app_scheduler.o
 .text.sd_nvic_critical_region_enter
                0x00027c74        0x8 _build/app_scheduler.o
 .text.sd_nvic_critical_region_exit
                0x00027c7c        0x8 _build/app_scheduler.o
 .text.is_word_aligned
                0x00027c84       0x1c _build/app_scheduler.o
 .text.current_int_priority_get
                0x00027ca0       0x3c _build/app_scheduler.o
 .text.next_index
                0x00027cdc       0x34 _build/app_scheduler.o
 .text.app_sched_init
                0x00027d10       0x90 _build/app_scheduler.o
                0x00027d10                app_sched_init
 .text.app_sched_event_put
                0x00027da0      0x194 _build/app_scheduler.o
                0x00027da0                app_sched_event_put
 .text.app_sched_event_get
                0x00027f34       0xa0 _build/app_scheduler.o
 .text.app_sched_execute
                0x00027fd4       0x38 _build/app_scheduler.o
                0x00027fd4                app_sched_execute
 .text.SystemInit
                0x0002800c       0x40 _build/system_nrf51.o
                0x0002800c                SystemInit
 .text.is_manual_peripheral_setup_needed
                0x0002804c       0x80 _build/system_nrf51.o
 .text.is_disabled_in_debug_needed
                0x000280cc       0x4c _build/system_nrf51.o
 .text          0x00028118       0x54 _build/gcc_startup_nrf51.o
                0x00028118                Reset_Handler
                0x00028160                NMI_Handler
                0x00028164                SVC_Handler
                0x00028166                PendSV_Handler
                0x00028168                SysTick_Handler
                0x0002816a                SPI0_TWI0_IRQHandler
                0x0002816a                RTC0_IRQHandler
                0x0002816a                POWER_CLOCK_IRQHandler
                0x0002816a                RADIO_IRQHandler
                0x0002816a                LPCOMP_IRQHandler
                0x0002816a                SWI4_IRQHandler
                0x0002816a                TEMP_IRQHandler
                0x0002816a                QDEC_IRQHandler
                0x0002816a                UART0_IRQHandler
                0x0002816a                SWI5_IRQHandler
                0x0002816a                TIMER0_IRQHandler
                0x0002816a                TIMER1_IRQHandler
                0x0002816a                ECB_IRQHandler
                0x0002816a                Default_Handler
                0x0002816a                ADC_IRQHandler
                0x0002816a                SWI3_IRQHandler
                0x0002816a                CCM_AAR_IRQHandler
                0x0002816a                WDT_IRQHandler
                0x0002816a                RNG_IRQHandler
                0x0002816a                SPI1_TWI1_IRQHandler
                0x0002816a                SWI1_IRQHandler
 .text.pow      0x0002816c      0x35c /home/luis/Desktop/SETEC/gcc-arm-none-eabi-4_9-2015q3/bin/../lib/gcc/arm-none-eabi/4.9.3/../../../../arm-none-eabi/lib/armv6-m/libm.a(lib_a-w_pow.o)
                0x0002816c                pow
 .text.__ieee754_pow
                0x000284c8      0xa8c /home/luis/Desktop/SETEC/gcc-arm-none-eabi-4_9-2015q3/bin/../lib/gcc/arm-none-eabi/4.9.3/../../../../arm-none-eabi/lib/armv6-m/libm.a(lib_a-e_pow.o)
                0x000284c8                __ieee754_pow
 .text.__ieee754_sqrt
                0x00028f54      0x1ec /home/luis/Desktop/SETEC/gcc-arm-none-eabi-4_9-2015q3/bin/../lib/gcc/arm-none-eabi/4.9.3/../../../../arm-none-eabi/lib/armv6-m/libm.a(lib_a-e_sqrt.o)
                0x00028f54                __ieee754_sqrt
 .text.fabs     0x00029140        0x8 /home/luis/Desktop/SETEC/gcc-arm-none-eabi-4_9-2015q3/bin/../lib/gcc/arm-none-eabi/4.9.3/../../../../arm-none-eabi/lib/armv6-m/libm.a(lib_a-s_fabs.o)
                0x00029140                fabs
 .text.finite   0x00029148       0x14 /home/luis/Desktop/SETEC/gcc-arm-none-eabi-4_9-2015q3/bin/../lib/gcc/arm-none-eabi/4.9.3/../../../../arm-none-eabi/lib/armv6-m/libm.a(lib_a-s_finite.o)
                0x00029148                finite
 .text.__fpclassifyd
                0x0002915c       0x5c /home/luis/Desktop/SETEC/gcc-arm-none-eabi-4_9-2015q3/bin/../lib/gcc/arm-none-eabi/4.9.3/../../../../arm-none-eabi/lib/armv6-m/libm.a(lib_a-s_fpclassify.o)
                0x0002915c                __fpclassifyd
 .text.matherr  0x000291b8        0x4 /home/luis/Desktop/SETEC/gcc-arm-none-eabi-4_9-2015q3/bin/../lib/gcc/arm-none-eabi/4.9.3/../../../../arm-none-eabi/lib/armv6-m/libm.a(lib_a-s_matherr.o)
                0x000291b8                matherr
 .text.nan      0x000291bc        0xc /home/luis/Desktop/SETEC/gcc-arm-none-eabi-4_9-2015q3/bin/../lib/gcc/arm-none-eabi/4.9.3/../../../../arm-none-eabi/lib/armv6-m/libm.a(lib_a-s_nan.o)
                0x000291bc                nan
 .text.rint     0x000291c8      0x144 /home/luis/Desktop/SETEC/gcc-arm-none-eabi-4_9-2015q3/bin/../lib/gcc/arm-none-eabi/4.9.3/../../../../arm-none-eabi/lib/armv6-m/libm.a(lib_a-s_rint.o)
                0x000291c8                rint
 .text.scalbn   0x0002930c       0xf8 /home/luis/Desktop/SETEC/gcc-arm-none-eabi-4_9-2015q3/bin/../lib/gcc/arm-none-eabi/4.9.3/../../../../arm-none-eabi/lib/armv6-m/libm.a(lib_a-s_scalbn.o)
                0x0002930c                scalbn
 .text.copysign
                0x00029404       0x10 /home/luis/Desktop/SETEC/gcc-arm-none-eabi-4_9-2015q3/bin/../lib/gcc/arm-none-eabi/4.9.3/../../../../arm-none-eabi/lib/armv6-m/libm.a(lib_a-s_copysign.o)
                0x00029404                copysign
 .text          0x00029414      0x120 /home/luis/Desktop/SETEC/gcc-arm-none-eabi-4_9-2015q3/bin/../lib/gcc/arm-none-eabi/4.9.3/armv6-m/libgcc.a(_udivsi3.o)
                0x00029414                __udivsi3
                0x00029414                __aeabi_uidiv
                0x00029520                __aeabi_uidivmod
 .text          0x00029534      0x1e0 /home/luis/Desktop/SETEC/gcc-arm-none-eabi-4_9-2015q3/bin/../lib/gcc/arm-none-eabi/4.9.3/armv6-m/libgcc.a(_divsi3.o)
                0x00029534                __aeabi_idiv
                0x00029534                __divsi3
                0x00029700                __aeabi_idivmod
 .text          0x00029714        0x4 /home/luis/Desktop/SETEC/gcc-arm-none-eabi-4_9-2015q3/bin/../lib/gcc/arm-none-eabi/4.9.3/armv6-m/libgcc.a(_dvmd_tls.o)
                0x00029714                __aeabi_ldiv0
                0x00029714                __aeabi_idiv0
 .text          0x00029718       0x7c /home/luis/Desktop/SETEC/gcc-arm-none-eabi-4_9-2015q3/bin/../lib/gcc/arm-none-eabi/4.9.3/armv6-m/libgcc.a(_arm_cmpdf2.o)
                0x00029718                __aeabi_cdrcmple
                0x00029728                __aeabi_cdcmple
                0x00029728                __aeabi_cdcmpeq
                0x00029738                __aeabi_dcmpeq
                0x00029744                __aeabi_dcmplt
                0x00029758                __aeabi_dcmple
                0x0002976c                __aeabi_dcmpgt
                0x00029780                __aeabi_dcmpge
 .text          0x00029794       0x40 /home/luis/Desktop/SETEC/gcc-arm-none-eabi-4_9-2015q3/bin/../lib/gcc/arm-none-eabi/4.9.3/armv6-m/libgcc.a(_aeabi_uldivmod.o)
                0x00029794                __aeabi_uldivmod
 .text          0x000297d4       0x3c /home/luis/Desktop/SETEC/gcc-arm-none-eabi-4_9-2015q3/bin/../lib/gcc/arm-none-eabi/4.9.3/armv6-m/libgcc.a(_fixunsdfsi.o)
                0x000297d4                __fixunsdfsi
                0x000297d4                __aeabi_d2uiz
 .text          0x00029810       0x6c /home/luis/Desktop/SETEC/gcc-arm-none-eabi-4_9-2015q3/bin/../lib/gcc/arm-none-eabi/4.9.3/armv6-m/libgcc.a(bpabi.o)
                0x00029810                __gnu_ldivmod_helper
                0x00029848                __gnu_uldivmod_helper
 .text          0x0002987c      0x650 /home/luis/Desktop/SETEC/gcc-arm-none-eabi-4_9-2015q3/bin/../lib/gcc/arm-none-eabi/4.9.3/armv6-m/libgcc.a(adddf3.o)
                0x0002987c                __aeabi_dadd
 .text          0x00029ecc      0x648 /home/luis/Desktop/SETEC/gcc-arm-none-eabi-4_9-2015q3/bin/../lib/gcc/arm-none-eabi/4.9.3/armv6-m/libgcc.a(divdf3.o)
                0x00029ecc                __aeabi_ddiv
 .text          0x0002a514       0x88 /home/luis/Desktop/SETEC/gcc-arm-none-eabi-4_9-2015q3/bin/../lib/gcc/arm-none-eabi/4.9.3/armv6-m/libgcc.a(eqdf2.o)
                0x0002a514                __eqdf2
                0x0002a514                __nedf2
 .text          0x0002a59c       0xe0 /home/luis/Desktop/SETEC/gcc-arm-none-eabi-4_9-2015q3/bin/../lib/gcc/arm-none-eabi/4.9.3/armv6-m/libgcc.a(gedf2.o)
                0x0002a59c                __gtdf2
                0x0002a59c                __gedf2
 .text          0x0002a67c       0xcc /home/luis/Desktop/SETEC/gcc-arm-none-eabi-4_9-2015q3/bin/../lib/gcc/arm-none-eabi/4.9.3/armv6-m/libgcc.a(ledf2.o)
                0x0002a67c                __ltdf2
                0x0002a67c                __ledf2
 .text          0x0002a748      0x534 /home/luis/Desktop/SETEC/gcc-arm-none-eabi-4_9-2015q3/bin/../lib/gcc/arm-none-eabi/4.9.3/armv6-m/libgcc.a(muldf3.o)
                0x0002a748                __aeabi_dmul
 .text          0x0002ac7c      0x6f4 /home/luis/Desktop/SETEC/gcc-arm-none-eabi-4_9-2015q3/bin/../lib/gcc/arm-none-eabi/4.9.3/armv6-m/libgcc.a(subdf3.o)
                0x0002ac7c                __aeabi_dsub
 .text          0x0002b370       0x6c /home/luis/Desktop/SETEC/gcc-arm-none-eabi-4_9-2015q3/bin/../lib/gcc/arm-none-eabi/4.9.3/armv6-m/libgcc.a(fixdfsi.o)
                0x0002b370                __aeabi_d2iz
 .text          0x0002b3dc       0x78 /home/luis/Desktop/SETEC/gcc-arm-none-eabi-4_9-2015q3/bin/../lib/gcc/arm-none-eabi/4.9.3/armv6-m/libgcc.a(floatsidf.o)
                0x0002b3dc                __aeabi_i2d
 .text          0x0002b454       0x64 /home/luis/Desktop/SETEC/gcc-arm-none-eabi-4_9-2015q3/bin/../lib/gcc/arm-none-eabi/4.9.3/armv6-m/libgcc.a(floatunsidf.o)
                0x0002b454                __aeabi_ui2d
 .text          0x0002b4b8       0x3c /home/luis/Desktop/SETEC/gcc-arm-none-eabi-4_9-2015q3/bin/../lib/gcc/arm-none-eabi/4.9.3/armv6-m/libgcc.a(_clzsi2.o)
                0x0002b4b8                __clzsi2
 .text          0x0002b4f4       0x54 /home/luis/Desktop/SETEC/gcc-arm-none-eabi-4_9-2015q3/bin/../lib/gcc/arm-none-eabi/4.9.3/armv6-m/libgcc.a(_muldi3.o)
                0x0002b4f4                __aeabi_lmul
                0x0002b4f4                __muldi3
 .text          0x0002b548      0x1f0 /home/luis/Desktop/SETEC/gcc-arm-none-eabi-4_9-2015q3/bin/../lib/gcc/arm-none-eabi/4.9.3/armv6-m/libgcc.a(_divdi3.o)
                0x0002b548                __divdi3
 .text          0x0002b738      0x158 /home/luis/Desktop/SETEC/gcc-arm-none-eabi-4_9-2015q3/bin/../lib/gcc/arm-none-eabi/4.9.3/armv6-m/libgcc.a(_udivdi3.o)
                0x0002b738                __udivdi3
 .text          0x0002b890       0x18 /home/luis/Desktop/SETEC/gcc-arm-none-eabi-4_9-2015q3/bin/../lib/gcc/arm-none-eabi/4.9.3/armv6-m/libgcc.a(_clzdi2.o)
                0x0002b890                __clzdi2
 .text.__errno  0x0002b8a8        0xc /home/luis/Desktop/SETEC/gcc-arm-none-eabi-4_9-2015q3/bin/../lib/gcc/arm-none-eabi/4.9.3/../../../../arm-none-eabi/lib/armv6-m/libc_nano.a(lib_a-errno.o)
                0x0002b8a8                __errno
 .text.exit     0x0002b8b4       0x2c /home/luis/Desktop/SETEC/gcc-arm-none-eabi-4_9-2015q3/bin/../lib/gcc/arm-none-eabi/4.9.3/../../../../arm-none-eabi/lib/armv6-m/libc_nano.a(lib_a-exit.o)
                0x0002b8b4                exit
 .text.__libc_init_array
                0x0002b8e0       0x4c /home/luis/Desktop/SETEC/gcc-arm-none-eabi-4_9-2015q3/bin/../lib/gcc/arm-none-eabi/4.9.3/../../../../arm-none-eabi/lib/armv6-m/libc_nano.a(lib_a-init.o)
                0x0002b8e0                __libc_init_array
 .text.memcmp   0x0002b92c       0x1e /home/luis/Desktop/SETEC/gcc-arm-none-eabi-4_9-2015q3/bin/../lib/gcc/arm-none-eabi/4.9.3/../../../../arm-none-eabi/lib/armv6-m/libc_nano.a(lib_a-memcmp.o)
                0x0002b92c                memcmp
 .text.memcpy   0x0002b94a       0x12 /home/luis/Desktop/SETEC/gcc-arm-none-eabi-4_9-2015q3/bin/../lib/gcc/arm-none-eabi/4.9.3/../../../../arm-none-eabi/lib/armv6-m/libc_nano.a(lib_a-memcpy.o)
                0x0002b94a                memcpy
 .text.memset   0x0002b95c       0x10 /home/luis/Desktop/SETEC/gcc-arm-none-eabi-4_9-2015q3/bin/../lib/gcc/arm-none-eabi/4.9.3/../../../../arm-none-eabi/lib/armv6-m/libc_nano.a(lib_a-memset.o)
                0x0002b95c                memset
 .text._free_r  0x0002b96c       0x8c /home/luis/Desktop/SETEC/gcc-arm-none-eabi-4_9-2015q3/bin/../lib/gcc/arm-none-eabi/4.9.3/../../../../arm-none-eabi/lib/armv6-m/libc_nano.a(lib_a-nano-freer.o)
                0x0002b96c                _free_r
 .text._malloc_r
                0x0002b9f8       0xb0 /home/luis/Desktop/SETEC/gcc-arm-none-eabi-4_9-2015q3/bin/../lib/gcc/arm-none-eabi/4.9.3/../../../../arm-none-eabi/lib/armv6-m/libc_nano.a(lib_a-nano-mallocr.o)
                0x0002b9f8                _malloc_r
 .text.printf   0x0002baa8       0x34 /home/luis/Desktop/SETEC/gcc-arm-none-eabi-4_9-2015q3/bin/../lib/gcc/arm-none-eabi/4.9.3/../../../../arm-none-eabi/lib/armv6-m/libc_nano.a(lib_a-printf.o)
                0x0002baa8                printf
                0x0002baa8                iprintf
 .text._sbrk_r  0x0002badc       0x24 /home/luis/Desktop/SETEC/gcc-arm-none-eabi-4_9-2015q3/bin/../lib/gcc/arm-none-eabi/4.9.3/../../../../arm-none-eabi/lib/armv6-m/libc_nano.a(lib_a-sbrkr.o)
                0x0002badc                _sbrk_r
 .text.sprintf  0x0002bb00       0x44 /home/luis/Desktop/SETEC/gcc-arm-none-eabi-4_9-2015q3/bin/../lib/gcc/arm-none-eabi/4.9.3/../../../../arm-none-eabi/lib/armv6-m/libc_nano.a(lib_a-sprintf.o)
                0x0002bb00                sprintf
                0x0002bb00                siprintf
 .text          0x0002bb44       0x14 /home/luis/Desktop/SETEC/gcc-arm-none-eabi-4_9-2015q3/bin/../lib/gcc/arm-none-eabi/4.9.3/../../../../arm-none-eabi/lib/armv6-m/libc_nano.a(lib_a-strcmp.o)
                0x0002bb44                strcmp
 .text.strlen   0x0002bb58        0xe /home/luis/Desktop/SETEC/gcc-arm-none-eabi-4_9-2015q3/bin/../lib/gcc/arm-none-eabi/4.9.3/../../../../arm-none-eabi/lib/armv6-m/libc_nano.a(lib_a-strlen.o)
                0x0002bb58                strlen
 *fill*         0x0002bb66        0x2 
 .text.__swbuf_r
                0x0002bb68       0xb0 /home/luis/Desktop/SETEC/gcc-arm-none-eabi-4_9-2015q3/bin/../lib/gcc/arm-none-eabi/4.9.3/../../../../arm-none-eabi/lib/armv6-m/libc_nano.a(lib_a-wbuf.o)
                0x0002bb68                __swbuf_r
 .text.__swsetup_r
                0x0002bc18       0xe8 /home/luis/Desktop/SETEC/gcc-arm-none-eabi-4_9-2015q3/bin/../lib/gcc/arm-none-eabi/4.9.3/../../../../arm-none-eabi/lib/armv6-m/libc_nano.a(lib_a-wsetup.o)
                0x0002bc18                __swsetup_r
 .text.__sflush_r
                0x0002bd00      0x112 /home/luis/Desktop/SETEC/gcc-arm-none-eabi-4_9-2015q3/bin/../lib/gcc/arm-none-eabi/4.9.3/../../../../arm-none-eabi/lib/armv6-m/libc_nano.a(lib_a-fflush.o)
                0x0002bd00                __sflush_r
 *fill*         0x0002be12        0x2 
 .text._fflush_r
                0x0002be14       0x58 /home/luis/Desktop/SETEC/gcc-arm-none-eabi-4_9-2015q3/bin/../lib/gcc/arm-none-eabi/4.9.3/../../../../arm-none-eabi/lib/armv6-m/libc_nano.a(lib_a-fflush.o)
                0x0002be14                _fflush_r
 .text._cleanup_r
                0x0002be6c       0x10 /home/luis/Desktop/SETEC/gcc-arm-none-eabi-4_9-2015q3/bin/../lib/gcc/arm-none-eabi/4.9.3/../../../../arm-none-eabi/lib/armv6-m/libc_nano.a(lib_a-findfp.o)
                0x0002be6c                _cleanup_r
 .text.std.isra.0
                0x0002be7c       0x48 /home/luis/Desktop/SETEC/gcc-arm-none-eabi-4_9-2015q3/bin/../lib/gcc/arm-none-eabi/4.9.3/../../../../arm-none-eabi/lib/armv6-m/libc_nano.a(lib_a-findfp.o)
 .text.__sfmoreglue
                0x0002bec4       0x2c /home/luis/Desktop/SETEC/gcc-arm-none-eabi-4_9-2015q3/bin/../lib/gcc/arm-none-eabi/4.9.3/../../../../arm-none-eabi/lib/armv6-m/libc_nano.a(lib_a-findfp.o)
                0x0002bec4                __sfmoreglue
 .text.__sinit  0x0002bef0       0x64 /home/luis/Desktop/SETEC/gcc-arm-none-eabi-4_9-2015q3/bin/../lib/gcc/arm-none-eabi/4.9.3/../../../../arm-none-eabi/lib/armv6-m/libc_nano.a(lib_a-findfp.o)
                0x0002bef0                __sinit
 .text.__sfp    0x0002bf54       0x7c /home/luis/Desktop/SETEC/gcc-arm-none-eabi-4_9-2015q3/bin/../lib/gcc/arm-none-eabi/4.9.3/../../../../arm-none-eabi/lib/armv6-m/libc_nano.a(lib_a-findfp.o)
                0x0002bf54                __sfp
 .text._fwalk_reent
                0x0002bfd0       0x42 /home/luis/Desktop/SETEC/gcc-arm-none-eabi-4_9-2015q3/bin/../lib/gcc/arm-none-eabi/4.9.3/../../../../arm-none-eabi/lib/armv6-m/libc_nano.a(lib_a-fwalk.o)
                0x0002bfd0                _fwalk_reent
 *fill*         0x0002c012        0x2 
 .text.__smakebuf_r
                0x0002c014       0xb0 /home/luis/Desktop/SETEC/gcc-arm-none-eabi-4_9-2015q3/bin/../lib/gcc/arm-none-eabi/4.9.3/../../../../arm-none-eabi/lib/armv6-m/libc_nano.a(lib_a-makebuf.o)
                0x0002c014                __smakebuf_r
 .text.__ssputs_r
                0x0002c0c4       0xc0 /home/luis/Desktop/SETEC/gcc-arm-none-eabi-4_9-2015q3/bin/../lib/gcc/arm-none-eabi/4.9.3/../../../../arm-none-eabi/lib/armv6-m/libc_nano.a(lib_a-nano-svfprintf.o)
                0x0002c0c4                __ssputs_r
 .text._svfprintf_r
                0x0002c184      0x1ec /home/luis/Desktop/SETEC/gcc-arm-none-eabi-4_9-2015q3/bin/../lib/gcc/arm-none-eabi/4.9.3/../../../../arm-none-eabi/lib/armv6-m/libc_nano.a(lib_a-nano-svfprintf.o)
                0x0002c184                _svfprintf_r
                0x0002c184                _svfiprintf_r
 .text.__sfputc_r
                0x0002c370       0x2a /home/luis/Desktop/SETEC/gcc-arm-none-eabi-4_9-2015q3/bin/../lib/gcc/arm-none-eabi/4.9.3/../../../../arm-none-eabi/lib/armv6-m/libc_nano.a(lib_a-nano-vfprintf.o)
 .text.__sfputs_r
                0x0002c39a       0x24 /home/luis/Desktop/SETEC/gcc-arm-none-eabi-4_9-2015q3/bin/../lib/gcc/arm-none-eabi/4.9.3/../../../../arm-none-eabi/lib/armv6-m/libc_nano.a(lib_a-nano-vfprintf.o)
                0x0002c39a                __sfputs_r
 *fill*         0x0002c3be        0x2 
 .text._vfprintf_r
                0x0002c3c0      0x220 /home/luis/Desktop/SETEC/gcc-arm-none-eabi-4_9-2015q3/bin/../lib/gcc/arm-none-eabi/4.9.3/../../../../arm-none-eabi/lib/armv6-m/libc_nano.a(lib_a-nano-vfprintf.o)
                0x0002c3c0                _vfiprintf_r
                0x0002c3c0                _vfprintf_r
 .text._printf_common
                0x0002c5e0       0xdc /home/luis/Desktop/SETEC/gcc-arm-none-eabi-4_9-2015q3/bin/../lib/gcc/arm-none-eabi/4.9.3/../../../../arm-none-eabi/lib/armv6-m/libc_nano.a(lib_a-nano-vfprintf_i.o)
                0x0002c5e0                _printf_common
 .text._printf_i
                0x0002c6bc      0x230 /home/luis/Desktop/SETEC/gcc-arm-none-eabi-4_9-2015q3/bin/../lib/gcc/arm-none-eabi/4.9.3/../../../../arm-none-eabi/lib/armv6-m/libc_nano.a(lib_a-nano-vfprintf_i.o)
                0x0002c6bc                _printf_i
 .text.__sread  0x0002c8ec       0x28 /home/luis/Desktop/SETEC/gcc-arm-none-eabi-4_9-2015q3/bin/../lib/gcc/arm-none-eabi/4.9.3/../../../../arm-none-eabi/lib/armv6-m/libc_nano.a(lib_a-stdio.o)
                0x0002c8ec                __sread
 .text.__swrite
                0x0002c914       0x38 /home/luis/Desktop/SETEC/gcc-arm-none-eabi-4_9-2015q3/bin/../lib/gcc/arm-none-eabi/4.9.3/../../../../arm-none-eabi/lib/armv6-m/libc_nano.a(lib_a-stdio.o)
                0x0002c914                __swrite
 .text.__sseek  0x0002c94c       0x2c /home/luis/Desktop/SETEC/gcc-arm-none-eabi-4_9-2015q3/bin/../lib/gcc/arm-none-eabi/4.9.3/../../../../arm-none-eabi/lib/armv6-m/libc_nano.a(lib_a-stdio.o)
                0x0002c94c                __sseek
 .text.__sclose
                0x0002c978        0xc /home/luis/Desktop/SETEC/gcc-arm-none-eabi-4_9-2015q3/bin/../lib/gcc/arm-none-eabi/4.9.3/../../../../arm-none-eabi/lib/armv6-m/libc_nano.a(lib_a-stdio.o)
                0x0002c978                __sclose
 .text._write_r
                0x0002c984       0x28 /home/luis/Desktop/SETEC/gcc-arm-none-eabi-4_9-2015q3/bin/../lib/gcc/arm-none-eabi/4.9.3/../../../../arm-none-eabi/lib/armv6-m/libc_nano.a(lib_a-writer.o)
                0x0002c984                _write_r
 .text._close_r
                0x0002c9ac       0x24 /home/luis/Desktop/SETEC/gcc-arm-none-eabi-4_9-2015q3/bin/../lib/gcc/arm-none-eabi/4.9.3/../../../../arm-none-eabi/lib/armv6-m/libc_nano.a(lib_a-closer.o)
                0x0002c9ac                _close_r
 .text._fstat_r
                0x0002c9d0       0x24 /home/luis/Desktop/SETEC/gcc-arm-none-eabi-4_9-2015q3/bin/../lib/gcc/arm-none-eabi/4.9.3/../../../../arm-none-eabi/lib/armv6-m/libc_nano.a(lib_a-fstatr.o)
                0x0002c9d0                _fstat_r
 .text._isatty_r
                0x0002c9f4       0x24 /home/luis/Desktop/SETEC/gcc-arm-none-eabi-4_9-2015q3/bin/../lib/gcc/arm-none-eabi/4.9.3/../../../../arm-none-eabi/lib/armv6-m/libc_nano.a(lib_a-isattyr.o)
                0x0002c9f4                _isatty_r
 .text._lseek_r
                0x0002ca18       0x28 /home/luis/Desktop/SETEC/gcc-arm-none-eabi-4_9-2015q3/bin/../lib/gcc/arm-none-eabi/4.9.3/../../../../arm-none-eabi/lib/armv6-m/libc_nano.a(lib_a-lseekr.o)
                0x0002ca18                _lseek_r
 .text.memchr   0x0002ca40       0x16 /home/luis/Desktop/SETEC/gcc-arm-none-eabi-4_9-2015q3/bin/../lib/gcc/arm-none-eabi/4.9.3/../../../../arm-none-eabi/lib/armv6-m/libc_nano.a(lib_a-memchr.o)
                0x0002ca40                memchr
 .text.memmove  0x0002ca56       0x28 /home/luis/Desktop/SETEC/gcc-arm-none-eabi-4_9-2015q3/bin/../lib/gcc/arm-none-eabi/4.9.3/../../../../arm-none-eabi/lib/armv6-m/libc_nano.a(lib_a-memmove.o)
                0x0002ca56                memmove
 .text._realloc_r
                0x0002ca7e       0x4c /home/luis/Desktop/SETEC/gcc-arm-none-eabi-4_9-2015q3/bin/../lib/gcc/arm-none-eabi/4.9.3/../../../../arm-none-eabi/lib/armv6-m/libc_nano.a(lib_a-nano-reallocr.o)
                0x0002ca7e                _realloc_r
 *fill*         0x0002caca        0x2 
 .text._read_r  0x0002cacc       0x28 /home/luis/Desktop/SETEC/gcc-arm-none-eabi-4_9-2015q3/bin/../lib/gcc/arm-none-eabi/4.9.3/../../../../arm-none-eabi/lib/armv6-m/libc_nano.a(lib_a-readr.o)
                0x0002cacc                _read_r
 .text._malloc_usable_size_r
                0x0002caf4       0x16 /home/luis/Desktop/SETEC/gcc-arm-none-eabi-4_9-2015q3/bin/../lib/gcc/arm-none-eabi/4.9.3/../../../../arm-none-eabi/lib/armv6-m/libc_nano.a(lib_a-nano-msizer.o)
                0x0002caf4                _malloc_usable_size_r
 *fill*         0x0002cb0a        0x2 
 .text._close   0x0002cb0c       0x10 /home/luis/Desktop/SETEC/gcc-arm-none-eabi-4_9-2015q3/bin/../lib/gcc/arm-none-eabi/4.9.3/../../../../arm-none-eabi/lib/armv6-m/libnosys.a(close.o)
                0x0002cb0c                _close
 .text._fstat   0x0002cb1c       0x10 /home/luis/Desktop/SETEC/gcc-arm-none-eabi-4_9-2015q3/bin/../lib/gcc/arm-none-eabi/4.9.3/../../../../arm-none-eabi/lib/armv6-m/libnosys.a(fstat.o)
                0x0002cb1c                _fstat
 .text._isatty  0x0002cb2c       0x10 /home/luis/Desktop/SETEC/gcc-arm-none-eabi-4_9-2015q3/bin/../lib/gcc/arm-none-eabi/4.9.3/../../../../arm-none-eabi/lib/armv6-m/libnosys.a(isatty.o)
                0x0002cb2c                _isatty
 .text._lseek   0x0002cb3c       0x10 /home/luis/Desktop/SETEC/gcc-arm-none-eabi-4_9-2015q3/bin/../lib/gcc/arm-none-eabi/4.9.3/../../../../arm-none-eabi/lib/armv6-m/libnosys.a(lseek.o)
                0x0002cb3c                _lseek
 .text._read    0x0002cb4c       0x10 /home/luis/Desktop/SETEC/gcc-arm-none-eabi-4_9-2015q3/bin/../lib/gcc/arm-none-eabi/4.9.3/../../../../arm-none-eabi/lib/armv6-m/libnosys.a(read.o)
                0x0002cb4c                _read
 .text._sbrk    0x0002cb5c       0x1c /home/luis/Desktop/SETEC/gcc-arm-none-eabi-4_9-2015q3/bin/../lib/gcc/arm-none-eabi/4.9.3/../../../../arm-none-eabi/lib/armv6-m/libnosys.a(sbrk.o)
                0x0002cb5c                _sbrk
 .text._write   0x0002cb78       0x10 /home/luis/Desktop/SETEC/gcc-arm-none-eabi-4_9-2015q3/bin/../lib/gcc/arm-none-eabi/4.9.3/../../../../arm-none-eabi/lib/armv6-m/libnosys.a(write.o)
                0x0002cb78                _write
 .text._exit    0x0002cb88        0x4 /home/luis/Desktop/SETEC/gcc-arm-none-eabi-4_9-2015q3/bin/../lib/gcc/arm-none-eabi/4.9.3/../../../../arm-none-eabi/lib/armv6-m/libnosys.a(_exit.o)
                0x0002cb88                _exit
 *(.init)
 .init          0x0002cb8c        0x4 /home/luis/Desktop/SETEC/gcc-arm-none-eabi-4_9-2015q3/bin/../lib/gcc/arm-none-eabi/4.9.3/armv6-m/crti.o
                0x0002cb8c                _init
 .init          0x0002cb90        0x8 /home/luis/Desktop/SETEC/gcc-arm-none-eabi-4_9-2015q3/bin/../lib/gcc/arm-none-eabi/4.9.3/armv6-m/crtn.o
 *(.fini)
 .fini          0x0002cb98        0x4 /home/luis/Desktop/SETEC/gcc-arm-none-eabi-4_9-2015q3/bin/../lib/gcc/arm-none-eabi/4.9.3/armv6-m/crti.o
                0x0002cb98                _fini
 .fini          0x0002cb9c        0x8 /home/luis/Desktop/SETEC/gcc-arm-none-eabi-4_9-2015q3/bin/../lib/gcc/arm-none-eabi/4.9.3/armv6-m/crtn.o
 *crtbegin.o(.ctors)
 *crtbegin?.o(.ctors)
 *(EXCLUDE_FILE(*crtend.o *crtend?.o) .ctors)
 *(SORT(.ctors.*))
 *(.ctors)
 *crtbegin.o(.dtors)
 *crtbegin?.o(.dtors)
 *(EXCLUDE_FILE(*crtend.o *crtend?.o) .dtors)
 *(SORT(.dtors.*))
 *(.dtors)
 *(.rodata*)
 .rodata        0x0002cba4      0x21c _build/utils.o
 .rodata        0x0002cdc0      0x108 _build/ble_ambient.o
 .rodata        0x0002cec8      0x4b7 _build/main.o
 *fill*         0x0002d37f        0x1 
 .rodata        0x0002d380       0xc6 _build/init.o
 *fill*         0x0002d446        0x2 
 .rodata        0x0002d448      0x103 _build/humsolo.o
 *fill*         0x0002d54b        0x1 
 .rodata        0x0002d54c       0xe4 _build/rain.o
 .rodata        0x0002d630       0xfc _build/temp.o
 .rodata        0x0002d72c       0xeb _build/lum.o
 *fill*         0x0002d817        0x1 
 .rodata        0x0002d818       0x61 _build/SparkFunTSL2561.o
 *fill*         0x0002d879        0x3 
 .rodata        0x0002d87c       0xeb _build/hum.o
 *fill*         0x0002d967        0x1 
 .rodata        0x0002d968       0x4f _build/SparkFunMS1.o
 *fill*         0x0002d9b7        0x1 
 .rodata        0x0002d9b8       0x38 _build/nrf_pwm.o
 .rodata        0x0002d9f0       0x1f _build/fhp_gpio.o
 *fill*         0x0002da0f        0x1 
 .rodata        0x0002da10        0x9 _build/SEGGER_RTT.o
 *fill*         0x0002da19        0x3 
 .rodata        0x0002da1c      0x96b _build/mpu9x50.o
                0x0002da1c                dmpMemory
                0x0002e1c8                dmpConfig
                0x0002e2b0                dmpUpdates
 *fill*         0x0002e387        0x1 
 .rodata        0x0002e388       0x72 _build/ff.o
 *fill*         0x0002e3fa        0x2 
 .rodata        0x0002e3fc       0xfe _build/battery.o
 *fill*         0x0002e4fa        0x2 
 .rodata        0x0002e4fc       0x45 _build/ble_dis.o
 *fill*         0x0002e541        0x3 
 .rodata        0x0002e544       0x48 _build/softdevice_handler.o
 .rodata        0x0002e58c       0x40 _build/app_timer.o
 .rodata        0x0002e5cc       0x1c _build/pstorage.o
 .rodata        0x0002e5e8      0x198 _build/device_manager_peripheral.o
                0x0002e5e8                m_service_context_store
                0x0002e5f8                m_service_context_load
                0x0002e608                m_service_context_apply
                0x0002e618                m_context_init_len
 .rodata        0x0002e780       0x44 _build/app_scheduler.o
 .rodata.str1.4
                0x0002e7c4        0x4 /home/luis/Desktop/SETEC/gcc-arm-none-eabi-4_9-2015q3/bin/../lib/gcc/arm-none-eabi/4.9.3/../../../../arm-none-eabi/lib/armv6-m/libm.a(lib_a-w_pow.o)
 .rodata.dp_h   0x0002e7c8       0x10 /home/luis/Desktop/SETEC/gcc-arm-none-eabi-4_9-2015q3/bin/../lib/gcc/arm-none-eabi/4.9.3/../../../../arm-none-eabi/lib/armv6-m/libm.a(lib_a-e_pow.o)
 .rodata.dp_l   0x0002e7d8       0x10 /home/luis/Desktop/SETEC/gcc-arm-none-eabi-4_9-2015q3/bin/../lib/gcc/arm-none-eabi/4.9.3/../../../../arm-none-eabi/lib/armv6-m/libm.a(lib_a-e_pow.o)
 .rodata.bp     0x0002e7e8       0x10 /home/luis/Desktop/SETEC/gcc-arm-none-eabi-4_9-2015q3/bin/../lib/gcc/arm-none-eabi/4.9.3/../../../../arm-none-eabi/lib/armv6-m/libm.a(lib_a-e_pow.o)
 .rodata.str1.4
                0x0002e7f8        0x4 /home/luis/Desktop/SETEC/gcc-arm-none-eabi-4_9-2015q3/bin/../lib/gcc/arm-none-eabi/4.9.3/../../../../arm-none-eabi/lib/armv6-m/libm.a(lib_a-e_pow.o)
                                  0x1 (size before relaxing)
 *fill*         0x0002e7fc        0x4 
 .rodata.TWO52  0x0002e800       0x10 /home/luis/Desktop/SETEC/gcc-arm-none-eabi-4_9-2015q3/bin/../lib/gcc/arm-none-eabi/4.9.3/../../../../arm-none-eabi/lib/armv6-m/libm.a(lib_a-s_rint.o)
 .rodata        0x0002e810       0x40 /home/luis/Desktop/SETEC/gcc-arm-none-eabi-4_9-2015q3/bin/../lib/gcc/arm-none-eabi/4.9.3/armv6-m/libgcc.a(divdf3.o)
 .rodata        0x0002e850       0x40 /home/luis/Desktop/SETEC/gcc-arm-none-eabi-4_9-2015q3/bin/../lib/gcc/arm-none-eabi/4.9.3/armv6-m/libgcc.a(muldf3.o)
 .rodata.str1.1
                0x0002e890        0x2 /home/luis/Desktop/SETEC/gcc-arm-none-eabi-4_9-2015q3/bin/../lib/gcc/arm-none-eabi/4.9.3/../../../../arm-none-eabi/lib/armv6-m/libc_nano.a(lib_a-impure.o)
 *fill*         0x0002e892        0x2 
 .rodata._global_impure_ptr
                0x0002e894        0x4 /home/luis/Desktop/SETEC/gcc-arm-none-eabi-4_9-2015q3/bin/../lib/gcc/arm-none-eabi/4.9.3/../../../../arm-none-eabi/lib/armv6-m/libc_nano.a(lib_a-impure.o)
                0x0002e894                _global_impure_ptr
 .rodata.__sf_fake_stdin
                0x0002e898       0x20 /home/luis/Desktop/SETEC/gcc-arm-none-eabi-4_9-2015q3/bin/../lib/gcc/arm-none-eabi/4.9.3/../../../../arm-none-eabi/lib/armv6-m/libc_nano.a(lib_a-findfp.o)
                0x0002e898                __sf_fake_stdin
 .rodata.__sf_fake_stdout
                0x0002e8b8       0x20 /home/luis/Desktop/SETEC/gcc-arm-none-eabi-4_9-2015q3/bin/../lib/gcc/arm-none-eabi/4.9.3/../../../../arm-none-eabi/lib/armv6-m/libc_nano.a(lib_a-findfp.o)
                0x0002e8b8                __sf_fake_stdout
 .rodata.__sf_fake_stderr
                0x0002e8d8       0x20 /home/luis/Desktop/SETEC/gcc-arm-none-eabi-4_9-2015q3/bin/../lib/gcc/arm-none-eabi/4.9.3/../../../../arm-none-eabi/lib/armv6-m/libc_nano.a(lib_a-findfp.o)
                0x0002e8d8                __sf_fake_stderr
 .rodata.str1.1
                0x0002e8f8       0x11 /home/luis/Desktop/SETEC/gcc-arm-none-eabi-4_9-2015q3/bin/../lib/gcc/arm-none-eabi/4.9.3/../../../../arm-none-eabi/lib/armv6-m/libc_nano.a(lib_a-nano-svfprintf.o)
 .rodata.str1.1
                0x00000000       0x11 /home/luis/Desktop/SETEC/gcc-arm-none-eabi-4_9-2015q3/bin/../lib/gcc/arm-none-eabi/4.9.3/../../../../arm-none-eabi/lib/armv6-m/libc_nano.a(lib_a-nano-vfprintf.o)
 .rodata.str1.1
                0x0002e909       0x22 /home/luis/Desktop/SETEC/gcc-arm-none-eabi-4_9-2015q3/bin/../lib/gcc/arm-none-eabi/4.9.3/../../../../arm-none-eabi/lib/armv6-m/libc_nano.a(lib_a-nano-vfprintf_i.o)
 *(.eh_frame*)

.glue_7         0x0002e92c        0x0
 .glue_7        0x00000000        0x0 linker stubs

.glue_7t        0x0002e92c        0x0
 .glue_7t       0x00000000        0x0 linker stubs

.vfp11_veneer   0x0002e92c        0x0
 .vfp11_veneer  0x00000000        0x0 linker stubs

.v4_bx          0x0002e92c        0x0
 .v4_bx         0x00000000        0x0 linker stubs

.iplt           0x0002e92c        0x0
 .iplt          0x00000000        0x0 /home/luis/Desktop/SETEC/gcc-arm-none-eabi-4_9-2015q3/bin/../lib/gcc/arm-none-eabi/4.9.3/armv6-m/crtbegin.o

.ARM.extab
 *(.ARM.extab* .gnu.linkonce.armextab.*)
                0x0002e92c                __exidx_start = .

.ARM.exidx      0x0002e92c        0x8
 *(.ARM.exidx* .gnu.linkonce.armexidx.*)
 .ARM.exidx     0x0002e92c        0x8 /home/luis/Desktop/SETEC/gcc-arm-none-eabi-4_9-2015q3/bin/../lib/gcc/arm-none-eabi/4.9.3/../../../../arm-none-eabi/lib/armv6-m/crt0.o
 .ARM.exidx     0x0002e934        0x0 _build/gcc_startup_nrf51.o
                                  0x8 (size before relaxing)
 .ARM.exidx     0x0002e934        0x0 /home/luis/Desktop/SETEC/gcc-arm-none-eabi-4_9-2015q3/bin/../lib/gcc/arm-none-eabi/4.9.3/armv6-m/libgcc.a(_divdi3.o)
                                  0x8 (size before relaxing)
 .ARM.exidx     0x0002e934        0x0 /home/luis/Desktop/SETEC/gcc-arm-none-eabi-4_9-2015q3/bin/../lib/gcc/arm-none-eabi/4.9.3/armv6-m/libgcc.a(_udivdi3.o)
                                  0x8 (size before relaxing)
                0x0002e934                __exidx_end = .
                0x0002e934                __etext = .

.rel.dyn        0x0002e934        0x0
 .rel.iplt      0x00000000        0x0 /home/luis/Desktop/SETEC/gcc-arm-none-eabi-4_9-2015q3/bin/../lib/gcc/arm-none-eabi/4.9.3/armv6-m/crtbegin.o

.data           0x20002000      0x140 load address 0x0002e934
                0x20002000                __data_start__ = .
 *(vtable)
 *(.data*)
 .data          0x20002000        0xc _build/utils.o
 .data          0x2000200c        0x2 _build/main.o
 *fill*         0x2000200e        0x2 
 .data          0x20002010       0x10 _build/SparkFunTSL2561.o
                0x20002010                ms
                0x20002014                TSL2561_ADDR_0
                0x20002015                TSL2561_ADDR
                0x20002016                TSL2561_ADDR_1
                0x20002017                TSL2561_CMD
                0x20002018                TSL2561_CMD_CLEAR
                0x20002019                TSL2561_REG_TIMING
                0x2000201a                TSL2561_REG_THRESH_L
                0x2000201b                TSL2561_REG_THRESH_H
                0x2000201c                TSL2561_REG_INTCTL
                0x2000201d                TSL2561_REG_ID
                0x2000201e                TSL2561_REG_DATA_0
                0x2000201f                TSL2561_REG_DATA_1
 .data          0x20002020        0x4 _build/nrf_pwm.o
 .data          0x20002024       0x3c _build/fhp_gpio.o
 .data          0x20002060       0x78 _build/SEGGER_RTT.o
 .data          0x200020d8        0x1 _build/diskio.o
 .data.__fdlib_version
                0x200020d9        0x1 /home/luis/Desktop/SETEC/gcc-arm-none-eabi-4_9-2015q3/bin/../lib/gcc/arm-none-eabi/4.9.3/../../../../arm-none-eabi/lib/armv6-m/libm.a(lib_a-s_lib_ver.o)
                0x200020d9                __fdlib_version
 *fill*         0x200020da        0x2 
 .data.impure_data
                0x200020dc       0x60 /home/luis/Desktop/SETEC/gcc-arm-none-eabi-4_9-2015q3/bin/../lib/gcc/arm-none-eabi/4.9.3/../../../../arm-none-eabi/lib/armv6-m/libc_nano.a(lib_a-impure.o)
 .data._impure_ptr
                0x2000213c        0x4 /home/luis/Desktop/SETEC/gcc-arm-none-eabi-4_9-2015q3/bin/../lib/gcc/arm-none-eabi/4.9.3/../../../../arm-none-eabi/lib/armv6-m/libc_nano.a(lib_a-impure.o)
                0x2000213c                _impure_ptr
                0x20002140                . = ALIGN (0x4)
                0x20002140                PROVIDE (__preinit_array_start, .)
 *(.preinit_array)
                0x20002140                PROVIDE (__preinit_array_end, .)
                0x20002140                . = ALIGN (0x4)
                0x20002140                PROVIDE (__init_array_start, .)
 *(SORT(.init_array.*))
 *(.init_array)
                0x20002140                PROVIDE (__init_array_end, .)
                0x20002140                . = ALIGN (0x4)
                0x20002140                PROVIDE (__fini_array_start, .)
 *(SORT(.fini_array.*))
 *(.fini_array)
                0x20002140                PROVIDE (__fini_array_end, .)
 *(.jcr)
                0x20002140                . = ALIGN (0x4)
                0x20002140                __data_end__ = .

.igot.plt       0x20002140        0x0 load address 0x0002ea74
 .igot.plt      0x00000000        0x0 /home/luis/Desktop/SETEC/gcc-arm-none-eabi-4_9-2015q3/bin/../lib/gcc/arm-none-eabi/4.9.3/armv6-m/crtbegin.o

.bss            0x20002140     0x1684 load address 0x0002ea78
                0x20002140                . = ALIGN (0x4)
                0x20002140                __bss_start__ = .
 *(.bss*)
 .bss           0x20002140        0x4 _build/utils.o
 .bss           0x20002144       0xa4 _build/ble_ambient.o
                0x20002144                bytes_sent
 .bss           0x200021e8        0x4 _build/main.o
 .bss           0x200021ec      0x9d4 _build/init.o
 .bss           0x20002bc0       0x10 _build/nosso.o
 .bss           0x20002bd0        0x4 _build/SparkFunTSL2561.o
                0x20002bd0                time
                0x20002bd1                error
                0x20002bd2                good
                0x20002bd3                TSL2561_REG_CONTROL
 .bss           0x20002bd4        0x4 _build/sd_card.o
 .bss           0x20002bd8       0x58 _build/nrf_pwm.o
 .bss           0x20002c30        0x4 _build/bme280.o
 .bss           0x20002c34        0x1 _build/max1161x.o
 *fill*         0x20002c35        0x3 
 .bss           0x20002c38      0x411 _build/SEGGER_RTT.o
 .bss           0x20003049        0x1 _build/max17048.o
 .bss           0x2000304a       0x12 _build/mpu9x50.o
 .bss           0x2000305c        0x3 _build/pca9538.o
 *fill*         0x2000305f        0x1 
 .bss           0x20003060        0x6 _build/ff.o
 .bss           0x20003066        0x1 _build/diskio.o
 .bss           0x20003067        0x2 _build/battery.o
 *fill*         0x20003069        0x3 
 .bss           0x2000306c       0x4c _build/ble_dis.o
 .bss           0x200030b8       0x14 _build/softdevice_handler.o
 .bss           0x200030cc       0x35 _build/ble_conn_params.o
 *fill*         0x20003101        0x3 
 .bss           0x20003104       0x29 _build/app_timer.o
 *fill*         0x2000312d        0x3 
 .bss           0x20003130       0xf8 _build/pstorage.o
 .bss           0x20003228      0x123 _build/device_manager_peripheral.o
 *fill*         0x2000334b        0x1 
 .bss           0x2000334c        0xc _build/app_gpiote.o
 .bss           0x20003358        0xe _build/app_scheduler.o
 *fill*         0x20003366        0x2 
 .bss.__malloc_sbrk_start
                0x20003368        0x4 /home/luis/Desktop/SETEC/gcc-arm-none-eabi-4_9-2015q3/bin/../lib/gcc/arm-none-eabi/4.9.3/../../../../arm-none-eabi/lib/armv6-m/libc_nano.a(lib_a-nano-mallocr.o)
                0x20003368                __malloc_sbrk_start
 .bss.__malloc_free_list
                0x2000336c        0x4 /home/luis/Desktop/SETEC/gcc-arm-none-eabi-4_9-2015q3/bin/../lib/gcc/arm-none-eabi/4.9.3/../../../../arm-none-eabi/lib/armv6-m/libc_nano.a(lib_a-nano-mallocr.o)
                0x2000336c                __malloc_free_list
 .bss.heap_end.4079
                0x20003370        0x4 /home/luis/Desktop/SETEC/gcc-arm-none-eabi-4_9-2015q3/bin/../lib/gcc/arm-none-eabi/4.9.3/../../../../arm-none-eabi/lib/armv6-m/libnosys.a(sbrk.o)
 *(COMMON)
 COMMON         0x20003374      0x234 _build/utils.o
                0x20003374                twi_busy
                0x20003378                sd_card
 COMMON         0x200035a8       0x2c _build/ble_ambient.o
                0x200035a8                file_sens
                0x200035cc                m_rtc_timer_id
                0x200035d0                m_amb_sd
 *fill*         0x200035d4        0x4 
 COMMON         0x200035d8      0x1a4 _build/main.o
                0x200035d8                m_gauge_timer_id
                0x200035e0                m_humsolo
                0x20003600                m_gpiote_user_ch
                0x20003601                _i2c_address
                0x20003604                m_watchdog_timer_id
                0x20003608                m_app_handle
                0x20003610                m_rain
                0x20003630                high_voltage_on
                0x20003638                m_hum
                0x20003658                low_battery
                0x2000365c                m_amb
                0x20003730                m_temp
                0x20003750                m_sensor_timer_id
                0x20003754                _error
                0x20003758                m_lum
                0x20003778                m_base_timer_id
 COMMON         0x2000377c        0x4 _build/SparkFunTSL2561.o
                0x2000377c                data1
                0x2000377d                ID
                0x2000377e                data0
                0x2000377f                gain
 COMMON         0x20003780       0x3c _build/bme280.o
                0x20003780                bme280
 COMMON         0x200037bc        0x1 _build/mpu9x50.o
                0x200037bc                device_address
 *fill*         0x200037bd        0x3 
 COMMON         0x200037c0        0x4 /home/luis/Desktop/SETEC/gcc-arm-none-eabi-4_9-2015q3/bin/../lib/gcc/arm-none-eabi/4.9.3/../../../../arm-none-eabi/lib/armv6-m/libc_nano.a(lib_a-reent.o)
                0x200037c0                errno
                0x200037c4                . = ALIGN (0x4)
                0x200037c4                __bss_end__ = .

.heap           0x200037c8        0x0
                0x200037c8                __end__ = .
                0x200037c8                end = __end__
 *(.heap*)
 .heap          0x200037c8        0x0 _build/gcc_startup_nrf51.o
                0x200037c8                __HeapLimit = .

.stack_dummy    0x200037c8      0x800
 *(.stack*)
 .stack         0x200037c8      0x800 _build/gcc_startup_nrf51.o
                0x20004000                __StackTop = (ORIGIN (RAM) + 0x2000)
                0x20003800                __StackLimit = (__StackTop - SIZEOF (.stack_dummy))