Archive member included because of file (symbol)

/home/luis/Desktop/SETEC/gcc-arm-none-eabi-4_9-2015q3/bin/../lib/gcc/arm-none-eabi/4.9.3/../../../../arm-none-eabi/lib/armv6-m/libm.a(lib_a-w_pow.o)
                              _build/SparkFunTSL2561.o (pow)
/home/luis/Desktop/SETEC/gcc-arm-none-eabi-4_9-2015q3/bin/../lib/gcc/arm-none-eabi/4.9.3/../../../../arm-none-eabi/lib/armv6-m/libm.a(lib_a-e_pow.o)
                              /home/luis/Desktop/SETEC/gcc-arm-none-eabi-4_9-2015q3/bin/../lib/gcc/arm-none-eabi/4.9.3/../../../../arm-none-eabi/lib/armv6-m/libm.a(lib_a-w_pow.o) (__ieee754_pow)
/home/luis/Desktop/SETEC/gcc-arm-none-eabi-4_9-2015q3/bin/../lib/gcc/arm-none-eabi/4.9.3/../../../../arm-none-eabi/lib/armv6-m/libm.a(lib_a-e_sqrt.o)
                              /home/luis/Desktop/SETEC/gcc-arm-none-eabi-4_9-2015q3/bin/../lib/gcc/arm-none-eabi/4.9.3/../../../../arm-none-eabi/lib/armv6-m/libm.a(lib_a-e_pow.o) (__ieee754_sqrt)
/home/luis/Desktop/SETEC/gcc-arm-none-eabi-4_9-2015q3/bin/../lib/gcc/arm-none-eabi/4.9.3/../../../../arm-none-eabi/lib/armv6-m/libm.a(lib_a-s_fabs.o)
                              /home/luis/Desktop/SETEC/gcc-arm-none-eabi-4_9-2015q3/bin/../lib/gcc/arm-none-eabi/4.9.3/../../../../arm-none-eabi/lib/armv6-m/libm.a(lib_a-e_pow.o) (fabs)
/home/luis/Desktop/SETEC/gcc-arm-none-eabi-4_9-2015q3/bin/../lib/gcc/arm-none-eabi/4.9.3/../../../../arm-none-eabi/lib/armv6-m/libm.a(lib_a-s_finite.o)
                              /home/luis/Desktop/SETEC/gcc-arm-none-eabi-4_9-2015q3/bin/../lib/gcc/arm-none-eabi/4.9.3/../../../../arm-none-eabi/lib/armv6-m/libm.a(lib_a-w_pow.o) (finite)
/home/luis/Desktop/SETEC/gcc-arm-none-eabi-4_9-2015q3/bin/../lib/gcc/arm-none-eabi/4.9.3/../../../../arm-none-eabi/lib/armv6-m/libm.a(lib_a-s_fpclassify.o)
                              /home/luis/Desktop/SETEC/gcc-arm-none-eabi-4_9-2015q3/bin/../lib/gcc/arm-none-eabi/4.9.3/../../../../arm-none-eabi/lib/armv6-m/libm.a(lib_a-w_pow.o) (__fpclassifyd)
/home/luis/Desktop/SETEC/gcc-arm-none-eabi-4_9-2015q3/bin/../lib/gcc/arm-none-eabi/4.9.3/../../../../arm-none-eabi/lib/armv6-m/libm.a(lib_a-s_lib_ver.o)
                              /home/luis/Desktop/SETEC/gcc-arm-none-eabi-4_9-2015q3/bin/../lib/gcc/arm-none-eabi/4.9.3/../../../../arm-none-eabi/lib/armv6-m/libm.a(lib_a-w_pow.o) (__fdlib_version)
/home/luis/Desktop/SETEC/gcc-arm-none-eabi-4_9-2015q3/bin/../lib/gcc/arm-none-eabi/4.9.3/../../../../arm-none-eabi/lib/armv6-m/libm.a(lib_a-s_matherr.o)
                              /home/luis/Desktop/SETEC/gcc-arm-none-eabi-4_9-2015q3/bin/../lib/gcc/arm-none-eabi/4.9.3/../../../../arm-none-eabi/lib/armv6-m/libm.a(lib_a-w_pow.o) (matherr)
/home/luis/Desktop/SETEC/gcc-arm-none-eabi-4_9-2015q3/bin/../lib/gcc/arm-none-eabi/4.9.3/../../../../arm-none-eabi/lib/armv6-m/libm.a(lib_a-s_nan.o)
                              /home/luis/Desktop/SETEC/gcc-arm-none-eabi-4_9-2015q3/bin/../lib/gcc/arm-none-eabi/4.9.3/../../../../arm-none-eabi/lib/armv6-m/libm.a(lib_a-e_pow.o) (nan)
/home/luis/Desktop/SETEC/gcc-arm-none-eabi-4_9-2015q3/bin/../lib/gcc/arm-none-eabi/4.9.3/../../../../arm-none-eabi/lib/armv6-m/libm.a(lib_a-s_rint.o)
                              /home/luis/Desktop/SETEC/gcc-arm-none-eabi-4_9-2015q3/bin/../lib/gcc/arm-none-eabi/4.9.3/../../../../arm-none-eabi/lib/armv6-m/libm.a(lib_a-w_pow.o) (rint)
/home/luis/Desktop/SETEC/gcc-arm-none-eabi-4_9-2015q3/bin/../lib/gcc/arm-none-eabi/4.9.3/../../../../arm-none-eabi/lib/armv6-m/libm.a(lib_a-s_scalbn.o)
                              /home/luis/Desktop/SETEC/gcc-arm-none-eabi-4_9-2015q3/bin/../lib/gcc/arm-none-eabi/4.9.3/../../../../arm-none-eabi/lib/armv6-m/libm.a(lib_a-e_pow.o) (scalbn)
/home/luis/Desktop/SETEC/gcc-arm-none-eabi-4_9-2015q3/bin/../lib/gcc/arm-none-eabi/4.9.3/../../../../arm-none-eabi/lib/armv6-m/libm.a(lib_a-s_copysign.o)
                              /home/luis/Desktop/SETEC/gcc-arm-none-eabi-4_9-2015q3/bin/../lib/gcc/arm-none-eabi/4.9.3/../../../../arm-none-eabi/lib/armv6-m/libm.a(lib_a-s_scalbn.o) (copysign)
/home/luis/Desktop/SETEC/gcc-arm-none-eabi-4_9-2015q3/bin/../lib/gcc/arm-none-eabi/4.9.3/armv6-m/libgcc.a(_thumb1_case_uqi.o)
                              _build/ble_ambient.o (__gnu_thumb1_case_uqi)
/home/luis/Desktop/SETEC/gcc-arm-none-eabi-4_9-2015q3/bin/../lib/gcc/arm-none-eabi/4.9.3/armv6-m/libgcc.a(_udivsi3.o)
                              _build/SparkFunTSL2561.o (__aeabi_uidiv)
/home/luis/Desktop/SETEC/gcc-arm-none-eabi-4_9-2015q3/bin/../lib/gcc/arm-none-eabi/4.9.3/armv6-m/libgcc.a(_divsi3.o)
                              _build/utils.o (__aeabi_idiv)
/home/luis/Desktop/SETEC/gcc-arm-none-eabi-4_9-2015q3/bin/../lib/gcc/arm-none-eabi/4.9.3/armv6-m/libgcc.a(_dvmd_tls.o)
                              /home/luis/Desktop/SETEC/gcc-arm-none-eabi-4_9-2015q3/bin/../lib/gcc/arm-none-eabi/4.9.3/armv6-m/libgcc.a(_udivsi3.o) (__aeabi_idiv0)
/home/luis/Desktop/SETEC/gcc-arm-none-eabi-4_9-2015q3/bin/../lib/gcc/arm-none-eabi/4.9.3/armv6-m/libgcc.a(_arm_cmpdf2.o)
[...]
Memory Configuration

Name             Origin             Length             Attributes
FLASH            0x00016000         0x0002a000         xr
RAM              0x20002000         0x00002000         xrw
*default*        0x00000000         0xffffffff

Linker script and memory map

LOAD /home/luis/Desktop/SETEC/gcc-arm-none-eabi-4_9-2015q3/bin/../lib/gcc/arm-none-eabi/4.9.3/armv6-m/crti.o
LOAD /home/luis/Desktop/SETEC/gcc-arm-none-eabi-4_9-2015q3/bin/../lib/gcc/arm-none-eabi/4.9.3/armv6-m/crtbegin.o
LOAD /home/luis/Desktop/SETEC/gcc-arm-none-eabi-4_9-2015q3/bin/../lib/gcc/arm-none-eabi/4.9.3/../../../../arm-none-eabi/lib/armv6-m/crt0.o
LOAD _build/utils.o
LOAD _build/ble_ambient.o
LOAD _build/main.o
LOAD _build/init.o
LOAD _build/nosso.o
LOAD _build/humsolo.o
LOAD _build/pr.o
LOAD _build/uv.o
LOAD _build/rain.o
LOAD _build/temp.o
LOAD _build/lum.o
LOAD _build/sd2app.o
LOAD _build/SparkFunTSL2561.o
LOAD _build/hum.o
LOAD _build/SparkFunMS1.o
LOAD _build/sd_card.o
LOAD _build/nrf_pwm.o
LOAD _build/fhp_gpio.o
LOAD _build/spi_fhp_master.o
LOAD _build/bme280.o
LOAD _build/max1161x.o
LOAD _build/SEGGER_RTT.o
LOAD _build/max17048.o
LOAD _build/mpu9x50.o
LOAD _build/pca9538.o
LOAD _build/ff.o
LOAD _build/diskio.o
LOAD _build/battery.o
LOAD _build/twi_hw_master.o
LOAD _build/ble_dis.o
LOAD _build/ble_srv_common.o
LOAD _build/softdevice_handler.o
LOAD _build/ble_advdata.o
LOAD _build/ble_conn_params.o
LOAD _build/app_timer.o
LOAD _build/pstorage.o
LOAD _build/device_manager_peripheral.o
LOAD _build/app_gpiote.o
LOAD _build/nrf_delay.o
LOAD _build/app_scheduler.o
LOAD _build/system_nrf51.o
LOAD _build/gcc_startup_nrf51.o
LOAD /home/luis/Desktop/SETEC/gcc-arm-none-eabi-4_9-2015q3/bin/../lib/gcc/arm-none-eabi/4.9.3/../../../../arm-none-eabi/lib/armv6-m/libm.a
START GROUP
LOAD /home/luis/Desktop/SETEC/gcc-arm-none-eabi-4_9-2015q3/bin/../lib/gcc/arm-none-eabi/4.9.3/armv6-m/libgcc.a
LOAD /home/luis/Desktop/SETEC/gcc-arm-none-eabi-4_9-2015q3/bin/../lib/gcc/arm-none-eabi/4.9.3/../../../../arm-none-eabi/lib/armv6-m/libc_nano.a
END GROUP
START GROUP
LOAD /home/luis/Desktop/SETEC/gcc-arm-none-eabi-4_9-2015q3/bin/../lib/gcc/arm-none-eabi/4.9.3/armv6-m/libgcc.a
LOAD /home/luis/Desktop/SETEC/gcc-arm-none-eabi-4_9-2015q3/bin/../lib/gcc/arm-none-eabi/4.9.3/../../../../arm-none-eabi/lib/armv6-m/libc_nano.a
END GROUP
LOAD /home/luis/Desktop/SETEC/gcc-arm-none-eabi-4_9-2015q3/bin/../lib/gcc/arm-none-eabi/4.9.3/armv6-m/crtend.o
LOAD /home/luis/Desktop/SETEC/gcc-arm-none-eabi-4_9-2015q3/bin/../lib/gcc/arm-none-eabi/4.9.3/armv6-m/crtn.o
START GROUP
LOAD /home/luis/Desktop/SETEC/gcc-arm-none-eabi-4_9-2015q3/bin/../lib/gcc/arm-none-eabi/4.9.3/armv6-m/libgcc.a
LOAD /home/luis/Desktop/SETEC/gcc-arm-none-eabi-4_9-2015q3/bin/../lib/gcc/arm-none-eabi/4.9.3/../../../../arm-none-eabi/lib/armv6-m/libc.a
LOAD /home/luis/Desktop/SETEC/gcc-arm-none-eabi-4_9-2015q3/bin/../lib/gcc/arm-none-eabi/4.9.3/../../../../arm-none-eabi/lib/armv6-m/libnosys.a
END GROUP

.text           0x00016000     0xb14f
 *(.Vectors)
 .Vectors       0x00016000       0xc0 _build/gcc_startup_nrf51.o
                0x00016000                __Vectors
 *(.text*)
 .text          0x000160c0       0x78 /home/luis/Desktop/SETEC/gcc-arm-none-eabi-4_9-2015q3/bin/../lib/gcc/arm-none-eabi/4.9.3/../../../../arm-none-eabi/lib/armv6-m/crt0.o
                0x000160c0                _mainCRTStartup
                0x000160c0                _start
 .text.msec_to_ticks
                0x00016138        0x4 _build/utils.o
                0x00016138                msec_to_ticks
 .text.check_ble_service_err_code
                0x0001613c       0x48 _build/utils.o
                0x0001613c                check_ble_service_err_code
 .text.add_zeroes
                0x00016184       0x78 _build/utils.o
                0x00016184                add_zeroes
 .text.log_to_sd
                0x000161fc      0x13c _build/utils.o
                0x000161fc                log_to_sd
 .text.log2sd   0x00016338       0x74 _build/utils.o
                0x00016338                log2sd
 .text.sd_ble_gatts_service_add
                0x000163ac        0x4 _build/ble_ambient.o
 .text.sd_ble_gatts_characteristic_add
                0x000163b0        0x4 _build/ble_ambient.o
 .text.sd_ble_gatts_value_set
                0x000163b4        0x4 _build/ble_ambient.o
 .text.sd_ble_gatts_hvx
                0x000163b8        0x4 _build/ble_ambient.o
 .text.sd_ble_uuid_vs_add
                0x000163bc        0x4 _build/ble_ambient.o
 .text.ble_ambient_init
                0x000163c0      0x56c _build/ble_ambient.o
                0x000163c0                ble_ambient_init
 .text.ble_ambient_sensor_update
                0x0001692c       0x94 _build/ble_ambient.o
                0x0001692c                ble_ambient_sensor_update
 .text.lerCartao2
                0x000169c0      0x1a4 _build/ble_ambient.o
                0x000169c0                lerCartao2
 .text.ble_ambient_config_update
                0x00016b64       0x9c _build/ble_ambient.o
                0x00016b64                ble_ambient_config_update
 .text.ble_ambient_on_ble_evt
                0x00016c00      0x168 _build/ble_ambient.o
                0x00016c00                ble_ambient_on_ble_evt
 .text.sd_ble_gap_adv_start
                0x00016d68        0x4 _build/main.o
 .text.sd_app_evt_wait
                0x00016d6c        0x4 _build/main.o
 .text.setup    0x00016d70      0x174 _build/main.o
 .text.app_error_handler
                0x00016ee4       0x50 _build/main.o
                0x00016ee4                app_error_handler
 .text.HardFault_Handler
                0x00016f34       0x3c _build/main.o
                0x00016f34                HardFault_Handler
 .text.assert_nrf_callback
                0x00016f70       0x4c _build/main.o
                0x00016f70                assert_nrf_callback
 .text.conn_params_error_handler
                0x00016fbc       0x10 _build/main.o
                0x00016fbc                conn_params_error_handler
 .text.on_conn_params_evt
                0x00016fcc       0x24 _build/main.o
                0x00016fcc                on_conn_params_evt
 .text.advertising_start
                0x00016ff0       0x54 _build/main.o
                0x00016ff0                advertising_start
 .text.on_ble_evt
                0x00017044       0xb0 _build/main.o
 .text.device_manager_evt_handler
                0x000170f4       0x1c _build/main.o
                0x000170f4                device_manager_evt_handler
 .text.ble_evt_dispatch
                0x00017110       0x24 _build/main.o
                0x00017110                ble_evt_dispatch
 .text.sys_evt_dispatch
                0x00017134        0x8 _build/main.o
                0x00017134                sys_evt_dispatch
 .text.ble_amb_evt
                0x0001713c      0x158 _build/main.o
                0x0001713c                ble_amb_evt
 .text.base_timer_handler
                0x00017294       0x7c _build/main.o
                0x00017294                base_timer_handler
 .text.watchdog_timer_handler
                0x00017310       0x14 _build/main.o
                0x00017310                watchdog_timer_handler
 .text.rtc_timer_handler
                0x00017324        0x8 _build/main.o
                0x00017324                rtc_timer_handler
 .text.startup.main
                0x0001732c       0x80 _build/main.o
                0x0001732c                main
 .text.sd_ble_gap_tx_power_set
                0x000173ac        0x4 _build/init.o
 .text.sd_ble_gap_appearance_set
                0x000173b0        0x4 _build/init.o
 .text.sd_ble_gap_ppcp_set
                0x000173b4        0x4 _build/init.o
 .text.sd_ble_gap_device_name_set
                0x000173b8        0x4 _build/init.o
 .text.sd_ble_enable
                0x000173bc        0x4 _build/init.o
 .text.sd_ble_opt_set
                0x000173c0        0x4 _build/init.o
 .text.gpio_init
                0x000173c4       0x60 _build/init.o
                0x000173c4                gpio_init
 .text.leds_init
                0x00017424       0x28 _build/init.o
                0x00017424                leds_init
 .text.timers_init
                0x0001744c       0xa0 _build/init.o
                0x0001744c                timers_init
 .text.gpiote_init
                0x000174ec       0x78 _build/init.o
                0x000174ec                gpiote_init
 .text.ble_stack_init
                0x00017564       0x98 _build/init.o
                0x00017564                ble_stack_init
 .text.scheduler_init
                0x000175fc       0x24 _build/init.o
                0x000175fc                scheduler_init
 .text.device_manager_init
                0x00017620       0x80 _build/init.o
                0x00017620                device_manager_init
 .text.gap_params_init
                0x000176a0       0x5c _build/init.o
                0x000176a0                gap_params_init
 .text.services_init
                0x000176fc       0x90 _build/init.o
                0x000176fc                services_init
 .text.advertising_init
                0x0001778c       0x4c _build/init.o
                0x0001778c                advertising_init
 .text.conn_params_init
                0x000177d8       0x54 _build/init.o
                0x000177d8                conn_params_init
 .text.drivers_init
                0x0001782c       0x9c _build/init.o
                0x0001782c                drivers_init
 .text.sensors_init
                0x000178c8      0x140 _build/init.o
                0x000178c8                sensors_init
 .text.watchdog_init
                0x00017a08       0x54 _build/init.o
                0x00017a08                watchdog_init
 .text.application_work_start
                0x00017a5c       0x88 _build/init.o
                0x00017a5c                application_work_start
 .text.application_work_stop
                0x00017ae4       0x3c _build/init.o
                0x00017ae4                application_work_stop
 .text.getTimeStamp
                0x00017b20        0xc _build/nosso.o
                0x00017b20                getTimeStamp
 .text.increTimeStamp
                0x00017b2c       0x10 _build/nosso.o
                0x00017b2c                increTimeStamp
 .text.humsolo_init
                0x00017b3c       0x30 _build/humsolo.o
                0x00017b3c                humsolo_init
 .text.humsolo_configs_update
                0x00017b6c       0x90 _build/humsolo.o
                0x00017b6c                humsolo_configs_update
 .text.humsolo_values_handler
                0x00017bfc       0x80 _build/humsolo.o
                0x00017bfc                humsolo_values_handler
 .text.humsolo_timer_handler
                0x00017c7c       0x84 _build/humsolo.o
                0x00017c7c                humsolo_timer_handler
 .text.pr_init  0x00017d00       0x34 _build/pr.o
                0x00017d00                pr_init
 .text.pr_configs_update
                0x00017d34       0x98 _build/pr.o
                0x00017d34                pr_configs_update
 .text.pr_values_handler
                0x00017dcc       0x78 _build/pr.o
                0x00017dcc                pr_values_handler
 .text.pr_timer_handler
                0x00017e44       0x84 _build/pr.o
                0x00017e44                pr_timer_handler
 .text.uv_init  0x00017ec8       0x30 _build/uv.o
                0x00017ec8                uv_init
 .text.uv_configs_update
                0x00017ef8       0x90 _build/uv.o
                0x00017ef8                uv_configs_update
 .text.uv_values_handler
                0x00017f88       0x78 _build/uv.o
                0x00017f88                uv_values_handler
 .text.uv_timer_handler
                0x00018000       0x84 _build/uv.o
                0x00018000                uv_timer_handler
 .text.rain_init
                0x00018084       0x30 _build/rain.o
                0x00018084                rain_init
 .text.rain_configs_update
                0x000180b4       0x90 _build/rain.o
                0x000180b4                rain_configs_update
 .text.rain_values_handler
                0x00018144       0x78 _build/rain.o
                0x00018144                rain_values_handler
 .text.rain_timer_handler
                0x000181bc       0x84 _build/rain.o
                0x000181bc                rain_timer_handler
 .text.temp_init
                0x00018240       0x34 _build/temp.o
                0x00018240                temp_init
 .text.temp_configs_update
                0x00018274       0x90 _build/temp.o
                0x00018274                temp_configs_update
 .text.temp_values_handler
                0x00018304       0x88 _build/temp.o
                0x00018304                temp_values_handler
 .text.temp_timer_handler
                0x0001838c       0x84 _build/temp.o
                0x0001838c                temp_timer_handler
 .text.sd_init  0x00018410       0x30 _build/sd2app.o
                0x00018410                sd_init
 .text.hum_init
                0x00018440       0x34 _build/hum.o
                0x00018440                hum_init
 .text.hum_configs_update
                0x00018474       0x90 _build/hum.o
                0x00018474                hum_configs_update
 .text.hum_values_handler
                0x00018504       0x78 _build/hum.o
                0x00018504                hum_values_handler
 .text.hum_timer_handler
                0x0001857c       0x84 _build/hum.o
                0x0001857c                hum_timer_handler
 .text.SparkFunMS1_read
                0x00018600       0x38 _build/SparkFunMS1.o
                0x00018600                SparkFunMS1_read
 .text.nrf_delay_us.constprop.0
                0x00018638       0x26 _build/sd_card.o
 *fill*         0x0001865e        0x2 
 .text.spi_init
                0x00018660       0x2c _build/sd_card.o
                0x00018660                spi_init
 .text.send_mmc
                0x0001868c       0x28 _build/sd_card.o
                0x0001868c                send_mmc
 .text.receive_mmc
                0x000186b4       0x38 _build/sd_card.o
                0x000186b4                receive_mmc
 .text.wait_ready
                0x000186ec       0x2c _build/sd_card.o
                0x000186ec                wait_ready
 .text.deselect
                0x00018718       0x1c _build/sd_card.o
                0x00018718                deselect
 .text.select   0x00018734       0x30 _build/sd_card.o
                0x00018734                select
 .text.receive_datablock
                0x00018764       0x48 _build/sd_card.o
                0x00018764                receive_datablock
 .text.send_datablock
                0x000187ac       0x4c _build/sd_card.o
                0x000187ac                send_datablock
 .text.send_cmd
                0x000187f8       0x94 _build/sd_card.o
                0x000187f8                send_cmd
 .text.sd_ppi_channel_enable_set
                0x0001888c        0x4 _build/nrf_pwm.o
 .text.sd_ppi_channel_assign
                0x00018890        0x4 _build/nrf_pwm.o
 .text.sd_radio_session_open
                0x00018894        0x4 _build/nrf_pwm.o
 .text.sd_radio_request
                0x00018898        0x4 _build/nrf_pwm.o
 .text.safe_margins_present
                0x0001889c       0x3c _build/nrf_pwm.o
 .text.ppi_enable_channel
                0x000188d8       0x18 _build/nrf_pwm.o
 .text.nrf_gpiote_task_config.constprop.2
                0x000188f0       0x44 _build/nrf_pwm.o
 .text.nrf_pwm_init
                0x00018934      0x208 _build/nrf_pwm.o
                0x00018934                nrf_pwm_init
 .text.nrf_pwm_set_value
                0x00018b3c       0x38 _build/nrf_pwm.o
                0x00018b3c                nrf_pwm_set_value
 .text.nrf_pwm_set_enabled
                0x00018b74       0x78 _build/nrf_pwm.o
                0x00018b74                nrf_pwm_set_enabled
 .text.TIMER2_IRQHandler
                0x00018bec      0x21c _build/nrf_pwm.o
                0x00018bec                TIMER2_IRQHandler
 .text.nrf_radio_signal_callback
                0x00018e08       0x20 _build/nrf_pwm.o
                0x00018e08                nrf_radio_signal_callback
 .text.timer_handler
                0x00018e28       0x88 _build/fhp_gpio.o
 .text.clear_pwm_pin
                0x00018eb0       0x9c _build/fhp_gpio.o
 .text.fhp_gpio_config
                0x00018f4c      0x128 _build/fhp_gpio.o
 .text.fhp_gpio_init
                0x00019074       0x34 _build/fhp_gpio.o
                0x00019074                fhp_gpio_init
 .text.fhp_gpio_set
                0x000190a8       0x2c _build/fhp_gpio.o
                0x000190a8                fhp_gpio_set
 .text.fhp_gpio_clear
                0x000190d4       0x30 _build/fhp_gpio.o
                0x000190d4                fhp_gpio_clear
 .text.fhp_gpio_blink
                0x00019104       0x38 _build/fhp_gpio.o
                0x00019104                fhp_gpio_blink
 .text.fhp_gpio_fade
                0x0001913c       0x3c _build/fhp_gpio.o
                0x0001913c                fhp_gpio_fade
 .text.spi_master_init
                0x00019178       0xb8 _build/spi_fhp_master.o
                0x00019178                spi_master_init
 .text.spi_master_tx_rx
                0x00019230       0x88 _build/spi_fhp_master.o
                0x00019230                spi_master_tx_rx
 .text.BME280_I2C_bus_write
                0x000192b8       0x7a _build/bme280.o
                0x000192b8                BME280_I2C_bus_write
 .text.BME280_delay_msek
                0x00019332        0x8 _build/bme280.o
                0x00019332                BME280_delay_msek
 .text.BME280_I2C_bus_read
                0x0001933a       0x54 _build/bme280.o
                0x0001933a                BME280_I2C_bus_read
 *fill*         0x0001938e        0x2 
 .text.bme280_read_uncomp_temperature
                0x00019390       0x44 _build/bme280.o
                0x00019390                bme280_read_uncomp_temperature
 .text.bme280_compensate_temperature_int32
                0x000193d4       0x3c _build/bme280.o
                0x000193d4                bme280_compensate_temperature_int32
 .text.bme280_read_uncomp_pressure
                0x00019410       0x44 _build/bme280.o
                0x00019410                bme280_read_uncomp_pressure
 .text.bme280_compensate_pressure_int32
                0x00019454       0xb0 _build/bme280.o
                0x00019454                bme280_compensate_pressure_int32
 .text.bme280_read_uncomp_humidity
                0x00019504       0x3c _build/bme280.o
                0x00019504                bme280_read_uncomp_humidity
 .text.bme280_compensate_humidity_int32
                0x00019540       0x80 _build/bme280.o
                0x00019540                bme280_compensate_humidity_int32
 .text.bme280_get_calib_param
                0x000195c0      0x114 _build/bme280.o
                0x000195c0                bme280_get_calib_param
 .text.bme280_init
                0x000196d4       0x38 _build/bme280.o
                0x000196d4                bme280_init
 .text.bme280_get_power_mode
                0x0001970c       0x38 _build/bme280.o
                0x0001970c                bme280_get_power_mode
 .text.bme280_set_soft_rst
                0x00019744       0x2c _build/bme280.o
                0x00019744                bme280_set_soft_rst
 .text.bme280_write_register
                0x00019770       0x28 _build/bme280.o
                0x00019770                bme280_write_register
 .text.bme280_read_register
                0x00019798       0x28 _build/bme280.o
                0x00019798                bme280_read_register
 .text.bme280_set_oversamp_temperature
                0x000197c0       0xe4 _build/bme280.o
                0x000197c0                bme280_set_oversamp_temperature
 .text.bme280_set_oversamp_pressure
                0x000198a4       0xe8 _build/bme280.o
                0x000198a4                bme280_set_oversamp_pressure
 .text.bme280_set_oversamp_humidity
                0x0001998c      0x118 _build/bme280.o
                0x0001998c                bme280_set_oversamp_humidity
 .text.bme280_set_power_mode
                0x00019aa4       0xdc _build/bme280.o
                0x00019aa4                bme280_set_power_mode
 .text.bme280_set_filter
                0x00019b80       0xf0 _build/bme280.o
                0x00019b80                bme280_set_filter
 .text.bme280_init_nrf51
                0x00019c70       0x74 _build/bme280.o
                0x00019c70                bme280_init_nrf51
 .text.bme280_read_temperature
                0x00019ce4       0x38 _build/bme280.o
                0x00019ce4                bme280_read_temperature
 .text.bme280_read_pressure
                0x00019d1c       0x38 _build/bme280.o
                0x00019d1c                bme280_read_pressure
 .text.bme280_read_humidity
                0x00019d54       0x38 _build/bme280.o
                0x00019d54                bme280_read_humidity
 .text.max1161x_write_data
                0x00019d8c       0x28 _build/max1161x.o
                0x00019d8c                max1161x_write_data
 .text.max1161x_read_data
                0x00019db4       0x4c _build/max1161x.o
                0x00019db4                max1161x_read_data
 .text.max1161x_init
                0x00019e00       0x28 _build/max1161x.o
                0x00019e00                max1161x_init
 .text.max1161x_read_channel
                0x00019e28       0x44 _build/max1161x.o
                0x00019e28                max1161x_read_channel
 .text.SEGGER_RTT_Write
                0x00019e6c       0xcc _build/SEGGER_RTT.o
                0x00019e6c                SEGGER_RTT_Write
 .text.SEGGER_RTT_WriteString
                0x00019f38       0x1a _build/SEGGER_RTT.o
                0x00019f38                SEGGER_RTT_WriteString
 *fill*         0x00019f52        0x2 
 .text.max17048_write_data
                0x00019f54       0x4c _build/max17048.o
                0x00019f54                max17048_write_data
 .text.max17048_read_data
                0x00019fa0       0x6c _build/max17048.o
                0x00019fa0                max17048_read_data
 .text.max17048_clear_alert
                0x0001a00c       0x44 _build/max17048.o
                0x0001a00c                max17048_clear_alert
 .text.max17048_init
                0x0001a050       0x98 _build/max17048.o
                0x0001a050                max17048_init
 .text.max17048_read_soc
                0x0001a0e8       0x18 _build/max17048.o
                0x0001a0e8                max17048_read_soc
 .text.max17048_get_alert
                0x0001a100       0x58 _build/max17048.o
                0x0001a100                max17048_get_alert
 .text.read_mult
                0x0001a158       0x74 _build/mpu9x50.o
                0x0001a158                read_mult
 .text.read     0x0001a1cc        0xa _build/mpu9x50.o
                0x0001a1cc                read
 *fill*         0x0001a1d6        0x2 
 .text.write_mult
                0x0001a1d8       0x54 _build/mpu9x50.o
                0x0001a1d8                write_mult
 .text.write    0x0001a22c       0x12 _build/mpu9x50.o
                0x0001a22c                write
 .text.writeBits
                0x0001a23e       0x44 _build/mpu9x50.o
                0x0001a23e                writeBits
 .text.writeBit
                0x0001a282        0xc _build/mpu9x50.o
                0x0001a282                writeBit
 .text.mpu9x50_reset
                0x0001a28e        0xe _build/mpu9x50.o
                0x0001a28e                mpu9x50_reset
 .text.mpu9x50_gyroStandby
                0x0001a29c        0xe _build/mpu9x50.o
                0x0001a29c                mpu9x50_gyroStandby
 .text.mpu9x50_cycleMode
                0x0001a2aa        0xe _build/mpu9x50.o
                0x0001a2aa                mpu9x50_cycleMode
 .text.mpu9x50_setCycleWakeFrequency
                0x0001a2b8       0x10 _build/mpu9x50.o
                0x0001a2b8                mpu9x50_setCycleWakeFrequency
 .text.mpu9x50_setStandbyAccX
                0x0001a2c8        0xe _build/mpu9x50.o
                0x0001a2c8                mpu9x50_setStandbyAccX
 .text.mpu9x50_setStandbyAccY
                0x0001a2d6        0xe _build/mpu9x50.o
                0x0001a2d6                mpu9x50_setStandbyAccY
 .text.mpu9x50_setStandbyAccZ
                0x0001a2e4        0xe _build/mpu9x50.o
                0x0001a2e4                mpu9x50_setStandbyAccZ
 .text.mpu9x50_setStandbyGyroX
                0x0001a2f2        0xe _build/mpu9x50.o
                0x0001a2f2                mpu9x50_setStandbyGyroX
 .text.mpu9x50_setStandbyGyroY
                0x0001a300        0xe _build/mpu9x50.o
                0x0001a300                mpu9x50_setStandbyGyroY
 .text.mpu9x50_setStandbyGyroZ
                0x0001a30e        0xe _build/mpu9x50.o
                0x0001a30e                mpu9x50_setStandbyGyroZ
 .text.mpu9x50_setAccelerometerDigitalLowPassFilter
                0x0001a31c       0x10 _build/mpu9x50.o
                0x0001a31c                mpu9x50_setAccelerometerDigitalLowPassFilter
 .text.mpu9x50_setAccelerometerDigitalLowPassFilterOn
                0x0001a32c        0xe _build/mpu9x50.o
                0x0001a32c                mpu9x50_setAccelerometerDigitalLowPassFilterOn
 .text.mpu9x50_setMotionInterrupt
                0x0001a33a        0xc _build/mpu9x50.o
                0x0001a33a                mpu9x50_setMotionInterrupt
 .text.mpu9x50_setMotionThreshold
                0x0001a346        0xc _build/mpu9x50.o
                0x0001a346                mpu9x50_setMotionThreshold
 *fill*         0x0001a352        0x2 
 .text.mpu9x50_initMoveSensor
                0x0001a354       0x68 _build/mpu9x50.o
                0x0001a354                mpu9x50_initMoveSensor
 .text.nrf_delay_us.constprop.1
                0x0001a3bc       0x26 _build/pca9538.o
 *fill*         0x0001a3e2        0x2 
 .text.pca9538_write
                0x0001a3e4       0x30 _build/pca9538.o
                0x0001a3e4                pca9538_write
 .text.pca9538_init
                0x0001a414       0x4c _build/pca9538.o
                0x0001a414                pca9538_init
 .text.mem_cpy  0x0001a460       0x12 _build/ff.o
 .text.mem_set  0x0001a472        0xe _build/ff.o
 .text.get_ldnumber
                0x0001a480       0x30 _build/ff.o
 .text.validate
                0x0001a4b0       0x2e _build/ff.o
 .text.ld_clust.isra.0
                0x0001a4de       0x1c _build/ff.o
 .text.sync_window.part.2
                0x0001a4fa       0x4a _build/ff.o
 .text.sync_window
                0x0001a544       0x14 _build/ff.o
 .text.sync_fs  0x0001a558       0xe4 _build/ff.o
 .text.move_window
                0x0001a63c       0x34 _build/ff.o
 .text.check_fs
                0x0001a670       0xa4 _build/ff.o
 .text.find_volume
                0x0001a714      0x388 _build/ff.o
 .text.clust2sect
                0x0001aa9c       0x18 _build/ff.o
                0x0001aa9c                clust2sect
 .text.get_fat  0x0001aab4       0xd8 _build/ff.o
                0x0001aab4                get_fat
 .text.dir_sdi  0x0001ab8c       0x86 _build/ff.o
 .text.put_fat  0x0001ac12      0x10c _build/ff.o
                0x0001ac12                put_fat
 *fill*         0x0001ad1e        0x2 
 .text.create_chain
                0x0001ad20       0xb0 _build/ff.o
 .text.dir_next
                0x0001add0       0xe8 _build/ff.o
 .text.follow_path
                0x0001aeb8      0x1e0 _build/ff.o
 .text.dir_register
                0x0001b098       0x62 _build/ff.o
 .text.remove_chain
                0x0001b0fa       0x5a _build/ff.o
 .text.f_mount  0x0001b154       0x50 _build/ff.o
                0x0001b154                f_mount
 .text.f_open   0x0001b1a4      0x12e _build/ff.o
                0x0001b1a4                f_open
 .text.f_read   0x0001b2d2      0x136 _build/ff.o
                0x0001b2d2                f_read
 .text.f_write  0x0001b408      0x182 _build/ff.o
                0x0001b408                f_write
 .text.f_sync   0x0001b58a       0x70 _build/ff.o
                0x0001b58a                f_sync
 .text.f_close  0x0001b5fa       0x1a _build/ff.o
                0x0001b5fa                f_close
 .text.f_lseek  0x0001b614      0x100 _build/ff.o
                0x0001b614                f_lseek
 .text.nrf_delay_us.constprop.0
                0x0001b714       0x28 _build/diskio.o
 .text.disk_status
                0x0001b73c       0x14 _build/diskio.o
                0x0001b73c                disk_status
 .text.disk_initialize
                0x0001b750       0xfc _build/diskio.o
                0x0001b750                disk_initialize
 .text.disk_read
                0x0001b84c       0x74 _build/diskio.o
                0x0001b84c                disk_read
 .text.disk_write
                0x0001b8c0       0x98 _build/diskio.o
                0x0001b8c0                disk_write
 .text.disk_ioctl
                0x0001b958       0xc0 _build/diskio.o
                0x0001b958                disk_ioctl
 .text.induction_charging.part.0
                0x0001ba18       0x3c _build/battery.o
 .text.wired_charging.part.1
                0x0001ba54       0x3c _build/battery.o
 .text.battery_init
                0x0001ba90       0x18 _build/battery.o
                0x0001ba90                battery_init
 .text.induction_charging
                0x0001baa8       0x38 _build/battery.o
                0x0001baa8                induction_charging
 .text.wired_charging
                0x0001bae0       0x38 _build/battery.o
                0x0001bae0                wired_charging
 .text.battery_charge_handler
                0x0001bb18       0x68 _build/battery.o
                0x0001bb18                battery_charge_handler
 .text.gauge_timer_handler
                0x0001bb80       0x9c _build/battery.o
                0x0001bb80                gauge_timer_handler
 .text.enable_high_voltage
                0x0001bc1c       0x20 _build/battery.o
                0x0001bc1c                enable_high_voltage
 .text.nrf_delay_us
                0x0001bc3c       0x2e _build/twi_hw_master.o
 *fill*         0x0001bc6a        0x2 
 .text.twi_master_clear_bus
                0x0001bc6c       0xb8 _build/twi_hw_master.o
 .text.twi_master_init
                0x0001bd24       0x74 _build/twi_hw_master.o
                0x0001bd24                twi_master_init
 .text.twi_master_transfer
                0x0001bd98      0x174 _build/twi_hw_master.o
                0x0001bd98                twi_master_transfer
 .text.sd_ble_gatts_service_add
                0x0001bf0c        0x4 _build/ble_dis.o
 .text.sd_ble_gatts_characteristic_add
                0x0001bf10        0x4 _build/ble_dis.o
 .text.char_add
                0x0001bf14       0x88 _build/ble_dis.o
 .text.ble_dis_init
                0x0001bf9c      0x19c _build/ble_dis.o
                0x0001bf9c                ble_dis_init
 .text.ble_srv_ascii_to_utf8
                0x0001c138       0x12 _build/ble_srv_common.o
                0x0001c138                ble_srv_ascii_to_utf8
 .text.sd_nvic_EnableIRQ
                0x0001c14a        0x4 _build/softdevice_handler.o
 .text.sd_evt_get
                0x0001c14e        0x4 _build/softdevice_handler.o
 .text.sd_softdevice_enable
                0x0001c152        0x4 _build/softdevice_handler.o
 .text.sd_ble_evt_get
                0x0001c156        0x4 _build/softdevice_handler.o
 .text.softdevice_assertion_handler
                0x0001c15a        0xc _build/softdevice_handler.o
                0x0001c15a                softdevice_assertion_handler
 *fill*         0x0001c166        0x2 
 .text.intern_softdevice_events_execute
                0x0001c168       0x98 _build/softdevice_handler.o
                0x0001c168                intern_softdevice_events_execute
 .text.softdevice_handler_init
                0x0001c200       0x38 _build/softdevice_handler.o
                0x0001c200                softdevice_handler_init
 .text.softdevice_ble_evt_handler_set
                0x0001c238       0x14 _build/softdevice_handler.o
                0x0001c238                softdevice_ble_evt_handler_set
 .text.softdevice_sys_evt_handler_set
                0x0001c24c       0x14 _build/softdevice_handler.o
                0x0001c24c                softdevice_sys_evt_handler_set
 .text.SWI2_IRQHandler
                0x0001c260       0x2c _build/softdevice_handler.o
                0x0001c260                SWI2_IRQHandler
 .text.sd_ble_gap_adv_data_set
                0x0001c28c        0x4 _build/ble_advdata.o
 .text.sd_ble_gap_appearance_get
                0x0001c290        0x4 _build/ble_advdata.o
 .text.sd_ble_gap_device_name_get
                0x0001c294        0x4 _build/ble_advdata.o
 .text.sd_ble_uuid_encode
                0x0001c298        0x4 _build/ble_advdata.o
 .text.uuid_list_sized_encode
                0x0001c29c       0xaa _build/ble_advdata.o
 .text.uuid_list_encode
                0x0001c346       0x26 _build/ble_advdata.o
 .text.adv_data_encode
                0x0001c36c      0x2fc _build/ble_advdata.o
 .text.ble_advdata_set
                0x0001c668       0x70 _build/ble_advdata.o
                0x0001c668                ble_advdata_set
 .text.sd_ble_gap_conn_param_update
                0x0001c6d8        0x4 _build/ble_conn_params.o
 .text.sd_ble_gap_disconnect
                0x0001c6dc        0x4 _build/ble_conn_params.o
 .text.sd_ble_gap_ppcp_set
                0x0001c6e0        0x4 _build/ble_conn_params.o
 .text.sd_ble_gap_ppcp_get
                0x0001c6e4        0x4 _build/ble_conn_params.o
 .text.update_timeout_handler
                0x0001c6e8       0x64 _build/ble_conn_params.o
 .text.conn_params_negotiation
                0x0001c74c       0x64 _build/ble_conn_params.o
 .text.ble_conn_params_init
                0x0001c7b0       0x60 _build/ble_conn_params.o
                0x0001c7b0                ble_conn_params_init
 .text.ble_conn_params_on_ble_evt
                0x0001c810       0x8c _build/ble_conn_params.o
                0x0001c810                ble_conn_params_on_ble_evt
 .text.user_op_alloc
                0x0001c89c       0x2a _build/app_timer.o
 *fill*         0x0001c8c6        0x2 
 .text.user_id_get
                0x0001c8c8       0x64 _build/app_timer.o
 .text.nrf_delay_us.constprop.5
                0x0001c92c       0x26 _build/app_timer.o
 *fill*         0x0001c952        0x2 
 .text.rtc1_stop
                0x0001c954       0x40 _build/app_timer.o
 .text.RTC1_IRQHandler
                0x0001c994       0xa0 _build/app_timer.o
                0x0001c994                RTC1_IRQHandler
 .text.SWI0_IRQHandler
                0x0001ca34      0x37c _build/app_timer.o
                0x0001ca34                SWI0_IRQHandler
 .text.app_timer_init
                0x0001cdb0       0xc0 _build/app_timer.o
                0x0001cdb0                app_timer_init
 .text.app_timer_create
                0x0001ce70       0x4c _build/app_timer.o
                0x0001ce70                app_timer_create
 .text.app_timer_start
                0x0001cebc       0x90 _build/app_timer.o
                0x0001cebc                app_timer_start
 .text.app_timer_stop
                0x0001cf4c       0x60 _build/app_timer.o
                0x0001cf4c                app_timer_stop
 .text.sd_flash_write
                0x0001cfac        0x4 _build/pstorage.o
 .text.sd_flash_page_erase
                0x0001cfb0        0x4 _build/pstorage.o
 .text.app_notify
                0x0001cfb4       0x30 _build/pstorage.o
 .text.swap_state_process
                0x0001cfe4      0x1bc _build/pstorage.o
 .text.cmd_process
                0x0001d1a0      0x118 _build/pstorage.o
 .text.unlikely.cmd_queue_enqueue
                0x0001d2b8       0x54 _build/pstorage.o
 .text.cmd_queue_dequeue
                0x0001d30c       0x20 _build/pstorage.o
 .text.pstorage_sys_event_handler
                0x0001d32c       0xec _build/pstorage.o
                0x0001d32c                pstorage_sys_event_handler
 .text.pstorage_init
                0x0001d418       0xc4 _build/pstorage.o
                0x0001d418                pstorage_init
 .text.pstorage_register
                0x0001d4dc      0x11c _build/pstorage.o
                0x0001d4dc                pstorage_register
 .text.pstorage_block_identifier_get
                0x0001d5f8       0x5c _build/pstorage.o
                0x0001d5f8                pstorage_block_identifier_get
 .text.pstorage_store
                0x0001d654       0x88 _build/pstorage.o
                0x0001d654                pstorage_store
 .text.pstorage_update
                0x0001d6dc       0x88 _build/pstorage.o
                0x0001d6dc                pstorage_update
 .text.pstorage_load
                0x0001d764       0xac _build/pstorage.o
                0x0001d764                pstorage_load
 .text.pstorage_clear
                0x0001d810       0x6c _build/pstorage.o
                0x0001d810                pstorage_clear
 .text.sd_ble_gap_sec_params_reply
                0x0001d87c        0x4 _build/device_manager_peripheral.o
 .text.sd_ble_gap_sec_info_reply
                0x0001d880        0x4 _build/device_manager_peripheral.o
 .text.sd_ble_gatts_sys_attr_set
                0x0001d884        0x4 _build/device_manager_peripheral.o
 .text.sd_ble_gatts_sys_attr_get
                0x0001d888        0x4 _build/device_manager_peripheral.o
 .text.storage_operation_dummy_handler
                0x0001d88c        0x4 _build/device_manager_peripheral.o
 .text.no_service_context_store
                0x0001d890        0x4 _build/device_manager_peripheral.o
 .text.gattc_context_store
                0x0001d894        0x4 _build/device_manager_peripheral.o
 .text.no_service_context_load
                0x0001d898        0x4 _build/device_manager_peripheral.o
 .text.gattc_context_load
                0x0001d89c        0x4 _build/device_manager_peripheral.o
 .text.no_service_context_apply
                0x0001d8a0        0x4 _build/device_manager_peripheral.o
 .text.gatts_context_apply
                0x0001d8a4       0x4c _build/device_manager_peripheral.o
 .text.gattc_context_apply
                0x0001d8f0        0x4 _build/device_manager_peripheral.o
 .text.gattsc_context_apply
                0x0001d8f4        0x8 _build/device_manager_peripheral.o
 .text.gatts_context_store
                0x0001d8fc       0xac _build/device_manager_peripheral.o
 .text.gattsc_context_store
                0x0001d9a8        0x8 _build/device_manager_peripheral.o
 .text.device_context_store
                0x0001d9b0       0xbc _build/device_manager_peripheral.o
 .text.gatts_context_load
                0x0001da6c       0x30 _build/device_manager_peripheral.o
 .text.gattsc_context_load
                0x0001da9c        0x8 _build/device_manager_peripheral.o
 .text.dm_pstorage_cb_handler
                0x0001daa4      0x130 _build/device_manager_peripheral.o
 .text.peer_instance_init
                0x0001dbd4       0x4c _build/device_manager_peripheral.o
 .text.dm_init  0x0001dc20       0xdc _build/device_manager_peripheral.o
                0x0001dc20                dm_init
 .text.dm_register
                0x0001dcfc       0x58 _build/device_manager_peripheral.o
                0x0001dcfc                dm_register
 .text.bond_data_load
                0x0001dd54       0x50 _build/device_manager_peripheral.o
                0x0001dd54                bond_data_load
 .text.dm_ble_evt_handler
                0x0001dda4      0x354 _build/device_manager_peripheral.o
                0x0001dda4                dm_ble_evt_handler
 .text.pins_sense_disable
                0x0001e0f8       0x40 _build/app_gpiote.o
 .text.sense_level_toggle.isra.0
                0x0001e138       0x4c _build/app_gpiote.o
 .text.GPIOTE_IRQHandler
                0x0001e184       0x98 _build/app_gpiote.o
                0x0001e184                GPIOTE_IRQHandler
 .text.app_gpiote_init
                0x0001e21c       0x68 _build/app_gpiote.o
                0x0001e21c                app_gpiote_init
 .text.app_gpiote_user_register
                0x0001e284       0x48 _build/app_gpiote.o
                0x0001e284                app_gpiote_user_register
 .text.app_gpiote_user_enable
                0x0001e2cc       0x98 _build/app_gpiote.o
                0x0001e2cc                app_gpiote_user_enable
 .text.nrf_delay_ms
                0x0001e364       0x40 _build/nrf_delay.o
                0x0001e364                nrf_delay_ms
 .text.sd_nvic_critical_region_enter
                0x0001e3a4        0x4 _build/app_scheduler.o
 .text.sd_nvic_critical_region_exit
                0x0001e3a8        0x4 _build/app_scheduler.o
 .text.app_sched_init
                0x0001e3ac       0x2c _build/app_scheduler.o
                0x0001e3ac                app_sched_init
 .text.app_sched_event_put
                0x0001e3d8      0x12c _build/app_scheduler.o
                0x0001e3d8                app_sched_event_put
 .text.app_sched_execute
                0x0001e504       0x40 _build/app_scheduler.o
                0x0001e504                app_sched_execute
 .text.SystemInit
                0x0001e544       0x8c _build/system_nrf51.o
                0x0001e544                SystemInit
 .text          0x0001e5d0       0x54 _build/gcc_startup_nrf51.o
                0x0001e5d0                Reset_Handler
                0x0001e618                NMI_Handler
                0x0001e61c                SVC_Handler
                0x0001e61e                PendSV_Handler
                0x0001e620                SysTick_Handler
                0x0001e622                SPI0_TWI0_IRQHandler
                0x0001e622                RTC0_IRQHandler
                0x0001e622                POWER_CLOCK_IRQHandler
                0x0001e622                RADIO_IRQHandler
                0x0001e622                LPCOMP_IRQHandler
                0x0001e622                SWI4_IRQHandler
                0x0001e622                TEMP_IRQHandler
                0x0001e622                QDEC_IRQHandler
                0x0001e622                UART0_IRQHandler
                0x0001e622                SWI5_IRQHandler
                0x0001e622                TIMER0_IRQHandler
                0x0001e622                TIMER1_IRQHandler
                0x0001e622                ECB_IRQHandler
                0x0001e622                Default_Handler
                0x0001e622                ADC_IRQHandler
                0x0001e622                SWI3_IRQHandler
                0x0001e622                CCM_AAR_IRQHandler
                0x0001e622                WDT_IRQHandler
                0x0001e622                RNG_IRQHandler
                0x0001e622                SPI1_TWI1_IRQHandler
                0x0001e622                SWI1_IRQHandler
 .text          0x0001e624       0x14 /home/luis/Desktop/SETEC/gcc-arm-none-eabi-4_9-2015q3/bin/../lib/gcc/arm-none-eabi/4.9.3/armv6-m/libgcc.a(_thumb1_case_uqi.o)
                0x0001e624                __gnu_thumb1_case_uqi
 .text          0x0001e638      0x120 /home/luis/Desktop/SETEC/gcc-arm-none-eabi-4_9-2015q3/bin/../lib/gcc/arm-none-eabi/4.9.3/armv6-m/libgcc.a(_udivsi3.o)
                0x0001e638                __udivsi3
                0x0001e638                __aeabi_uidiv
                0x0001e744                __aeabi_uidivmod
 .text          0x0001e758      0x1e0 /home/luis/Desktop/SETEC/gcc-arm-none-eabi-4_9-2015q3/bin/../lib/gcc/arm-none-eabi/4.9.3/armv6-m/libgcc.a(_divsi3.o)
                0x0001e758                __aeabi_idiv
                0x0001e758                __divsi3
                0x0001e924                __aeabi_idivmod
 .text          0x0001e938        0x4 /home/luis/Desktop/SETEC/gcc-arm-none-eabi-4_9-2015q3/bin/../lib/gcc/arm-none-eabi/4.9.3/armv6-m/libgcc.a(_dvmd_tls.o)
                0x0001e938                __aeabi_ldiv0
                0x0001e938                __aeabi_idiv0
 .text          0x0001e93c       0x40 /home/luis/Desktop/SETEC/gcc-arm-none-eabi-4_9-2015q3/bin/../lib/gcc/arm-none-eabi/4.9.3/armv6-m/libgcc.a(_aeabi_uldivmod.o)
                0x0001e93c                __aeabi_uldivmod
 .text          0x0001e97c       0x6c /home/luis/Desktop/SETEC/gcc-arm-none-eabi-4_9-2015q3/bin/../lib/gcc/arm-none-eabi/4.9.3/armv6-m/libgcc.a(bpabi.o)
                0x0001e97c                __gnu_ldivmod_helper
                0x0001e9b4                __gnu_uldivmod_helper
 .text          0x0001e9e8       0x3c /home/luis/Desktop/SETEC/gcc-arm-none-eabi-4_9-2015q3/bin/../lib/gcc/arm-none-eabi/4.9.3/armv6-m/libgcc.a(_clzsi2.o)
                0x0001e9e8                __clzsi2
 .text          0x0001ea24       0x54 /home/luis/Desktop/SETEC/gcc-arm-none-eabi-4_9-2015q3/bin/../lib/gcc/arm-none-eabi/4.9.3/armv6-m/libgcc.a(_muldi3.o)
                0x0001ea24                __aeabi_lmul
                0x0001ea24                __muldi3
 .text          0x0001ea78      0x1f0 /home/luis/Desktop/SETEC/gcc-arm-none-eabi-4_9-2015q3/bin/../lib/gcc/arm-none-eabi/4.9.3/armv6-m/libgcc.a(_divdi3.o)
                0x0001ea78                __divdi3
 .text          0x0001ec68      0x158 /home/luis/Desktop/SETEC/gcc-arm-none-eabi-4_9-2015q3/bin/../lib/gcc/arm-none-eabi/4.9.3/armv6-m/libgcc.a(_udivdi3.o)
                0x0001ec68                __udivdi3
 .text          0x0001edc0       0x18 /home/luis/Desktop/SETEC/gcc-arm-none-eabi-4_9-2015q3/bin/../lib/gcc/arm-none-eabi/4.9.3/armv6-m/libgcc.a(_clzdi2.o)
                0x0001edc0                __clzdi2
 .text.exit     0x0001edd8       0x2c /home/luis/Desktop/SETEC/gcc-arm-none-eabi-4_9-2015q3/bin/../lib/gcc/arm-none-eabi/4.9.3/../../../../arm-none-eabi/lib/armv6-m/libc_nano.a(lib_a-exit.o)
                0x0001edd8                exit
 .text.__libc_init_array
                0x0001ee04       0x4c /home/luis/Desktop/SETEC/gcc-arm-none-eabi-4_9-2015q3/bin/../lib/gcc/arm-none-eabi/4.9.3/../../../../arm-none-eabi/lib/armv6-m/libc_nano.a(lib_a-init.o)
                0x0001ee04                __libc_init_array
 .text.memcmp   0x0001ee50       0x1e /home/luis/Desktop/SETEC/gcc-arm-none-eabi-4_9-2015q3/bin/../lib/gcc/arm-none-eabi/4.9.3/../../../../arm-none-eabi/lib/armv6-m/libc_nano.a(lib_a-memcmp.o)
                0x0001ee50                memcmp
 .text.memcpy   0x0001ee6e       0x12 /home/luis/Desktop/SETEC/gcc-arm-none-eabi-4_9-2015q3/bin/../lib/gcc/arm-none-eabi/4.9.3/../../../../arm-none-eabi/lib/armv6-m/libc_nano.a(lib_a-memcpy.o)
                0x0001ee6e                memcpy
 .text.memset   0x0001ee80       0x10 /home/luis/Desktop/SETEC/gcc-arm-none-eabi-4_9-2015q3/bin/../lib/gcc/arm-none-eabi/4.9.3/../../../../arm-none-eabi/lib/armv6-m/libc_nano.a(lib_a-memset.o)
                0x0001ee80                memset
 .text._free_r  0x0001ee90       0x8c /home/luis/Desktop/SETEC/gcc-arm-none-eabi-4_9-2015q3/bin/../lib/gcc/arm-none-eabi/4.9.3/../../../../arm-none-eabi/lib/armv6-m/libc_nano.a(lib_a-nano-freer.o)
                0x0001ee90                _free_r
 .text._malloc_r
                0x0001ef1c       0xb0 /home/luis/Desktop/SETEC/gcc-arm-none-eabi-4_9-2015q3/bin/../lib/gcc/arm-none-eabi/4.9.3/../../../../arm-none-eabi/lib/armv6-m/libc_nano.a(lib_a-nano-mallocr.o)
                0x0001ef1c                _malloc_r
 .text.printf   0x0001efcc       0x34 /home/luis/Desktop/SETEC/gcc-arm-none-eabi-4_9-2015q3/bin/../lib/gcc/arm-none-eabi/4.9.3/../../../../arm-none-eabi/lib/armv6-m/libc_nano.a(lib_a-printf.o)
                0x0001efcc                printf
                0x0001efcc                iprintf
 .text._sbrk_r  0x0001f000       0x24 /home/luis/Desktop/SETEC/gcc-arm-none-eabi-4_9-2015q3/bin/../lib/gcc/arm-none-eabi/4.9.3/../../../../arm-none-eabi/lib/armv6-m/libc_nano.a(lib_a-sbrkr.o)
                0x0001f000                _sbrk_r
 .text.sprintf  0x0001f024       0x44 /home/luis/Desktop/SETEC/gcc-arm-none-eabi-4_9-2015q3/bin/../lib/gcc/arm-none-eabi/4.9.3/../../../../arm-none-eabi/lib/armv6-m/libc_nano.a(lib_a-sprintf.o)
                0x0001f024                sprintf
                0x0001f024                siprintf
 .text          0x0001f068       0x14 /home/luis/Desktop/SETEC/gcc-arm-none-eabi-4_9-2015q3/bin/../lib/gcc/arm-none-eabi/4.9.3/../../../../arm-none-eabi/lib/armv6-m/libc_nano.a(lib_a-strcmp.o)
                0x0001f068                strcmp
 .text.strcpy   0x0001f07c       0x10 /home/luis/Desktop/SETEC/gcc-arm-none-eabi-4_9-2015q3/bin/../lib/gcc/arm-none-eabi/4.9.3/../../../../arm-none-eabi/lib/armv6-m/libc_nano.a(lib_a-strcpy.o)
                0x0001f07c                strcpy
 .text.strlen   0x0001f08c        0xe /home/luis/Desktop/SETEC/gcc-arm-none-eabi-4_9-2015q3/bin/../lib/gcc/arm-none-eabi/4.9.3/../../../../arm-none-eabi/lib/armv6-m/libc_nano.a(lib_a-strlen.o)
                0x0001f08c                strlen
 *fill*         0x0001f09a        0x2 
 .text._cleanup_r
                0x0001f09c       0x10 /home/luis/Desktop/SETEC/gcc-arm-none-eabi-4_9-2015q3/bin/../lib/gcc/arm-none-eabi/4.9.3/../../../../arm-none-eabi/lib/armv6-m/libc_nano.a(lib_a-findfp.o)
                0x0001f09c                _cleanup_r
 .text.std.isra.0
                0x0001f0ac       0x48 /home/luis/Desktop/SETEC/gcc-arm-none-eabi-4_9-2015q3/bin/../lib/gcc/arm-none-eabi/4.9.3/../../../../arm-none-eabi/lib/armv6-m/libc_nano.a(lib_a-findfp.o)
 .text.__sfmoreglue
                0x0001f0f4       0x2c /home/luis/Desktop/SETEC/gcc-arm-none-eabi-4_9-2015q3/bin/../lib/gcc/arm-none-eabi/4.9.3/../../../../arm-none-eabi/lib/armv6-m/libc_nano.a(lib_a-findfp.o)
                0x0001f0f4                __sfmoreglue
 .text.__sinit  0x0001f120       0x64 /home/luis/Desktop/SETEC/gcc-arm-none-eabi-4_9-2015q3/bin/../lib/gcc/arm-none-eabi/4.9.3/../../../../arm-none-eabi/lib/armv6-m/libc_nano.a(lib_a-findfp.o)
                0x0001f120                __sinit
 .text.__sfp    0x0001f184       0x7c /home/luis/Desktop/SETEC/gcc-arm-none-eabi-4_9-2015q3/bin/../lib/gcc/arm-none-eabi/4.9.3/../../../../arm-none-eabi/lib/armv6-m/libc_nano.a(lib_a-findfp.o)
                0x0001f184                __sfp
 .text._fwalk_reent
                0x0001f200       0x42 /home/luis/Desktop/SETEC/gcc-arm-none-eabi-4_9-2015q3/bin/../lib/gcc/arm-none-eabi/4.9.3/../../../../arm-none-eabi/lib/armv6-m/libc_nano.a(lib_a-fwalk.o)
                0x0001f200                _fwalk_reent
 *fill*         0x0001f242        0x2 
 .text.__ssputs_r
                0x0001f244       0xc0 /home/luis/Desktop/SETEC/gcc-arm-none-eabi-4_9-2015q3/bin/../lib/gcc/arm-none-eabi/4.9.3/../../../../arm-none-eabi/lib/armv6-m/libc_nano.a(lib_a-nano-svfprintf.o)
                0x0001f244                __ssputs_r
 .text._svfprintf_r
                0x0001f304      0x1ec /home/luis/Desktop/SETEC/gcc-arm-none-eabi-4_9-2015q3/bin/../lib/gcc/arm-none-eabi/4.9.3/../../../../arm-none-eabi/lib/armv6-m/libc_nano.a(lib_a-nano-svfprintf.o)
                0x0001f304                _svfprintf_r
                0x0001f304                _svfiprintf_r
 .text.__sfputc_r
                0x0001f4f0       0x2a /home/luis/Desktop/SETEC/gcc-arm-none-eabi-4_9-2015q3/bin/../lib/gcc/arm-none-eabi/4.9.3/../../../../arm-none-eabi/lib/armv6-m/libc_nano.a(lib_a-nano-vfprintf.o)
 .text.__sfputs_r
                0x0001f51a       0x24 /home/luis/Desktop/SETEC/gcc-arm-none-eabi-4_9-2015q3/bin/../lib/gcc/arm-none-eabi/4.9.3/../../../../arm-none-eabi/lib/armv6-m/libc_nano.a(lib_a-nano-vfprintf.o)
                0x0001f51a                __sfputs_r
 *fill*         0x0001f53e        0x2 
 .text._vfprintf_r
                0x0001f540      0x220 /home/luis/Desktop/SETEC/gcc-arm-none-eabi-4_9-2015q3/bin/../lib/gcc/arm-none-eabi/4.9.3/../../../../arm-none-eabi/lib/armv6-m/libc_nano.a(lib_a-nano-vfprintf.o)
                0x0001f540                _vfiprintf_r
                0x0001f540                _vfprintf_r
 .text._printf_common
                0x0001f760       0xdc /home/luis/Desktop/SETEC/gcc-arm-none-eabi-4_9-2015q3/bin/../lib/gcc/arm-none-eabi/4.9.3/../../../../arm-none-eabi/lib/armv6-m/libc_nano.a(lib_a-nano-vfprintf_i.o)
                0x0001f760                _printf_common
 .text._printf_i
                0x0001f83c      0x230 /home/luis/Desktop/SETEC/gcc-arm-none-eabi-4_9-2015q3/bin/../lib/gcc/arm-none-eabi/4.9.3/../../../../arm-none-eabi/lib/armv6-m/libc_nano.a(lib_a-nano-vfprintf_i.o)
                0x0001f83c                _printf_i
 .text.__sread  0x0001fa6c       0x28 /home/luis/Desktop/SETEC/gcc-arm-none-eabi-4_9-2015q3/bin/../lib/gcc/arm-none-eabi/4.9.3/../../../../arm-none-eabi/lib/armv6-m/libc_nano.a(lib_a-stdio.o)
                0x0001fa6c                __sread
 .text.__swrite
                0x0001fa94       0x38 /home/luis/Desktop/SETEC/gcc-arm-none-eabi-4_9-2015q3/bin/../lib/gcc/arm-none-eabi/4.9.3/../../../../arm-none-eabi/lib/armv6-m/libc_nano.a(lib_a-stdio.o)
                0x0001fa94                __swrite
 .text.__sseek  0x0001facc       0x2c /home/luis/Desktop/SETEC/gcc-arm-none-eabi-4_9-2015q3/bin/../lib/gcc/arm-none-eabi/4.9.3/../../../../arm-none-eabi/lib/armv6-m/libc_nano.a(lib_a-stdio.o)
                0x0001facc                __sseek
 .text.__sclose
                0x0001faf8        0xc /home/luis/Desktop/SETEC/gcc-arm-none-eabi-4_9-2015q3/bin/../lib/gcc/arm-none-eabi/4.9.3/../../../../arm-none-eabi/lib/armv6-m/libc_nano.a(lib_a-stdio.o)
                0x0001faf8                __sclose
 .text.__swbuf_r
                0x0001fb04       0xb0 /home/luis/Desktop/SETEC/gcc-arm-none-eabi-4_9-2015q3/bin/../lib/gcc/arm-none-eabi/4.9.3/../../../../arm-none-eabi/lib/armv6-m/libc_nano.a(lib_a-wbuf.o)
                0x0001fb04                __swbuf_r
 .text._write_r
                0x0001fbb4       0x28 /home/luis/Desktop/SETEC/gcc-arm-none-eabi-4_9-2015q3/bin/../lib/gcc/arm-none-eabi/4.9.3/../../../../arm-none-eabi/lib/armv6-m/libc_nano.a(lib_a-writer.o)
                0x0001fbb4                _write_r
 .text.__swsetup_r
                0x0001fbdc       0xe8 /home/luis/Desktop/SETEC/gcc-arm-none-eabi-4_9-2015q3/bin/../lib/gcc/arm-none-eabi/4.9.3/../../../../arm-none-eabi/lib/armv6-m/libc_nano.a(lib_a-wsetup.o)
                0x0001fbdc                __swsetup_r
 .text._close_r
                0x0001fcc4       0x24 /home/luis/Desktop/SETEC/gcc-arm-none-eabi-4_9-2015q3/bin/../lib/gcc/arm-none-eabi/4.9.3/../../../../arm-none-eabi/lib/armv6-m/libc_nano.a(lib_a-closer.o)
                0x0001fcc4                _close_r
 .text.__sflush_r
                0x0001fce8      0x112 /home/luis/Desktop/SETEC/gcc-arm-none-eabi-4_9-2015q3/bin/../lib/gcc/arm-none-eabi/4.9.3/../../../../arm-none-eabi/lib/armv6-m/libc_nano.a(lib_a-fflush.o)
                0x0001fce8                __sflush_r
 *fill*         0x0001fdfa        0x2 
 .text._fflush_r
                0x0001fdfc       0x58 /home/luis/Desktop/SETEC/gcc-arm-none-eabi-4_9-2015q3/bin/../lib/gcc/arm-none-eabi/4.9.3/../../../../arm-none-eabi/lib/armv6-m/libc_nano.a(lib_a-fflush.o)
                0x0001fdfc                _fflush_r
 .text._lseek_r
                0x0001fe54       0x28 /home/luis/Desktop/SETEC/gcc-arm-none-eabi-4_9-2015q3/bin/../lib/gcc/arm-none-eabi/4.9.3/../../../../arm-none-eabi/lib/armv6-m/libc_nano.a(lib_a-lseekr.o)
                0x0001fe54                _lseek_r
 .text.__smakebuf_r
                0x0001fe7c       0xb0 /home/luis/Desktop/SETEC/gcc-arm-none-eabi-4_9-2015q3/bin/../lib/gcc/arm-none-eabi/4.9.3/../../../../arm-none-eabi/lib/armv6-m/libc_nano.a(lib_a-makebuf.o)
                0x0001fe7c                __smakebuf_r
 .text.memchr   0x0001ff2c       0x16 /home/luis/Desktop/SETEC/gcc-arm-none-eabi-4_9-2015q3/bin/../lib/gcc/arm-none-eabi/4.9.3/../../../../arm-none-eabi/lib/armv6-m/libc_nano.a(lib_a-memchr.o)
                0x0001ff2c                memchr
 .text.memmove  0x0001ff42       0x28 /home/luis/Desktop/SETEC/gcc-arm-none-eabi-4_9-2015q3/bin/../lib/gcc/arm-none-eabi/4.9.3/../../../../arm-none-eabi/lib/armv6-m/libc_nano.a(lib_a-memmove.o)
                0x0001ff42                memmove
 .text._realloc_r
                0x0001ff6a       0x4c /home/luis/Desktop/SETEC/gcc-arm-none-eabi-4_9-2015q3/bin/../lib/gcc/arm-none-eabi/4.9.3/../../../../arm-none-eabi/lib/armv6-m/libc_nano.a(lib_a-nano-reallocr.o)
                0x0001ff6a                _realloc_r
 *fill*         0x0001ffb6        0x2 
 .text._read_r  0x0001ffb8       0x28 /home/luis/Desktop/SETEC/gcc-arm-none-eabi-4_9-2015q3/bin/../lib/gcc/arm-none-eabi/4.9.3/../../../../arm-none-eabi/lib/armv6-m/libc_nano.a(lib_a-readr.o)
                0x0001ffb8                _read_r
 .text._fstat_r
                0x0001ffe0       0x24 /home/luis/Desktop/SETEC/gcc-arm-none-eabi-4_9-2015q3/bin/../lib/gcc/arm-none-eabi/4.9.3/../../../../arm-none-eabi/lib/armv6-m/libc_nano.a(lib_a-fstatr.o)
                0x0001ffe0                _fstat_r
 .text._isatty_r
                0x00020004       0x24 /home/luis/Desktop/SETEC/gcc-arm-none-eabi-4_9-2015q3/bin/../lib/gcc/arm-none-eabi/4.9.3/../../../../arm-none-eabi/lib/armv6-m/libc_nano.a(lib_a-isattyr.o)
                0x00020004                _isatty_r
 .text._malloc_usable_size_r
                0x00020028       0x16 /home/luis/Desktop/SETEC/gcc-arm-none-eabi-4_9-2015q3/bin/../lib/gcc/arm-none-eabi/4.9.3/../../../../arm-none-eabi/lib/armv6-m/libc_nano.a(lib_a-nano-msizer.o)
                0x00020028                _malloc_usable_size_r
 *fill*         0x0002003e        0x2 
 .text._close   0x00020040       0x10 /home/luis/Desktop/SETEC/gcc-arm-none-eabi-4_9-2015q3/bin/../lib/gcc/arm-none-eabi/4.9.3/../../../../arm-none-eabi/lib/armv6-m/libnosys.a(close.o)
                0x00020040                _close
 .text._fstat   0x00020050       0x10 /home/luis/Desktop/SETEC/gcc-arm-none-eabi-4_9-2015q3/bin/../lib/gcc/arm-none-eabi/4.9.3/../../../../arm-none-eabi/lib/armv6-m/libnosys.a(fstat.o)
                0x00020050                _fstat
 .text._isatty  0x00020060       0x10 /home/luis/Desktop/SETEC/gcc-arm-none-eabi-4_9-2015q3/bin/../lib/gcc/arm-none-eabi/4.9.3/../../../../arm-none-eabi/lib/armv6-m/libnosys.a(isatty.o)
                0x00020060                _isatty
 .text._lseek   0x00020070       0x10 /home/luis/Desktop/SETEC/gcc-arm-none-eabi-4_9-2015q3/bin/../lib/gcc/arm-none-eabi/4.9.3/../../../../arm-none-eabi/lib/armv6-m/libnosys.a(lseek.o)
                0x00020070                _lseek
 .text._read    0x00020080       0x10 /home/luis/Desktop/SETEC/gcc-arm-none-eabi-4_9-2015q3/bin/../lib/gcc/arm-none-eabi/4.9.3/../../../../arm-none-eabi/lib/armv6-m/libnosys.a(read.o)
                0x00020080                _read
 .text._sbrk    0x00020090       0x1c /home/luis/Desktop/SETEC/gcc-arm-none-eabi-4_9-2015q3/bin/../lib/gcc/arm-none-eabi/4.9.3/../../../../arm-none-eabi/lib/armv6-m/libnosys.a(sbrk.o)
                0x00020090                _sbrk
 .text._write   0x000200ac       0x10 /home/luis/Desktop/SETEC/gcc-arm-none-eabi-4_9-2015q3/bin/../lib/gcc/arm-none-eabi/4.9.3/../../../../arm-none-eabi/lib/armv6-m/libnosys.a(write.o)
                0x000200ac                _write
 .text._exit    0x000200bc        0x4 /home/luis/Desktop/SETEC/gcc-arm-none-eabi-4_9-2015q3/bin/../lib/gcc/arm-none-eabi/4.9.3/../../../../arm-none-eabi/lib/armv6-m/libnosys.a(_exit.o)
                0x000200bc                _exit
 *(.init)
 .init          0x000200c0        0x4 /home/luis/Desktop/SETEC/gcc-arm-none-eabi-4_9-2015q3/bin/../lib/gcc/arm-none-eabi/4.9.3/armv6-m/crti.o
                0x000200c0                _init
 .init          0x000200c4        0x8 /home/luis/Desktop/SETEC/gcc-arm-none-eabi-4_9-2015q3/bin/../lib/gcc/arm-none-eabi/4.9.3/armv6-m/crtn.o
 *(.fini)
 .fini          0x000200cc        0x4 /home/luis/Desktop/SETEC/gcc-arm-none-eabi-4_9-2015q3/bin/../lib/gcc/arm-none-eabi/4.9.3/armv6-m/crti.o
                0x000200cc                _fini
 .fini          0x000200d0        0x8 /home/luis/Desktop/SETEC/gcc-arm-none-eabi-4_9-2015q3/bin/../lib/gcc/arm-none-eabi/4.9.3/armv6-m/crtn.o
 *crtbegin.o(.ctors)
 *crtbegin?.o(.ctors)
 *(EXCLUDE_FILE(*crtend.o *crtend?.o) .ctors)
 *(SORT(.ctors.*))
 *(.ctors)
 *crtbegin.o(.dtors)
 *crtbegin?.o(.dtors)
 *(EXCLUDE_FILE(*crtend.o *crtend?.o) .dtors)
 *(SORT(.dtors.*))
 *(.dtors)
 *(.rodata*)
 .rodata.str1.1
                0x000200d8      0x151 _build/utils.o
                                0x17c (size before relaxing)
 .rodata        0x00020229       0x10 _build/ble_ambient.o
 .rodata.str1.1
                0x00020239       0x4a _build/ble_ambient.o
                                 0xa2 (size before relaxing)
 .rodata.str1.1
                0x00020283      0x44c _build/main.o
                                0x463 (size before relaxing)
 .rodata.str1.1
                0x000206cf       0xaf _build/init.o
 .rodata.str1.1
                0x0002077e      0x10b _build/humsolo.o
                                0x11c (size before relaxing)
 .rodata.str1.1
                0x00020889       0xe9 _build/pr.o
                                 0xfa (size before relaxing)
 .rodata.str1.1
                0x00020972       0xd4 _build/uv.o
                                 0xe1 (size before relaxing)
 .rodata.str1.1
                0x00020a46       0xe2 _build/rain.o
                                 0xf3 (size before relaxing)
 .rodata.str1.1
                0x00020b28      0x111 _build/temp.o
                                0x11e (size before relaxing)
 .rodata.str1.1
                0x00020c39       0x80 _build/sd2app.o
                                 0xaf (size before relaxing)
 .rodata.str1.1
                0x00020cb9       0xef _build/hum.o
                                0x100 (size before relaxing)
 .rodata.str1.1
                0x00020da8       0x11 _build/SparkFunMS1.o
 .rodata        0x00020db9        0xa _build/nrf_pwm.o
 .rodata.str1.1
                0x00020dc3       0x1f _build/fhp_gpio.o
 .rodata        0x00020de2        0x3 _build/spi_fhp_master.o
 .rodata.str1.1
                0x00020de5        0x9 _build/SEGGER_RTT.o
 .rodata.str1.1
                0x00020dee       0x4b _build/mpu9x50.o
 .rodata.str1.1
                0x00020e39       0x43 _build/ff.o
 .rodata.str1.1
                0x00020e7c       0xf2 _build/battery.o
 .rodata.str1.1
                0x00020f6e       0x45 _build/ble_dis.o
 .rodata.str1.1
                0x00020fb3       0x48 _build/softdevice_handler.o
 .rodata.str1.1
                0x00020ffb       0x40 _build/app_timer.o
 *fill*         0x0002103b        0x1 
 .rodata        0x0002103c       0x34 _build/device_manager_peripheral.o
                0x0002103c                m_service_context_store
                0x0002104c                m_service_context_load
                0x0002105c                m_service_context_apply
                0x0002106c                m_context_init_len
 .rodata.str1.1
                0x00021070       0x44 _build/app_scheduler.o
 .rodata.str1.1
                0x000210b4        0x2 /home/luis/Desktop/SETEC/gcc-arm-none-eabi-4_9-2015q3/bin/../lib/gcc/arm-none-eabi/4.9.3/../../../../arm-none-eabi/lib/armv6-m/libc_nano.a(lib_a-impure.o)
 *fill*         0x000210b6        0x2 
 .rodata._global_impure_ptr
                0x000210b8        0x4 /home/luis/Desktop/SETEC/gcc-arm-none-eabi-4_9-2015q3/bin/../lib/gcc/arm-none-eabi/4.9.3/../../../../arm-none-eabi/lib/armv6-m/libc_nano.a(lib_a-impure.o)
                0x000210b8                _global_impure_ptr
 .rodata.__sf_fake_stdin
                0x000210bc       0x20 /home/luis/Desktop/SETEC/gcc-arm-none-eabi-4_9-2015q3/bin/../lib/gcc/arm-none-eabi/4.9.3/../../../../arm-none-eabi/lib/armv6-m/libc_nano.a(lib_a-findfp.o)
                0x000210bc                __sf_fake_stdin
 .rodata.__sf_fake_stdout
                0x000210dc       0x20 /home/luis/Desktop/SETEC/gcc-arm-none-eabi-4_9-2015q3/bin/../lib/gcc/arm-none-eabi/4.9.3/../../../../arm-none-eabi/lib/armv6-m/libc_nano.a(lib_a-findfp.o)
                0x000210dc                __sf_fake_stdout
 .rodata.__sf_fake_stderr
                0x000210fc       0x20 /home/luis/Desktop/SETEC/gcc-arm-none-eabi-4_9-2015q3/bin/../lib/gcc/arm-none-eabi/4.9.3/../../../../arm-none-eabi/lib/armv6-m/libc_nano.a(lib_a-findfp.o)
                0x000210fc                __sf_fake_stderr
 .rodata.str1.1
                0x0002111c       0x11 /home/luis/Desktop/SETEC/gcc-arm-none-eabi-4_9-2015q3/bin/../lib/gcc/arm-none-eabi/4.9.3/../../../../arm-none-eabi/lib/armv6-m/libc_nano.a(lib_a-nano-svfprintf.o)
 .rodata.str1.1
                0x00000000       0x11 /home/luis/Desktop/SETEC/gcc-arm-none-eabi-4_9-2015q3/bin/../lib/gcc/arm-none-eabi/4.9.3/../../../../arm-none-eabi/lib/armv6-m/libc_nano.a(lib_a-nano-vfprintf.o)
 .rodata.str1.1
                0x0002112d       0x22 /home/luis/Desktop/SETEC/gcc-arm-none-eabi-4_9-2015q3/bin/../lib/gcc/arm-none-eabi/4.9.3/../../../../arm-none-eabi/lib/armv6-m/libc_nano.a(lib_a-nano-vfprintf_i.o)
 *(.eh_frame*)

.glue_7         0x00021150        0x0
 .glue_7        0x00000000        0x0 linker stubs

.glue_7t        0x00021150        0x0
 .glue_7t       0x00000000        0x0 linker stubs

.vfp11_veneer   0x00021150        0x0
 .vfp11_veneer  0x00000000        0x0 linker stubs

.v4_bx          0x00021150        0x0
 .v4_bx         0x00000000        0x0 linker stubs

.iplt           0x00021150        0x0
 .iplt          0x00000000        0x0 /home/luis/Desktop/SETEC/gcc-arm-none-eabi-4_9-2015q3/bin/../lib/gcc/arm-none-eabi/4.9.3/armv6-m/crtbegin.o

.ARM.extab
 *(.ARM.extab* .gnu.linkonce.armextab.*)
                0x00021150                __exidx_start = .

.ARM.exidx      0x00021150        0x8
 *(.ARM.exidx* .gnu.linkonce.armexidx.*)
 .ARM.exidx     0x00021150        0x8 /home/luis/Desktop/SETEC/gcc-arm-none-eabi-4_9-2015q3/bin/../lib/gcc/arm-none-eabi/4.9.3/../../../../arm-none-eabi/lib/armv6-m/crt0.o
 .ARM.exidx     0x00021158        0x0 _build/gcc_startup_nrf51.o
                                  0x8 (size before relaxing)
 .ARM.exidx     0x00021158        0x0 /home/luis/Desktop/SETEC/gcc-arm-none-eabi-4_9-2015q3/bin/../lib/gcc/arm-none-eabi/4.9.3/armv6-m/libgcc.a(_divdi3.o)
                                  0x8 (size before relaxing)
 .ARM.exidx     0x00021158        0x0 /home/luis/Desktop/SETEC/gcc-arm-none-eabi-4_9-2015q3/bin/../lib/gcc/arm-none-eabi/4.9.3/armv6-m/libgcc.a(_udivdi3.o)
                                  0x8 (size before relaxing)
                0x00021158                __exidx_end = .
                0x00021158                __etext = .

.rel.dyn        0x00021158        0x0
 .rel.iplt      0x00000000        0x0 /home/luis/Desktop/SETEC/gcc-arm-none-eabi-4_9-2015q3/bin/../lib/gcc/arm-none-eabi/4.9.3/armv6-m/crtbegin.o

.data           0x20002000      0x124 load address 0x00021158
                0x20002000                __data_start__ = .
 *(vtable)
 *(.data*)
 .data          0x20002000        0x2 _build/main.o
 *fill*         0x20002002        0x2 
 .data          0x20002004        0x4 _build/nrf_pwm.o
 .data          0x20002008       0x3c _build/fhp_gpio.o
 .data          0x20002044       0x78 _build/SEGGER_RTT.o
 .data          0x200020bc        0x1 _build/diskio.o
 *fill*         0x200020bd        0x3 
 .data.impure_data
                0x200020c0       0x60 /home/luis/Desktop/SETEC/gcc-arm-none-eabi-4_9-2015q3/bin/../lib/gcc/arm-none-eabi/4.9.3/../../../../arm-none-eabi/lib/armv6-m/libc_nano.a(lib_a-impure.o)
 .data._impure_ptr
                0x20002120        0x4 /home/luis/Desktop/SETEC/gcc-arm-none-eabi-4_9-2015q3/bin/../lib/gcc/arm-none-eabi/4.9.3/../../../../arm-none-eabi/lib/armv6-m/libc_nano.a(lib_a-impure.o)
                0x20002120                _impure_ptr
                0x20002124                . = ALIGN (0x4)
                0x20002124                PROVIDE (__preinit_array_start, .)
 *(.preinit_array)
                0x20002124                PROVIDE (__preinit_array_end, .)
                0x20002124                . = ALIGN (0x4)
                0x20002124                PROVIDE (__init_array_start, .)
 *(SORT(.init_array.*))
 *(.init_array)
                0x20002124                PROVIDE (__init_array_end, .)
                0x20002124                . = ALIGN (0x4)
                0x20002124                PROVIDE (__fini_array_start, .)
 *(SORT(.fini_array.*))
 *(.fini_array)
                0x20002124                PROVIDE (__fini_array_end, .)
 *(.jcr)
                0x20002124                . = ALIGN (0x4)
                0x20002124                __data_end__ = .

.igot.plt       0x20002124        0x0 load address 0x0002127c
 .igot.plt      0x00000000        0x0 /home/luis/Desktop/SETEC/gcc-arm-none-eabi-4_9-2015q3/bin/../lib/gcc/arm-none-eabi/4.9.3/armv6-m/crtbegin.o

.bss            0x20002128     0x1638 load address 0x00021280
                0x20002128                . = ALIGN (0x4)
                0x20002128                __bss_start__ = .
 *(.bss*)
 .bss           0x20002128        0x8 _build/utils.o
 .bss           0x20002130       0x84 _build/ble_ambient.o
 .bss           0x200021b4      0x9d4 _build/init.o
 .bss           0x20002b88        0x8 _build/nosso.o
 .bss           0x20002b90        0x4 _build/sd_card.o
 .bss           0x20002b94       0x58 _build/nrf_pwm.o
 .bss           0x20002bec        0x4 _build/bme280.o
 .bss           0x20002bf0        0x1 _build/max1161x.o
 .bss           0x20002bf1      0x411 _build/SEGGER_RTT.o
 .bss           0x20003002        0x1 _build/max17048.o
 .bss           0x20003003        0x3 _build/pca9538.o
 *fill*         0x20003006        0x2 
 .bss           0x20003008        0x6 _build/ff.o
 .bss           0x2000300e        0x1 _build/diskio.o
 .bss           0x2000300f        0x2 _build/battery.o
 *fill*         0x20003011        0x1 
 .bss           0x20003012       0x4a _build/ble_dis.o
 .bss           0x2000305c       0x18 _build/softdevice_handler.o
 .bss           0x20003074       0x35 _build/ble_conn_params.o
 *fill*         0x200030a9        0x3 
 .bss           0x200030ac       0x29 _build/app_timer.o
 *fill*         0x200030d5        0x3 
 .bss           0x200030d8       0xf8 _build/pstorage.o
 .bss           0x200031d0      0x120 _build/device_manager_peripheral.o
 .bss           0x200032f0        0xa _build/app_gpiote.o
 *fill*         0x200032fa        0x2 
 .bss           0x200032fc        0xe _build/app_scheduler.o
 *fill*         0x2000330a        0x2 
 .bss.__malloc_sbrk_start
                0x2000330c        0x4 /home/luis/Desktop/SETEC/gcc-arm-none-eabi-4_9-2015q3/bin/../lib/gcc/arm-none-eabi/4.9.3/../../../../arm-none-eabi/lib/armv6-m/libc_nano.a(lib_a-nano-mallocr.o)
                0x2000330c                __malloc_sbrk_start
 .bss.__malloc_free_list
                0x20003310        0x4 /home/luis/Desktop/SETEC/gcc-arm-none-eabi-4_9-2015q3/bin/../lib/gcc/arm-none-eabi/4.9.3/../../../../arm-none-eabi/lib/armv6-m/libc_nano.a(lib_a-nano-mallocr.o)
                0x20003310                __malloc_free_list
 .bss.heap_end.4079
                0x20003314        0x4 /home/luis/Desktop/SETEC/gcc-arm-none-eabi-4_9-2015q3/bin/../lib/gcc/arm-none-eabi/4.9.3/../../../../arm-none-eabi/lib/armv6-m/libnosys.a(sbrk.o)
 *(COMMON)
 COMMON         0x20003318      0x234 _build/utils.o
                0x20003318                twi_busy
                0x2000331c                sd_card
 *fill*         0x2000354c        0x4 
 COMMON         0x20003550      0x1cc _build/main.o
                0x20003550                m_gauge_timer_id
                0x20003558                m_humsolo
                0x20003578                m_gpiote_user_ch
                0x20003579                _i2c_address
                0x2000357c                m_watchdog_timer_id
                0x20003580                m_app_handle
                0x20003588                m_rain
                0x200035a8                m_sd2app
                0x200035c8                m_pr
                0x200035e8                high_voltage_on
                0x200035f0                m_hum
                0x20003610                low_battery
                0x20003614                m_rtc_timer_id
                0x20003618                m_amb
                0x200036d0                m_temp
                0x200036f0                _error
                0x200036f8                m_uv
                0x20003718                m_base_timer_id
 COMMON         0x2000371c       0x3c _build/bme280.o
                0x2000371c                bme280
 COMMON         0x20003758        0x1 _build/mpu9x50.o
                0x20003758                device_address
 *fill*         0x20003759        0x3 
 COMMON         0x2000375c        0x4 /home/luis/Desktop/SETEC/gcc-arm-none-eabi-4_9-2015q3/bin/../lib/gcc/arm-none-eabi/4.9.3/../../../../arm-none-eabi/lib/armv6-m/libc_nano.a(lib_a-reent.o)
                0x2000375c                errno
                0x20003760                . = ALIGN (0x4)
                0x20003760                __bss_end__ = .

.heap           0x20003760        0x0
                0x20003760                __end__ = .
                0x20003760                end = __end__
 *(.heap*)
 .heap          0x20003760        0x0 _build/gcc_startup_nrf51.o
                0x20003760                __HeapLimit = .

.stack_dummy    0x20003760      0x800
 *(.stack*)
 .stack         0x20003760      0x800 _build/gcc_startup_nrf51.o
                0x20004000                __StackTop = (ORIGIN (RAM) + 0x2000)
                0x20003800                __StackLimit = (__StackTop - SIZEOF (.stack_dummy))
                0x20004000                PROVIDE (__stack, __StackTop)
                0x00000001                ASSERT ((__StackLimit >= __HeapLimit), region RAM overflowed with stack)
OUTPUT(_build/setec_s110_xxaa.out elf32-littlearm)

.ARM.attributes
                0x00000000       0x28
 .ARM.attributes
                0x00000000       0x1e /home/luis/Desktop/SETEC/gcc-arm-none-eabi-4_9-2015q3/bin/../lib/gcc/arm-none-eabi/4.9.3/armv6-m/crti.o
 .ARM.attributes
                0x0000001e       0x1b /home/luis/Desktop/SETEC/gcc-arm-none-eabi-4_9-2015q3/bin/../lib/gcc/arm-none-eabi/4.9.3/../../../../arm-none-eabi/lib/armv6-m/crt0.o
 .ARM.attributes
                0x00000039       0x31 _build/utils.o
 .ARM.attributes
                0x0000006a       0x31 _build/ble_ambient.o
 .ARM.attributes
                0x0000009b       0x31 _build/main.o
 .ARM.attributes
                0x000000cc       0x31 _build/init.o
 .ARM.attributes
                0x000000fd       0x31 _build/nosso.o
 .ARM.attributes
                0x0000012e       0x31 _build/humsolo.o
 .ARM.attributes
                0x0000015f       0x31 _build/pr.o
 .ARM.attributes
                0x00000190       0x31 _build/uv.o
 .ARM.attributes
                0x000001c1       0x31 _build/rain.o
 .ARM.attributes
                0x000001f2       0x31 _build/temp.o
 .ARM.attributes
                0x00000223       0x31 _build/sd2app.o
 .ARM.attributes
                0x00000254       0x31 _build/hum.o
 .ARM.attributes
                0x00000285       0x31 _build/SparkFunMS1.o
 .ARM.attributes
                0x000002b6       0x31 _build/sd_card.o
 .ARM.attributes
                0x000002e7       0x31 _build/nrf_pwm.o
 .ARM.attributes
                0x00000318       0x31 _build/fhp_gpio.o
 .ARM.attributes
                0x00000349       0x31 _build/spi_fhp_master.o
 .ARM.attributes
                0x0000037a       0x31 _build/bme280.o
 .ARM.attributes
                0x000003ab       0x31 _build/max1161x.o
 .ARM.attributes
                0x000003dc       0x31 _build/SEGGER_RTT.o
 .ARM.attributes
                0x0000040d       0x31 _build/max17048.o
 .ARM.attributes
                0x0000043e       0x31 _build/mpu9x50.o
 .ARM.attributes
                0x0000046f       0x31 _build/pca9538.o
 .ARM.attributes
                0x000004a0       0x31 _build/ff.o
 .ARM.attributes
                0x000004d1       0x31 _build/diskio.o
 .ARM.attributes
                0x00000502       0x31 _build/battery.o
 .ARM.attributes
                0x00000533       0x31 _build/twi_hw_master.o
 .ARM.attributes
                0x00000564       0x31 _build/ble_dis.o
 .ARM.attributes
                0x00000595       0x31 _build/ble_srv_common.o
 .ARM.attributes
                0x000005c6       0x31 _build/softdevice_handler.o
 .ARM.attributes
                0x000005f7       0x31 _build/ble_advdata.o
 .ARM.attributes
                0x00000628       0x31 _build/ble_conn_params.o
 .ARM.attributes
                0x00000659       0x31 _build/app_timer.o
 .ARM.attributes
                0x0000068a       0x31 _build/pstorage.o
 .ARM.attributes
                0x000006bb       0x31 _build/device_manager_peripheral.o
 .ARM.attributes
                0x000006ec       0x31 _build/app_gpiote.o
 .ARM.attributes
                0x0000071d       0x31 _build/nrf_delay.o
 .ARM.attributes
                0x0000074e       0x31 _build/app_scheduler.o
 .ARM.attributes
                0x0000077f       0x31 _build/system_nrf51.o
 .ARM.attributes
                0x000007b0       0x1b _build/gcc_startup_nrf51.o
 .ARM.attributes
                0x000007cb       0x1e /home/luis/Desktop/SETEC/gcc-arm-none-eabi-4_9-2015q3/bin/../lib/gcc/arm-none-eabi/4.9.3/armv6-m/libgcc.a(_thumb1_case_uqi.o)
 .ARM.attributes
                0x000007e9       0x1e /home/luis/Desktop/SETEC/gcc-arm-none-eabi-4_9-2015q3/bin/../lib/gcc/arm-none-eabi/4.9.3/armv6-m/libgcc.a(_udivsi3.o)
 .ARM.attributes
                0x00000807       0x1e /home/luis/Desktop/SETEC/gcc-arm-none-eabi-4_9-2015q3/bin/../lib/gcc/arm-none-eabi/4.9.3/armv6-m/libgcc.a(_divsi3.o)
 .ARM.attributes
                0x00000825       0x1e /home/luis/Desktop/SETEC/gcc-arm-none-eabi-4_9-2015q3/bin/../lib/gcc/arm-none-eabi/4.9.3/armv6-m/libgcc.a(_dvmd_tls.o)
 .ARM.attributes
                0x00000843       0x1e /home/luis/Desktop/SETEC/gcc-arm-none-eabi-4_9-2015q3/bin/../lib/gcc/arm-none-eabi/4.9.3/armv6-m/libgcc.a(_aeabi_uldivmod.o)
 .ARM.attributes
                0x00000861       0x2c /home/luis/Desktop/SETEC/gcc-arm-none-eabi-4_9-2015q3/bin/../lib/gcc/arm-none-eabi/4.9.3/armv6-m/libgcc.a(bpabi.o)
 .ARM.attributes
                0x0000088d       0x1e /home/luis/Desktop/SETEC/gcc-arm-none-eabi-4_9-2015q3/bin/../lib/gcc/arm-none-eabi/4.9.3/armv6-m/libgcc.a(_clzsi2.o)
 .ARM.attributes
                0x000008ab       0x2c /home/luis/Desktop/SETEC/gcc-arm-none-eabi-4_9-2015q3/bin/../lib/gcc/arm-none-eabi/4.9.3/armv6-m/libgcc.a(_muldi3.o)
 .ARM.attributes
                0x000008d7       0x2c /home/luis/Desktop/SETEC/gcc-arm-none-eabi-4_9-2015q3/bin/../lib/gcc/arm-none-eabi/4.9.3/armv6-m/libgcc.a(_divdi3.o)
 .ARM.attributes
                0x00000903       0x2c /home/luis/Desktop/SETEC/gcc-arm-none-eabi-4_9-2015q3/bin/../lib/gcc/arm-none-eabi/4.9.3/armv6-m/libgcc.a(_udivdi3.o)
 .ARM.attributes
                0x0000092f       0x1e /home/luis/Desktop/SETEC/gcc-arm-none-eabi-4_9-2015q3/bin/../lib/gcc/arm-none-eabi/4.9.3/armv6-m/libgcc.a(_clzdi2.o)
 .ARM.attributes
                0x0000094d       0x2c /home/luis/Desktop/SETEC/gcc-arm-none-eabi-4_9-2015q3/bin/../lib/gcc/arm-none-eabi/4.9.3/../../../../arm-none-eabi/lib/armv6-m/libc_nano.a(lib_a-exit.o)
 .ARM.attributes
                0x00000979       0x2c /home/luis/Desktop/SETEC/gcc-arm-none-eabi-4_9-2015q3/bin/../lib/gcc/arm-none-eabi/4.9.3/../../../../arm-none-eabi/lib/armv6-m/libc_nano.a(lib_a-impure.o)
 .ARM.attributes
                0x000009a5       0x2c /home/luis/Desktop/SETEC/gcc-arm-none-eabi-4_9-2015q3/bin/../lib/gcc/arm-none-eabi/4.9.3/../../../../arm-none-eabi/lib/armv6-m/libc_nano.a(lib_a-init.o)
 .ARM.attributes
                0x000009d1       0x2c /home/luis/Desktop/SETEC/gcc-arm-none-eabi-4_9-2015q3/bin/../lib/gcc/arm-none-eabi/4.9.3/../../../../arm-none-eabi/lib/armv6-m/libc_nano.a(lib_a-memcmp.o)
 .ARM.attributes
                0x000009fd       0x2c /home/luis/Desktop/SETEC/gcc-arm-none-eabi-4_9-2015q3/bin/../lib/gcc/arm-none-eabi/4.9.3/../../../../arm-none-eabi/lib/armv6-m/libc_nano.a(lib_a-memcpy.o)
 .ARM.attributes
                0x00000a29       0x2c /home/luis/Desktop/SETEC/gcc-arm-none-eabi-4_9-2015q3/bin/../lib/gcc/arm-none-eabi/4.9.3/../../../../arm-none-eabi/lib/armv6-m/libc_nano.a(lib_a-memset.o)
 .ARM.attributes
                0x00000a55       0x2c /home/luis/Desktop/SETEC/gcc-arm-none-eabi-4_9-2015q3/bin/../lib/gcc/arm-none-eabi/4.9.3/../../../../arm-none-eabi/lib/armv6-m/libc_nano.a(lib_a-nano-freer.o)
 .ARM.attributes
                0x00000a81       0x2c /home/luis/Desktop/SETEC/gcc-arm-none-eabi-4_9-2015q3/bin/../lib/gcc/arm-none-eabi/4.9.3/../../../../arm-none-eabi/lib/armv6-m/libc_nano.a(lib_a-nano-mallocr.o)
 .ARM.attributes
                0x00000aad       0x2c /home/luis/Desktop/SETEC/gcc-arm-none-eabi-4_9-2015q3/bin/../lib/gcc/arm-none-eabi/4.9.3/../../../../arm-none-eabi/lib/armv6-m/libc_nano.a(lib_a-printf.o)
 .ARM.attributes
                0x00000ad9       0x2c /home/luis/Desktop/SETEC/gcc-arm-none-eabi-4_9-2015q3/bin/../lib/gcc/arm-none-eabi/4.9.3/../../../../arm-none-eabi/lib/armv6-m/libc_nano.a(lib_a-sbrkr.o)
 .ARM.attributes
                0x00000b05       0x2c /home/luis/Desktop/SETEC/gcc-arm-none-eabi-4_9-2015q3/bin/../lib/gcc/arm-none-eabi/4.9.3/../../../../arm-none-eabi/lib/armv6-m/libc_nano.a(lib_a-sprintf.o)
 .ARM.attributes
                0x00000b31       0x1c /home/luis/Desktop/SETEC/gcc-arm-none-eabi-4_9-2015q3/bin/../lib/gcc/arm-none-eabi/4.9.3/../../../../arm-none-eabi/lib/armv6-m/libc_nano.a(lib_a-strcmp.o)
 .ARM.attributes
                0x00000b4d       0x2c /home/luis/Desktop/SETEC/gcc-arm-none-eabi-4_9-2015q3/bin/../lib/gcc/arm-none-eabi/4.9.3/../../../../arm-none-eabi/lib/armv6-m/libc_nano.a(lib_a-strcpy.o)
 .ARM.attributes
                0x00000b79       0x2c /home/luis/Desktop/SETEC/gcc-arm-none-eabi-4_9-2015q3/bin/../lib/gcc/arm-none-eabi/4.9.3/../../../../arm-none-eabi/lib/armv6-m/libc_nano.a(lib_a-strlen.o)
 .ARM.attributes
                0x00000ba5       0x2c /home/luis/Desktop/SETEC/gcc-arm-none-eabi-4_9-2015q3/bin/../lib/gcc/arm-none-eabi/4.9.3/../../../../arm-none-eabi/lib/armv6-m/libc_nano.a(lib_a-findfp.o)
 .ARM.attributes
                0x00000bd1       0x2c /home/luis/Desktop/SETEC/gcc-arm-none-eabi-4_9-2015q3/bin/../lib/gcc/arm-none-eabi/4.9.3/../../../../arm-none-eabi/lib/armv6-m/libc_nano.a(lib_a-fwalk.o)
 .ARM.attributes
                0x00000bfd       0x2c /home/luis/Desktop/SETEC/gcc-arm-none-eabi-4_9-2015q3/bin/../lib/gcc/arm-none-eabi/4.9.3/../../../../arm-none-eabi/lib/armv6-m/libc_nano.a(lib_a-nano-svfprintf.o)
 .ARM.attributes
                0x00000c29       0x2c /home/luis/Desktop/SETEC/gcc-arm-none-eabi-4_9-2015q3/bin/../lib/gcc/arm-none-eabi/4.9.3/../../../../arm-none-eabi/lib/armv6-m/libc_nano.a(lib_a-nano-vfprintf.o)
 .ARM.attributes
                0x00000c55       0x2c /home/luis/Desktop/SETEC/gcc-arm-none-eabi-4_9-2015q3/bin/../lib/gcc/arm-none-eabi/4.9.3/../../../../arm-none-eabi/lib/armv6-m/libc_nano.a(lib_a-nano-vfprintf_i.o)
 .ARM.attributes
                0x00000c81       0x2c /home/luis/Desktop/SETEC/gcc-arm-none-eabi-4_9-2015q3/bin/../lib/gcc/arm-none-eabi/4.9.3/../../../../arm-none-eabi/lib/armv6-m/libc_nano.a(lib_a-reent.o)
 .ARM.attributes
                0x00000cad       0x2c /home/luis/Desktop/SETEC/gcc-arm-none-eabi-4_9-2015q3/bin/../lib/gcc/arm-none-eabi/4.9.3/../../../../arm-none-eabi/lib/armv6-m/libc_nano.a(lib_a-stdio.o)
 .ARM.attributes
                0x00000cd9       0x2c /home/luis/Desktop/SETEC/gcc-arm-none-eabi-4_9-2015q3/bin/../lib/gcc/arm-none-eabi/4.9.3/../../../../arm-none-eabi/lib/armv6-m/libc_nano.a(lib_a-wbuf.o)
 .ARM.attributes
                0x00000d05       0x2c /home/luis/Desktop/SETEC/gcc-arm-none-eabi-4_9-2015q3/bin/../lib/gcc/arm-none-eabi/4.9.3/../../../../arm-none-eabi/lib/armv6-m/libc_nano.a(lib_a-writer.o)
 .ARM.attributes
                0x00000d31       0x2c /home/luis/Desktop/SETEC/gcc-arm-none-eabi-4_9-2015q3/bin/../lib/gcc/arm-none-eabi/4.9.3/../../../../arm-none-eabi/lib/armv6-m/libc_nano.a(lib_a-wsetup.o)
 .ARM.attributes
                0x00000d5d       0x2c /home/luis/Desktop/SETEC/gcc-arm-none-eabi-4_9-2015q3/bin/../lib/gcc/arm-none-eabi/4.9.3/../../../../arm-none-eabi/lib/armv6-m/libc_nano.a(lib_a-closer.o)
 .ARM.attributes
                0x00000d89       0x2c /home/luis/Desktop/SETEC/gcc-arm-none-eabi-4_9-2015q3/bin/../lib/gcc/arm-none-eabi/4.9.3/../../../../arm-none-eabi/lib/armv6-m/libc_nano.a(lib_a-fflush.o)
 .ARM.attributes
                0x00000db5       0x2c /home/luis/Desktop/SETEC/gcc-arm-none-eabi-4_9-2015q3/bin/../lib/gcc/arm-none-eabi/4.9.3/../../../../arm-none-eabi/lib/armv6-m/libc_nano.a(lib_a-lseekr.o)
 .ARM.attributes
                0x00000de1       0x2c /home/luis/Desktop/SETEC/gcc-arm-none-eabi-4_9-2015q3/bin/../lib/gcc/arm-none-eabi/4.9.3/../../../../arm-none-eabi/lib/armv6-m/libc_nano.a(lib_a-makebuf.o)
 .ARM.attributes
                0x00000e0d       0x2c /home/luis/Desktop/SETEC/gcc-arm-none-eabi-4_9-2015q3/bin/../lib/gcc/arm-none-eabi/4.9.3/../../../../arm-none-eabi/lib/armv6-m/libc_nano.a(lib_a-memchr.o)
 .ARM.attributes
                0x00000e39       0x2c /home/luis/Desktop/SETEC/gcc-arm-none-eabi-4_9-2015q3/bin/../lib/gcc/arm-none-eabi/4.9.3/../../../../arm-none-eabi/lib/armv6-m/libc_nano.a(lib_a-memmove.o)
 .ARM.attributes
                0x00000e65       0x2c /home/luis/Desktop/SETEC/gcc-arm-none-eabi-4_9-2015q3/bin/../lib/gcc/arm-none-eabi/4.9.3/../../../../arm-none-eabi/lib/armv6-m/libc_nano.a(lib_a-nano-reallocr.o)
 .ARM.attributes
                0x00000e91       0x2c /home/luis/Desktop/SETEC/gcc-arm-none-eabi-4_9-2015q3/bin/../lib/gcc/arm-none-eabi/4.9.3/../../../../arm-none-eabi/lib/armv6-m/libc_nano.a(lib_a-readr.o)
 .ARM.attributes
                0x00000ebd       0x2c /home/luis/Desktop/SETEC/gcc-arm-none-eabi-4_9-2015q3/bin/../lib/gcc/arm-none-eabi/4.9.3/../../../../arm-none-eabi/lib/armv6-m/libc_nano.a(lib_a-fstatr.o)
 .ARM.attributes
                0x00000ee9       0x2c /home/luis/Desktop/SETEC/gcc-arm-none-eabi-4_9-2015q3/bin/../lib/gcc/arm-none-eabi/4.9.3/../../../../arm-none-eabi/lib/armv6-m/libc_nano.a(lib_a-isattyr.o)
 .ARM.attributes
                0x00000f15       0x2c /home/luis/Desktop/SETEC/gcc-arm-none-eabi-4_9-2015q3/bin/../lib/gcc/arm-none-eabi/4.9.3/../../../../arm-none-eabi/lib/armv6-m/libc_nano.a(lib_a-nano-msizer.o)
 .ARM.attributes
                0x00000f41       0x1e /home/luis/Desktop/SETEC/gcc-arm-none-eabi-4_9-2015q3/bin/../lib/gcc/arm-none-eabi/4.9.3/armv6-m/crtn.o
 .ARM.attributes
                0x00000f5f       0x2c /home/luis/Desktop/SETEC/gcc-arm-none-eabi-4_9-2015q3/bin/../lib/gcc/arm-none-eabi/4.9.3/../../../../arm-none-eabi/lib/armv6-m/libnosys.a(close.o)
 .ARM.attributes
                0x00000f8b       0x2c /home/luis/Desktop/SETEC/gcc-arm-none-eabi-4_9-2015q3/bin/../lib/gcc/arm-none-eabi/4.9.3/../../../../arm-none-eabi/lib/armv6-m/libnosys.a(fstat.o)
 .ARM.attributes
                0x00000fb7       0x2c /home/luis/Desktop/SETEC/gcc-arm-none-eabi-4_9-2015q3/bin/../lib/gcc/arm-none-eabi/4.9.3/../../../../arm-none-eabi/lib/armv6-m/libnosys.a(isatty.o)
 .ARM.attributes
                0x00000fe3       0x2c /home/luis/Desktop/SETEC/gcc-arm-none-eabi-4_9-2015q3/bin/../lib/gcc/arm-none-eabi/4.9.3/../../../../arm-none-eabi/lib/armv6-m/libnosys.a(lseek.o)
 .ARM.attributes
                0x0000100f       0x2c /home/luis/Desktop/SETEC/gcc-arm-none-eabi-4_9-2015q3/bin/../lib/gcc/arm-none-eabi/4.9.3/../../../../arm-none-eabi/lib/armv6-m/libnosys.a(read.o)
 .ARM.attributes
                0x0000103b       0x2c /home/luis/Desktop/SETEC/gcc-arm-none-eabi-4_9-2015q3/bin/../lib/gcc/arm-none-eabi/4.9.3/../../../../arm-none-eabi/lib/armv6-m/libnosys.a(sbrk.o)
 .ARM.attributes
                0x00001067       0x2c /home/luis/Desktop/SETEC/gcc-arm-none-eabi-4_9-2015q3/bin/../lib/gcc/arm-none-eabi/4.9.3/../../../../arm-none-eabi/lib/armv6-m/libnosys.a(write.o)
 .ARM.attributes
                0x00001093       0x2c /home/luis/Desktop/SETEC/gcc-arm-none-eabi-4_9-2015q3/bin/../lib/gcc/arm-none-eabi/4.9.3/../../../../arm-none-eabi/lib/armv6-m/libnosys.a(_exit.o)

.comment        0x00000000       0x70
 .comment       0x00000000       0x70 _build/utils.o
                                 0x71 (size before relaxing)
 .comment       0x00000000       0x71 _build/ble_ambient.o
 .comment       0x00000000       0x71 _build/main.o
 .comment       0x00000000       0x71 _build/init.o
 .comment       0x00000000       0x71 _build/nosso.o
 .comment       0x00000000       0x71 _build/humsolo.o
 .comment       0x00000000       0x71 _build/pr.o
 .comment       0x00000000       0x71 _build/uv.o
 .comment       0x00000000       0x71 _build/rain.o
 .comment       0x00000000       0x71 _build/temp.o
 .comment       0x00000000       0x71 _build/sd2app.o
 .comment       0x00000000       0x71 _build/hum.o
 .comment       0x00000000       0x71 _build/SparkFunMS1.o
 .comment       0x00000000       0x71 _build/sd_card.o
 .comment       0x00000000       0x71 _build/nrf_pwm.o
 .comment       0x00000000       0x71 _build/fhp_gpio.o
 .comment       0x00000000       0x71 _build/spi_fhp_master.o
 .comment       0x00000000       0x71 _build/bme280.o
 .comment       0x00000000       0x71 _build/max1161x.o
 .comment       0x00000000       0x71 _build/SEGGER_RTT.o
 .comment       0x00000000       0x71 _build/max17048.o
 .comment       0x00000000       0x71 _build/mpu9x50.o
 .comment       0x00000000       0x71 _build/pca9538.o
 .comment       0x00000000       0x71 _build/ff.o
 .comment       0x00000000       0x71 _build/diskio.o
 .comment       0x00000000       0x71 _build/battery.o
 .comment       0x00000000       0x71 _build/twi_hw_master.o
 .comment       0x00000000       0x71 _build/ble_dis.o
 .comment       0x00000000       0x71 _build/ble_srv_common.o
 .comment       0x00000000       0x71 _build/softdevice_handler.o
 .comment       0x00000000       0x71 _build/ble_advdata.o
 .comment       0x00000000       0x71 _build/ble_conn_params.o
 .comment       0x00000000       0x71 _build/app_timer.o
 .comment       0x00000000       0x71 _build/pstorage.o
 .comment       0x00000000       0x71 _build/device_manager_peripheral.o
 .comment       0x00000000       0x71 _build/app_gpiote.o
 .comment       0x00000000       0x71 _build/nrf_delay.o
 .comment       0x00000000       0x71 _build/app_scheduler.o
 .comment       0x00000000       0x71 _build/system_nrf51.o

.debug_frame    0x00000000      0xae8
 .debug_frame   0x00000000       0x20 /home/luis/Desktop/SETEC/gcc-arm-none-eabi-4_9-2015q3/bin/../lib/gcc/arm-none-eabi/4.9.3/armv6-m/libgcc.a(_udivsi3.o)
 .debug_frame   0x00000020       0x20 /home/luis/Desktop/SETEC/gcc-arm-none-eabi-4_9-2015q3/bin/../lib/gcc/arm-none-eabi/4.9.3/armv6-m/libgcc.a(_divsi3.o)
 .debug_frame   0x00000040       0x50 /home/luis/Desktop/SETEC/gcc-arm-none-eabi-4_9-2015q3/bin/../lib/gcc/arm-none-eabi/4.9.3/armv6-m/libgcc.a(bpabi.o)
 .debug_frame   0x00000090       0x34 /home/luis/Desktop/SETEC/gcc-arm-none-eabi-4_9-2015q3/bin/../lib/gcc/arm-none-eabi/4.9.3/armv6-m/libgcc.a(_muldi3.o)
 .debug_frame   0x000000c4       0x3c /home/luis/Desktop/SETEC/gcc-arm-none-eabi-4_9-2015q3/bin/../lib/gcc/arm-none-eabi/4.9.3/armv6-m/libgcc.a(_divdi3.o)
 .debug_frame   0x00000100       0x3c /home/luis/Desktop/SETEC/gcc-arm-none-eabi-4_9-2015q3/bin/../lib/gcc/arm-none-eabi/4.9.3/armv6-m/libgcc.a(_udivdi3.o)
 .debug_frame   0x0000013c       0x28 /home/luis/Desktop/SETEC/gcc-arm-none-eabi-4_9-2015q3/bin/../lib/gcc/arm-none-eabi/4.9.3/../../../../arm-none-eabi/lib/armv6-m/libc_nano.a(lib_a-exit.o)
 .debug_frame   0x00000164       0x2c /home/luis/Desktop/SETEC/gcc-arm-none-eabi-4_9-2015q3/bin/../lib/gcc/arm-none-eabi/4.9.3/../../../../arm-none-eabi/lib/armv6-m/libc_nano.a(lib_a-init.o)
 .debug_frame   0x00000190       0x2c /home/luis/Desktop/SETEC/gcc-arm-none-eabi-4_9-2015q3/bin/../lib/gcc/arm-none-eabi/4.9.3/../../../../arm-none-eabi/lib/armv6-m/libc_nano.a(lib_a-memcmp.o)
 .debug_frame   0x000001bc       0x28 /home/luis/Desktop/SETEC/gcc-arm-none-eabi-4_9-2015q3/bin/../lib/gcc/arm-none-eabi/4.9.3/../../../../arm-none-eabi/lib/armv6-m/libc_nano.a(lib_a-memcpy.o)
 .debug_frame   0x000001e4       0x20 /home/luis/Desktop/SETEC/gcc-arm-none-eabi-4_9-2015q3/bin/../lib/gcc/arm-none-eabi/4.9.3/../../../../arm-none-eabi/lib/armv6-m/libc_nano.a(lib_a-memset.o)
 .debug_frame   0x00000204       0x2c /home/luis/Desktop/SETEC/gcc-arm-none-eabi-4_9-2015q3/bin/../lib/gcc/arm-none-eabi/4.9.3/../../../../arm-none-eabi/lib/armv6-m/libc_nano.a(lib_a-nano-freer.o)
 .debug_frame   0x00000230       0x2c /home/luis/Desktop/SETEC/gcc-arm-none-eabi-4_9-2015q3/bin/../lib/gcc/arm-none-eabi/4.9.3/../../../../arm-none-eabi/lib/armv6-m/libc_nano.a(lib_a-nano-mallocr.o)
 .debug_frame   0x0000025c       0x50 /home/luis/Desktop/SETEC/gcc-arm-none-eabi-4_9-2015q3/bin/../lib/gcc/arm-none-eabi/4.9.3/../../../../arm-none-eabi/lib/armv6-m/libc_nano.a(lib_a-printf.o)
 .debug_frame   0x000002ac       0x2c /home/luis/Desktop/SETEC/gcc-arm-none-eabi-4_9-2015q3/bin/../lib/gcc/arm-none-eabi/4.9.3/../../../../arm-none-eabi/lib/armv6-m/libc_nano.a(lib_a-sbrkr.o)
 .debug_frame   0x000002d8       0x50 /home/luis/Desktop/SETEC/gcc-arm-none-eabi-4_9-2015q3/bin/../lib/gcc/arm-none-eabi/4.9.3/../../../../arm-none-eabi/lib/armv6-m/libc_nano.a(lib_a-sprintf.o)
 .debug_frame   0x00000328       0x20 /home/luis/Desktop/SETEC/gcc-arm-none-eabi-4_9-2015q3/bin/../lib/gcc/arm-none-eabi/4.9.3/../../../../arm-none-eabi/lib/armv6-m/libc_nano.a(lib_a-strcpy.o)
 .debug_frame   0x00000348       0x20 /home/luis/Desktop/SETEC/gcc-arm-none-eabi-4_9-2015q3/bin/../lib/gcc/arm-none-eabi/4.9.3/../../../../arm-none-eabi/lib/armv6-m/libc_nano.a(lib_a-strlen.o)
 .debug_frame   0x00000368      0x140 /home/luis/Desktop/SETEC/gcc-arm-none-eabi-4_9-2015q3/bin/../lib/gcc/arm-none-eabi/4.9.3/../../../../arm-none-eabi/lib/armv6-m/libc_nano.a(lib_a-findfp.o)
 .debug_frame   0x000004a8       0x58 /home/luis/Desktop/SETEC/gcc-arm-none-eabi-4_9-2015q3/bin/../lib/gcc/arm-none-eabi/4.9.3/../../../../arm-none-eabi/lib/armv6-m/libc_nano.a(lib_a-fwalk.o)
 .debug_frame   0x00000500       0x74 /home/luis/Desktop/SETEC/gcc-arm-none-eabi-4_9-2015q3/bin/../lib/gcc/arm-none-eabi/4.9.3/../../../../arm-none-eabi/lib/armv6-m/libc_nano.a(lib_a-nano-svfprintf.o)