Archive member included because of file (symbol)

/home/josepintor/Documentos/gcc-arm-none-eabi-4_9-2015q3/bin/../lib/gcc/arm-none-eabi/4.9.3/../../../../arm-none-eabi/lib/armv6-m/libm.a(lib_a-w_pow.o)
                              _build/SparkFunTSL2561.o (pow)
/home/josepintor/Documentos/gcc-arm-none-eabi-4_9-2015q3/bin/../lib/gcc/arm-none-eabi/4.9.3/../../../../arm-none-eabi/lib/armv6-m/libm.a(lib_a-e_pow.o)
                              /home/josepintor/Documentos/gcc-arm-none-eabi-4_9-2015q3/bin/../lib/gcc/arm-none-eabi/4.9.3/../../../../arm-none-eabi/lib/armv6-m/libm.a(lib_a-w_pow.o) (__ieee754_pow)
/home/josepintor/Documentos/gcc-arm-none-eabi-4_9-2015q3/bin/../lib/gcc/arm-none-eabi/4.9.3/../../../../arm-none-eabi/lib/armv6-m/libm.a(lib_a-e_sqrt.o)
                              /home/josepintor/Documentos/gcc-arm-none-eabi-4_9-2015q3/bin/../lib/gcc/arm-none-eabi/4.9.3/../../../../arm-none-eabi/lib/armv6-m/libm.a(lib_a-e_pow.o) (__ieee754_sqrt)
/home/josepintor/Documentos/gcc-arm-none-eabi-4_9-2015q3/bin/../lib/gcc/arm-none-eabi/4.9.3/../../../../arm-none-eabi/lib/armv6-m/libm.a(lib_a-s_fabs.o)
                              /home/josepintor/Documentos/gcc-arm-none-eabi-4_9-2015q3/bin/../lib/gcc/arm-none-eabi/4.9.3/../../../../arm-none-eabi/lib/armv6-m/libm.a(lib_a-e_pow.o) (fabs)
/home/josepintor/Documentos/gcc-arm-none-eabi-4_9-2015q3/bin/../lib/gcc/arm-none-eabi/4.9.3/../../../../arm-none-eabi/lib/armv6-m/libm.a(lib_a-s_finite.o)
                              /home/josepintor/Documentos/gcc-arm-none-eabi-4_9-2015q3/bin/../lib/gcc/arm-none-eabi/4.9.3/../../../../arm-none-eabi/lib/armv6-m/libm.a(lib_a-w_pow.o) (finite)
/home/josepintor/Documentos/gcc-arm-none-eabi-4_9-2015q3/bin/../lib/gcc/arm-none-eabi/4.9.3/../../../../arm-none-eabi/lib/armv6-m/libm.a(lib_a-s_fpclassify.o)
                              /home/josepintor/Documentos/gcc-arm-none-eabi-4_9-2015q3/bin/../lib/gcc/arm-none-eabi/4.9.3/../../../../arm-none-eabi/lib/armv6-m/libm.a(lib_a-w_pow.o) (__fpclassifyd)
/home/josepintor/Documentos/gcc-arm-none-eabi-4_9-2015q3/bin/../lib/gcc/arm-none-eabi/4.9.3/../../../../arm-none-eabi/lib/armv6-m/libm.a(lib_a-s_lib_ver.o)
                              /home/josepintor/Documentos/gcc-arm-none-eabi-4_9-2015q3/bin/../lib/gcc/arm-none-eabi/4.9.3/../../../../arm-none-eabi/lib/armv6-m/libm.a(lib_a-w_pow.o) (__fdlib_version)
/home/josepintor/Documentos/gcc-arm-none-eabi-4_9-2015q3/bin/../lib/gcc/arm-none-eabi/4.9.3/../../../../arm-none-eabi/lib/armv6-m/libm.a(lib_a-s_matherr.o)
                              /home/josepintor/Documentos/gcc-arm-none-eabi-4_9-2015q3/bin/../lib/gcc/arm-none-eabi/4.9.3/../../../../arm-none-eabi/lib/armv6-m/libm.a(lib_a-w_pow.o) (matherr)
/home/josepintor/Documentos/gcc-arm-none-eabi-4_9-2015q3/bin/../lib/gcc/arm-none-eabi/4.9.3/../../../../arm-none-eabi/lib/armv6-m/libm.a(lib_a-s_nan.o)
                              /home/josepintor/Documentos/gcc-arm-none-eabi-4_9-2015q3/bin/../lib/gcc/arm-none-eabi/4.9.3/../../../../arm-none-eabi/lib/armv6-m/libm.a(lib_a-e_pow.o) (nan)
/home/josepintor/Documentos/gcc-arm-none-eabi-4_9-2015q3/bin/../lib/gcc/arm-none-eabi/4.9.3/../../../../arm-none-eabi/lib/armv6-m/libm.a(lib_a-s_rint.o)
                              /home/josepintor/Documentos/gcc-arm-none-eabi-4_9-2015q3/bin/../lib/gcc/arm-none-eabi/4.9.3/../../../../arm-none-eabi/lib/armv6-m/libm.a(lib_a-w_pow.o) (rint)
/home/josepintor/Documentos/gcc-arm-none-eabi-4_9-2015q3/bin/../lib/gcc/arm-none-eabi/4.9.3/../../../../arm-none-eabi/lib/armv6-m/libm.a(lib_a-s_scalbn.o)
                              /home/josepintor/Documentos/gcc-arm-none-eabi-4_9-2015q3/bin/../lib/gcc/arm-none-eabi/4.9.3/../../../../arm-none-eabi/lib/armv6-m/libm.a(lib_a-e_pow.o) (scalbn)
/home/josepintor/Documentos/gcc-arm-none-eabi-4_9-2015q3/bin/../lib/gcc/arm-none-eabi/4.9.3/../../../../arm-none-eabi/lib/armv6-m/libm.a(lib_a-s_copysign.o)
                              /home/josepintor/Documentos/gcc-arm-none-eabi-4_9-2015q3/bin/../lib/gcc/arm-none-eabi/4.9.3/../../../../arm-none-eabi/lib/armv6-m/libm.a(lib_a-s_scalbn.o) (copysign)
/home/josepintor/Documentos/gcc-arm-none-eabi-4_9-2015q3/bin/../lib/gcc/arm-none-eabi/4.9.3/armv6-m/libgcc.a(_thumb1_case_uqi.o)
                              _build/ble_ambient.o (__gnu_thumb1_case_uqi)
/home/josepintor/Documentos/gcc-arm-none-eabi-4_9-2015q3/bin/../lib/gcc/arm-none-eabi/4.9.3/armv6-m/libgcc.a(_udivsi3.o)
                              _build/SparkFunTSL2561.o (__aeabi_uidiv)
/home/josepintor/Documentos/gcc-arm-none-eabi-4_9-2015q3/bin/../lib/gcc/arm-none-eabi/4.9.3/armv6-m/libgcc.a(_divsi3.o)
                              _build/utils.o (__aeabi_idiv)
/home/josepintor/Documentos/gcc-arm-none-eabi-4_9-2015q3/bin/../lib/gcc/arm-none-eabi/4.9.3/armv6-m/libgcc.a(_dvmd_tls.o)
                              /home/josepintor/Documentos/gcc-arm-none-eabi-4_9-2015q3/bin/../lib/gcc/arm-none-eabi/4.9.3/armv6-m/libgcc.a(_udivsi3.o) (__aeabi_idiv0)
[...]
Memory Configuration

Name             Origin             Length             Attributes
FLASH            0x00016000         0x0002a000         xr
RAM              0x20002000         0x00002000         xrw
*default*        0x00000000         0xffffffff

Linker script and memory map

LOAD /home/josepintor/Documentos/gcc-arm-none-eabi-4_9-2015q3/bin/../lib/gcc/arm-none-eabi/4.9.3/armv6-m/crti.o
LOAD /home/josepintor/Documentos/gcc-arm-none-eabi-4_9-2015q3/bin/../lib/gcc/arm-none-eabi/4.9.3/armv6-m/crtbegin.o
LOAD /home/josepintor/Documentos/gcc-arm-none-eabi-4_9-2015q3/bin/../lib/gcc/arm-none-eabi/4.9.3/../../../../arm-none-eabi/lib/armv6-m/crt0.o
LOAD _build/init.o
LOAD _build/utils.o
LOAD _build/nosso.o
LOAD _build/ble_ambient.o
LOAD _build/main.o
LOAD _build/sd_card.o
LOAD _build/SparkFunTSL2561.o
LOAD _build/SparkFunMS1.o
LOAD _build/temp.o
LOAD _build/install.o
LOAD _build/lum.o
LOAD _build/sd2app.o
LOAD _build/pr.o
LOAD _build/alert.o
LOAD _build/hum.o
LOAD _build/humsolo.o
LOAD _build/battery.o
LOAD _build/max1161x.o
LOAD _build/mpu9x50.o
LOAD _build/max17048.o
LOAD _build/pca9538.o
LOAD _build/fhp_gpio.o
LOAD _build/nrf_pwm.o
LOAD _build/bme280.o
LOAD _build/SEGGER_RTT.o
LOAD _build/ff.o
LOAD _build/diskio.o
LOAD _build/spi_fhp_master.o
LOAD _build/twi_hw_master.o
LOAD _build/ble_dis.o
LOAD _build/ble_srv_common.o
LOAD _build/softdevice_handler.o
LOAD _build/ble_advdata.o
LOAD _build/ble_conn_params.o
LOAD _build/app_timer.o
LOAD _build/pstorage.o
LOAD _build/device_manager_peripheral.o
LOAD _build/app_gpiote.o
LOAD _build/nrf_delay.o
LOAD _build/app_scheduler.o
LOAD _build/system_nrf51.o
LOAD _build/gcc_startup_nrf51.o
LOAD /home/josepintor/Documentos/gcc-arm-none-eabi-4_9-2015q3/bin/../lib/gcc/arm-none-eabi/4.9.3/../../../../arm-none-eabi/lib/armv6-m/libm.a
START GROUP
LOAD /home/josepintor/Documentos/gcc-arm-none-eabi-4_9-2015q3/bin/../lib/gcc/arm-none-eabi/4.9.3/armv6-m/libgcc.a
LOAD /home/josepintor/Documentos/gcc-arm-none-eabi-4_9-2015q3/bin/../lib/gcc/arm-none-eabi/4.9.3/../../../../arm-none-eabi/lib/armv6-m/libc_nano.a
END GROUP
START GROUP
LOAD /home/josepintor/Documentos/gcc-arm-none-eabi-4_9-2015q3/bin/../lib/gcc/arm-none-eabi/4.9.3/armv6-m/libgcc.a
LOAD /home/josepintor/Documentos/gcc-arm-none-eabi-4_9-2015q3/bin/../lib/gcc/arm-none-eabi/4.9.3/../../../../arm-none-eabi/lib/armv6-m/libc_nano.a
END GROUP
LOAD /home/josepintor/Documentos/gcc-arm-none-eabi-4_9-2015q3/bin/../lib/gcc/arm-none-eabi/4.9.3/armv6-m/crtend.o
LOAD /home/josepintor/Documentos/gcc-arm-none-eabi-4_9-2015q3/bin/../lib/gcc/arm-none-eabi/4.9.3/armv6-m/crtn.o
START GROUP
LOAD /home/josepintor/Documentos/gcc-arm-none-eabi-4_9-2015q3/bin/../lib/gcc/arm-none-eabi/4.9.3/armv6-m/libgcc.a
LOAD /home/josepintor/Documentos/gcc-arm-none-eabi-4_9-2015q3/bin/../lib/gcc/arm-none-eabi/4.9.3/../../../../arm-none-eabi/lib/armv6-m/libc.a
LOAD /home/josepintor/Documentos/gcc-arm-none-eabi-4_9-2015q3/bin/../lib/gcc/arm-none-eabi/4.9.3/../../../../arm-none-eabi/lib/armv6-m/libnosys.a
END GROUP

.text           0x00016000     0xd713
 *(.Vectors)
 .Vectors       0x00016000       0xc0 _build/gcc_startup_nrf51.o
                0x00016000                __Vectors
 *(.text*)
 .text          0x000160c0       0x78 /home/josepintor/Documentos/gcc-arm-none-eabi-4_9-2015q3/bin/../lib/gcc/arm-none-eabi/4.9.3/../../../../arm-none-eabi/lib/armv6-m/crt0.o
                0x000160c0                _mainCRTStartup
                0x000160c0                _start
 .text.sd_ble_gap_tx_power_set
                0x00016138        0x4 _build/init.o
 .text.sd_ble_gap_appearance_set
                0x0001613c        0x4 _build/init.o
 .text.sd_ble_gap_ppcp_set
                0x00016140        0x4 _build/init.o
 .text.sd_ble_gap_device_name_set
                0x00016144        0x4 _build/init.o
 .text.sd_ble_enable
                0x00016148        0x4 _build/init.o
 .text.sd_ble_opt_set
                0x0001614c        0x4 _build/init.o
 .text.gpio_init
                0x00016150       0x60 _build/init.o
                0x00016150                gpio_init
 .text.leds_init
                0x000161b0       0x28 _build/init.o
                0x000161b0                leds_init
 .text.timers_init
                0x000161d8       0xa0 _build/init.o
                0x000161d8                timers_init
 .text.gpiote_init
                0x00016278       0x78 _build/init.o
                0x00016278                gpiote_init
 .text.ble_stack_init
                0x000162f0       0x98 _build/init.o
                0x000162f0                ble_stack_init
 .text.scheduler_init
                0x00016388       0x24 _build/init.o
                0x00016388                scheduler_init
 .text.device_manager_init
                0x000163ac       0x80 _build/init.o
                0x000163ac                device_manager_init
 .text.gap_params_init
                0x0001642c       0x5c _build/init.o
                0x0001642c                gap_params_init
 .text.services_init
                0x00016488       0x94 _build/init.o
                0x00016488                services_init
 .text.advertising_init
                0x0001651c       0x4c _build/init.o
                0x0001651c                advertising_init
 .text.conn_params_init
                0x00016568       0x54 _build/init.o
                0x00016568                conn_params_init
 .text.drivers_init
                0x000165bc       0x9c _build/init.o
                0x000165bc                drivers_init
 .text.sensors_init
                0x00016658      0x11c _build/init.o
                0x00016658                sensors_init
 .text.watchdog_init
                0x00016774       0x54 _build/init.o
                0x00016774                watchdog_init
 .text.application_work_start
                0x000167c8       0x88 _build/init.o
                0x000167c8                application_work_start
 .text.application_work_stop
                0x00016850       0x3c _build/init.o
                0x00016850                application_work_stop
 .text.msec_to_ticks
                0x0001688c        0x4 _build/utils.o
                0x0001688c                msec_to_ticks
 .text.check_ble_service_err_code
                0x00016890       0x48 _build/utils.o
                0x00016890                check_ble_service_err_code
 .text.log_to_sd
                0x000168d8       0x58 _build/utils.o
                0x000168d8                log_to_sd
 .text.log2sd   0x00016930       0x74 _build/utils.o
                0x00016930                log2sd
 .text.getTimeStamp
                0x000169a4        0xc _build/nosso.o
                0x000169a4                getTimeStamp
 .text.getflagBAT
                0x000169b0        0xc _build/nosso.o
                0x000169b0                getflagBAT
 .text.getflagACC
                0x000169bc        0xc _build/nosso.o
                0x000169bc                getflagACC
 .text.setflagBAT
                0x000169c8        0xc _build/nosso.o
                0x000169c8                setflagBAT
 .text.setflagACC
                0x000169d4        0xc _build/nosso.o
                0x000169d4                setflagACC
 .text.increTimeStamp
                0x000169e0       0x10 _build/nosso.o
                0x000169e0                increTimeStamp
 .text.sd_ble_gatts_service_add
                0x000169f0        0x4 _build/ble_ambient.o
 .text.sd_ble_gatts_characteristic_add
                0x000169f4        0x4 _build/ble_ambient.o
 .text.sd_ble_gatts_value_set
                0x000169f8        0x4 _build/ble_ambient.o
 .text.sd_ble_gatts_hvx
                0x000169fc        0x4 _build/ble_ambient.o
 .text.sd_ble_uuid_vs_add
                0x00016a00        0x4 _build/ble_ambient.o
 .text.ble_ambient_init
                0x00016a04      0x570 _build/ble_ambient.o
                0x00016a04                ble_ambient_init
 .text.ble_ambient_sensor_update
                0x00016f74       0x94 _build/ble_ambient.o
                0x00016f74                ble_ambient_sensor_update
 .text.lerCartao2
                0x00017008      0x1a4 _build/ble_ambient.o
                0x00017008                lerCartao2
 .text.ble_ambient_config_update
                0x000171ac      0x108 _build/ble_ambient.o
                0x000171ac                ble_ambient_config_update
 .text.ble_install_config_update
                0x000172b4       0x42 _build/ble_ambient.o
                0x000172b4                ble_install_config_update
 .text.ble_ambient_on_ble_evt
                0x000172f6      0x16a _build/ble_ambient.o
                0x000172f6                ble_ambient_on_ble_evt
 .text.sd_ble_gap_adv_start
                0x00017460        0x4 _build/main.o
 .text.sd_app_evt_wait
                0x00017464        0x4 _build/main.o
 .text.setup    0x00017468      0x174 _build/main.o
 .text.app_error_handler
                0x000175dc       0x9c _build/main.o
                0x000175dc                app_error_handler
 .text.HardFault_Handler
                0x00017678       0x3c _build/main.o
                0x00017678                HardFault_Handler
 .text.assert_nrf_callback
                0x000176b4       0x4c _build/main.o
                0x000176b4                assert_nrf_callback
 .text.conn_params_error_handler
                0x00017700       0x10 _build/main.o
                0x00017700                conn_params_error_handler
 .text.on_conn_params_evt
                0x00017710       0x24 _build/main.o
                0x00017710                on_conn_params_evt
 .text.advertising_start
                0x00017734       0x54 _build/main.o
                0x00017734                advertising_start
 .text.on_ble_evt
                0x00017788       0x9c _build/main.o
 .text.device_manager_evt_handler
                0x00017824       0x18 _build/main.o
                0x00017824                device_manager_evt_handler
 .text.ble_evt_dispatch
                0x0001783c       0x24 _build/main.o
                0x0001783c                ble_evt_dispatch
 .text.sys_evt_dispatch
                0x00017860        0x8 _build/main.o
                0x00017860                sys_evt_dispatch
 .text.ble_amb_evt
                0x00017868      0x12c _build/main.o
                0x00017868                ble_amb_evt
 .text.base_timer_handler
                0x00017994       0x58 _build/main.o
                0x00017994                base_timer_handler
 .text.watchdog_timer_handler
                0x000179ec       0x14 _build/main.o
                0x000179ec                watchdog_timer_handler
 .text.rtc_timer_handler
                0x00017a00        0x8 _build/main.o
                0x00017a00                rtc_timer_handler
 .text.startup.main
                0x00017a08       0x7c _build/main.o
                0x00017a08                main
 .text.nrf_delay_us.constprop.0
                0x00017a84       0x26 _build/sd_card.o
 *fill*         0x00017aaa        0x2 
 .text.spi_init
                0x00017aac       0x2c _build/sd_card.o
                0x00017aac                spi_init
 .text.send_mmc
                0x00017ad8       0x28 _build/sd_card.o
                0x00017ad8                send_mmc
 .text.receive_mmc
                0x00017b00       0x38 _build/sd_card.o
                0x00017b00                receive_mmc
 .text.wait_ready
                0x00017b38       0x2c _build/sd_card.o
                0x00017b38                wait_ready
 .text.deselect
                0x00017b64       0x1c _build/sd_card.o
                0x00017b64                deselect
 .text.select   0x00017b80       0x30 _build/sd_card.o
                0x00017b80                select
 .text.receive_datablock
                0x00017bb0       0x48 _build/sd_card.o
                0x00017bb0                receive_datablock
 .text.send_datablock
                0x00017bf8       0x4c _build/sd_card.o
                0x00017bf8                send_datablock
 .text.send_cmd
                0x00017c44       0x94 _build/sd_card.o
                0x00017c44                send_cmd
 .text.SFE_TSL2561_getLux.part.0
                0x00017cd8      0x25c _build/SparkFunTSL2561.o
 .text.SFE_TSL2561_getLux
                0x00017f34       0x20 _build/SparkFunTSL2561.o
                0x00017f34                SFE_TSL2561_getLux
 .text.SFE_TSL2561_readUInt
                0x00017f54       0x5c _build/SparkFunTSL2561.o
                0x00017f54                SFE_TSL2561_readUInt
 .text.SFE_TSL2561_getData
                0x00017fb0       0x24 _build/SparkFunTSL2561.o
                0x00017fb0                SFE_TSL2561_getData
 .text.SparkFunTSL2561_bring_the_light
                0x00017fd4       0x80 _build/SparkFunTSL2561.o
                0x00017fd4                SparkFunTSL2561_bring_the_light
 .text.temp_init
                0x00018054       0x34 _build/temp.o
                0x00018054                temp_init
 .text.temp_configs_update
                0x00018088       0x94 _build/temp.o
                0x00018088                temp_configs_update
 .text.temp_values_handler
                0x0001811c       0x7c _build/temp.o
                0x0001811c                temp_values_handler
 .text.temp_timer_handler
                0x00018198       0x84 _build/temp.o
                0x00018198                temp_timer_handler
 .text.inst_init
                0x0001821c       0x34 _build/install.o
                0x0001821c                inst_init
 .text.lum_init
                0x00018250       0x30 _build/lum.o
                0x00018250                lum_init
 .text.lum_configs_update
                0x00018280       0x90 _build/lum.o
                0x00018280                lum_configs_update
 .text.lum_values_handler
                0x00018310       0x78 _build/lum.o
                0x00018310                lum_values_handler
 .text.lum_timer_handler
                0x00018388       0x84 _build/lum.o
                0x00018388                lum_timer_handler
 .text.sd_init  0x0001840c       0x30 _build/sd2app.o
                0x0001840c                sd_init
 .text.pr_init  0x0001843c       0x34 _build/pr.o
                0x0001843c                pr_init
 .text.pr_configs_update
                0x00018470       0x9c _build/pr.o
                0x00018470                pr_configs_update
 .text.pr_values_handler
                0x0001850c       0x7c _build/pr.o
                0x0001850c                pr_values_handler
 .text.pr_timer_handler
                0x00018588       0x84 _build/pr.o
                0x00018588                pr_timer_handler
 .text.alert_init
                0x0001860c       0x30 _build/alert.o
                0x0001860c                alert_init
 .text.hum_init
                0x0001863c       0x34 _build/hum.o
                0x0001863c                hum_init
 .text.hum_configs_update
                0x00018670       0x94 _build/hum.o
                0x00018670                hum_configs_update
 .text.hum_values_handler
                0x00018704       0x7c _build/hum.o
                0x00018704                hum_values_handler
 .text.hum_timer_handler
                0x00018780       0x84 _build/hum.o
                0x00018780                hum_timer_handler
 .text.induction_charging.part.0
                0x00018804       0x3c _build/battery.o
 .text.wired_charging.part.1
                0x00018840       0x3c _build/battery.o
 .text.battery_init
                0x0001887c       0x18 _build/battery.o
                0x0001887c                battery_init
 .text.induction_charging
                0x00018894       0x38 _build/battery.o
                0x00018894                induction_charging
 .text.wired_charging
                0x000188cc       0x38 _build/battery.o
                0x000188cc                wired_charging
 .text.battery_charge_handler
                0x00018904       0x68 _build/battery.o
                0x00018904                battery_charge_handler
 .text.gauge_timer_handler
                0x0001896c       0xa4 _build/battery.o
                0x0001896c                gauge_timer_handler
 .text.enable_high_voltage
                0x00018a10       0x20 _build/battery.o
                0x00018a10                enable_high_voltage
 .text.max1161x_write_data
                0x00018a30       0x28 _build/max1161x.o
                0x00018a30                max1161x_write_data
 .text.max1161x_init
                0x00018a58       0x28 _build/max1161x.o
                0x00018a58                max1161x_init
 .text.read_mult
                0x00018a80       0x74 _build/mpu9x50.o
                0x00018a80                read_mult
 .text.read     0x00018af4        0xa _build/mpu9x50.o
                0x00018af4                read
 .text.get8     0x00018afe       0x16 _build/mpu9x50.o
                0x00018afe                get8
 .text.write_mult
                0x00018b14       0x54 _build/mpu9x50.o
                0x00018b14                write_mult
 .text.write    0x00018b68       0x12 _build/mpu9x50.o
                0x00018b68                write
 .text.writeBits
                0x00018b7a       0x44 _build/mpu9x50.o
                0x00018b7a                writeBits
 .text.writeBit
                0x00018bbe        0xc _build/mpu9x50.o
                0x00018bbe                writeBit
 .text.mpu9x50_reset
                0x00018bca        0xe _build/mpu9x50.o
                0x00018bca                mpu9x50_reset
 .text.mpu9x50_gyroStandby
                0x00018bd8        0xe _build/mpu9x50.o
                0x00018bd8                mpu9x50_gyroStandby
 .text.mpu9x50_cycleMode
                0x00018be6        0xe _build/mpu9x50.o
                0x00018be6                mpu9x50_cycleMode
 .text.mpu9x50_setCycleWakeFrequency
                0x00018bf4       0x10 _build/mpu9x50.o
                0x00018bf4                mpu9x50_setCycleWakeFrequency
 .text.mpu9x50_setStandbyAccX
                0x00018c04        0xe _build/mpu9x50.o
                0x00018c04                mpu9x50_setStandbyAccX
 .text.mpu9x50_setStandbyAccY
                0x00018c12        0xe _build/mpu9x50.o
                0x00018c12                mpu9x50_setStandbyAccY
 .text.mpu9x50_setStandbyAccZ
                0x00018c20        0xe _build/mpu9x50.o
                0x00018c20                mpu9x50_setStandbyAccZ
 .text.mpu9x50_setStandbyGyroX
                0x00018c2e        0xe _build/mpu9x50.o
                0x00018c2e                mpu9x50_setStandbyGyroX
 .text.mpu9x50_setStandbyGyroY
                0x00018c3c        0xe _build/mpu9x50.o
                0x00018c3c                mpu9x50_setStandbyGyroY
 .text.mpu9x50_setStandbyGyroZ
                0x00018c4a        0xe _build/mpu9x50.o
                0x00018c4a                mpu9x50_setStandbyGyroZ
 .text.mpu9x50_setAccelerometerDigitalLowPassFilter
                0x00018c58       0x10 _build/mpu9x50.o
                0x00018c58                mpu9x50_setAccelerometerDigitalLowPassFilter
 .text.mpu9x50_setAccelerometerDigitalLowPassFilterOn
                0x00018c68        0xe _build/mpu9x50.o
                0x00018c68                mpu9x50_setAccelerometerDigitalLowPassFilterOn
 .text.mpu9x50_setMotionInterrupt
                0x00018c76        0xc _build/mpu9x50.o
                0x00018c76                mpu9x50_setMotionInterrupt
 .text.mpu9x50_setMotionThreshold
                0x00018c82        0xc _build/mpu9x50.o
                0x00018c82                mpu9x50_setMotionThreshold
 *fill*         0x00018c8e        0x2 
 .text.mpu9x50_initMoveSensor
                0x00018c90       0x68 _build/mpu9x50.o
                0x00018c90                mpu9x50_initMoveSensor
 .text.mpu9x50_getInterruptStatus
                0x00018cf8        0xc _build/mpu9x50.o
                0x00018cf8                mpu9x50_getInterruptStatus
 .text.max17048_write_data
                0x00018d04       0x4c _build/max17048.o
                0x00018d04                max17048_write_data
 .text.max17048_read_data
                0x00018d50       0x6c _build/max17048.o
                0x00018d50                max17048_read_data
 .text.max17048_clear_alert
                0x00018dbc       0x44 _build/max17048.o
                0x00018dbc                max17048_clear_alert
 .text.max17048_init
                0x00018e00       0x98 _build/max17048.o
                0x00018e00                max17048_init
 .text.max17048_read_soc
                0x00018e98       0x18 _build/max17048.o
                0x00018e98                max17048_read_soc
 .text.max17048_get_alert
                0x00018eb0       0x58 _build/max17048.o
                0x00018eb0                max17048_get_alert
 .text.nrf_delay_us.constprop.1
                0x00018f08       0x26 _build/pca9538.o
 *fill*         0x00018f2e        0x2 
 .text.pca9538_write
                0x00018f30       0x30 _build/pca9538.o
                0x00018f30                pca9538_write
 .text.pca9538_init
                0x00018f60       0x4c _build/pca9538.o
                0x00018f60                pca9538_init
 .text.timer_handler
                0x00018fac       0x88 _build/fhp_gpio.o
 .text.clear_pwm_pin
                0x00019034       0x9c _build/fhp_gpio.o
 .text.fhp_gpio_config
                0x000190d0      0x128 _build/fhp_gpio.o
 .text.fhp_gpio_init
                0x000191f8       0x34 _build/fhp_gpio.o
                0x000191f8                fhp_gpio_init
 .text.fhp_gpio_set
                0x0001922c       0x2c _build/fhp_gpio.o
                0x0001922c                fhp_gpio_set
 .text.fhp_gpio_clear
                0x00019258       0x30 _build/fhp_gpio.o
                0x00019258                fhp_gpio_clear
 .text.fhp_gpio_blink
                0x00019288       0x38 _build/fhp_gpio.o
                0x00019288                fhp_gpio_blink
 .text.fhp_gpio_fade
                0x000192c0       0x3c _build/fhp_gpio.o
                0x000192c0                fhp_gpio_fade
 .text.sd_ppi_channel_enable_set
                0x000192fc        0x4 _build/nrf_pwm.o
 .text.sd_ppi_channel_assign
                0x00019300        0x4 _build/nrf_pwm.o
 .text.sd_radio_session_open
                0x00019304        0x4 _build/nrf_pwm.o
 .text.sd_radio_request
                0x00019308        0x4 _build/nrf_pwm.o
 .text.safe_margins_present
                0x0001930c       0x3c _build/nrf_pwm.o
 .text.ppi_enable_channel
                0x00019348       0x18 _build/nrf_pwm.o
 .text.nrf_gpiote_task_config.constprop.2
                0x00019360       0x44 _build/nrf_pwm.o
 .text.nrf_pwm_init
                0x000193a4      0x208 _build/nrf_pwm.o
                0x000193a4                nrf_pwm_init
 .text.nrf_pwm_set_value
                0x000195ac       0x38 _build/nrf_pwm.o
                0x000195ac                nrf_pwm_set_value
 .text.nrf_pwm_set_enabled
                0x000195e4       0x78 _build/nrf_pwm.o
                0x000195e4                nrf_pwm_set_enabled
 .text.TIMER2_IRQHandler
                0x0001965c      0x21c _build/nrf_pwm.o
                0x0001965c                TIMER2_IRQHandler
 .text.nrf_radio_signal_callback
                0x00019878       0x20 _build/nrf_pwm.o
                0x00019878                nrf_radio_signal_callback
 .text.BME280_I2C_bus_write
                0x00019898       0x7a _build/bme280.o
                0x00019898                BME280_I2C_bus_write
 .text.BME280_delay_msek
                0x00019912        0x8 _build/bme280.o
                0x00019912                BME280_delay_msek
 .text.BME280_I2C_bus_read
                0x0001991a       0x54 _build/bme280.o
                0x0001991a                BME280_I2C_bus_read
 *fill*         0x0001996e        0x2 
 .text.bme280_read_uncomp_temperature
                0x00019970       0x44 _build/bme280.o
                0x00019970                bme280_read_uncomp_temperature
 .text.bme280_compensate_temperature_int32
                0x000199b4       0x3c _build/bme280.o
                0x000199b4                bme280_compensate_temperature_int32
 .text.bme280_read_uncomp_pressure
                0x000199f0       0x44 _build/bme280.o
                0x000199f0                bme280_read_uncomp_pressure
 .text.bme280_compensate_pressure_int32
                0x00019a34       0xb0 _build/bme280.o
                0x00019a34                bme280_compensate_pressure_int32
 .text.bme280_read_uncomp_humidity
                0x00019ae4       0x3c _build/bme280.o
                0x00019ae4                bme280_read_uncomp_humidity
 .text.bme280_compensate_humidity_int32
                0x00019b20       0x80 _build/bme280.o
                0x00019b20                bme280_compensate_humidity_int32
 .text.bme280_get_calib_param
                0x00019ba0      0x114 _build/bme280.o
                0x00019ba0                bme280_get_calib_param
 .text.bme280_init
                0x00019cb4       0x38 _build/bme280.o
                0x00019cb4                bme280_init
 .text.bme280_get_power_mode
                0x00019cec       0x38 _build/bme280.o
                0x00019cec                bme280_get_power_mode
 .text.bme280_set_soft_rst
                0x00019d24       0x2c _build/bme280.o
                0x00019d24                bme280_set_soft_rst
 .text.bme280_write_register
                0x00019d50       0x28 _build/bme280.o
                0x00019d50                bme280_write_register
 .text.bme280_read_register
                0x00019d78       0x28 _build/bme280.o
                0x00019d78                bme280_read_register
 .text.bme280_set_oversamp_temperature
                0x00019da0       0xe4 _build/bme280.o
                0x00019da0                bme280_set_oversamp_temperature
 .text.bme280_set_oversamp_pressure
                0x00019e84       0xe8 _build/bme280.o
                0x00019e84                bme280_set_oversamp_pressure
 .text.bme280_set_oversamp_humidity
                0x00019f6c      0x118 _build/bme280.o
                0x00019f6c                bme280_set_oversamp_humidity
 .text.bme280_set_power_mode
                0x0001a084       0xdc _build/bme280.o
                0x0001a084                bme280_set_power_mode
 .text.bme280_set_filter
                0x0001a160       0xf0 _build/bme280.o
                0x0001a160                bme280_set_filter
 .text.bme280_init_nrf51
                0x0001a250       0x74 _build/bme280.o
                0x0001a250                bme280_init_nrf51
 .text.bme280_read_temperature
                0x0001a2c4       0x38 _build/bme280.o
                0x0001a2c4                bme280_read_temperature
 .text.bme280_read_pressure
                0x0001a2fc       0x38 _build/bme280.o
                0x0001a2fc                bme280_read_pressure
 .text.bme280_read_humidity
                0x0001a334       0x38 _build/bme280.o
                0x0001a334                bme280_read_humidity
 .text.SEGGER_RTT_Write
                0x0001a36c       0xcc _build/SEGGER_RTT.o
                0x0001a36c                SEGGER_RTT_Write
 .text.SEGGER_RTT_WriteString
                0x0001a438       0x1a _build/SEGGER_RTT.o
                0x0001a438                SEGGER_RTT_WriteString
 .text.mem_cpy  0x0001a452       0x12 _build/ff.o
 .text.mem_set  0x0001a464        0xe _build/ff.o
 .text.get_ldnumber
                0x0001a472       0x30 _build/ff.o
 .text.validate
                0x0001a4a2       0x2e _build/ff.o
 .text.ld_clust.isra.0
                0x0001a4d0       0x1c _build/ff.o
 .text.sync_window.part.2
                0x0001a4ec       0x4a _build/ff.o
 .text.sync_window
                0x0001a536       0x14 _build/ff.o
 *fill*         0x0001a54a        0x2 
 .text.sync_fs  0x0001a54c       0xe4 _build/ff.o
 .text.move_window
                0x0001a630       0x34 _build/ff.o
 .text.check_fs
                0x0001a664       0xa4 _build/ff.o
 .text.find_volume
                0x0001a708      0x388 _build/ff.o
 .text.clust2sect
                0x0001aa90       0x18 _build/ff.o
                0x0001aa90                clust2sect
 .text.get_fat  0x0001aaa8       0xd8 _build/ff.o
                0x0001aaa8                get_fat
 .text.dir_sdi  0x0001ab80       0x86 _build/ff.o
 .text.put_fat  0x0001ac06      0x10c _build/ff.o
                0x0001ac06                put_fat
 *fill*         0x0001ad12        0x2 
 .text.create_chain
                0x0001ad14       0xb0 _build/ff.o
 .text.dir_next
                0x0001adc4       0xe8 _build/ff.o
 .text.follow_path
                0x0001aeac      0x1e0 _build/ff.o
 .text.dir_register
                0x0001b08c       0x62 _build/ff.o
 .text.remove_chain
                0x0001b0ee       0x5a _build/ff.o
 .text.f_mount  0x0001b148       0x50 _build/ff.o
                0x0001b148                f_mount
 .text.f_open   0x0001b198      0x12e _build/ff.o
                0x0001b198                f_open
 .text.f_read   0x0001b2c6      0x136 _build/ff.o
                0x0001b2c6                f_read
 .text.f_write  0x0001b3fc      0x182 _build/ff.o
                0x0001b3fc                f_write
 .text.f_sync   0x0001b57e       0x70 _build/ff.o
                0x0001b57e                f_sync
 .text.f_close  0x0001b5ee       0x1a _build/ff.o
                0x0001b5ee                f_close
 .text.f_lseek  0x0001b608      0x100 _build/ff.o
                0x0001b608                f_lseek
 .text.nrf_delay_us.constprop.0
                0x0001b708       0x28 _build/diskio.o
 .text.disk_status
                0x0001b730       0x14 _build/diskio.o
                0x0001b730                disk_status
 .text.disk_initialize
                0x0001b744       0xfc _build/diskio.o
                0x0001b744                disk_initialize
 .text.disk_read
                0x0001b840       0x74 _build/diskio.o
                0x0001b840                disk_read
 .text.disk_write
                0x0001b8b4       0x98 _build/diskio.o
                0x0001b8b4                disk_write
 .text.disk_ioctl
                0x0001b94c       0xc0 _build/diskio.o
                0x0001b94c                disk_ioctl
 .text.spi_master_init
                0x0001ba0c       0xb8 _build/spi_fhp_master.o
                0x0001ba0c                spi_master_init
 .text.spi_master_tx_rx
                0x0001bac4       0x88 _build/spi_fhp_master.o
                0x0001bac4                spi_master_tx_rx
 .text.nrf_delay_us
                0x0001bb4c       0x2e _build/twi_hw_master.o
 *fill*         0x0001bb7a        0x2 
 .text.twi_master_clear_bus
                0x0001bb7c       0xb8 _build/twi_hw_master.o
 .text.twi_master_init
                0x0001bc34       0x74 _build/twi_hw_master.o
                0x0001bc34                twi_master_init
 .text.twi_master_transfer
                0x0001bca8      0x180 _build/twi_hw_master.o
                0x0001bca8                twi_master_transfer
 .text.sd_ble_gatts_service_add
                0x0001be28        0x4 _build/ble_dis.o
 .text.sd_ble_gatts_characteristic_add
                0x0001be2c        0x4 _build/ble_dis.o
 .text.char_add
                0x0001be30       0x88 _build/ble_dis.o
 .text.ble_dis_init
                0x0001beb8      0x19c _build/ble_dis.o
                0x0001beb8                ble_dis_init
 .text.ble_srv_ascii_to_utf8
                0x0001c054       0x12 _build/ble_srv_common.o
                0x0001c054                ble_srv_ascii_to_utf8
 .text.sd_nvic_EnableIRQ
                0x0001c066        0x4 _build/softdevice_handler.o
 .text.sd_evt_get
                0x0001c06a        0x4 _build/softdevice_handler.o
 .text.sd_softdevice_enable
                0x0001c06e        0x4 _build/softdevice_handler.o
 .text.sd_ble_evt_get
                0x0001c072        0x4 _build/softdevice_handler.o
 .text.softdevice_assertion_handler
                0x0001c076        0xc _build/softdevice_handler.o
                0x0001c076                softdevice_assertion_handler
 *fill*         0x0001c082        0x2 
 .text.intern_softdevice_events_execute
                0x0001c084       0x98 _build/softdevice_handler.o
                0x0001c084                intern_softdevice_events_execute
 .text.softdevice_handler_init
                0x0001c11c       0x38 _build/softdevice_handler.o
                0x0001c11c                softdevice_handler_init
 .text.softdevice_ble_evt_handler_set
                0x0001c154       0x14 _build/softdevice_handler.o
                0x0001c154                softdevice_ble_evt_handler_set
 .text.softdevice_sys_evt_handler_set
                0x0001c168       0x14 _build/softdevice_handler.o
                0x0001c168                softdevice_sys_evt_handler_set
 .text.SWI2_IRQHandler
                0x0001c17c       0x2c _build/softdevice_handler.o
                0x0001c17c                SWI2_IRQHandler
 .text.sd_ble_gap_adv_data_set
                0x0001c1a8        0x4 _build/ble_advdata.o
 .text.sd_ble_gap_appearance_get
                0x0001c1ac        0x4 _build/ble_advdata.o
 .text.sd_ble_gap_device_name_get
                0x0001c1b0        0x4 _build/ble_advdata.o
 .text.sd_ble_uuid_encode
                0x0001c1b4        0x4 _build/ble_advdata.o
 .text.uuid_list_sized_encode
                0x0001c1b8       0xaa _build/ble_advdata.o
 .text.uuid_list_encode
                0x0001c262       0x26 _build/ble_advdata.o
 .text.adv_data_encode
                0x0001c288      0x2fc _build/ble_advdata.o
 .text.ble_advdata_set
                0x0001c584       0x70 _build/ble_advdata.o
                0x0001c584                ble_advdata_set
 .text.sd_ble_gap_conn_param_update
                0x0001c5f4        0x4 _build/ble_conn_params.o
 .text.sd_ble_gap_disconnect
                0x0001c5f8        0x4 _build/ble_conn_params.o
 .text.sd_ble_gap_ppcp_set
                0x0001c5fc        0x4 _build/ble_conn_params.o
 .text.sd_ble_gap_ppcp_get
                0x0001c600        0x4 _build/ble_conn_params.o
 .text.update_timeout_handler
                0x0001c604       0x64 _build/ble_conn_params.o
 .text.conn_params_negotiation
                0x0001c668       0x64 _build/ble_conn_params.o
 .text.ble_conn_params_init
                0x0001c6cc       0x60 _build/ble_conn_params.o
                0x0001c6cc                ble_conn_params_init
 .text.ble_conn_params_on_ble_evt
                0x0001c72c       0x8c _build/ble_conn_params.o
                0x0001c72c                ble_conn_params_on_ble_evt
 .text.user_op_alloc
                0x0001c7b8       0x2a _build/app_timer.o
 *fill*         0x0001c7e2        0x2 
 .text.user_id_get
                0x0001c7e4       0x64 _build/app_timer.o
 .text.nrf_delay_us.constprop.5
                0x0001c848       0x26 _build/app_timer.o
 *fill*         0x0001c86e        0x2 
 .text.rtc1_stop
                0x0001c870       0x40 _build/app_timer.o
 .text.RTC1_IRQHandler
                0x0001c8b0       0xa0 _build/app_timer.o
                0x0001c8b0                RTC1_IRQHandler
 .text.SWI0_IRQHandler
                0x0001c950      0x37c _build/app_timer.o
                0x0001c950                SWI0_IRQHandler
 .text.app_timer_init
                0x0001cccc       0xc0 _build/app_timer.o
                0x0001cccc                app_timer_init
 .text.app_timer_create
                0x0001cd8c       0x4c _build/app_timer.o
                0x0001cd8c                app_timer_create
 .text.app_timer_start
                0x0001cdd8       0x90 _build/app_timer.o
                0x0001cdd8                app_timer_start
 .text.app_timer_stop
                0x0001ce68       0x60 _build/app_timer.o
                0x0001ce68                app_timer_stop
 .text.sd_flash_write
                0x0001cec8        0x4 _build/pstorage.o
 .text.sd_flash_page_erase
                0x0001cecc        0x4 _build/pstorage.o
 .text.app_notify
                0x0001ced0       0x30 _build/pstorage.o
 .text.swap_state_process
                0x0001cf00      0x1bc _build/pstorage.o
 .text.cmd_process
                0x0001d0bc      0x118 _build/pstorage.o
 .text.unlikely.cmd_queue_enqueue
                0x0001d1d4       0x54 _build/pstorage.o
 .text.cmd_queue_dequeue
                0x0001d228       0x20 _build/pstorage.o
 .text.pstorage_sys_event_handler
                0x0001d248       0xec _build/pstorage.o
                0x0001d248                pstorage_sys_event_handler
 .text.pstorage_init
                0x0001d334       0xc4 _build/pstorage.o
                0x0001d334                pstorage_init
 .text.pstorage_register
                0x0001d3f8      0x11c _build/pstorage.o
                0x0001d3f8                pstorage_register
 .text.pstorage_block_identifier_get
                0x0001d514       0x5c _build/pstorage.o
                0x0001d514                pstorage_block_identifier_get
 .text.pstorage_store
                0x0001d570       0x88 _build/pstorage.o
                0x0001d570                pstorage_store
 .text.pstorage_update
                0x0001d5f8       0x88 _build/pstorage.o
                0x0001d5f8                pstorage_update
 .text.pstorage_load
                0x0001d680       0xac _build/pstorage.o
                0x0001d680                pstorage_load
 .text.pstorage_clear
                0x0001d72c       0x6c _build/pstorage.o
                0x0001d72c                pstorage_clear
 .text.sd_ble_gap_sec_params_reply
                0x0001d798        0x4 _build/device_manager_peripheral.o
 .text.sd_ble_gap_sec_info_reply
                0x0001d79c        0x4 _build/device_manager_peripheral.o
 .text.sd_ble_gatts_sys_attr_set
                0x0001d7a0        0x4 _build/device_manager_peripheral.o
 .text.sd_ble_gatts_sys_attr_get
                0x0001d7a4        0x4 _build/device_manager_peripheral.o
 .text.storage_operation_dummy_handler
                0x0001d7a8        0x4 _build/device_manager_peripheral.o
 .text.no_service_context_store
                0x0001d7ac        0x4 _build/device_manager_peripheral.o
 .text.gattc_context_store
                0x0001d7b0        0x4 _build/device_manager_peripheral.o
 .text.no_service_context_load
                0x0001d7b4        0x4 _build/device_manager_peripheral.o
 .text.gattc_context_load
                0x0001d7b8        0x4 _build/device_manager_peripheral.o
 .text.no_service_context_apply
                0x0001d7bc        0x4 _build/device_manager_peripheral.o
 .text.gatts_context_apply
                0x0001d7c0       0x4c _build/device_manager_peripheral.o
 .text.gattc_context_apply
                0x0001d80c        0x4 _build/device_manager_peripheral.o
 .text.gattsc_context_apply
                0x0001d810        0x8 _build/device_manager_peripheral.o
 .text.gatts_context_store
                0x0001d818       0xac _build/device_manager_peripheral.o
 .text.gattsc_context_store
                0x0001d8c4        0x8 _build/device_manager_peripheral.o
 .text.device_context_store
                0x0001d8cc       0xbc _build/device_manager_peripheral.o
 .text.gatts_context_load
                0x0001d988       0x30 _build/device_manager_peripheral.o
 .text.gattsc_context_load
                0x0001d9b8        0x8 _build/device_manager_peripheral.o
 .text.dm_pstorage_cb_handler
                0x0001d9c0      0x130 _build/device_manager_peripheral.o
 .text.peer_instance_init
                0x0001daf0       0x4c _build/device_manager_peripheral.o
 .text.dm_init  0x0001db3c       0xdc _build/device_manager_peripheral.o
                0x0001db3c                dm_init
 .text.dm_register
                0x0001dc18       0x58 _build/device_manager_peripheral.o
                0x0001dc18                dm_register
 .text.bond_data_load
                0x0001dc70       0x50 _build/device_manager_peripheral.o
                0x0001dc70                bond_data_load
 .text.dm_ble_evt_handler
                0x0001dcc0      0x354 _build/device_manager_peripheral.o
                0x0001dcc0                dm_ble_evt_handler
 .text.pins_sense_disable
                0x0001e014       0x40 _build/app_gpiote.o
 .text.sense_level_toggle.isra.0
                0x0001e054       0x4c _build/app_gpiote.o
 .text.GPIOTE_IRQHandler
                0x0001e0a0       0x98 _build/app_gpiote.o
                0x0001e0a0                GPIOTE_IRQHandler
 .text.app_gpiote_init
                0x0001e138       0x68 _build/app_gpiote.o
                0x0001e138                app_gpiote_init
 .text.app_gpiote_user_register
                0x0001e1a0       0x48 _build/app_gpiote.o
                0x0001e1a0                app_gpiote_user_register
 .text.app_gpiote_user_enable
                0x0001e1e8       0x98 _build/app_gpiote.o
                0x0001e1e8                app_gpiote_user_enable
 .text.nrf_delay_ms
                0x0001e280       0x40 _build/nrf_delay.o
                0x0001e280                nrf_delay_ms
 .text.sd_nvic_critical_region_enter
                0x0001e2c0        0x4 _build/app_scheduler.o
 .text.sd_nvic_critical_region_exit
                0x0001e2c4        0x4 _build/app_scheduler.o
 .text.app_sched_init
                0x0001e2c8       0x2c _build/app_scheduler.o
                0x0001e2c8                app_sched_init
 .text.app_sched_event_put
                0x0001e2f4      0x12c _build/app_scheduler.o
                0x0001e2f4                app_sched_event_put
 .text.app_sched_execute
                0x0001e420       0x40 _build/app_scheduler.o
                0x0001e420                app_sched_execute
 .text.SystemInit
                0x0001e460       0x8c _build/system_nrf51.o
                0x0001e460                SystemInit
 .text          0x0001e4ec       0x54 _build/gcc_startup_nrf51.o
                0x0001e4ec                Reset_Handler
                0x0001e534                NMI_Handler
                0x0001e538                SVC_Handler
                0x0001e53a                PendSV_Handler
                0x0001e53c                SysTick_Handler
                0x0001e53e                SPI0_TWI0_IRQHandler
                0x0001e53e                RTC0_IRQHandler
                0x0001e53e                POWER_CLOCK_IRQHandler
                0x0001e53e                RADIO_IRQHandler
                0x0001e53e                LPCOMP_IRQHandler
                0x0001e53e                SWI4_IRQHandler
                0x0001e53e                TEMP_IRQHandler
                0x0001e53e                QDEC_IRQHandler
                0x0001e53e                UART0_IRQHandler
                0x0001e53e                SWI5_IRQHandler
                0x0001e53e                TIMER0_IRQHandler
                0x0001e53e                TIMER1_IRQHandler
                0x0001e53e                ECB_IRQHandler
                0x0001e53e                Default_Handler
                0x0001e53e                ADC_IRQHandler
                0x0001e53e                SWI3_IRQHandler
                0x0001e53e                CCM_AAR_IRQHandler
                0x0001e53e                WDT_IRQHandler
                0x0001e53e                RNG_IRQHandler
                0x0001e53e                SPI1_TWI1_IRQHandler
                0x0001e53e                SWI1_IRQHandler
 .text.pow      0x0001e540      0x35c /home/josepintor/Documentos/gcc-arm-none-eabi-4_9-2015q3/bin/../lib/gcc/arm-none-eabi/4.9.3/../../../../arm-none-eabi/lib/armv6-m/libm.a(lib_a-w_pow.o)
                0x0001e540                pow
 .text.__ieee754_pow
                0x0001e89c      0xa8c /home/josepintor/Documentos/gcc-arm-none-eabi-4_9-2015q3/bin/../lib/gcc/arm-none-eabi/4.9.3/../../../../arm-none-eabi/lib/armv6-m/libm.a(lib_a-e_pow.o)
                0x0001e89c                __ieee754_pow
 .text.__ieee754_sqrt
                0x0001f328      0x1ec /home/josepintor/Documentos/gcc-arm-none-eabi-4_9-2015q3/bin/../lib/gcc/arm-none-eabi/4.9.3/../../../../arm-none-eabi/lib/armv6-m/libm.a(lib_a-e_sqrt.o)
                0x0001f328                __ieee754_sqrt
 .text.fabs     0x0001f514        0x8 /home/josepintor/Documentos/gcc-arm-none-eabi-4_9-2015q3/bin/../lib/gcc/arm-none-eabi/4.9.3/../../../../arm-none-eabi/lib/armv6-m/libm.a(lib_a-s_fabs.o)
                0x0001f514                fabs
 .text.finite   0x0001f51c       0x14 /home/josepintor/Documentos/gcc-arm-none-eabi-4_9-2015q3/bin/../lib/gcc/arm-none-eabi/4.9.3/../../../../arm-none-eabi/lib/armv6-m/libm.a(lib_a-s_finite.o)
                0x0001f51c                finite
 .text.__fpclassifyd
                0x0001f530       0x5c /home/josepintor/Documentos/gcc-arm-none-eabi-4_9-2015q3/bin/../lib/gcc/arm-none-eabi/4.9.3/../../../../arm-none-eabi/lib/armv6-m/libm.a(lib_a-s_fpclassify.o)
                0x0001f530                __fpclassifyd
 .text.matherr  0x0001f58c        0x4 /home/josepintor/Documentos/gcc-arm-none-eabi-4_9-2015q3/bin/../lib/gcc/arm-none-eabi/4.9.3/../../../../arm-none-eabi/lib/armv6-m/libm.a(lib_a-s_matherr.o)
                0x0001f58c                matherr
 .text.nan      0x0001f590        0xc /home/josepintor/Documentos/gcc-arm-none-eabi-4_9-2015q3/bin/../lib/gcc/arm-none-eabi/4.9.3/../../../../arm-none-eabi/lib/armv6-m/libm.a(lib_a-s_nan.o)
                0x0001f590                nan
 .text.rint     0x0001f59c      0x144 /home/josepintor/Documentos/gcc-arm-none-eabi-4_9-2015q3/bin/../lib/gcc/arm-none-eabi/4.9.3/../../../../arm-none-eabi/lib/armv6-m/libm.a(lib_a-s_rint.o)
                0x0001f59c                rint
 .text.scalbn   0x0001f6e0       0xf8 /home/josepintor/Documentos/gcc-arm-none-eabi-4_9-2015q3/bin/../lib/gcc/arm-none-eabi/4.9.3/../../../../arm-none-eabi/lib/armv6-m/libm.a(lib_a-s_scalbn.o)
                0x0001f6e0                scalbn
 .text.copysign
                0x0001f7d8       0x10 /home/josepintor/Documentos/gcc-arm-none-eabi-4_9-2015q3/bin/../lib/gcc/arm-none-eabi/4.9.3/../../../../arm-none-eabi/lib/armv6-m/libm.a(lib_a-s_copysign.o)
                0x0001f7d8                copysign
 .text          0x0001f7e8       0x14 /home/josepintor/Documentos/gcc-arm-none-eabi-4_9-2015q3/bin/../lib/gcc/arm-none-eabi/4.9.3/armv6-m/libgcc.a(_thumb1_case_uqi.o)
                0x0001f7e8                __gnu_thumb1_case_uqi
 .text          0x0001f7fc      0x120 /home/josepintor/Documentos/gcc-arm-none-eabi-4_9-2015q3/bin/../lib/gcc/arm-none-eabi/4.9.3/armv6-m/libgcc.a(_udivsi3.o)
                0x0001f7fc                __udivsi3
                0x0001f7fc                __aeabi_uidiv
                0x0001f908                __aeabi_uidivmod
 .text          0x0001f91c      0x1e0 /home/josepintor/Documentos/gcc-arm-none-eabi-4_9-2015q3/bin/../lib/gcc/arm-none-eabi/4.9.3/armv6-m/libgcc.a(_divsi3.o)
                0x0001f91c                __aeabi_idiv
                0x0001f91c                __divsi3
                0x0001fae8                __aeabi_idivmod
 .text          0x0001fafc        0x4 /home/josepintor/Documentos/gcc-arm-none-eabi-4_9-2015q3/bin/../lib/gcc/arm-none-eabi/4.9.3/armv6-m/libgcc.a(_dvmd_tls.o)
                0x0001fafc                __aeabi_ldiv0
                0x0001fafc                __aeabi_idiv0
 .text          0x0001fb00       0x7c /home/josepintor/Documentos/gcc-arm-none-eabi-4_9-2015q3/bin/../lib/gcc/arm-none-eabi/4.9.3/armv6-m/libgcc.a(_arm_cmpdf2.o)
                0x0001fb00                __aeabi_cdrcmple
                0x0001fb10                __aeabi_cdcmple
                0x0001fb10                __aeabi_cdcmpeq
                0x0001fb20                __aeabi_dcmpeq
                0x0001fb2c                __aeabi_dcmplt
                0x0001fb40                __aeabi_dcmple
                0x0001fb54                __aeabi_dcmpgt
                0x0001fb68                __aeabi_dcmpge
 .text          0x0001fb7c       0x40 /home/josepintor/Documentos/gcc-arm-none-eabi-4_9-2015q3/bin/../lib/gcc/arm-none-eabi/4.9.3/armv6-m/libgcc.a(_aeabi_uldivmod.o)
                0x0001fb7c                __aeabi_uldivmod
 .text          0x0001fbbc       0x3c /home/josepintor/Documentos/gcc-arm-none-eabi-4_9-2015q3/bin/../lib/gcc/arm-none-eabi/4.9.3/armv6-m/libgcc.a(_fixunsdfsi.o)
                0x0001fbbc                __fixunsdfsi
                0x0001fbbc                __aeabi_d2uiz
 .text          0x0001fbf8       0x6c /home/josepintor/Documentos/gcc-arm-none-eabi-4_9-2015q3/bin/../lib/gcc/arm-none-eabi/4.9.3/armv6-m/libgcc.a(bpabi.o)
                0x0001fbf8                __gnu_ldivmod_helper
                0x0001fc30                __gnu_uldivmod_helper
 .text          0x0001fc64      0x650 /home/josepintor/Documentos/gcc-arm-none-eabi-4_9-2015q3/bin/../lib/gcc/arm-none-eabi/4.9.3/armv6-m/libgcc.a(adddf3.o)
                0x0001fc64                __aeabi_dadd
 .text          0x000202b4      0x648 /home/josepintor/Documentos/gcc-arm-none-eabi-4_9-2015q3/bin/../lib/gcc/arm-none-eabi/4.9.3/armv6-m/libgcc.a(divdf3.o)
                0x000202b4                __aeabi_ddiv
 .text          0x000208fc       0x88 /home/josepintor/Documentos/gcc-arm-none-eabi-4_9-2015q3/bin/../lib/gcc/arm-none-eabi/4.9.3/armv6-m/libgcc.a(eqdf2.o)
                0x000208fc                __eqdf2
                0x000208fc                __nedf2
 .text          0x00020984       0xe0 /home/josepintor/Documentos/gcc-arm-none-eabi-4_9-2015q3/bin/../lib/gcc/arm-none-eabi/4.9.3/armv6-m/libgcc.a(gedf2.o)
                0x00020984                __gtdf2
                0x00020984                __gedf2
 .text          0x00020a64       0xcc /home/josepintor/Documentos/gcc-arm-none-eabi-4_9-2015q3/bin/../lib/gcc/arm-none-eabi/4.9.3/armv6-m/libgcc.a(ledf2.o)
                0x00020a64                __ltdf2
                0x00020a64                __ledf2
 .text          0x00020b30      0x534 /home/josepintor/Documentos/gcc-arm-none-eabi-4_9-2015q3/bin/../lib/gcc/arm-none-eabi/4.9.3/armv6-m/libgcc.a(muldf3.o)
                0x00020b30                __aeabi_dmul
 .text          0x00021064      0x6f4 /home/josepintor/Documentos/gcc-arm-none-eabi-4_9-2015q3/bin/../lib/gcc/arm-none-eabi/4.9.3/armv6-m/libgcc.a(subdf3.o)
                0x00021064                __aeabi_dsub
 .text          0x00021758       0x6c /home/josepintor/Documentos/gcc-arm-none-eabi-4_9-2015q3/bin/../lib/gcc/arm-none-eabi/4.9.3/armv6-m/libgcc.a(fixdfsi.o)
                0x00021758                __aeabi_d2iz
 .text          0x000217c4       0x78 /home/josepintor/Documentos/gcc-arm-none-eabi-4_9-2015q3/bin/../lib/gcc/arm-none-eabi/4.9.3/armv6-m/libgcc.a(floatsidf.o)
                0x000217c4                __aeabi_i2d
 .text          0x0002183c       0x64 /home/josepintor/Documentos/gcc-arm-none-eabi-4_9-2015q3/bin/../lib/gcc/arm-none-eabi/4.9.3/armv6-m/libgcc.a(floatunsidf.o)
                0x0002183c                __aeabi_ui2d
 .text          0x000218a0       0x3c /home/josepintor/Documentos/gcc-arm-none-eabi-4_9-2015q3/bin/../lib/gcc/arm-none-eabi/4.9.3/armv6-m/libgcc.a(_clzsi2.o)
                0x000218a0                __clzsi2
 .text          0x000218dc       0x54 /home/josepintor/Documentos/gcc-arm-none-eabi-4_9-2015q3/bin/../lib/gcc/arm-none-eabi/4.9.3/armv6-m/libgcc.a(_muldi3.o)
                0x000218dc                __aeabi_lmul
                0x000218dc                __muldi3
 .text          0x00021930      0x1f0 /home/josepintor/Documentos/gcc-arm-none-eabi-4_9-2015q3/bin/../lib/gcc/arm-none-eabi/4.9.3/armv6-m/libgcc.a(_divdi3.o)
                0x00021930                __divdi3
 .text          0x00021b20      0x158 /home/josepintor/Documentos/gcc-arm-none-eabi-4_9-2015q3/bin/../lib/gcc/arm-none-eabi/4.9.3/armv6-m/libgcc.a(_udivdi3.o)
                0x00021b20                __udivdi3
 .text          0x00021c78       0x18 /home/josepintor/Documentos/gcc-arm-none-eabi-4_9-2015q3/bin/../lib/gcc/arm-none-eabi/4.9.3/armv6-m/libgcc.a(_clzdi2.o)
                0x00021c78                __clzdi2
 .text.__errno  0x00021c90        0xc /home/josepintor/Documentos/gcc-arm-none-eabi-4_9-2015q3/bin/../lib/gcc/arm-none-eabi/4.9.3/../../../../arm-none-eabi/lib/armv6-m/libc_nano.a(lib_a-errno.o)
                0x00021c90                __errno
 .text.exit     0x00021c9c       0x2c /home/josepintor/Documentos/gcc-arm-none-eabi-4_9-2015q3/bin/../lib/gcc/arm-none-eabi/4.9.3/../../../../arm-none-eabi/lib/armv6-m/libc_nano.a(lib_a-exit.o)
                0x00021c9c                exit
 .text.__libc_init_array
                0x00021cc8       0x4c /home/josepintor/Documentos/gcc-arm-none-eabi-4_9-2015q3/bin/../lib/gcc/arm-none-eabi/4.9.3/../../../../arm-none-eabi/lib/armv6-m/libc_nano.a(lib_a-init.o)
                0x00021cc8                __libc_init_array
 .text.memcmp   0x00021d14       0x1e /home/josepintor/Documentos/gcc-arm-none-eabi-4_9-2015q3/bin/../lib/gcc/arm-none-eabi/4.9.3/../../../../arm-none-eabi/lib/armv6-m/libc_nano.a(lib_a-memcmp.o)
                0x00021d14                memcmp
 .text.memcpy   0x00021d32       0x12 /home/josepintor/Documentos/gcc-arm-none-eabi-4_9-2015q3/bin/../lib/gcc/arm-none-eabi/4.9.3/../../../../arm-none-eabi/lib/armv6-m/libc_nano.a(lib_a-memcpy.o)
                0x00021d32                memcpy
 .text.memset   0x00021d44       0x10 /home/josepintor/Documentos/gcc-arm-none-eabi-4_9-2015q3/bin/../lib/gcc/arm-none-eabi/4.9.3/../../../../arm-none-eabi/lib/armv6-m/libc_nano.a(lib_a-memset.o)
                0x00021d44                memset
 .text._free_r  0x00021d54       0x8c /home/josepintor/Documentos/gcc-arm-none-eabi-4_9-2015q3/bin/../lib/gcc/arm-none-eabi/4.9.3/../../../../arm-none-eabi/lib/armv6-m/libc_nano.a(lib_a-nano-freer.o)
                0x00021d54                _free_r
 .text._malloc_r
                0x00021de0       0xb0 /home/josepintor/Documentos/gcc-arm-none-eabi-4_9-2015q3/bin/../lib/gcc/arm-none-eabi/4.9.3/../../../../arm-none-eabi/lib/armv6-m/libc_nano.a(lib_a-nano-mallocr.o)
                0x00021de0                _malloc_r
 .text._sbrk_r  0x00021e90       0x24 /home/josepintor/Documentos/gcc-arm-none-eabi-4_9-2015q3/bin/../lib/gcc/arm-none-eabi/4.9.3/../../../../arm-none-eabi/lib/armv6-m/libc_nano.a(lib_a-sbrkr.o)
                0x00021e90                _sbrk_r
 .text.sprintf  0x00021eb4       0x44 /home/josepintor/Documentos/gcc-arm-none-eabi-4_9-2015q3/bin/../lib/gcc/arm-none-eabi/4.9.3/../../../../arm-none-eabi/lib/armv6-m/libc_nano.a(lib_a-sprintf.o)
                0x00021eb4                sprintf
                0x00021eb4                siprintf
 .text.strcpy   0x00021ef8       0x10 /home/josepintor/Documentos/gcc-arm-none-eabi-4_9-2015q3/bin/../lib/gcc/arm-none-eabi/4.9.3/../../../../arm-none-eabi/lib/armv6-m/libc_nano.a(lib_a-strcpy.o)
                0x00021ef8                strcpy
 .text.strlen   0x00021f08        0xe /home/josepintor/Documentos/gcc-arm-none-eabi-4_9-2015q3/bin/../lib/gcc/arm-none-eabi/4.9.3/../../../../arm-none-eabi/lib/armv6-m/libc_nano.a(lib_a-strlen.o)
                0x00021f08                strlen
 *fill*         0x00021f16        0x2 
 .text.__ssputs_r
                0x00021f18       0xc0 /home/josepintor/Documentos/gcc-arm-none-eabi-4_9-2015q3/bin/../lib/gcc/arm-none-eabi/4.9.3/../../../../arm-none-eabi/lib/armv6-m/libc_nano.a(lib_a-nano-svfprintf.o)
                0x00021f18                __ssputs_r
 .text._svfprintf_r
                0x00021fd8      0x1ec /home/josepintor/Documentos/gcc-arm-none-eabi-4_9-2015q3/bin/../lib/gcc/arm-none-eabi/4.9.3/../../../../arm-none-eabi/lib/armv6-m/libc_nano.a(lib_a-nano-svfprintf.o)
                0x00021fd8                _svfprintf_r
                0x00021fd8                _svfiprintf_r
 .text._printf_common
                0x000221c4       0xdc /home/josepintor/Documentos/gcc-arm-none-eabi-4_9-2015q3/bin/../lib/gcc/arm-none-eabi/4.9.3/../../../../arm-none-eabi/lib/armv6-m/libc_nano.a(lib_a-nano-vfprintf_i.o)
                0x000221c4                _printf_common
 .text._printf_i
                0x000222a0      0x230 /home/josepintor/Documentos/gcc-arm-none-eabi-4_9-2015q3/bin/../lib/gcc/arm-none-eabi/4.9.3/../../../../arm-none-eabi/lib/armv6-m/libc_nano.a(lib_a-nano-vfprintf_i.o)
                0x000222a0                _printf_i
 .text.memchr   0x000224d0       0x16 /home/josepintor/Documentos/gcc-arm-none-eabi-4_9-2015q3/bin/../lib/gcc/arm-none-eabi/4.9.3/../../../../arm-none-eabi/lib/armv6-m/libc_nano.a(lib_a-memchr.o)
                0x000224d0                memchr
 .text.memmove  0x000224e6       0x28 /home/josepintor/Documentos/gcc-arm-none-eabi-4_9-2015q3/bin/../lib/gcc/arm-none-eabi/4.9.3/../../../../arm-none-eabi/lib/armv6-m/libc_nano.a(lib_a-memmove.o)
                0x000224e6                memmove
 .text._realloc_r
                0x0002250e       0x4c /home/josepintor/Documentos/gcc-arm-none-eabi-4_9-2015q3/bin/../lib/gcc/arm-none-eabi/4.9.3/../../../../arm-none-eabi/lib/armv6-m/libc_nano.a(lib_a-nano-reallocr.o)
                0x0002250e                _realloc_r
 .text._malloc_usable_size_r
                0x0002255a       0x16 /home/josepintor/Documentos/gcc-arm-none-eabi-4_9-2015q3/bin/../lib/gcc/arm-none-eabi/4.9.3/../../../../arm-none-eabi/lib/armv6-m/libc_nano.a(lib_a-nano-msizer.o)
                0x0002255a                _malloc_usable_size_r
 .text._sbrk    0x00022570       0x1c /home/josepintor/Documentos/gcc-arm-none-eabi-4_9-2015q3/bin/../lib/gcc/arm-none-eabi/4.9.3/../../../../arm-none-eabi/lib/armv6-m/libnosys.a(sbrk.o)
                0x00022570                _sbrk
 .text._exit    0x0002258c        0x4 /home/josepintor/Documentos/gcc-arm-none-eabi-4_9-2015q3/bin/../lib/gcc/arm-none-eabi/4.9.3/../../../../arm-none-eabi/lib/armv6-m/libnosys.a(_exit.o)
                0x0002258c                _exit
 *(.init)
 .init          0x00022590        0x4 /home/josepintor/Documentos/gcc-arm-none-eabi-4_9-2015q3/bin/../lib/gcc/arm-none-eabi/4.9.3/armv6-m/crti.o
                0x00022590                _init
 .init          0x00022594        0x8 /home/josepintor/Documentos/gcc-arm-none-eabi-4_9-2015q3/bin/../lib/gcc/arm-none-eabi/4.9.3/armv6-m/crtn.o
 *(.fini)
 .fini          0x0002259c        0x4 /home/josepintor/Documentos/gcc-arm-none-eabi-4_9-2015q3/bin/../lib/gcc/arm-none-eabi/4.9.3/armv6-m/crti.o
                0x0002259c                _fini
 .fini          0x000225a0        0x8 /home/josepintor/Documentos/gcc-arm-none-eabi-4_9-2015q3/bin/../lib/gcc/arm-none-eabi/4.9.3/armv6-m/crtn.o
 *crtbegin.o(.ctors)
 *crtbegin?.o(.ctors)
 *(EXCLUDE_FILE(*crtend.o *crtend?.o) .ctors)
 *(SORT(.ctors.*))
 *(.ctors)
 *crtbegin.o(.dtors)
 *crtbegin?.o(.dtors)
 *(EXCLUDE_FILE(*crtend.o *crtend?.o) .dtors)
 *(SORT(.dtors.*))
 *(.dtors)
 *(.rodata*)
 .rodata.str1.1
                0x000225a8       0xaf _build/init.o
 .rodata.str1.1
                0x00022657       0xf2 _build/utils.o
                                 0xf3 (size before relaxing)
 .rodata        0x00022749       0x10 _build/ble_ambient.o
 .rodata.str1.1
                0x00022759       0x74 _build/ble_ambient.o
                                 0xcc (size before relaxing)
 .rodata.str1.1
                0x000227cd      0x462 _build/main.o
                                0x467 (size before relaxing)
 .rodata.str1.1
                0x00022c2f       0xba _build/SparkFunTSL2561.o
 .rodata.str1.1
                0x00022ce9      0x11d _build/temp.o
 .rodata.str1.1
                0x00022e06       0x7c _build/install.o
                                 0xab (size before relaxing)
 .rodata.str1.1
                0x00022e82       0xfc _build/lum.o
                                0x113 (size before relaxing)
 .rodata.str1.1
                0x00022f7e       0x80 _build/sd2app.o
                                 0xaf (size before relaxing)
 .rodata.str1.1
                0x00022ffe       0xe9 _build/pr.o
                                0x100 (size before relaxing)
 .rodata.str1.1
                0x000230e7       0x80 _build/alert.o
                                 0xaf (size before relaxing)
 .rodata.str1.1
                0x00023167       0xef _build/hum.o
                                0x106 (size before relaxing)
 .rodata.str1.1
                0x00023256       0xf8 _build/battery.o
 .rodata.str1.1
                0x0002334e       0x51 _build/mpu9x50.o
 .rodata.str1.1
                0x0002339f       0x1f _build/fhp_gpio.o
 .rodata        0x000233be        0xa _build/nrf_pwm.o
 .rodata.str1.1
                0x000233c8        0x9 _build/SEGGER_RTT.o
 .rodata.str1.1
                0x000233d1       0x43 _build/ff.o
 .rodata        0x00023414        0x3 _build/spi_fhp_master.o
 .rodata.str1.1
                0x00023417       0x59 _build/ble_dis.o
 .rodata.str1.1
                0x00023470       0x5c _build/softdevice_handler.o
 .rodata.str1.1
                0x000234cc       0x54 _build/app_timer.o
 .rodata        0x00023520       0x34 _build/device_manager_peripheral.o
                0x00023520                m_service_context_store
                0x00023530                m_service_context_load
                0x00023540                m_service_context_apply
                0x00023550                m_context_init_len
 .rodata.str1.1
                0x00023554       0x58 _build/app_scheduler.o
 .rodata.str1.4
                0x000235ac        0x4 /home/josepintor/Documentos/gcc-arm-none-eabi-4_9-2015q3/bin/../lib/gcc/arm-none-eabi/4.9.3/../../../../arm-none-eabi/lib/armv6-m/libm.a(lib_a-w_pow.o)
 .rodata.dp_h   0x000235b0       0x10 /home/josepintor/Documentos/gcc-arm-none-eabi-4_9-2015q3/bin/../lib/gcc/arm-none-eabi/4.9.3/../../../../arm-none-eabi/lib/armv6-m/libm.a(lib_a-e_pow.o)
 .rodata.dp_l   0x000235c0       0x10 /home/josepintor/Documentos/gcc-arm-none-eabi-4_9-2015q3/bin/../lib/gcc/arm-none-eabi/4.9.3/../../../../arm-none-eabi/lib/armv6-m/libm.a(lib_a-e_pow.o)
 .rodata.bp     0x000235d0       0x10 /home/josepintor/Documentos/gcc-arm-none-eabi-4_9-2015q3/bin/../lib/gcc/arm-none-eabi/4.9.3/../../../../arm-none-eabi/lib/armv6-m/libm.a(lib_a-e_pow.o)
 .rodata.str1.4
                0x000235e0        0x4 /home/josepintor/Documentos/gcc-arm-none-eabi-4_9-2015q3/bin/../lib/gcc/arm-none-eabi/4.9.3/../../../../arm-none-eabi/lib/armv6-m/libm.a(lib_a-e_pow.o)
                                  0x1 (size before relaxing)
 *fill*         0x000235e4        0x4 
 .rodata.TWO52  0x000235e8       0x10 /home/josepintor/Documentos/gcc-arm-none-eabi-4_9-2015q3/bin/../lib/gcc/arm-none-eabi/4.9.3/../../../../arm-none-eabi/lib/armv6-m/libm.a(lib_a-s_rint.o)
 .rodata        0x000235f8       0x40 /home/josepintor/Documentos/gcc-arm-none-eabi-4_9-2015q3/bin/../lib/gcc/arm-none-eabi/4.9.3/armv6-m/libgcc.a(divdf3.o)
 .rodata        0x00023638       0x40 /home/josepintor/Documentos/gcc-arm-none-eabi-4_9-2015q3/bin/../lib/gcc/arm-none-eabi/4.9.3/armv6-m/libgcc.a(muldf3.o)
 .rodata.str1.1
                0x00023678        0x2 /home/josepintor/Documentos/gcc-arm-none-eabi-4_9-2015q3/bin/../lib/gcc/arm-none-eabi/4.9.3/../../../../arm-none-eabi/lib/armv6-m/libc_nano.a(lib_a-impure.o)
 *fill*         0x0002367a        0x2 
 .rodata._global_impure_ptr
                0x0002367c        0x4 /home/josepintor/Documentos/gcc-arm-none-eabi-4_9-2015q3/bin/../lib/gcc/arm-none-eabi/4.9.3/../../../../arm-none-eabi/lib/armv6-m/libc_nano.a(lib_a-impure.o)
                0x0002367c                _global_impure_ptr
 .rodata.__sf_fake_stdin
                0x00023680       0x20 /home/josepintor/Documentos/gcc-arm-none-eabi-4_9-2015q3/bin/../lib/gcc/arm-none-eabi/4.9.3/../../../../arm-none-eabi/lib/armv6-m/libc_nano.a(lib_a-findfp.o)
                0x00023680                __sf_fake_stdin
 .rodata.__sf_fake_stdout
                0x000236a0       0x20 /home/josepintor/Documentos/gcc-arm-none-eabi-4_9-2015q3/bin/../lib/gcc/arm-none-eabi/4.9.3/../../../../arm-none-eabi/lib/armv6-m/libc_nano.a(lib_a-findfp.o)
                0x000236a0                __sf_fake_stdout
 .rodata.__sf_fake_stderr
                0x000236c0       0x20 /home/josepintor/Documentos/gcc-arm-none-eabi-4_9-2015q3/bin/../lib/gcc/arm-none-eabi/4.9.3/../../../../arm-none-eabi/lib/armv6-m/libc_nano.a(lib_a-findfp.o)
                0x000236c0                __sf_fake_stderr
 .rodata.str1.1
                0x000236e0       0x11 /home/josepintor/Documentos/gcc-arm-none-eabi-4_9-2015q3/bin/../lib/gcc/arm-none-eabi/4.9.3/../../../../arm-none-eabi/lib/armv6-m/libc_nano.a(lib_a-nano-svfprintf.o)
 .rodata.str1.1
                0x000236f1       0x22 /home/josepintor/Documentos/gcc-arm-none-eabi-4_9-2015q3/bin/../lib/gcc/arm-none-eabi/4.9.3/../../../../arm-none-eabi/lib/armv6-m/libc_nano.a(lib_a-nano-vfprintf_i.o)
 *(.eh_frame*)

.glue_7         0x00023714        0x0
 .glue_7        0x00000000        0x0 linker stubs

.glue_7t        0x00023714        0x0
 .glue_7t       0x00000000        0x0 linker stubs

.vfp11_veneer   0x00023714        0x0
 .vfp11_veneer  0x00000000        0x0 linker stubs

.v4_bx          0x00023714        0x0
 .v4_bx         0x00000000        0x0 linker stubs

.iplt           0x00023714        0x0
 .iplt          0x00000000        0x0 /home/josepintor/Documentos/gcc-arm-none-eabi-4_9-2015q3/bin/../lib/gcc/arm-none-eabi/4.9.3/armv6-m/crtbegin.o

.ARM.extab
 *(.ARM.extab* .gnu.linkonce.armextab.*)
                0x00023714                __exidx_start = .

.ARM.exidx      0x00023714        0x8
 *(.ARM.exidx* .gnu.linkonce.armexidx.*)
 .ARM.exidx     0x00023714        0x8 /home/josepintor/Documentos/gcc-arm-none-eabi-4_9-2015q3/bin/../lib/gcc/arm-none-eabi/4.9.3/../../../../arm-none-eabi/lib/armv6-m/crt0.o
 .ARM.exidx     0x0002371c        0x0 _build/gcc_startup_nrf51.o
                                  0x8 (size before relaxing)
 .ARM.exidx     0x0002371c        0x0 /home/josepintor/Documentos/gcc-arm-none-eabi-4_9-2015q3/bin/../lib/gcc/arm-none-eabi/4.9.3/armv6-m/libgcc.a(_divdi3.o)
                                  0x8 (size before relaxing)
 .ARM.exidx     0x0002371c        0x0 /home/josepintor/Documentos/gcc-arm-none-eabi-4_9-2015q3/bin/../lib/gcc/arm-none-eabi/4.9.3/armv6-m/libgcc.a(_udivdi3.o)
                                  0x8 (size before relaxing)
                0x0002371c                __exidx_end = .
                0x0002371c                __etext = .

.rel.dyn        0x0002371c        0x0
 .rel.iplt      0x00000000        0x0 /home/josepintor/Documentos/gcc-arm-none-eabi-4_9-2015q3/bin/../lib/gcc/arm-none-eabi/4.9.3/armv6-m/crtbegin.o

.data           0x20002000      0x138 load address 0x0002371c
                0x20002000                __data_start__ = .
 *(vtable)
 *(.data*)
 .data          0x20002000        0x2 _build/main.o
 *fill*         0x20002002        0x2 
 .data          0x20002004       0x13 _build/SparkFunTSL2561.o
                0x20002004                TSL2561_ADDR
                0x20002005                TSL2561_CMD_CLEAR
                0x20002006                TSL2561_CMD
                0x20002007                TSL2561_REG_ID
                0x20002008                TSL2561_REG_TIMING
                0x2000200c                ms
                0x20002010                TSL2561_REG_INTCTL
                0x20002011                TSL2561_REG_DATA_0
                0x20002012                TSL2561_REG_DATA_1
                0x20002013                TSL2561_REG_THRESH_L
                0x20002014                TSL2561_REG_THRESH_H
                0x20002015                TSL2561_ADDR_1
                0x20002016                TSL2561_ADDR_0
 *fill*         0x20002017        0x1 
 .data          0x20002018       0x3c _build/fhp_gpio.o
 .data          0x20002054        0x4 _build/nrf_pwm.o
 .data          0x20002058       0x78 _build/SEGGER_RTT.o
 .data          0x200020d0        0x1 _build/diskio.o
 .data.__fdlib_version
                0x200020d1        0x1 /home/josepintor/Documentos/gcc-arm-none-eabi-4_9-2015q3/bin/../lib/gcc/arm-none-eabi/4.9.3/../../../../arm-none-eabi/lib/armv6-m/libm.a(lib_a-s_lib_ver.o)
                0x200020d1                __fdlib_version
 *fill*         0x200020d2        0x2 
 .data.impure_data
                0x200020d4       0x60 /home/josepintor/Documentos/gcc-arm-none-eabi-4_9-2015q3/bin/../lib/gcc/arm-none-eabi/4.9.3/../../../../arm-none-eabi/lib/armv6-m/libc_nano.a(lib_a-impure.o)
 .data._impure_ptr
                0x20002134        0x4 /home/josepintor/Documentos/gcc-arm-none-eabi-4_9-2015q3/bin/../lib/gcc/arm-none-eabi/4.9.3/../../../../arm-none-eabi/lib/armv6-m/libc_nano.a(lib_a-impure.o)
                0x20002134                _impure_ptr
                0x20002138                . = ALIGN (0x4)
                0x20002138                PROVIDE (__preinit_array_start, .)
 *(.preinit_array)
                0x20002138                PROVIDE (__preinit_array_end, .)
                0x20002138                . = ALIGN (0x4)
                0x20002138                PROVIDE (__init_array_start, .)
 *(SORT(.init_array.*))
 *(.init_array)
                0x20002138                PROVIDE (__init_array_end, .)
                0x20002138                . = ALIGN (0x4)
                0x20002138                PROVIDE (__fini_array_start, .)
 *(SORT(.fini_array.*))
 *(.fini_array)
                0x20002138                PROVIDE (__fini_array_end, .)
 *(.jcr)
                0x20002138                . = ALIGN (0x4)
                0x20002138                __data_end__ = .

.igot.plt       0x20002138        0x0 load address 0x00023854
 .igot.plt      0x00000000        0x0 /home/josepintor/Documentos/gcc-arm-none-eabi-4_9-2015q3/bin/../lib/gcc/arm-none-eabi/4.9.3/armv6-m/crtbegin.o

.bss            0x20002138     0x1634 load address 0x00023858
                0x20002138                . = ALIGN (0x4)
                0x20002138                __bss_start__ = .
 *(.bss*)
 .bss           0x20002138      0x9d4 _build/init.o
 .bss           0x20002b0c       0x10 _build/nosso.o
 .bss           0x20002b1c       0x84 _build/ble_ambient.o
 .bss           0x20002ba0        0x4 _build/sd_card.o
 .bss           0x20002ba4        0x4 _build/SparkFunTSL2561.o
                0x20002ba4                TSL2561_REG_CONTROL
                0x20002ba5                time
                0x20002ba6                good
                0x20002ba7                error
 .bss           0x20002ba8        0x2 _build/battery.o
 .bss           0x20002baa        0x1 _build/max1161x.o
 .bss           0x20002bab        0x1 _build/max17048.o
 .bss           0x20002bac        0x3 _build/pca9538.o
 *fill*         0x20002baf        0x1 
 .bss           0x20002bb0       0x58 _build/nrf_pwm.o
 .bss           0x20002c08        0x4 _build/bme280.o
 .bss           0x20002c0c      0x411 _build/SEGGER_RTT.o
 *fill*         0x2000301d        0x3 
 .bss           0x20003020        0x6 _build/ff.o
 .bss           0x20003026        0x1 _build/diskio.o
 *fill*         0x20003027        0x1 
 .bss           0x20003028       0x4a _build/ble_dis.o
 *fill*         0x20003072        0x2 
 .bss           0x20003074       0x18 _build/softdevice_handler.o
 .bss           0x2000308c       0x35 _build/ble_conn_params.o
 *fill*         0x200030c1        0x3 
 .bss           0x200030c4       0x29 _build/app_timer.o
 *fill*         0x200030ed        0x3 
 .bss           0x200030f0       0xf8 _build/pstorage.o
 .bss           0x200031e8      0x120 _build/device_manager_peripheral.o
 .bss           0x20003308        0xa _build/app_gpiote.o
 *fill*         0x20003312        0x2 
 .bss           0x20003314        0xe _build/app_scheduler.o
 *fill*         0x20003322        0x2 
 .bss.__malloc_sbrk_start
                0x20003324        0x4 /home/josepintor/Documentos/gcc-arm-none-eabi-4_9-2015q3/bin/../lib/gcc/arm-none-eabi/4.9.3/../../../../arm-none-eabi/lib/armv6-m/libc_nano.a(lib_a-nano-mallocr.o)
                0x20003324                __malloc_sbrk_start
 .bss.__malloc_free_list
                0x20003328        0x4 /home/josepintor/Documentos/gcc-arm-none-eabi-4_9-2015q3/bin/../lib/gcc/arm-none-eabi/4.9.3/../../../../arm-none-eabi/lib/armv6-m/libc_nano.a(lib_a-nano-mallocr.o)
                0x20003328                __malloc_free_list
 .bss.heap_end.4079
                0x2000332c        0x4 /home/josepintor/Documentos/gcc-arm-none-eabi-4_9-2015q3/bin/../lib/gcc/arm-none-eabi/4.9.3/../../../../arm-none-eabi/lib/armv6-m/libnosys.a(sbrk.o)
 *(COMMON)
 COMMON         0x20003330      0x3f4 _build/init.o
                0x20003330                m_alert
                0x20003350                m_gauge_timer_id
                0x20003354                m_gpiote_user_ch
                0x20003355                _i2c_address
                0x20003358                m_watchdog_timer_id
                0x2000335c                twi_busy
                0x2000335d                m_app_handle
                0x20003360                m_sd2app
                0x20003380                m_pr
                0x200033a0                high_voltage_on
                0x200033a8                m_hum
                0x200033c8                low_battery
                0x200033cc                m_rtc_timer_id
                0x200033d0                m_amb
                0x20003488                m_temp
                0x200034a8                m_inst
                0x200034c8                _error
                0x200034cc                sd_card
                0x20003700                m_lum
                0x20003720                m_base_timer_id
 COMMON         0x20003724        0x4 _build/SparkFunTSL2561.o
                0x20003724                data1
                0x20003725                ID
                0x20003726                data0
                0x20003727                gain
 COMMON         0x20003728        0x1 _build/mpu9x50.o
                0x20003728                device_address
 *fill*         0x20003729        0x3 
 COMMON         0x2000372c       0x3c _build/bme280.o
                0x2000372c                bme280
 COMMON         0x20003768        0x4 /home/josepintor/Documentos/gcc-arm-none-eabi-4_9-2015q3/bin/../lib/gcc/arm-none-eabi/4.9.3/../../../../arm-none-eabi/lib/armv6-m/libc_nano.a(lib_a-reent.o)
                0x20003768                errno
                0x2000376c                . = ALIGN (0x4)
                0x2000376c                __bss_end__ = .

.heap           0x20003770        0x0
                0x20003770                __end__ = .
                0x20003770                end = __end__
 *(.heap*)
 .heap          0x20003770        0x0 _build/gcc_startup_nrf51.o
                0x20003770                __HeapLimit = .

.stack_dummy    0x20003770      0x800
 *(.stack*)
 .stack         0x20003770      0x800 _build/gcc_startup_nrf51.o
                0x20004000                __StackTop = (ORIGIN (RAM) + 0x2000)
                0x20003800                __StackLimit = (__StackTop - SIZEOF (.stack_dummy))
                0x20004000                PROVIDE (__stack, __StackTop)
                0x00000001                ASSERT ((__StackLimit >= __HeapLimit), region RAM overflowed with stack)
OUTPUT(_build/setec_s110_xxaa.out elf32-littlearm)

.ARM.attributes
                0x00000000       0x28
 .ARM.attributes
                0x00000000       0x1e /home/josepintor/Documentos/gcc-arm-none-eabi-4_9-2015q3/bin/../lib/gcc/arm-none-eabi/4.9.3/armv6-m/crti.o
 .ARM.attributes
                0x0000001e       0x1b /home/josepintor/Documentos/gcc-arm-none-eabi-4_9-2015q3/bin/../lib/gcc/arm-none-eabi/4.9.3/../../../../arm-none-eabi/lib/armv6-m/crt0.o
 .ARM.attributes
                0x00000039       0x31 _build/init.o
 .ARM.attributes
                0x0000006a       0x31 _build/utils.o
 .ARM.attributes
                0x0000009b       0x31 _build/nosso.o
 .ARM.attributes
                0x000000cc       0x31 _build/ble_ambient.o
 .ARM.attributes
                0x000000fd       0x31 _build/main.o
 .ARM.attributes
                0x0000012e       0x31 _build/sd_card.o
 .ARM.attributes
                0x0000015f       0x31 _build/SparkFunTSL2561.o
 .ARM.attributes
                0x00000190       0x31 _build/temp.o
 .ARM.attributes
                0x000001c1       0x31 _build/install.o
 .ARM.attributes
                0x000001f2       0x31 _build/lum.o
 .ARM.attributes
                0x00000223       0x31 _build/sd2app.o
 .ARM.attributes
                0x00000254       0x31 _build/pr.o
 .ARM.attributes
                0x00000285       0x31 _build/alert.o
 .ARM.attributes
                0x000002b6       0x31 _build/hum.o
 .ARM.attributes
                0x000002e7       0x31 _build/battery.o
 .ARM.attributes
                0x00000318       0x31 _build/max1161x.o
 .ARM.attributes
                0x00000349       0x31 _build/mpu9x50.o
 .ARM.attributes
                0x0000037a       0x31 _build/max17048.o
 .ARM.attributes
                0x000003ab       0x31 _build/pca9538.o
 .ARM.attributes
                0x000003dc       0x31 _build/fhp_gpio.o
 .ARM.attributes
                0x0000040d       0x31 _build/nrf_pwm.o
 .ARM.attributes
                0x0000043e       0x31 _build/bme280.o
 .ARM.attributes
                0x0000046f       0x31 _build/SEGGER_RTT.o
 .ARM.attributes
                0x000004a0       0x31 _build/ff.o
 .ARM.attributes
                0x000004d1       0x31 _build/diskio.o
 .ARM.attributes
                0x00000502       0x31 _build/spi_fhp_master.o
 .ARM.attributes
                0x00000533       0x31 _build/twi_hw_master.o
 .ARM.attributes
                0x00000564       0x31 _build/ble_dis.o
 .ARM.attributes
                0x00000595       0x31 _build/ble_srv_common.o
 .ARM.attributes
                0x000005c6       0x31 _build/softdevice_handler.o
 .ARM.attributes
                0x000005f7       0x31 _build/ble_advdata.o
 .ARM.attributes
                0x00000628       0x31 _build/ble_conn_params.o
 .ARM.attributes
                0x00000659       0x31 _build/app_timer.o
 .ARM.attributes
                0x0000068a       0x31 _build/pstorage.o
 .ARM.attributes
                0x000006bb       0x31 _build/device_manager_peripheral.o
 .ARM.attributes
                0x000006ec       0x31 _build/app_gpiote.o
 .ARM.attributes
                0x0000071d       0x31 _build/nrf_delay.o
 .ARM.attributes
                0x0000074e       0x31 _build/app_scheduler.o
 .ARM.attributes
                0x0000077f       0x31 _build/system_nrf51.o
 .ARM.attributes
                0x000007b0       0x1b _build/gcc_startup_nrf51.o
 .ARM.attributes
                0x000007cb       0x2c /home/josepintor/Documentos/gcc-arm-none-eabi-4_9-2015q3/bin/../lib/gcc/arm-none-eabi/4.9.3/../../../../arm-none-eabi/lib/armv6-m/libm.a(lib_a-w_pow.o)
 .ARM.attributes
                0x000007f7       0x2c /home/josepintor/Documentos/gcc-arm-none-eabi-4_9-2015q3/bin/../lib/gcc/arm-none-eabi/4.9.3/../../../../arm-none-eabi/lib/armv6-m/libm.a(lib_a-e_pow.o)
 .ARM.attributes
                0x00000823       0x2c /home/josepintor/Documentos/gcc-arm-none-eabi-4_9-2015q3/bin/../lib/gcc/arm-none-eabi/4.9.3/../../../../arm-none-eabi/lib/armv6-m/libm.a(lib_a-e_sqrt.o)
 .ARM.attributes
                0x0000084f       0x2c /home/josepintor/Documentos/gcc-arm-none-eabi-4_9-2015q3/bin/../lib/gcc/arm-none-eabi/4.9.3/../../../../arm-none-eabi/lib/armv6-m/libm.a(lib_a-s_fabs.o)
 .ARM.attributes
                0x0000087b       0x2c /home/josepintor/Documentos/gcc-arm-none-eabi-4_9-2015q3/bin/../lib/gcc/arm-none-eabi/4.9.3/../../../../arm-none-eabi/lib/armv6-m/libm.a(lib_a-s_finite.o)
 .ARM.attributes
                0x000008a7       0x2c /home/josepintor/Documentos/gcc-arm-none-eabi-4_9-2015q3/bin/../lib/gcc/arm-none-eabi/4.9.3/../../../../arm-none-eabi/lib/armv6-m/libm.a(lib_a-s_fpclassify.o)
 .ARM.attributes
                0x000008d3       0x2c /home/josepintor/Documentos/gcc-arm-none-eabi-4_9-2015q3/bin/../lib/gcc/arm-none-eabi/4.9.3/../../../../arm-none-eabi/lib/armv6-m/libm.a(lib_a-s_lib_ver.o)
 .ARM.attributes
                0x000008ff       0x2c /home/josepintor/Documentos/gcc-arm-none-eabi-4_9-2015q3/bin/../lib/gcc/arm-none-eabi/4.9.3/../../../../arm-none-eabi/lib/armv6-m/libm.a(lib_a-s_matherr.o)
 .ARM.attributes
                0x0000092b       0x2c /home/josepintor/Documentos/gcc-arm-none-eabi-4_9-2015q3/bin/../lib/gcc/arm-none-eabi/4.9.3/../../../../arm-none-eabi/lib/armv6-m/libm.a(lib_a-s_nan.o)
 .ARM.attributes
                0x00000957       0x2c /home/josepintor/Documentos/gcc-arm-none-eabi-4_9-2015q3/bin/../lib/gcc/arm-none-eabi/4.9.3/../../../../arm-none-eabi/lib/armv6-m/libm.a(lib_a-s_rint.o)
 .ARM.attributes
                0x00000983       0x2c /home/josepintor/Documentos/gcc-arm-none-eabi-4_9-2015q3/bin/../lib/gcc/arm-none-eabi/4.9.3/../../../../arm-none-eabi/lib/armv6-m/libm.a(lib_a-s_scalbn.o)
 .ARM.attributes
                0x000009af       0x2c /home/josepintor/Documentos/gcc-arm-none-eabi-4_9-2015q3/bin/../lib/gcc/arm-none-eabi/4.9.3/../../../../arm-none-eabi/lib/armv6-m/libm.a(lib_a-s_copysign.o)
 .ARM.attributes
                0x000009db       0x1e /home/josepintor/Documentos/gcc-arm-none-eabi-4_9-2015q3/bin/../lib/gcc/arm-none-eabi/4.9.3/armv6-m/libgcc.a(_thumb1_case_uqi.o)
 .ARM.attributes
                0x000009f9       0x1e /home/josepintor/Documentos/gcc-arm-none-eabi-4_9-2015q3/bin/../lib/gcc/arm-none-eabi/4.9.3/armv6-m/libgcc.a(_udivsi3.o)
 .ARM.attributes
                0x00000a17       0x1e /home/josepintor/Documentos/gcc-arm-none-eabi-4_9-2015q3/bin/../lib/gcc/arm-none-eabi/4.9.3/armv6-m/libgcc.a(_divsi3.o)
 .ARM.attributes
                0x00000a35       0x1e /home/josepintor/Documentos/gcc-arm-none-eabi-4_9-2015q3/bin/../lib/gcc/arm-none-eabi/4.9.3/armv6-m/libgcc.a(_dvmd_tls.o)
 .ARM.attributes
                0x00000a53       0x1e /home/josepintor/Documentos/gcc-arm-none-eabi-4_9-2015q3/bin/../lib/gcc/arm-none-eabi/4.9.3/armv6-m/libgcc.a(_arm_cmpdf2.o)
 .ARM.attributes
                0x00000a71       0x1e /home/josepintor/Documentos/gcc-arm-none-eabi-4_9-2015q3/bin/../lib/gcc/arm-none-eabi/4.9.3/armv6-m/libgcc.a(_aeabi_uldivmod.o)
 .ARM.attributes
                0x00000a8f       0x2c /home/josepintor/Documentos/gcc-arm-none-eabi-4_9-2015q3/bin/../lib/gcc/arm-none-eabi/4.9.3/armv6-m/libgcc.a(_fixunsdfsi.o)
 .ARM.attributes
                0x00000abb       0x2c /home/josepintor/Documentos/gcc-arm-none-eabi-4_9-2015q3/bin/../lib/gcc/arm-none-eabi/4.9.3/armv6-m/libgcc.a(bpabi.o)
 .ARM.attributes
                0x00000ae7       0x2c /home/josepintor/Documentos/gcc-arm-none-eabi-4_9-2015q3/bin/../lib/gcc/arm-none-eabi/4.9.3/armv6-m/libgcc.a(adddf3.o)
 .ARM.attributes
                0x00000b13       0x2c /home/josepintor/Documentos/gcc-arm-none-eabi-4_9-2015q3/bin/../lib/gcc/arm-none-eabi/4.9.3/armv6-m/libgcc.a(divdf3.o)
 .ARM.attributes
                0x00000b3f       0x2c /home/josepintor/Documentos/gcc-arm-none-eabi-4_9-2015q3/bin/../lib/gcc/arm-none-eabi/4.9.3/armv6-m/libgcc.a(eqdf2.o)
 .ARM.attributes
                0x00000b6b       0x2c /home/josepintor/Documentos/gcc-arm-none-eabi-4_9-2015q3/bin/../lib/gcc/arm-none-eabi/4.9.3/armv6-m/libgcc.a(gedf2.o)
 .ARM.attributes
                0x00000b97       0x2c /home/josepintor/Documentos/gcc-arm-none-eabi-4_9-2015q3/bin/../lib/gcc/arm-none-eabi/4.9.3/armv6-m/libgcc.a(ledf2.o)
 .ARM.attributes
                0x00000bc3       0x2c /home/josepintor/Documentos/gcc-arm-none-eabi-4_9-2015q3/bin/../lib/gcc/arm-none-eabi/4.9.3/armv6-m/libgcc.a(muldf3.o)
 .ARM.attributes
                0x00000bef       0x2c /home/josepintor/Documentos/gcc-arm-none-eabi-4_9-2015q3/bin/../lib/gcc/arm-none-eabi/4.9.3/armv6-m/libgcc.a(subdf3.o)
 .ARM.attributes
                0x00000c1b       0x2c /home/josepintor/Documentos/gcc-arm-none-eabi-4_9-2015q3/bin/../lib/gcc/arm-none-eabi/4.9.3/armv6-m/libgcc.a(fixdfsi.o)
 .ARM.attributes
                0x00000c47       0x2c /home/josepintor/Documentos/gcc-arm-none-eabi-4_9-2015q3/bin/../lib/gcc/arm-none-eabi/4.9.3/armv6-m/libgcc.a(floatsidf.o)
 .ARM.attributes
                0x00000c73       0x2c /home/josepintor/Documentos/gcc-arm-none-eabi-4_9-2015q3/bin/../lib/gcc/arm-none-eabi/4.9.3/armv6-m/libgcc.a(floatunsidf.o)
 .ARM.attributes
                0x00000c9f       0x1e /home/josepintor/Documentos/gcc-arm-none-eabi-4_9-2015q3/bin/../lib/gcc/arm-none-eabi/4.9.3/armv6-m/libgcc.a(_clzsi2.o)
 .ARM.attributes
                0x00000cbd       0x2c /home/josepintor/Documentos/gcc-arm-none-eabi-4_9-2015q3/bin/../lib/gcc/arm-none-eabi/4.9.3/armv6-m/libgcc.a(_muldi3.o)
 .ARM.attributes
                0x00000ce9       0x2c /home/josepintor/Documentos/gcc-arm-none-eabi-4_9-2015q3/bin/../lib/gcc/arm-none-eabi/4.9.3/armv6-m/libgcc.a(_divdi3.o)
 .ARM.attributes
                0x00000d15       0x2c /home/josepintor/Documentos/gcc-arm-none-eabi-4_9-2015q3/bin/../lib/gcc/arm-none-eabi/4.9.3/armv6-m/libgcc.a(_udivdi3.o)
 .ARM.attributes
                0x00000d41       0x1e /home/josepintor/Documentos/gcc-arm-none-eabi-4_9-2015q3/bin/../lib/gcc/arm-none-eabi/4.9.3/armv6-m/libgcc.a(_clzdi2.o)
 .ARM.attributes
                0x00000d5f       0x2c /home/josepintor/Documentos/gcc-arm-none-eabi-4_9-2015q3/bin/../lib/gcc/arm-none-eabi/4.9.3/../../../../arm-none-eabi/lib/armv6-m/libc_nano.a(lib_a-errno.o)
 .ARM.attributes
                0x00000d8b       0x2c /home/josepintor/Documentos/gcc-arm-none-eabi-4_9-2015q3/bin/../lib/gcc/arm-none-eabi/4.9.3/../../../../arm-none-eabi/lib/armv6-m/libc_nano.a(lib_a-exit.o)
 .ARM.attributes
                0x00000db7       0x2c /home/josepintor/Documentos/gcc-arm-none-eabi-4_9-2015q3/bin/../lib/gcc/arm-none-eabi/4.9.3/../../../../arm-none-eabi/lib/armv6-m/libc_nano.a(lib_a-impure.o)
 .ARM.attributes
                0x00000de3       0x2c /home/josepintor/Documentos/gcc-arm-none-eabi-4_9-2015q3/bin/../lib/gcc/arm-none-eabi/4.9.3/../../../../arm-none-eabi/lib/armv6-m/libc_nano.a(lib_a-init.o)
 .ARM.attributes
                0x00000e0f       0x2c /home/josepintor/Documentos/gcc-arm-none-eabi-4_9-2015q3/bin/../lib/gcc/arm-none-eabi/4.9.3/../../../../arm-none-eabi/lib/armv6-m/libc_nano.a(lib_a-memcmp.o)
 .ARM.attributes
                0x00000e3b       0x2c /home/josepintor/Documentos/gcc-arm-none-eabi-4_9-2015q3/bin/../lib/gcc/arm-none-eabi/4.9.3/../../../../arm-none-eabi/lib/armv6-m/libc_nano.a(lib_a-memcpy.o)
 .ARM.attributes
                0x00000e67       0x2c /home/josepintor/Documentos/gcc-arm-none-eabi-4_9-2015q3/bin/../lib/gcc/arm-none-eabi/4.9.3/../../../../arm-none-eabi/lib/armv6-m/libc_nano.a(lib_a-memset.o)
 .ARM.attributes
                0x00000e93       0x2c /home/josepintor/Documentos/gcc-arm-none-eabi-4_9-2015q3/bin/../lib/gcc/arm-none-eabi/4.9.3/../../../../arm-none-eabi/lib/armv6-m/libc_nano.a(lib_a-nano-freer.o)
 .ARM.attributes
                0x00000ebf       0x2c /home/josepintor/Documentos/gcc-arm-none-eabi-4_9-2015q3/bin/../lib/gcc/arm-none-eabi/4.9.3/../../../../arm-none-eabi/lib/armv6-m/libc_nano.a(lib_a-nano-mallocr.o)
 .ARM.attributes
                0x00000eeb       0x2c /home/josepintor/Documentos/gcc-arm-none-eabi-4_9-2015q3/bin/../lib/gcc/arm-none-eabi/4.9.3/../../../../arm-none-eabi/lib/armv6-m/libc_nano.a(lib_a-sbrkr.o)
 .ARM.attributes
                0x00000f17       0x2c /home/josepintor/Documentos/gcc-arm-none-eabi-4_9-2015q3/bin/../lib/gcc/arm-none-eabi/4.9.3/../../../../arm-none-eabi/lib/armv6-m/libc_nano.a(lib_a-sprintf.o)
 .ARM.attributes
                0x00000f43       0x2c /home/josepintor/Documentos/gcc-arm-none-eabi-4_9-2015q3/bin/../lib/gcc/arm-none-eabi/4.9.3/../../../../arm-none-eabi/lib/armv6-m/libc_nano.a(lib_a-strcpy.o)
 .ARM.attributes
                0x00000f6f       0x2c /home/josepintor/Documentos/gcc-arm-none-eabi-4_9-2015q3/bin/../lib/gcc/arm-none-eabi/4.9.3/../../../../arm-none-eabi/lib/armv6-m/libc_nano.a(lib_a-strlen.o)
 .ARM.attributes
                0x00000f9b       0x2c /home/josepintor/Documentos/gcc-arm-none-eabi-4_9-2015q3/bin/../lib/gcc/arm-none-eabi/4.9.3/../../../../arm-none-eabi/lib/armv6-m/libc_nano.a(lib_a-findfp.o)
 .ARM.attributes
                0x00000fc7       0x2c /home/josepintor/Documentos/gcc-arm-none-eabi-4_9-2015q3/bin/../lib/gcc/arm-none-eabi/4.9.3/../../../../arm-none-eabi/lib/armv6-m/libc_nano.a(lib_a-nano-svfprintf.o)
 .ARM.attributes
                0x00000ff3       0x2c /home/josepintor/Documentos/gcc-arm-none-eabi-4_9-2015q3/bin/../lib/gcc/arm-none-eabi/4.9.3/../../../../arm-none-eabi/lib/armv6-m/libc_nano.a(lib_a-nano-vfprintf_i.o)
 .ARM.attributes
                0x0000101f       0x2c /home/josepintor/Documentos/gcc-arm-none-eabi-4_9-2015q3/bin/../lib/gcc/arm-none-eabi/4.9.3/../../../../arm-none-eabi/lib/armv6-m/libc_nano.a(lib_a-reent.o)
 .ARM.attributes
                0x0000104b       0x2c /home/josepintor/Documentos/gcc-arm-none-eabi-4_9-2015q3/bin/../lib/gcc/arm-none-eabi/4.9.3/../../../../arm-none-eabi/lib/armv6-m/libc_nano.a(lib_a-memchr.o)
 .ARM.attributes
                0x00001077       0x2c /home/josepintor/Documentos/gcc-arm-none-eabi-4_9-2015q3/bin/../lib/gcc/arm-none-eabi/4.9.3/../../../../arm-none-eabi/lib/armv6-m/libc_nano.a(lib_a-memmove.o)
 .ARM.attributes
                0x000010a3       0x2c /home/josepintor/Documentos/gcc-arm-none-eabi-4_9-2015q3/bin/../lib/gcc/arm-none-eabi/4.9.3/../../../../arm-none-eabi/lib/armv6-m/libc_nano.a(lib_a-nano-reallocr.o)
 .ARM.attributes
                0x000010cf       0x2c /home/josepintor/Documentos/gcc-arm-none-eabi-4_9-2015q3/bin/../lib/gcc/arm-none-eabi/4.9.3/../../../../arm-none-eabi/lib/armv6-m/libc_nano.a(lib_a-nano-msizer.o)
 .ARM.attributes
                0x000010fb       0x1e /home/josepintor/Documentos/gcc-arm-none-eabi-4_9-2015q3/bin/../lib/gcc/arm-none-eabi/4.9.3/armv6-m/crtn.o
 .ARM.attributes
                0x00001119       0x2c /home/josepintor/Documentos/gcc-arm-none-eabi-4_9-2015q3/bin/../lib/gcc/arm-none-eabi/4.9.3/../../../../arm-none-eabi/lib/armv6-m/libnosys.a(sbrk.o)
 .ARM.attributes
                0x00001145       0x2c /home/josepintor/Documentos/gcc-arm-none-eabi-4_9-2015q3/bin/../lib/gcc/arm-none-eabi/4.9.3/../../../../arm-none-eabi/lib/armv6-m/libnosys.a(_exit.o)

.comment        0x00000000       0x70
 .comment       0x00000000       0x70 _build/init.o
                                 0x71 (size before relaxing)
 .comment       0x00000000       0x71 _build/utils.o
 .comment       0x00000000       0x71 _build/nosso.o
 .comment       0x00000000       0x71 _build/ble_ambient.o
 .comment       0x00000000       0x71 _build/main.o
 .comment       0x00000000       0x71 _build/sd_card.o
 .comment       0x00000000       0x71 _build/SparkFunTSL2561.o
 .comment       0x00000000       0x71 _build/temp.o
 .comment       0x00000000       0x71 _build/install.o
 .comment       0x00000000       0x71 _build/lum.o
 .comment       0x00000000       0x71 _build/sd2app.o
 .comment       0x00000000       0x71 _build/pr.o
 .comment       0x00000000       0x71 _build/alert.o
 .comment       0x00000000       0x71 _build/hum.o
 .comment       0x00000000       0x71 _build/battery.o
 .comment       0x00000000       0x71 _build/max1161x.o
 .comment       0x00000000       0x71 _build/mpu9x50.o
 .comment       0x00000000       0x71 _build/max17048.o
 .comment       0x00000000       0x71 _build/pca9538.o
 .comment       0x00000000       0x71 _build/fhp_gpio.o
 .comment       0x00000000       0x71 _build/nrf_pwm.o
 .comment       0x00000000       0x71 _build/bme280.o
 .comment       0x00000000       0x71 _build/SEGGER_RTT.o
 .comment       0x00000000       0x71 _build/ff.o
 .comment       0x00000000       0x71 _build/diskio.o
 .comment       0x00000000       0x71 _build/spi_fhp_master.o
 .comment       0x00000000       0x71 _build/twi_hw_master.o
 .comment       0x00000000       0x71 _build/ble_dis.o
 .comment       0x00000000       0x71 _build/ble_srv_common.o
 .comment       0x00000000       0x71 _build/softdevice_handler.o
 .comment       0x00000000       0x71 _build/ble_advdata.o
 .comment       0x00000000       0x71 _build/ble_conn_params.o
 .comment       0x00000000       0x71 _build/app_timer.o
 .comment       0x00000000       0x71 _build/pstorage.o
 .comment       0x00000000       0x71 _build/device_manager_peripheral.o
 .comment       0x00000000       0x71 _build/app_gpiote.o
 .comment       0x00000000       0x71 _build/nrf_delay.o
 .comment       0x00000000       0x71 _build/app_scheduler.o
 .comment       0x00000000       0x71 _build/system_nrf51.o

.debug_frame    0x00000000      0xa90
 .debug_frame   0x00000000       0x38 /home/josepintor/Documentos/gcc-arm-none-eabi-4_9-2015q3/bin/../lib/gcc/arm-none-eabi/4.9.3/../../../../arm-none-eabi/lib/armv6-m/libm.a(lib_a-w_pow.o)
 .debug_frame   0x00000038       0x3c /home/josepintor/Documentos/gcc-arm-none-eabi-4_9-2015q3/bin/../lib/gcc/arm-none-eabi/4.9.3/../../../../arm-none-eabi/lib/armv6-m/libm.a(lib_a-e_pow.o)
 .debug_frame   0x00000074       0x3c /home/josepintor/Documentos/gcc-arm-none-eabi-4_9-2015q3/bin/../lib/gcc/arm-none-eabi/4.9.3/../../../../arm-none-eabi/lib/armv6-m/libm.a(lib_a-e_sqrt.o)
 .debug_frame   0x000000b0       0x20 /home/josepintor/Documentos/gcc-arm-none-eabi-4_9-2015q3/bin/../lib/gcc/arm-none-eabi/4.9.3/../../../../arm-none-eabi/lib/armv6-m/libm.a(lib_a-s_fabs.o)
 .debug_frame   0x000000d0       0x20 /home/josepintor/Documentos/gcc-arm-none-eabi-4_9-2015q3/bin/../lib/gcc/arm-none-eabi/4.9.3/../../../../arm-none-eabi/lib/armv6-m/libm.a(lib_a-s_finite.o)
 .debug_frame   0x000000f0       0x2c /home/josepintor/Documentos/gcc-arm-none-eabi-4_9-2015q3/bin/../lib/gcc/arm-none-eabi/4.9.3/../../../../arm-none-eabi/lib/armv6-m/libm.a(lib_a-s_fpclassify.o)
 .debug_frame   0x0000011c       0x20 /home/josepintor/Documentos/gcc-arm-none-eabi-4_9-2015q3/bin/../lib/gcc/arm-none-eabi/4.9.3/../../../../arm-none-eabi/lib/armv6-m/libm.a(lib_a-s_matherr.o)
 .debug_frame   0x0000013c       0x20 /home/josepintor/Documentos/gcc-arm-none-eabi-4_9-2015q3/bin/../lib/gcc/arm-none-eabi/4.9.3/../../../../arm-none-eabi/lib/armv6-m/libm.a(lib_a-s_nan.o)
 .debug_frame   0x0000015c       0x38 /home/josepintor/Documentos/gcc-arm-none-eabi-4_9-2015q3/bin/../lib/gcc/arm-none-eabi/4.9.3/../../../../arm-none-eabi/lib/armv6-m/libm.a(lib_a-s_rint.o)
 .debug_frame   0x00000194       0x30 /home/josepintor/Documentos/gcc-arm-none-eabi-4_9-2015q3/bin/../lib/gcc/arm-none-eabi/4.9.3/../../../../arm-none-eabi/lib/armv6-m/libm.a(lib_a-s_scalbn.o)
 .debug_frame   0x000001c4       0x2c /home/josepintor/Documentos/gcc-arm-none-eabi-4_9-2015q3/bin/../lib/gcc/arm-none-eabi/4.9.3/../../../../arm-none-eabi/lib/armv6-m/libm.a(lib_a-s_copysign.o)
 .debug_frame   0x000001f0       0x20 /home/josepintor/Documentos/gcc-arm-none-eabi-4_9-2015q3/bin/../lib/gcc/arm-none-eabi/4.9.3/armv6-m/libgcc.a(_udivsi3.o)