Archive member included because of file (symbol)

/gcc-arm-none-eabi-4_9-2015q3/bin/../lib/gcc/arm-none-eabi/4.9.3/../../../../arm-none-eabi/lib/armv6-m/libm.a(lib_a-w_pow.o)
                              _build/SparkFunTSL2561.o (pow)
/gcc-arm-none-eabi-4_9-2015q3/bin/../lib/gcc/arm-none-eabi/4.9.3/../../../../arm-none-eabi/lib/armv6-m/libm.a(lib_a-e_pow.o)
                              /gcc-arm-none-eabi-4_9-2015q3/bin/../lib/gcc/arm-none-eabi/4.9.3/../../../../arm-none-eabi/lib/armv6-m/libm.a(lib_a-w_pow.o) (__ieee754_pow)
/gcc-arm-none-eabi-4_9-2015q3/bin/../lib/gcc/arm-none-eabi/4.9.3/../../../../arm-none-eabi/lib/armv6-m/libm.a(lib_a-e_sqrt.o)
                              /gcc-arm-none-eabi-4_9-2015q3/bin/../lib/gcc/arm-none-eabi/4.9.3/../../../../arm-none-eabi/lib/armv6-m/libm.a(lib_a-e_pow.o) (__ieee754_sqrt)
/gcc-arm-none-eabi-4_9-2015q3/bin/../lib/gcc/arm-none-eabi/4.9.3/../../../../arm-none-eabi/lib/armv6-m/libm.a(lib_a-s_fabs.o)
                              /gcc-arm-none-eabi-4_9-2015q3/bin/../lib/gcc/arm-none-eabi/4.9.3/../../../../arm-none-eabi/lib/armv6-m/libm.a(lib_a-e_pow.o) (fabs)
/gcc-arm-none-eabi-4_9-2015q3/bin/../lib/gcc/arm-none-eabi/4.9.3/../../../../arm-none-eabi/lib/armv6-m/libm.a(lib_a-s_finite.o)
                              /gcc-arm-none-eabi-4_9-2015q3/bin/../lib/gcc/arm-none-eabi/4.9.3/../../../../arm-none-eabi/lib/armv6-m/libm.a(lib_a-w_pow.o) (finite)
/gcc-arm-none-eabi-4_9-2015q3/bin/../lib/gcc/arm-none-eabi/4.9.3/../../../../arm-none-eabi/lib/armv6-m/libm.a(lib_a-s_fpclassify.o)
                              /gcc-arm-none-eabi-4_9-2015q3/bin/../lib/gcc/arm-none-eabi/4.9.3/../../../../arm-none-eabi/lib/armv6-m/libm.a(lib_a-w_pow.o) (__fpclassifyd)
/gcc-arm-none-eabi-4_9-2015q3/bin/../lib/gcc/arm-none-eabi/4.9.3/../../../../arm-none-eabi/lib/armv6-m/libm.a(lib_a-s_lib_ver.o)
                              /gcc-arm-none-eabi-4_9-2015q3/bin/../lib/gcc/arm-none-eabi/4.9.3/../../../../arm-none-eabi/lib/armv6-m/libm.a(lib_a-w_pow.o) (__fdlib_version)
/gcc-arm-none-eabi-4_9-2015q3/bin/../lib/gcc/arm-none-eabi/4.9.3/../../../../arm-none-eabi/lib/armv6-m/libm.a(lib_a-s_matherr.o)
                              /gcc-arm-none-eabi-4_9-2015q3/bin/../lib/gcc/arm-none-eabi/4.9.3/../../../../arm-none-eabi/lib/armv6-m/libm.a(lib_a-w_pow.o) (matherr)
/gcc-arm-none-eabi-4_9-2015q3/bin/../lib/gcc/arm-none-eabi/4.9.3/../../../../arm-none-eabi/lib/armv6-m/libm.a(lib_a-s_nan.o)
                              /gcc-arm-none-eabi-4_9-2015q3/bin/../lib/gcc/arm-none-eabi/4.9.3/../../../../arm-none-eabi/lib/armv6-m/libm.a(lib_a-e_pow.o) (nan)
/gcc-arm-none-eabi-4_9-2015q3/bin/../lib/gcc/arm-none-eabi/4.9.3/../../../../arm-none-eabi/lib/armv6-m/libm.a(lib_a-s_rint.o)
                              /gcc-arm-none-eabi-4_9-2015q3/bin/../lib/gcc/arm-none-eabi/4.9.3/../../../../arm-none-eabi/lib/armv6-m/libm.a(lib_a-w_pow.o) (rint)
/gcc-arm-none-eabi-4_9-2015q3/bin/../lib/gcc/arm-none-eabi/4.9.3/../../../../arm-none-eabi/lib/armv6-m/libm.a(lib_a-s_scalbn.o)
                              /gcc-arm-none-eabi-4_9-2015q3/bin/../lib/gcc/arm-none-eabi/4.9.3/../../../../arm-none-eabi/lib/armv6-m/libm.a(lib_a-e_pow.o) (scalbn)
/gcc-arm-none-eabi-4_9-2015q3/bin/../lib/gcc/arm-none-eabi/4.9.3/../../../../arm-none-eabi/lib/armv6-m/libm.a(lib_a-s_copysign.o)
                              /gcc-arm-none-eabi-4_9-2015q3/bin/../lib/gcc/arm-none-eabi/4.9.3/../../../../arm-none-eabi/lib/armv6-m/libm.a(lib_a-s_scalbn.o) (copysign)
/gcc-arm-none-eabi-4_9-2015q3/bin/../lib/gcc/arm-none-eabi/4.9.3/armv6-m/libgcc.a(_thumb1_case_uqi.o)
                              _build/pr.o (__gnu_thumb1_case_uqi)
/gcc-arm-none-eabi-4_9-2015q3/bin/../lib/gcc/arm-none-eabi/4.9.3/armv6-m/libgcc.a(_udivsi3.o)
                              _build/SparkFunTSL2561.o (__aeabi_uidiv)
/gcc-arm-none-eabi-4_9-2015q3/bin/../lib/gcc/arm-none-eabi/4.9.3/armv6-m/libgcc.a(_divsi3.o)
                              _build/fhp_gpio.o (__aeabi_idiv)
/gcc-arm-none-eabi-4_9-2015q3/bin/../lib/gcc/arm-none-eabi/4.9.3/armv6-m/libgcc.a(_dvmd_tls.o)
                              /gcc-arm-none-eabi-4_9-2015q3/bin/../lib/gcc/arm-none-eabi/4.9.3/armv6-m/libgcc.a(_udivsi3.o) (__aeabi_idiv0)
/gcc-arm-none-eabi-4_9-2015q3/bin/../lib/gcc/arm-none-eabi/4.9.3/armv6-m/libgcc.a(_arm_cmpdf2.o)
                              /gcc-arm-none-eabi-4_9-2015q3/bin/../lib/gcc/arm-none-eabi/4.9.3/../../../../arm-none-eabi/lib/armv6-m/libm.a(lib_a-w_pow.o) (__aeabi_dcmpeq)
/gcc-arm-none-eabi-4_9-2015q3/bin/../lib/gcc/arm-none-eabi/4.9.3/armv6-m/libgcc.a(_arm_cmpsf2.o)
                              _build/init.o (__aeabi_fcmpeq)
/gcc-arm-none-eabi-4_9-2015q3/bin/../lib/gcc/arm-none-eabi/4.9.3/armv6-m/libgcc.a(_aeabi_uldivmod.o)
                              _build/fhp_gpio.o (__aeabi_uldivmod)
/gcc-arm-none-eabi-4_9-2015q3/bin/../lib/gcc/arm-none-eabi/4.9.3/armv6-m/libgcc.a(_fixunsdfsi.o)
                              _build/SparkFunTSL2561.o (__aeabi_d2uiz)
[...]
Memory Configuration

Name             Origin             Length             Attributes
FLASH            0x00016000         0x0002a000         xr
RAM              0x20002000         0x00002000         xrw
*default*        0x00000000         0xffffffff

Linker script and memory map

LOAD /gcc-arm-none-eabi-4_9-2015q3/bin/../lib/gcc/arm-none-eabi/4.9.3/armv6-m/crti.o
LOAD /gcc-arm-none-eabi-4_9-2015q3/bin/../lib/gcc/arm-none-eabi/4.9.3/armv6-m/crtbegin.o
LOAD /gcc-arm-none-eabi-4_9-2015q3/bin/../lib/gcc/arm-none-eabi/4.9.3/../../../../arm-none-eabi/lib/armv6-m/crt0.o
LOAD _build/init.o
LOAD _build/pr.o
LOAD _build/sd2app.o
LOAD _build/lum.o
LOAD _build/humsolo.o
LOAD _build/SparkFunTSL2561.o
LOAD _build/temp.o
LOAD _build/hum.o
LOAD _build/SparkFunMS1.o
LOAD _build/sd_card.o
LOAD _build/battery.o
LOAD _build/max17048.o
LOAD _build/pca9538.o
LOAD _build/ff.o
LOAD _build/diskio.o
LOAD _build/max1161x.o
LOAD _build/SEGGER_RTT.o
LOAD _build/fhp_gpio.o
LOAD _build/nrf_pwm.o
LOAD _build/mpu9x50.o
LOAD _build/bme280.o
LOAD _build/spi_fhp_master.o
LOAD _build/ble_ambient.o
LOAD _build/main.o
LOAD _build/utils.o
LOAD _build/twi_hw_master.o
LOAD _build/ble_dis.o
LOAD _build/ble_srv_common.o
LOAD _build/softdevice_handler.o
LOAD _build/ble_advdata.o
LOAD _build/ble_conn_params.o
LOAD _build/app_timer.o
LOAD _build/pstorage.o
LOAD _build/device_manager_peripheral.o
LOAD _build/app_gpiote.o
LOAD _build/nrf_delay.o
LOAD _build/app_scheduler.o
LOAD _build/app_fifo.o
LOAD _build/system_nrf51.o
LOAD _build/gcc_startup_nrf51.o
LOAD /gcc-arm-none-eabi-4_9-2015q3/bin/../lib/gcc/arm-none-eabi/4.9.3/../../../../arm-none-eabi/lib/armv6-m/libm.a
START GROUP
LOAD /gcc-arm-none-eabi-4_9-2015q3/bin/../lib/gcc/arm-none-eabi/4.9.3/armv6-m/libgcc.a
LOAD /gcc-arm-none-eabi-4_9-2015q3/bin/../lib/gcc/arm-none-eabi/4.9.3/../../../../arm-none-eabi/lib/armv6-m/libc_nano.a
END GROUP
START GROUP
LOAD /gcc-arm-none-eabi-4_9-2015q3/bin/../lib/gcc/arm-none-eabi/4.9.3/armv6-m/libgcc.a
LOAD /gcc-arm-none-eabi-4_9-2015q3/bin/../lib/gcc/arm-none-eabi/4.9.3/../../../../arm-none-eabi/lib/armv6-m/libc_nano.a
END GROUP
LOAD /gcc-arm-none-eabi-4_9-2015q3/bin/../lib/gcc/arm-none-eabi/4.9.3/armv6-m/crtend.o
LOAD /gcc-arm-none-eabi-4_9-2015q3/bin/../lib/gcc/arm-none-eabi/4.9.3/armv6-m/crtn.o
START GROUP
LOAD /gcc-arm-none-eabi-4_9-2015q3/bin/../lib/gcc/arm-none-eabi/4.9.3/armv6-m/libgcc.a
LOAD /gcc-arm-none-eabi-4_9-2015q3/bin/../lib/gcc/arm-none-eabi/4.9.3/../../../../arm-none-eabi/lib/armv6-m/libc.a
LOAD /gcc-arm-none-eabi-4_9-2015q3/bin/../lib/gcc/arm-none-eabi/4.9.3/../../../../arm-none-eabi/lib/armv6-m/libnosys.a
END GROUP

.text           0x00016000     0xe833
 *(.Vectors)
 .Vectors       0x00016000       0xc0 _build/gcc_startup_nrf51.o
                0x00016000                __Vectors
 *(.text*)
 .text          0x000160c0       0x78 /gcc-arm-none-eabi-4_9-2015q3/bin/../lib/gcc/arm-none-eabi/4.9.3/../../../../arm-none-eabi/lib/armv6-m/crt0.o
                0x000160c0                _mainCRTStartup
                0x000160c0                _start
 .text.sd_ble_gap_tx_power_set
                0x00016138        0x4 _build/init.o
 .text.sd_ble_gap_appearance_set
                0x0001613c        0x4 _build/init.o
 .text.sd_ble_gap_ppcp_set
                0x00016140        0x4 _build/init.o
 .text.sd_ble_gap_device_name_set
                0x00016144        0x4 _build/init.o
 .text.sd_ble_enable
                0x00016148        0x4 _build/init.o
 .text.sd_ble_opt_set
                0x0001614c        0x4 _build/init.o
 .text.gpio_init
                0x00016150       0x60 _build/init.o
                0x00016150                gpio_init
 .text.leds_init
                0x000161b0       0x28 _build/init.o
                0x000161b0                leds_init
 .text.timers_init
                0x000161d8       0xa0 _build/init.o
                0x000161d8                timers_init
 .text.gpiote_init
                0x00016278       0x78 _build/init.o
                0x00016278                gpiote_init
 .text.ble_stack_init
                0x000162f0       0x98 _build/init.o
                0x000162f0                ble_stack_init
 .text.scheduler_init
                0x00016388       0x24 _build/init.o
                0x00016388                scheduler_init
 .text.device_manager_init
                0x000163ac       0x80 _build/init.o
                0x000163ac                device_manager_init
 .text.gap_params_init
                0x0001642c       0x5c _build/init.o
                0x0001642c                gap_params_init
 .text.services_init
                0x00016488       0x90 _build/init.o
                0x00016488                services_init
 .text.advertising_init
                0x00016518       0x4c _build/init.o
                0x00016518                advertising_init
 .text.conn_params_init
                0x00016564       0x54 _build/init.o
                0x00016564                conn_params_init
 .text.drivers_init
                0x000165b8       0x9c _build/init.o
                0x000165b8                drivers_init
 .text.sensors_init
                0x00016654      0x12c _build/init.o
                0x00016654                sensors_init
 .text.watchdog_init
                0x00016780       0x54 _build/init.o
                0x00016780                watchdog_init
 .text.application_work_start
                0x000167d4       0x74 _build/init.o
                0x000167d4                application_work_start
 .text.application_work_stop
                0x00016848       0x3c _build/init.o
                0x00016848                application_work_stop
 .text.pr_init  0x00016884       0x34 _build/pr.o
                0x00016884                pr_init
 .text.pr_configs_update
                0x000168b8       0x98 _build/pr.o
                0x000168b8                pr_configs_update
 .text.pr_values_handler
                0x00016950       0x78 _build/pr.o
                0x00016950                pr_values_handler
 .text.pr_timer_handler
                0x000169c8       0x84 _build/pr.o
                0x000169c8                pr_timer_handler
 .text.pr_reset_configs
                0x00016a4c       0x70 _build/pr.o
                0x00016a4c                pr_reset_configs
 .text.sd2app_init
                0x00016abc       0x34 _build/sd2app.o
                0x00016abc                sd2app_init
 .text.sd2app_configs_update
                0x00016af0       0x90 _build/sd2app.o
                0x00016af0                sd2app_configs_update
 .text.sd2app_values_handler
                0x00016b80       0x7c _build/sd2app.o
                0x00016b80                sd2app_values_handler
 .text.sd2app_timer_handler
                0x00016bfc       0x84 _build/sd2app.o
                0x00016bfc                sd2app_timer_handler
 .text.sd2app_reset_configs
                0x00016c80       0x74 _build/sd2app.o
                0x00016c80                sd2app_reset_configs
 .text.lum_init
                0x00016cf4       0x30 _build/lum.o
                0x00016cf4                lum_init
 .text.lum_configs_update
                0x00016d24       0x90 _build/lum.o
                0x00016d24                lum_configs_update
 .text.lum_values_handler
                0x00016db4       0x78 _build/lum.o
                0x00016db4                lum_values_handler
 .text.lum_timer_handler
                0x00016e2c       0x84 _build/lum.o
                0x00016e2c                lum_timer_handler
 .text.lum_reset_configs
                0x00016eb0       0x70 _build/lum.o
                0x00016eb0                lum_reset_configs
 .text.humsolo_init
                0x00016f20       0x30 _build/humsolo.o
                0x00016f20                humsolo_init
 .text.humsolo_configs_update
                0x00016f50       0x90 _build/humsolo.o
                0x00016f50                humsolo_configs_update
 .text.humsolo_values_handler
                0x00016fe0       0x80 _build/humsolo.o
                0x00016fe0                humsolo_values_handler
 .text.humsolo_timer_handler
                0x00017060       0x84 _build/humsolo.o
                0x00017060                humsolo_timer_handler
 .text.humsolo_reset_configs
                0x000170e4       0x70 _build/humsolo.o
                0x000170e4                humsolo_reset_configs
 .text.SFE_TSL2561_getLux.part.0
                0x00017154      0x25c _build/SparkFunTSL2561.o
 .text.SFE_TSL2561_getLux
                0x000173b0       0x20 _build/SparkFunTSL2561.o
                0x000173b0                SFE_TSL2561_getLux
 .text.SFE_TSL2561_readUInt
                0x000173d0       0x5c _build/SparkFunTSL2561.o
                0x000173d0                SFE_TSL2561_readUInt
 .text.SFE_TSL2561_getData
                0x0001742c       0x24 _build/SparkFunTSL2561.o
                0x0001742c                SFE_TSL2561_getData
 .text.SparkFunTSL2561_bring_the_light
                0x00017450       0x80 _build/SparkFunTSL2561.o
                0x00017450                SparkFunTSL2561_bring_the_light
 .text.temp_init
                0x000174d0       0x34 _build/temp.o
                0x000174d0                temp_init
 .text.temp_configs_update
                0x00017504       0x90 _build/temp.o
                0x00017504                temp_configs_update
 .text.temp_values_handler
                0x00017594       0x7c _build/temp.o
                0x00017594                temp_values_handler
 .text.temp_timer_handler
                0x00017610       0x84 _build/temp.o
                0x00017610                temp_timer_handler
 .text.temp_reset_configs
                0x00017694       0x70 _build/temp.o
                0x00017694                temp_reset_configs
 .text.hum_init
                0x00017704       0x34 _build/hum.o
                0x00017704                hum_init
 .text.hum_configs_update
                0x00017738       0x90 _build/hum.o
                0x00017738                hum_configs_update
 .text.hum_values_handler
                0x000177c8       0x78 _build/hum.o
                0x000177c8                hum_values_handler
 .text.hum_timer_handler
                0x00017840       0x84 _build/hum.o
                0x00017840                hum_timer_handler
 .text.hum_reset_configs
                0x000178c4       0x70 _build/hum.o
                0x000178c4                hum_reset_configs
 .text.SparkFunMS1_read
                0x00017934       0x38 _build/SparkFunMS1.o
                0x00017934                SparkFunMS1_read
 .text.nrf_delay_us.constprop.0
                0x0001796c       0x26 _build/sd_card.o
 *fill*         0x00017992        0x2 
 .text.spi_init
                0x00017994       0x2c _build/sd_card.o
                0x00017994                spi_init
 .text.send_mmc
                0x000179c0       0x28 _build/sd_card.o
                0x000179c0                send_mmc
 .text.receive_mmc
                0x000179e8       0x38 _build/sd_card.o
                0x000179e8                receive_mmc
 .text.wait_ready
                0x00017a20       0x2c _build/sd_card.o
                0x00017a20                wait_ready
 .text.deselect
                0x00017a4c       0x1c _build/sd_card.o
                0x00017a4c                deselect
 .text.select   0x00017a68       0x30 _build/sd_card.o
                0x00017a68                select
 .text.receive_datablock
                0x00017a98       0x48 _build/sd_card.o
                0x00017a98                receive_datablock
 .text.send_datablock
                0x00017ae0       0x4c _build/sd_card.o
                0x00017ae0                send_datablock
 .text.send_cmd
                0x00017b2c       0x94 _build/sd_card.o
                0x00017b2c                send_cmd
 .text.induction_charging.part.0
                0x00017bc0       0x3c _build/battery.o
 .text.wired_charging.part.1
                0x00017bfc       0x3c _build/battery.o
 .text.battery_init
                0x00017c38       0x18 _build/battery.o
                0x00017c38                battery_init
 .text.induction_charging
                0x00017c50       0x38 _build/battery.o
                0x00017c50                induction_charging
 .text.wired_charging
                0x00017c88       0x38 _build/battery.o
                0x00017c88                wired_charging
 .text.battery_charge_handler
                0x00017cc0       0x68 _build/battery.o
                0x00017cc0                battery_charge_handler
 .text.gauge_timer_handler
                0x00017d28       0x9c _build/battery.o
                0x00017d28                gauge_timer_handler
 .text.enable_high_voltage
                0x00017dc4       0x20 _build/battery.o
                0x00017dc4                enable_high_voltage
 .text.max17048_write_data
                0x00017de4       0x4c _build/max17048.o
                0x00017de4                max17048_write_data
 .text.max17048_read_data
                0x00017e30       0x6c _build/max17048.o
                0x00017e30                max17048_read_data
 .text.max17048_clear_alert
                0x00017e9c       0x44 _build/max17048.o
                0x00017e9c                max17048_clear_alert
 .text.max17048_init
                0x00017ee0       0x98 _build/max17048.o
                0x00017ee0                max17048_init
 .text.max17048_read_soc
                0x00017f78       0x18 _build/max17048.o
                0x00017f78                max17048_read_soc
 .text.max17048_get_alert
                0x00017f90       0x58 _build/max17048.o
                0x00017f90                max17048_get_alert
 .text.nrf_delay_us.constprop.1
                0x00017fe8       0x26 _build/pca9538.o
 *fill*         0x0001800e        0x2 
 .text.pca9538_write
                0x00018010       0x30 _build/pca9538.o
                0x00018010                pca9538_write
 .text.pca9538_init
                0x00018040       0x4c _build/pca9538.o
                0x00018040                pca9538_init
 .text.mem_cpy  0x0001808c       0x12 _build/ff.o
 .text.mem_set  0x0001809e        0xe _build/ff.o
 .text.get_ldnumber
                0x000180ac       0x30 _build/ff.o
 .text.validate
                0x000180dc       0x2e _build/ff.o
 .text.ld_clust.isra.0
                0x0001810a       0x1c _build/ff.o
 .text.sync_window.part.2
                0x00018126       0x4a _build/ff.o
 .text.sync_window
                0x00018170       0x14 _build/ff.o
 .text.sync_fs  0x00018184       0xe4 _build/ff.o
 .text.move_window
                0x00018268       0x34 _build/ff.o
 .text.check_fs
                0x0001829c       0xa4 _build/ff.o
 .text.find_volume
                0x00018340      0x388 _build/ff.o
 .text.clust2sect
                0x000186c8       0x18 _build/ff.o
                0x000186c8                clust2sect
 .text.get_fat  0x000186e0       0xd8 _build/ff.o
                0x000186e0                get_fat
 .text.dir_sdi  0x000187b8       0x86 _build/ff.o
 .text.put_fat  0x0001883e      0x10c _build/ff.o
                0x0001883e                put_fat
 *fill*         0x0001894a        0x2 
 .text.create_chain
                0x0001894c       0xb0 _build/ff.o
 .text.dir_next
                0x000189fc       0xe8 _build/ff.o
 .text.follow_path
                0x00018ae4      0x1e0 _build/ff.o
 .text.dir_register
                0x00018cc4       0x62 _build/ff.o
 .text.remove_chain
                0x00018d26       0x5a _build/ff.o
 .text.f_mount  0x00018d80       0x50 _build/ff.o
                0x00018d80                f_mount
 .text.f_open   0x00018dd0      0x12e _build/ff.o
                0x00018dd0                f_open
 .text.f_read   0x00018efe      0x136 _build/ff.o
                0x00018efe                f_read
 .text.f_write  0x00019034      0x182 _build/ff.o
                0x00019034                f_write
 .text.f_sync   0x000191b6       0x70 _build/ff.o
                0x000191b6                f_sync
 .text.f_close  0x00019226       0x1a _build/ff.o
                0x00019226                f_close
 .text.f_lseek  0x00019240      0x100 _build/ff.o
                0x00019240                f_lseek
 .text.nrf_delay_us.constprop.0
                0x00019340       0x28 _build/diskio.o
 .text.disk_status
                0x00019368       0x14 _build/diskio.o
                0x00019368                disk_status
 .text.disk_initialize
                0x0001937c       0xfc _build/diskio.o
                0x0001937c                disk_initialize
 .text.disk_read
                0x00019478       0x74 _build/diskio.o
                0x00019478                disk_read
 .text.disk_write
                0x000194ec       0x98 _build/diskio.o
                0x000194ec                disk_write
 .text.disk_ioctl
                0x00019584       0xc0 _build/diskio.o
                0x00019584                disk_ioctl
 .text.max1161x_write_data
                0x00019644       0x28 _build/max1161x.o
                0x00019644                max1161x_write_data
 .text.max1161x_read_data
                0x0001966c       0x4c _build/max1161x.o
                0x0001966c                max1161x_read_data
 .text.max1161x_init
                0x000196b8       0x28 _build/max1161x.o
                0x000196b8                max1161x_init
 .text.max1161x_read_channel
                0x000196e0       0x44 _build/max1161x.o
                0x000196e0                max1161x_read_channel
 .text.SEGGER_RTT_Write
                0x00019724       0xcc _build/SEGGER_RTT.o
                0x00019724                SEGGER_RTT_Write
 .text.SEGGER_RTT_WriteString
                0x000197f0       0x1a _build/SEGGER_RTT.o
                0x000197f0                SEGGER_RTT_WriteString
 *fill*         0x0001980a        0x2 
 .text.timer_handler
                0x0001980c       0x88 _build/fhp_gpio.o
 .text.clear_pwm_pin
                0x00019894       0x9c _build/fhp_gpio.o
 .text.fhp_gpio_config
                0x00019930      0x128 _build/fhp_gpio.o
 .text.fhp_gpio_init
                0x00019a58       0x34 _build/fhp_gpio.o
                0x00019a58                fhp_gpio_init
 .text.fhp_gpio_set
                0x00019a8c       0x2c _build/fhp_gpio.o
                0x00019a8c                fhp_gpio_set
 .text.fhp_gpio_clear
                0x00019ab8       0x30 _build/fhp_gpio.o
                0x00019ab8                fhp_gpio_clear
 .text.fhp_gpio_blink
                0x00019ae8       0x38 _build/fhp_gpio.o
                0x00019ae8                fhp_gpio_blink
 .text.fhp_gpio_fade
                0x00019b20       0x3c _build/fhp_gpio.o
                0x00019b20                fhp_gpio_fade
 .text.sd_ppi_channel_enable_set
                0x00019b5c        0x4 _build/nrf_pwm.o
 .text.sd_ppi_channel_assign
                0x00019b60        0x4 _build/nrf_pwm.o
 .text.sd_radio_session_open
                0x00019b64        0x4 _build/nrf_pwm.o
 .text.sd_radio_request
                0x00019b68        0x4 _build/nrf_pwm.o
 .text.safe_margins_present
                0x00019b6c       0x3c _build/nrf_pwm.o
 .text.ppi_enable_channel
                0x00019ba8       0x18 _build/nrf_pwm.o
 .text.nrf_gpiote_task_config.constprop.2
                0x00019bc0       0x44 _build/nrf_pwm.o
 .text.nrf_pwm_init
                0x00019c04      0x208 _build/nrf_pwm.o
                0x00019c04                nrf_pwm_init
 .text.nrf_pwm_set_value
                0x00019e0c       0x38 _build/nrf_pwm.o
                0x00019e0c                nrf_pwm_set_value
 .text.nrf_pwm_set_enabled
                0x00019e44       0x78 _build/nrf_pwm.o
                0x00019e44                nrf_pwm_set_enabled
 .text.TIMER2_IRQHandler
                0x00019ebc      0x21c _build/nrf_pwm.o
                0x00019ebc                TIMER2_IRQHandler
 .text.nrf_radio_signal_callback
                0x0001a0d8       0x20 _build/nrf_pwm.o
                0x0001a0d8                nrf_radio_signal_callback
 .text.read_mult
                0x0001a0f8       0x74 _build/mpu9x50.o
                0x0001a0f8                read_mult
 .text.read     0x0001a16c        0xa _build/mpu9x50.o
                0x0001a16c                read
 .text.get16    0x0001a176       0x1e _build/mpu9x50.o
                0x0001a176                get16
 .text.write_mult
                0x0001a194       0x54 _build/mpu9x50.o
                0x0001a194                write_mult
 .text.write    0x0001a1e8       0x12 _build/mpu9x50.o
                0x0001a1e8                write
 .text.writeBits
                0x0001a1fa       0x44 _build/mpu9x50.o
                0x0001a1fa                writeBits
 .text.mpu9x50_setI2cSlaveAddress.part.2
                0x0001a23e       0x16 _build/mpu9x50.o
 .text.mpu9x50_setI2cSlaveTransactionLength.part.5
                0x0001a254       0x14 _build/mpu9x50.o
 .text.writeBit
                0x0001a268        0xc _build/mpu9x50.o
                0x0001a268                writeBit
 .text.set16    0x0001a274       0x14 _build/mpu9x50.o
                0x0001a274                set16
 .text.mpu9x50_reset
                0x0001a288        0xe _build/mpu9x50.o
                0x0001a288                mpu9x50_reset
 .text.mpu9x50_disableTemperatureSensor
                0x0001a296        0xe _build/mpu9x50.o
                0x0001a296                mpu9x50_disableTemperatureSensor
 .text.mpu9x50_clockSelect
                0x0001a2a4       0x10 _build/mpu9x50.o
                0x0001a2a4                mpu9x50_clockSelect
 .text.mpu9x50_setStandbyAccX
                0x0001a2b4        0xe _build/mpu9x50.o
                0x0001a2b4                mpu9x50_setStandbyAccX
 .text.mpu9x50_setStandbyAccY
                0x0001a2c2        0xe _build/mpu9x50.o
                0x0001a2c2                mpu9x50_setStandbyAccY
 .text.mpu9x50_setStandbyAccZ
                0x0001a2d0        0xe _build/mpu9x50.o
                0x0001a2d0                mpu9x50_setStandbyAccZ
 .text.mpu9x50_setStandbyGyroX
                0x0001a2de        0xe _build/mpu9x50.o
                0x0001a2de                mpu9x50_setStandbyGyroX
 .text.mpu9x50_setStandbyGyroY
                0x0001a2ec        0xe _build/mpu9x50.o
                0x0001a2ec                mpu9x50_setStandbyGyroY
 .text.mpu9x50_setStandbyGyroZ
                0x0001a2fa        0xe _build/mpu9x50.o
                0x0001a2fa                mpu9x50_setStandbyGyroZ
 .text.mpu9x50_setSampleRateDivider
                0x0001a308        0xc _build/mpu9x50.o
                0x0001a308                mpu9x50_setSampleRateDivider
 .text.mpu9x50_setGyroscopeDigitalLowPassFilter
                0x0001a314       0x10 _build/mpu9x50.o
                0x0001a314                mpu9x50_setGyroscopeDigitalLowPassFilter
 .text.mpu9x50_setAccelerometerDigitalLowPassFilter
                0x0001a324       0x10 _build/mpu9x50.o
                0x0001a324                mpu9x50_setAccelerometerDigitalLowPassFilter
 .text.mpu9x50_setGyroFullScaleRange
                0x0001a334       0x10 _build/mpu9x50.o
                0x0001a334                mpu9x50_setGyroFullScaleRange
 .text.mpu9x50_setAccelFullScaleRange
                0x0001a344       0x10 _build/mpu9x50.o
                0x0001a344                mpu9x50_setAccelFullScaleRange
 .text.mpu9x50_setXGyroOffset
                0x0001a354        0xc _build/mpu9x50.o
                0x0001a354                mpu9x50_setXGyroOffset
 .text.mpu9x50_setYGyroOffset
                0x0001a360        0xc _build/mpu9x50.o
                0x0001a360                mpu9x50_setYGyroOffset
 .text.mpu9x50_setZGyroOffset
                0x0001a36c        0xc _build/mpu9x50.o
                0x0001a36c                mpu9x50_setZGyroOffset
 .text.mpu9x50_setGyroOffsets
                0x0001a378       0x28 _build/mpu9x50.o
                0x0001a378                mpu9x50_setGyroOffsets
 .text.mpu9x50_setXAccelOffset
                0x0001a3a0       0x2c _build/mpu9x50.o
                0x0001a3a0                mpu9x50_setXAccelOffset
 .text.mpu9x50_setYAccelOffset
                0x0001a3cc       0x2c _build/mpu9x50.o
                0x0001a3cc                mpu9x50_setYAccelOffset
 .text.mpu9x50_setZAccelOffset
                0x0001a3f8       0x2c _build/mpu9x50.o
                0x0001a3f8                mpu9x50_setZAccelOffset
 .text.mpu9x50_setAccOffsets
                0x0001a424       0x28 _build/mpu9x50.o
                0x0001a424                mpu9x50_setAccOffsets
 .text.mpu9x50_setGyroFifo
                0x0001a44c       0x24 _build/mpu9x50.o
                0x0001a44c                mpu9x50_setGyroFifo
 .text.mpu9x50_setAccelFifo
                0x0001a470        0xe _build/mpu9x50.o
                0x0001a470                mpu9x50_setAccelFifo
 .text.mpu9x50_setI2cSlaveDelay
                0x0001a47e       0x14 _build/mpu9x50.o
                0x0001a47e                mpu9x50_setI2cSlaveDelay
 .text.mpu9x50_setI2cMasterDelay
                0x0001a492       0x10 _build/mpu9x50.o
                0x0001a492                mpu9x50_setI2cMasterDelay
 *fill*         0x0001a4a2        0x2 
 .text.mpu9x50_initMagnetometer
                0x0001a4a4       0x78 _build/mpu9x50.o
                0x0001a4a4                mpu9x50_initMagnetometer
 .text.mpu9x50_setInterruptDataReadyEnable
                0x0001a51c        0xe _build/mpu9x50.o
                0x0001a51c                mpu9x50_setInterruptDataReadyEnable
 .text.mpu9x50_setEnableFifo
                0x0001a52a        0xe _build/mpu9x50.o
                0x0001a52a                mpu9x50_setEnableFifo
 .text.mpu9x50_setFifoReset
                0x0001a538        0xe _build/mpu9x50.o
                0x0001a538                mpu9x50_setFifoReset
 *fill*         0x0001a546        0x2 
 .text.mpu9x50_fifoCtrl
                0x0001a548       0x2c _build/mpu9x50.o
                0x0001a548                mpu9x50_fifoCtrl
 .text.mpu9x50_enableAccelerometer
                0x0001a574       0x58 _build/mpu9x50.o
                0x0001a574                mpu9x50_enableAccelerometer
 .text.mpu9x50_init
                0x0001a5cc       0x9c _build/mpu9x50.o
                0x0001a5cc                mpu9x50_init
 .text.check_init
                0x0001a668       0x28 _build/mpu9x50.o
 .text.mpu9x50_enableGyroscope
                0x0001a690       0x58 _build/mpu9x50.o
                0x0001a690                mpu9x50_enableGyroscope
 .text.BME280_I2C_bus_write
                0x0001a6e8       0x7a _build/bme280.o
                0x0001a6e8                BME280_I2C_bus_write
 .text.BME280_delay_msek
                0x0001a762        0x8 _build/bme280.o
                0x0001a762                BME280_delay_msek
 .text.BME280_I2C_bus_read
                0x0001a76a       0x54 _build/bme280.o
                0x0001a76a                BME280_I2C_bus_read
 *fill*         0x0001a7be        0x2 
 .text.bme280_read_uncomp_temperature
                0x0001a7c0       0x44 _build/bme280.o
                0x0001a7c0                bme280_read_uncomp_temperature
 .text.bme280_compensate_temperature_int32
                0x0001a804       0x3c _build/bme280.o
                0x0001a804                bme280_compensate_temperature_int32
 .text.bme280_read_uncomp_pressure
                0x0001a840       0x44 _build/bme280.o
                0x0001a840                bme280_read_uncomp_pressure
 .text.bme280_compensate_pressure_int32
                0x0001a884       0xb0 _build/bme280.o
                0x0001a884                bme280_compensate_pressure_int32
 .text.bme280_read_uncomp_humidity
                0x0001a934       0x3c _build/bme280.o
                0x0001a934                bme280_read_uncomp_humidity
 .text.bme280_compensate_humidity_int32
                0x0001a970       0x80 _build/bme280.o
                0x0001a970                bme280_compensate_humidity_int32
 .text.bme280_get_calib_param
                0x0001a9f0      0x114 _build/bme280.o
                0x0001a9f0                bme280_get_calib_param
 .text.bme280_init
                0x0001ab04       0x38 _build/bme280.o
                0x0001ab04                bme280_init
 .text.bme280_get_power_mode
                0x0001ab3c       0x38 _build/bme280.o
                0x0001ab3c                bme280_get_power_mode
 .text.bme280_set_soft_rst
                0x0001ab74       0x2c _build/bme280.o
                0x0001ab74                bme280_set_soft_rst
 .text.bme280_write_register
                0x0001aba0       0x28 _build/bme280.o
                0x0001aba0                bme280_write_register
 .text.bme280_read_register
                0x0001abc8       0x28 _build/bme280.o
                0x0001abc8                bme280_read_register
 .text.bme280_set_oversamp_temperature
                0x0001abf0       0xe4 _build/bme280.o
                0x0001abf0                bme280_set_oversamp_temperature
 .text.bme280_set_oversamp_pressure
                0x0001acd4       0xe8 _build/bme280.o
                0x0001acd4                bme280_set_oversamp_pressure
 .text.bme280_set_oversamp_humidity
                0x0001adbc      0x118 _build/bme280.o
                0x0001adbc                bme280_set_oversamp_humidity
 .text.bme280_set_power_mode
                0x0001aed4       0xdc _build/bme280.o
                0x0001aed4                bme280_set_power_mode
 .text.bme280_set_filter
                0x0001afb0       0xf0 _build/bme280.o
                0x0001afb0                bme280_set_filter
 .text.bme280_init_nrf51
                0x0001b0a0       0x74 _build/bme280.o
                0x0001b0a0                bme280_init_nrf51
 .text.bme280_read_temperature
                0x0001b114       0x38 _build/bme280.o
                0x0001b114                bme280_read_temperature
 .text.bme280_read_pressure
                0x0001b14c       0x38 _build/bme280.o
                0x0001b14c                bme280_read_pressure
 .text.bme280_read_humidity
                0x0001b184       0x38 _build/bme280.o
                0x0001b184                bme280_read_humidity
 .text.spi_master_init
                0x0001b1bc       0xb8 _build/spi_fhp_master.o
                0x0001b1bc                spi_master_init
 .text.spi_master_tx_rx
                0x0001b274       0x88 _build/spi_fhp_master.o
                0x0001b274                spi_master_tx_rx
 .text.sd_ble_gatts_service_add
                0x0001b2fc        0x4 _build/ble_ambient.o
 .text.sd_ble_gatts_characteristic_add
                0x0001b300        0x4 _build/ble_ambient.o
 .text.sd_ble_gatts_value_set
                0x0001b304        0x4 _build/ble_ambient.o
 .text.sd_ble_gatts_hvx
                0x0001b308        0x4 _build/ble_ambient.o
 .text.sd_ble_uuid_vs_add
                0x0001b30c        0x4 _build/ble_ambient.o
 .text.ble_ambient_init
                0x0001b310      0x550 _build/ble_ambient.o
                0x0001b310                ble_ambient_init
 .text.ble_ambient_sensor_update
                0x0001b860       0x94 _build/ble_ambient.o
                0x0001b860                ble_ambient_sensor_update
 .text.ble_ambient_config_update
                0x0001b8f4       0x88 _build/ble_ambient.o
                0x0001b8f4                ble_ambient_config_update
 .text.ble_ambient_on_ble_evt
                0x0001b97c      0x12c _build/ble_ambient.o
                0x0001b97c                ble_ambient_on_ble_evt
 .text.sd_ble_gap_adv_start
                0x0001baa8        0x4 _build/main.o
 .text.sd_app_evt_wait
                0x0001baac        0x4 _build/main.o
 .text.setup    0x0001bab0      0x174 _build/main.o
 .text.app_error_handler
                0x0001bc24       0x9c _build/main.o
                0x0001bc24                app_error_handler
 .text.HardFault_Handler
                0x0001bcc0       0x3c _build/main.o
                0x0001bcc0                HardFault_Handler
 .text.assert_nrf_callback
                0x0001bcfc       0x4c _build/main.o
                0x0001bcfc                assert_nrf_callback
 .text.conn_params_error_handler
                0x0001bd48       0x10 _build/main.o
                0x0001bd48                conn_params_error_handler
 .text.on_conn_params_evt
                0x0001bd58       0x24 _build/main.o
                0x0001bd58                on_conn_params_evt
 .text.advertising_start
                0x0001bd7c       0x54 _build/main.o
                0x0001bd7c                advertising_start
 .text.on_ble_evt
                0x0001bdd0      0x118 _build/main.o
 .text.device_manager_evt_handler
                0x0001bee8       0x1c _build/main.o
                0x0001bee8                device_manager_evt_handler
 .text.ble_evt_dispatch
                0x0001bf04       0x24 _build/main.o
                0x0001bf04                ble_evt_dispatch
 .text.sys_evt_dispatch
                0x0001bf28        0x8 _build/main.o
                0x0001bf28                sys_evt_dispatch
 .text.ble_amb_evt
                0x0001bf30      0x12c _build/main.o
                0x0001bf30                ble_amb_evt
 .text.base_timer_handler
                0x0001c05c       0x7c _build/main.o
                0x0001c05c                base_timer_handler
 .text.watchdog_timer_handler
                0x0001c0d8       0x14 _build/main.o
                0x0001c0d8                watchdog_timer_handler
 .text.rtc_timer_handler
                0x0001c0ec       0x10 _build/main.o
                0x0001c0ec                rtc_timer_handler
 .text.startup.main
                0x0001c0fc       0x48 _build/main.o
                0x0001c0fc                main
 .text.msec_to_ticks
                0x0001c144        0x4 _build/utils.o
                0x0001c144                msec_to_ticks
 .text.check_ble_service_err_code
                0x0001c148       0x48 _build/utils.o
                0x0001c148                check_ble_service_err_code
 .text.log_to_sd
                0x0001c190       0x58 _build/utils.o
                0x0001c190                log_to_sd
 .text.log2sd   0x0001c1e8       0x74 _build/utils.o
                0x0001c1e8                log2sd
 .text.lerCartao
                0x0001c25c       0xd0 _build/utils.o
                0x0001c25c                lerCartao
 .text.nrf_delay_us
                0x0001c32c       0x2e _build/twi_hw_master.o
 *fill*         0x0001c35a        0x2 
 .text.twi_master_clear_bus
                0x0001c35c       0xb8 _build/twi_hw_master.o
 .text.twi_master_init
                0x0001c414       0x74 _build/twi_hw_master.o
                0x0001c414                twi_master_init
 .text.twi_master_transfer
                0x0001c488      0x174 _build/twi_hw_master.o
                0x0001c488                twi_master_transfer
 .text.sd_ble_gatts_service_add
                0x0001c5fc        0x4 _build/ble_dis.o
 .text.sd_ble_gatts_characteristic_add
                0x0001c600        0x4 _build/ble_dis.o
 .text.char_add
                0x0001c604       0x88 _build/ble_dis.o
 .text.ble_dis_init
                0x0001c68c      0x19c _build/ble_dis.o
                0x0001c68c                ble_dis_init
 .text.ble_srv_ascii_to_utf8
                0x0001c828       0x12 _build/ble_srv_common.o
                0x0001c828                ble_srv_ascii_to_utf8
 .text.sd_nvic_EnableIRQ
                0x0001c83a        0x4 _build/softdevice_handler.o
 .text.sd_evt_get
                0x0001c83e        0x4 _build/softdevice_handler.o
 .text.sd_softdevice_enable
                0x0001c842        0x4 _build/softdevice_handler.o
 .text.sd_ble_evt_get
                0x0001c846        0x4 _build/softdevice_handler.o
 .text.softdevice_assertion_handler
                0x0001c84a        0xc _build/softdevice_handler.o
                0x0001c84a                softdevice_assertion_handler
 *fill*         0x0001c856        0x2 
 .text.intern_softdevice_events_execute
                0x0001c858       0x98 _build/softdevice_handler.o
                0x0001c858                intern_softdevice_events_execute
 .text.softdevice_handler_init
                0x0001c8f0       0x38 _build/softdevice_handler.o
                0x0001c8f0                softdevice_handler_init
 .text.softdevice_ble_evt_handler_set
                0x0001c928       0x14 _build/softdevice_handler.o
                0x0001c928                softdevice_ble_evt_handler_set
 .text.softdevice_sys_evt_handler_set
                0x0001c93c       0x14 _build/softdevice_handler.o
                0x0001c93c                softdevice_sys_evt_handler_set
 .text.SWI2_IRQHandler
                0x0001c950       0x2c _build/softdevice_handler.o
                0x0001c950                SWI2_IRQHandler
 .text.sd_ble_gap_adv_data_set
                0x0001c97c        0x4 _build/ble_advdata.o
 .text.sd_ble_gap_appearance_get
                0x0001c980        0x4 _build/ble_advdata.o
 .text.sd_ble_gap_device_name_get
                0x0001c984        0x4 _build/ble_advdata.o
 .text.sd_ble_uuid_encode
                0x0001c988        0x4 _build/ble_advdata.o
 .text.uuid_list_sized_encode
                0x0001c98c       0xaa _build/ble_advdata.o
 .text.uuid_list_encode
                0x0001ca36       0x26 _build/ble_advdata.o
 .text.adv_data_encode
                0x0001ca5c      0x2fc _build/ble_advdata.o
 .text.ble_advdata_set
                0x0001cd58       0x70 _build/ble_advdata.o
                0x0001cd58                ble_advdata_set
 .text.sd_ble_gap_conn_param_update
                0x0001cdc8        0x4 _build/ble_conn_params.o
 .text.sd_ble_gap_disconnect
                0x0001cdcc        0x4 _build/ble_conn_params.o
 .text.sd_ble_gap_ppcp_set
                0x0001cdd0        0x4 _build/ble_conn_params.o
 .text.sd_ble_gap_ppcp_get
                0x0001cdd4        0x4 _build/ble_conn_params.o
 .text.update_timeout_handler
                0x0001cdd8       0x64 _build/ble_conn_params.o
 .text.conn_params_negotiation
                0x0001ce3c       0x64 _build/ble_conn_params.o
 .text.ble_conn_params_init
                0x0001cea0       0x60 _build/ble_conn_params.o
                0x0001cea0                ble_conn_params_init
 .text.ble_conn_params_on_ble_evt
                0x0001cf00       0x8c _build/ble_conn_params.o
                0x0001cf00                ble_conn_params_on_ble_evt
 .text.user_op_alloc
                0x0001cf8c       0x2a _build/app_timer.o
 *fill*         0x0001cfb6        0x2 
 .text.user_id_get
                0x0001cfb8       0x64 _build/app_timer.o
 .text.nrf_delay_us.constprop.5
                0x0001d01c       0x26 _build/app_timer.o
 *fill*         0x0001d042        0x2 
 .text.rtc1_stop
                0x0001d044       0x40 _build/app_timer.o
 .text.RTC1_IRQHandler
                0x0001d084       0xa0 _build/app_timer.o
                0x0001d084                RTC1_IRQHandler
 .text.SWI0_IRQHandler
                0x0001d124      0x37c _build/app_timer.o
                0x0001d124                SWI0_IRQHandler
 .text.app_timer_init
                0x0001d4a0       0xc0 _build/app_timer.o
                0x0001d4a0                app_timer_init
 .text.app_timer_create
                0x0001d560       0x4c _build/app_timer.o
                0x0001d560                app_timer_create
 .text.app_timer_start
                0x0001d5ac       0x90 _build/app_timer.o
                0x0001d5ac                app_timer_start
 .text.app_timer_stop
                0x0001d63c       0x60 _build/app_timer.o
                0x0001d63c                app_timer_stop
 .text.sd_flash_write
                0x0001d69c        0x4 _build/pstorage.o
 .text.sd_flash_page_erase
                0x0001d6a0        0x4 _build/pstorage.o
 .text.app_notify
                0x0001d6a4       0x30 _build/pstorage.o
 .text.swap_state_process
                0x0001d6d4      0x1bc _build/pstorage.o
 .text.cmd_process
                0x0001d890      0x118 _build/pstorage.o
 .text.unlikely.cmd_queue_enqueue
                0x0001d9a8       0x54 _build/pstorage.o
 .text.cmd_queue_dequeue
                0x0001d9fc       0x20 _build/pstorage.o
 .text.pstorage_sys_event_handler
                0x0001da1c       0xec _build/pstorage.o
                0x0001da1c                pstorage_sys_event_handler
 .text.pstorage_init
                0x0001db08       0xc4 _build/pstorage.o
                0x0001db08                pstorage_init
 .text.pstorage_register
                0x0001dbcc      0x11c _build/pstorage.o
                0x0001dbcc                pstorage_register
 .text.pstorage_block_identifier_get
                0x0001dce8       0x5c _build/pstorage.o
                0x0001dce8                pstorage_block_identifier_get
 .text.pstorage_store
                0x0001dd44       0x88 _build/pstorage.o
                0x0001dd44                pstorage_store
 .text.pstorage_update
                0x0001ddcc       0x88 _build/pstorage.o
                0x0001ddcc                pstorage_update
 .text.pstorage_load
                0x0001de54       0xac _build/pstorage.o
                0x0001de54                pstorage_load
 .text.pstorage_clear
                0x0001df00       0x6c _build/pstorage.o
                0x0001df00                pstorage_clear
 .text.sd_ble_gap_sec_params_reply
                0x0001df6c        0x4 _build/device_manager_peripheral.o
 .text.sd_ble_gap_sec_info_reply
                0x0001df70        0x4 _build/device_manager_peripheral.o
 .text.sd_ble_gatts_sys_attr_set
                0x0001df74        0x4 _build/device_manager_peripheral.o
 .text.sd_ble_gatts_sys_attr_get
                0x0001df78        0x4 _build/device_manager_peripheral.o
 .text.storage_operation_dummy_handler
                0x0001df7c        0x4 _build/device_manager_peripheral.o
 .text.no_service_context_store
                0x0001df80        0x4 _build/device_manager_peripheral.o
 .text.gattc_context_store
                0x0001df84        0x4 _build/device_manager_peripheral.o
 .text.no_service_context_load
                0x0001df88        0x4 _build/device_manager_peripheral.o
 .text.gattc_context_load
                0x0001df8c        0x4 _build/device_manager_peripheral.o
 .text.no_service_context_apply
                0x0001df90        0x4 _build/device_manager_peripheral.o
 .text.gatts_context_apply
                0x0001df94       0x4c _build/device_manager_peripheral.o
 .text.gattc_context_apply
                0x0001dfe0        0x4 _build/device_manager_peripheral.o
 .text.gattsc_context_apply
                0x0001dfe4        0x8 _build/device_manager_peripheral.o
 .text.gatts_context_store
                0x0001dfec       0xac _build/device_manager_peripheral.o
 .text.gattsc_context_store
                0x0001e098        0x8 _build/device_manager_peripheral.o
 .text.device_context_store
                0x0001e0a0       0xbc _build/device_manager_peripheral.o
 .text.gatts_context_load
                0x0001e15c       0x30 _build/device_manager_peripheral.o
 .text.gattsc_context_load
                0x0001e18c        0x8 _build/device_manager_peripheral.o
 .text.dm_pstorage_cb_handler
                0x0001e194      0x130 _build/device_manager_peripheral.o
 .text.peer_instance_init
                0x0001e2c4       0x4c _build/device_manager_peripheral.o
 .text.dm_init  0x0001e310       0xdc _build/device_manager_peripheral.o
                0x0001e310                dm_init
 .text.dm_register
                0x0001e3ec       0x58 _build/device_manager_peripheral.o
                0x0001e3ec                dm_register
 .text.bond_data_load
                0x0001e444       0x50 _build/device_manager_peripheral.o
                0x0001e444                bond_data_load
 .text.dm_ble_evt_handler
                0x0001e494      0x354 _build/device_manager_peripheral.o
                0x0001e494                dm_ble_evt_handler
 .text.pins_sense_disable
                0x0001e7e8       0x40 _build/app_gpiote.o
 .text.sense_level_toggle.isra.0
                0x0001e828       0x4c _build/app_gpiote.o
 .text.GPIOTE_IRQHandler
                0x0001e874       0x98 _build/app_gpiote.o
                0x0001e874                GPIOTE_IRQHandler
 .text.app_gpiote_init
                0x0001e90c       0x68 _build/app_gpiote.o
                0x0001e90c                app_gpiote_init
 .text.app_gpiote_user_register
                0x0001e974       0x48 _build/app_gpiote.o
                0x0001e974                app_gpiote_user_register
 .text.app_gpiote_user_enable
                0x0001e9bc       0x98 _build/app_gpiote.o
                0x0001e9bc                app_gpiote_user_enable
 .text.nrf_delay_ms
                0x0001ea54       0x40 _build/nrf_delay.o
                0x0001ea54                nrf_delay_ms
 .text.sd_nvic_critical_region_enter
                0x0001ea94        0x4 _build/app_scheduler.o
 .text.sd_nvic_critical_region_exit
                0x0001ea98        0x4 _build/app_scheduler.o
 .text.app_sched_init
                0x0001ea9c       0x2c _build/app_scheduler.o
                0x0001ea9c                app_sched_init
 .text.app_sched_event_put
                0x0001eac8      0x12c _build/app_scheduler.o
                0x0001eac8                app_sched_event_put
 .text.app_sched_execute
                0x0001ebf4       0x40 _build/app_scheduler.o
                0x0001ebf4                app_sched_execute
 .text.SystemInit
                0x0001ec34       0x8c _build/system_nrf51.o
                0x0001ec34                SystemInit
 .text          0x0001ecc0       0x54 _build/gcc_startup_nrf51.o
                0x0001ecc0                Reset_Handler
                0x0001ed08                NMI_Handler
                0x0001ed0c                SVC_Handler
                0x0001ed0e                PendSV_Handler
                0x0001ed10                SysTick_Handler
                0x0001ed12                SPI0_TWI0_IRQHandler
                0x0001ed12                RTC0_IRQHandler
                0x0001ed12                POWER_CLOCK_IRQHandler
                0x0001ed12                RADIO_IRQHandler
                0x0001ed12                LPCOMP_IRQHandler
                0x0001ed12                SWI4_IRQHandler
                0x0001ed12                TEMP_IRQHandler
                0x0001ed12                QDEC_IRQHandler
                0x0001ed12                UART0_IRQHandler
                0x0001ed12                SWI5_IRQHandler
                0x0001ed12                TIMER0_IRQHandler
                0x0001ed12                TIMER1_IRQHandler
                0x0001ed12                ECB_IRQHandler
                0x0001ed12                Default_Handler
                0x0001ed12                ADC_IRQHandler
                0x0001ed12                SWI3_IRQHandler
                0x0001ed12                CCM_AAR_IRQHandler
                0x0001ed12                WDT_IRQHandler
                0x0001ed12                RNG_IRQHandler
                0x0001ed12                SPI1_TWI1_IRQHandler
                0x0001ed12                SWI1_IRQHandler
 .text.pow      0x0001ed14      0x35c /gcc-arm-none-eabi-4_9-2015q3/bin/../lib/gcc/arm-none-eabi/4.9.3/../../../../arm-none-eabi/lib/armv6-m/libm.a(lib_a-w_pow.o)
                0x0001ed14                pow
 .text.__ieee754_pow
                0x0001f070      0xa8c /gcc-arm-none-eabi-4_9-2015q3/bin/../lib/gcc/arm-none-eabi/4.9.3/../../../../arm-none-eabi/lib/armv6-m/libm.a(lib_a-e_pow.o)
                0x0001f070                __ieee754_pow
 .text.__ieee754_sqrt
                0x0001fafc      0x1ec /gcc-arm-none-eabi-4_9-2015q3/bin/../lib/gcc/arm-none-eabi/4.9.3/../../../../arm-none-eabi/lib/armv6-m/libm.a(lib_a-e_sqrt.o)
                0x0001fafc                __ieee754_sqrt
 .text.fabs     0x0001fce8        0x8 /gcc-arm-none-eabi-4_9-2015q3/bin/../lib/gcc/arm-none-eabi/4.9.3/../../../../arm-none-eabi/lib/armv6-m/libm.a(lib_a-s_fabs.o)
                0x0001fce8                fabs
 .text.finite   0x0001fcf0       0x14 /gcc-arm-none-eabi-4_9-2015q3/bin/../lib/gcc/arm-none-eabi/4.9.3/../../../../arm-none-eabi/lib/armv6-m/libm.a(lib_a-s_finite.o)
                0x0001fcf0                finite
 .text.__fpclassifyd
                0x0001fd04       0x5c /gcc-arm-none-eabi-4_9-2015q3/bin/../lib/gcc/arm-none-eabi/4.9.3/../../../../arm-none-eabi/lib/armv6-m/libm.a(lib_a-s_fpclassify.o)
                0x0001fd04                __fpclassifyd
 .text.matherr  0x0001fd60        0x4 /gcc-arm-none-eabi-4_9-2015q3/bin/../lib/gcc/arm-none-eabi/4.9.3/../../../../arm-none-eabi/lib/armv6-m/libm.a(lib_a-s_matherr.o)
                0x0001fd60                matherr
 .text.nan      0x0001fd64        0xc /gcc-arm-none-eabi-4_9-2015q3/bin/../lib/gcc/arm-none-eabi/4.9.3/../../../../arm-none-eabi/lib/armv6-m/libm.a(lib_a-s_nan.o)
                0x0001fd64                nan
 .text.rint     0x0001fd70      0x144 /gcc-arm-none-eabi-4_9-2015q3/bin/../lib/gcc/arm-none-eabi/4.9.3/../../../../arm-none-eabi/lib/armv6-m/libm.a(lib_a-s_rint.o)
                0x0001fd70                rint
 .text.scalbn   0x0001feb4       0xf8 /gcc-arm-none-eabi-4_9-2015q3/bin/../lib/gcc/arm-none-eabi/4.9.3/../../../../arm-none-eabi/lib/armv6-m/libm.a(lib_a-s_scalbn.o)
                0x0001feb4                scalbn
 .text.copysign
                0x0001ffac       0x10 /gcc-arm-none-eabi-4_9-2015q3/bin/../lib/gcc/arm-none-eabi/4.9.3/../../../../arm-none-eabi/lib/armv6-m/libm.a(lib_a-s_copysign.o)
                0x0001ffac                copysign
 .text          0x0001ffbc       0x14 /gcc-arm-none-eabi-4_9-2015q3/bin/../lib/gcc/arm-none-eabi/4.9.3/armv6-m/libgcc.a(_thumb1_case_uqi.o)
                0x0001ffbc                __gnu_thumb1_case_uqi
 .text          0x0001ffd0      0x120 /gcc-arm-none-eabi-4_9-2015q3/bin/../lib/gcc/arm-none-eabi/4.9.3/armv6-m/libgcc.a(_udivsi3.o)
                0x0001ffd0                __udivsi3
                0x0001ffd0                __aeabi_uidiv
                0x000200dc                __aeabi_uidivmod
 .text          0x000200f0      0x1e0 /gcc-arm-none-eabi-4_9-2015q3/bin/../lib/gcc/arm-none-eabi/4.9.3/armv6-m/libgcc.a(_divsi3.o)
                0x000200f0                __aeabi_idiv
                0x000200f0                __divsi3
                0x000202bc                __aeabi_idivmod
 .text          0x000202d0        0x4 /gcc-arm-none-eabi-4_9-2015q3/bin/../lib/gcc/arm-none-eabi/4.9.3/armv6-m/libgcc.a(_dvmd_tls.o)
                0x000202d0                __aeabi_ldiv0
                0x000202d0                __aeabi_idiv0
 .text          0x000202d4       0x7c /gcc-arm-none-eabi-4_9-2015q3/bin/../lib/gcc/arm-none-eabi/4.9.3/armv6-m/libgcc.a(_arm_cmpdf2.o)
                0x000202d4                __aeabi_cdrcmple
                0x000202e4                __aeabi_cdcmple
                0x000202e4                __aeabi_cdcmpeq
                0x000202f4                __aeabi_dcmpeq
                0x00020300                __aeabi_dcmplt
                0x00020314                __aeabi_dcmple
                0x00020328                __aeabi_dcmpgt
                0x0002033c                __aeabi_dcmpge
 .text          0x00020350       0x40 /gcc-arm-none-eabi-4_9-2015q3/bin/../lib/gcc/arm-none-eabi/4.9.3/armv6-m/libgcc.a(_aeabi_uldivmod.o)
                0x00020350                __aeabi_uldivmod
 .text          0x00020390       0x3c /gcc-arm-none-eabi-4_9-2015q3/bin/../lib/gcc/arm-none-eabi/4.9.3/armv6-m/libgcc.a(_fixunsdfsi.o)
                0x00020390                __fixunsdfsi
                0x00020390                __aeabi_d2uiz
 .text          0x000203cc       0x6c /gcc-arm-none-eabi-4_9-2015q3/bin/../lib/gcc/arm-none-eabi/4.9.3/armv6-m/libgcc.a(bpabi.o)
                0x000203cc                __gnu_ldivmod_helper
                0x00020404                __gnu_uldivmod_helper
 .text          0x00020438      0x650 /gcc-arm-none-eabi-4_9-2015q3/bin/../lib/gcc/arm-none-eabi/4.9.3/armv6-m/libgcc.a(adddf3.o)
                0x00020438                __aeabi_dadd
 .text          0x00020a88      0x648 /gcc-arm-none-eabi-4_9-2015q3/bin/../lib/gcc/arm-none-eabi/4.9.3/armv6-m/libgcc.a(divdf3.o)
                0x00020a88                __aeabi_ddiv
 .text          0x000210d0       0x88 /gcc-arm-none-eabi-4_9-2015q3/bin/../lib/gcc/arm-none-eabi/4.9.3/armv6-m/libgcc.a(eqdf2.o)
                0x000210d0                __eqdf2
                0x000210d0                __nedf2
 .text          0x00021158       0xe0 /gcc-arm-none-eabi-4_9-2015q3/bin/../lib/gcc/arm-none-eabi/4.9.3/armv6-m/libgcc.a(gedf2.o)
                0x00021158                __gtdf2
                0x00021158                __gedf2
 .text          0x00021238       0xcc /gcc-arm-none-eabi-4_9-2015q3/bin/../lib/gcc/arm-none-eabi/4.9.3/armv6-m/libgcc.a(ledf2.o)
                0x00021238                __ltdf2
                0x00021238                __ledf2
 .text          0x00021304      0x534 /gcc-arm-none-eabi-4_9-2015q3/bin/../lib/gcc/arm-none-eabi/4.9.3/armv6-m/libgcc.a(muldf3.o)
                0x00021304                __aeabi_dmul
 .text          0x00021838      0x6f4 /gcc-arm-none-eabi-4_9-2015q3/bin/../lib/gcc/arm-none-eabi/4.9.3/armv6-m/libgcc.a(subdf3.o)
                0x00021838                __aeabi_dsub
 .text          0x00021f2c       0x6c /gcc-arm-none-eabi-4_9-2015q3/bin/../lib/gcc/arm-none-eabi/4.9.3/armv6-m/libgcc.a(fixdfsi.o)
                0x00021f2c                __aeabi_d2iz
 .text          0x00021f98       0x78 /gcc-arm-none-eabi-4_9-2015q3/bin/../lib/gcc/arm-none-eabi/4.9.3/armv6-m/libgcc.a(floatsidf.o)
                0x00021f98                __aeabi_i2d
 .text          0x00022010       0x64 /gcc-arm-none-eabi-4_9-2015q3/bin/../lib/gcc/arm-none-eabi/4.9.3/armv6-m/libgcc.a(floatunsidf.o)
                0x00022010                __aeabi_ui2d
 .text          0x00022074       0x3c /gcc-arm-none-eabi-4_9-2015q3/bin/../lib/gcc/arm-none-eabi/4.9.3/armv6-m/libgcc.a(_clzsi2.o)
                0x00022074                __clzsi2
 .text          0x000220b0       0x54 /gcc-arm-none-eabi-4_9-2015q3/bin/../lib/gcc/arm-none-eabi/4.9.3/armv6-m/libgcc.a(_muldi3.o)
                0x000220b0                __aeabi_lmul
                0x000220b0                __muldi3
 .text          0x00022104      0x1f0 /gcc-arm-none-eabi-4_9-2015q3/bin/../lib/gcc/arm-none-eabi/4.9.3/armv6-m/libgcc.a(_divdi3.o)
                0x00022104                __divdi3
 .text          0x000222f4      0x158 /gcc-arm-none-eabi-4_9-2015q3/bin/../lib/gcc/arm-none-eabi/4.9.3/armv6-m/libgcc.a(_udivdi3.o)
                0x000222f4                __udivdi3
 .text          0x0002244c       0x18 /gcc-arm-none-eabi-4_9-2015q3/bin/../lib/gcc/arm-none-eabi/4.9.3/armv6-m/libgcc.a(_clzdi2.o)
                0x0002244c                __clzdi2
 .text.__errno  0x00022464        0xc /gcc-arm-none-eabi-4_9-2015q3/bin/../lib/gcc/arm-none-eabi/4.9.3/../../../../arm-none-eabi/lib/armv6-m/libc_nano.a(lib_a-errno.o)
                0x00022464                __errno
 .text.exit     0x00022470       0x2c /gcc-arm-none-eabi-4_9-2015q3/bin/../lib/gcc/arm-none-eabi/4.9.3/../../../../arm-none-eabi/lib/armv6-m/libc_nano.a(lib_a-exit.o)
                0x00022470                exit
 .text.__libc_init_array
                0x0002249c       0x4c /gcc-arm-none-eabi-4_9-2015q3/bin/../lib/gcc/arm-none-eabi/4.9.3/../../../../arm-none-eabi/lib/armv6-m/libc_nano.a(lib_a-init.o)
                0x0002249c                __libc_init_array
 .text.memcmp   0x000224e8       0x1e /gcc-arm-none-eabi-4_9-2015q3/bin/../lib/gcc/arm-none-eabi/4.9.3/../../../../arm-none-eabi/lib/armv6-m/libc_nano.a(lib_a-memcmp.o)
                0x000224e8                memcmp
 .text.memcpy   0x00022506       0x12 /gcc-arm-none-eabi-4_9-2015q3/bin/../lib/gcc/arm-none-eabi/4.9.3/../../../../arm-none-eabi/lib/armv6-m/libc_nano.a(lib_a-memcpy.o)
                0x00022506                memcpy
 .text.memset   0x00022518       0x10 /gcc-arm-none-eabi-4_9-2015q3/bin/../lib/gcc/arm-none-eabi/4.9.3/../../../../arm-none-eabi/lib/armv6-m/libc_nano.a(lib_a-memset.o)
                0x00022518                memset
 .text._free_r  0x00022528       0x8c /gcc-arm-none-eabi-4_9-2015q3/bin/../lib/gcc/arm-none-eabi/4.9.3/../../../../arm-none-eabi/lib/armv6-m/libc_nano.a(lib_a-nano-freer.o)
                0x00022528                _free_r
 .text._malloc_r
                0x000225b4       0xb0 /gcc-arm-none-eabi-4_9-2015q3/bin/../lib/gcc/arm-none-eabi/4.9.3/../../../../arm-none-eabi/lib/armv6-m/libc_nano.a(lib_a-nano-mallocr.o)
                0x000225b4                _malloc_r
 .text.printf   0x00022664       0x34 /gcc-arm-none-eabi-4_9-2015q3/bin/../lib/gcc/arm-none-eabi/4.9.3/../../../../arm-none-eabi/lib/armv6-m/libc_nano.a(lib_a-printf.o)
                0x00022664                printf
                0x00022664                iprintf
 .text._sbrk_r  0x00022698       0x24 /gcc-arm-none-eabi-4_9-2015q3/bin/../lib/gcc/arm-none-eabi/4.9.3/../../../../arm-none-eabi/lib/armv6-m/libc_nano.a(lib_a-sbrkr.o)
                0x00022698                _sbrk_r
 .text.sprintf  0x000226bc       0x44 /gcc-arm-none-eabi-4_9-2015q3/bin/../lib/gcc/arm-none-eabi/4.9.3/../../../../arm-none-eabi/lib/armv6-m/libc_nano.a(lib_a-sprintf.o)
                0x000226bc                sprintf
                0x000226bc                siprintf
 .text.strcpy   0x00022700       0x10 /gcc-arm-none-eabi-4_9-2015q3/bin/../lib/gcc/arm-none-eabi/4.9.3/../../../../arm-none-eabi/lib/armv6-m/libc_nano.a(lib_a-strcpy.o)
                0x00022700                strcpy
 .text.strlen   0x00022710        0xe /gcc-arm-none-eabi-4_9-2015q3/bin/../lib/gcc/arm-none-eabi/4.9.3/../../../../arm-none-eabi/lib/armv6-m/libc_nano.a(lib_a-strlen.o)
                0x00022710                strlen
 *fill*         0x0002271e        0x2 
 .text._cleanup_r
                0x00022720       0x10 /gcc-arm-none-eabi-4_9-2015q3/bin/../lib/gcc/arm-none-eabi/4.9.3/../../../../arm-none-eabi/lib/armv6-m/libc_nano.a(lib_a-findfp.o)
                0x00022720                _cleanup_r
 .text.std.isra.0
                0x00022730       0x48 /gcc-arm-none-eabi-4_9-2015q3/bin/../lib/gcc/arm-none-eabi/4.9.3/../../../../arm-none-eabi/lib/armv6-m/libc_nano.a(lib_a-findfp.o)
 .text.__sfmoreglue
                0x00022778       0x2c /gcc-arm-none-eabi-4_9-2015q3/bin/../lib/gcc/arm-none-eabi/4.9.3/../../../../arm-none-eabi/lib/armv6-m/libc_nano.a(lib_a-findfp.o)
                0x00022778                __sfmoreglue
 .text.__sinit  0x000227a4       0x64 /gcc-arm-none-eabi-4_9-2015q3/bin/../lib/gcc/arm-none-eabi/4.9.3/../../../../arm-none-eabi/lib/armv6-m/libc_nano.a(lib_a-findfp.o)
                0x000227a4                __sinit
 .text.__sfp    0x00022808       0x7c /gcc-arm-none-eabi-4_9-2015q3/bin/../lib/gcc/arm-none-eabi/4.9.3/../../../../arm-none-eabi/lib/armv6-m/libc_nano.a(lib_a-findfp.o)
                0x00022808                __sfp
 .text._fwalk_reent
                0x00022884       0x42 /gcc-arm-none-eabi-4_9-2015q3/bin/../lib/gcc/arm-none-eabi/4.9.3/../../../../arm-none-eabi/lib/armv6-m/libc_nano.a(lib_a-fwalk.o)
                0x00022884                _fwalk_reent
 *fill*         0x000228c6        0x2 
 .text.__ssputs_r
                0x000228c8       0xc0 /gcc-arm-none-eabi-4_9-2015q3/bin/../lib/gcc/arm-none-eabi/4.9.3/../../../../arm-none-eabi/lib/armv6-m/libc_nano.a(lib_a-nano-svfprintf.o)
                0x000228c8                __ssputs_r
 .text._svfprintf_r
                0x00022988      0x1ec /gcc-arm-none-eabi-4_9-2015q3/bin/../lib/gcc/arm-none-eabi/4.9.3/../../../../arm-none-eabi/lib/armv6-m/libc_nano.a(lib_a-nano-svfprintf.o)
                0x00022988                _svfprintf_r
                0x00022988                _svfiprintf_r
 .text.__sfputc_r
                0x00022b74       0x2a /gcc-arm-none-eabi-4_9-2015q3/bin/../lib/gcc/arm-none-eabi/4.9.3/../../../../arm-none-eabi/lib/armv6-m/libc_nano.a(lib_a-nano-vfprintf.o)
 .text.__sfputs_r
                0x00022b9e       0x24 /gcc-arm-none-eabi-4_9-2015q3/bin/../lib/gcc/arm-none-eabi/4.9.3/../../../../arm-none-eabi/lib/armv6-m/libc_nano.a(lib_a-nano-vfprintf.o)
                0x00022b9e                __sfputs_r
 *fill*         0x00022bc2        0x2 
 .text._vfprintf_r
                0x00022bc4      0x220 /gcc-arm-none-eabi-4_9-2015q3/bin/../lib/gcc/arm-none-eabi/4.9.3/../../../../arm-none-eabi/lib/armv6-m/libc_nano.a(lib_a-nano-vfprintf.o)
                0x00022bc4                _vfiprintf_r
                0x00022bc4                _vfprintf_r
 .text._printf_common
                0x00022de4       0xdc /gcc-arm-none-eabi-4_9-2015q3/bin/../lib/gcc/arm-none-eabi/4.9.3/../../../../arm-none-eabi/lib/armv6-m/libc_nano.a(lib_a-nano-vfprintf_i.o)
                0x00022de4                _printf_common
 .text._printf_i
                0x00022ec0      0x230 /gcc-arm-none-eabi-4_9-2015q3/bin/../lib/gcc/arm-none-eabi/4.9.3/../../../../arm-none-eabi/lib/armv6-m/libc_nano.a(lib_a-nano-vfprintf_i.o)
                0x00022ec0                _printf_i
 .text.__sread  0x000230f0       0x28 /gcc-arm-none-eabi-4_9-2015q3/bin/../lib/gcc/arm-none-eabi/4.9.3/../../../../arm-none-eabi/lib/armv6-m/libc_nano.a(lib_a-stdio.o)
                0x000230f0                __sread
 .text.__swrite
                0x00023118       0x38 /gcc-arm-none-eabi-4_9-2015q3/bin/../lib/gcc/arm-none-eabi/4.9.3/../../../../arm-none-eabi/lib/armv6-m/libc_nano.a(lib_a-stdio.o)
                0x00023118                __swrite
 .text.__sseek  0x00023150       0x2c /gcc-arm-none-eabi-4_9-2015q3/bin/../lib/gcc/arm-none-eabi/4.9.3/../../../../arm-none-eabi/lib/armv6-m/libc_nano.a(lib_a-stdio.o)
                0x00023150                __sseek
 .text.__sclose
                0x0002317c        0xc /gcc-arm-none-eabi-4_9-2015q3/bin/../lib/gcc/arm-none-eabi/4.9.3/../../../../arm-none-eabi/lib/armv6-m/libc_nano.a(lib_a-stdio.o)
                0x0002317c                __sclose
 .text.__swbuf_r
                0x00023188       0xb0 /gcc-arm-none-eabi-4_9-2015q3/bin/../lib/gcc/arm-none-eabi/4.9.3/../../../../arm-none-eabi/lib/armv6-m/libc_nano.a(lib_a-wbuf.o)
                0x00023188                __swbuf_r
 .text._write_r
                0x00023238       0x28 /gcc-arm-none-eabi-4_9-2015q3/bin/../lib/gcc/arm-none-eabi/4.9.3/../../../../arm-none-eabi/lib/armv6-m/libc_nano.a(lib_a-writer.o)
                0x00023238                _write_r
 .text.__swsetup_r
                0x00023260       0xe8 /gcc-arm-none-eabi-4_9-2015q3/bin/../lib/gcc/arm-none-eabi/4.9.3/../../../../arm-none-eabi/lib/armv6-m/libc_nano.a(lib_a-wsetup.o)
                0x00023260                __swsetup_r
 .text._close_r
                0x00023348       0x24 /gcc-arm-none-eabi-4_9-2015q3/bin/../lib/gcc/arm-none-eabi/4.9.3/../../../../arm-none-eabi/lib/armv6-m/libc_nano.a(lib_a-closer.o)
                0x00023348                _close_r
 .text.__sflush_r
                0x0002336c      0x112 /gcc-arm-none-eabi-4_9-2015q3/bin/../lib/gcc/arm-none-eabi/4.9.3/../../../../arm-none-eabi/lib/armv6-m/libc_nano.a(lib_a-fflush.o)
                0x0002336c                __sflush_r
 *fill*         0x0002347e        0x2 
 .text._fflush_r
                0x00023480       0x58 /gcc-arm-none-eabi-4_9-2015q3/bin/../lib/gcc/arm-none-eabi/4.9.3/../../../../arm-none-eabi/lib/armv6-m/libc_nano.a(lib_a-fflush.o)
                0x00023480                _fflush_r
 .text._lseek_r
                0x000234d8       0x28 /gcc-arm-none-eabi-4_9-2015q3/bin/../lib/gcc/arm-none-eabi/4.9.3/../../../../arm-none-eabi/lib/armv6-m/libc_nano.a(lib_a-lseekr.o)
                0x000234d8                _lseek_r
 .text.__smakebuf_r
                0x00023500       0xb0 /gcc-arm-none-eabi-4_9-2015q3/bin/../lib/gcc/arm-none-eabi/4.9.3/../../../../arm-none-eabi/lib/armv6-m/libc_nano.a(lib_a-makebuf.o)
                0x00023500                __smakebuf_r
 .text.memchr   0x000235b0       0x16 /gcc-arm-none-eabi-4_9-2015q3/bin/../lib/gcc/arm-none-eabi/4.9.3/../../../../arm-none-eabi/lib/armv6-m/libc_nano.a(lib_a-memchr.o)
                0x000235b0                memchr
 .text.memmove  0x000235c6       0x28 /gcc-arm-none-eabi-4_9-2015q3/bin/../lib/gcc/arm-none-eabi/4.9.3/../../../../arm-none-eabi/lib/armv6-m/libc_nano.a(lib_a-memmove.o)
                0x000235c6                memmove
 .text._realloc_r
                0x000235ee       0x4c /gcc-arm-none-eabi-4_9-2015q3/bin/../lib/gcc/arm-none-eabi/4.9.3/../../../../arm-none-eabi/lib/armv6-m/libc_nano.a(lib_a-nano-reallocr.o)
                0x000235ee                _realloc_r
 *fill*         0x0002363a        0x2 
 .text._read_r  0x0002363c       0x28 /gcc-arm-none-eabi-4_9-2015q3/bin/../lib/gcc/arm-none-eabi/4.9.3/../../../../arm-none-eabi/lib/armv6-m/libc_nano.a(lib_a-readr.o)
                0x0002363c                _read_r
 .text._fstat_r
                0x00023664       0x24 /gcc-arm-none-eabi-4_9-2015q3/bin/../lib/gcc/arm-none-eabi/4.9.3/../../../../arm-none-eabi/lib/armv6-m/libc_nano.a(lib_a-fstatr.o)
                0x00023664                _fstat_r
 .text._isatty_r
                0x00023688       0x24 /gcc-arm-none-eabi-4_9-2015q3/bin/../lib/gcc/arm-none-eabi/4.9.3/../../../../arm-none-eabi/lib/armv6-m/libc_nano.a(lib_a-isattyr.o)
                0x00023688                _isatty_r
 .text._malloc_usable_size_r
                0x000236ac       0x16 /gcc-arm-none-eabi-4_9-2015q3/bin/../lib/gcc/arm-none-eabi/4.9.3/../../../../arm-none-eabi/lib/armv6-m/libc_nano.a(lib_a-nano-msizer.o)
                0x000236ac                _malloc_usable_size_r
 *fill*         0x000236c2        0x2 
 .text._close   0x000236c4       0x10 /gcc-arm-none-eabi-4_9-2015q3/bin/../lib/gcc/arm-none-eabi/4.9.3/../../../../arm-none-eabi/lib/armv6-m/libnosys.a(close.o)
                0x000236c4                _close
 .text._fstat   0x000236d4       0x10 /gcc-arm-none-eabi-4_9-2015q3/bin/../lib/gcc/arm-none-eabi/4.9.3/../../../../arm-none-eabi/lib/armv6-m/libnosys.a(fstat.o)
                0x000236d4                _fstat
 .text._isatty  0x000236e4       0x10 /gcc-arm-none-eabi-4_9-2015q3/bin/../lib/gcc/arm-none-eabi/4.9.3/../../../../arm-none-eabi/lib/armv6-m/libnosys.a(isatty.o)
                0x000236e4                _isatty
 .text._lseek   0x000236f4       0x10 /gcc-arm-none-eabi-4_9-2015q3/bin/../lib/gcc/arm-none-eabi/4.9.3/../../../../arm-none-eabi/lib/armv6-m/libnosys.a(lseek.o)
                0x000236f4                _lseek
 .text._read    0x00023704       0x10 /gcc-arm-none-eabi-4_9-2015q3/bin/../lib/gcc/arm-none-eabi/4.9.3/../../../../arm-none-eabi/lib/armv6-m/libnosys.a(read.o)
                0x00023704                _read
 .text._sbrk    0x00023714       0x1c /gcc-arm-none-eabi-4_9-2015q3/bin/../lib/gcc/arm-none-eabi/4.9.3/../../../../arm-none-eabi/lib/armv6-m/libnosys.a(sbrk.o)
                0x00023714                _sbrk
 .text._write   0x00023730       0x10 /gcc-arm-none-eabi-4_9-2015q3/bin/../lib/gcc/arm-none-eabi/4.9.3/../../../../arm-none-eabi/lib/armv6-m/libnosys.a(write.o)
                0x00023730                _write
 .text._exit    0x00023740        0x4 /gcc-arm-none-eabi-4_9-2015q3/bin/../lib/gcc/arm-none-eabi/4.9.3/../../../../arm-none-eabi/lib/armv6-m/libnosys.a(_exit.o)
                0x00023740                _exit
 *(.init)
 .init          0x00023744        0x4 /gcc-arm-none-eabi-4_9-2015q3/bin/../lib/gcc/arm-none-eabi/4.9.3/armv6-m/crti.o
                0x00023744                _init
 .init          0x00023748        0x8 /gcc-arm-none-eabi-4_9-2015q3/bin/../lib/gcc/arm-none-eabi/4.9.3/armv6-m/crtn.o
 *(.fini)
 .fini          0x00023750        0x4 /gcc-arm-none-eabi-4_9-2015q3/bin/../lib/gcc/arm-none-eabi/4.9.3/armv6-m/crti.o
                0x00023750                _fini
 .fini          0x00023754        0x8 /gcc-arm-none-eabi-4_9-2015q3/bin/../lib/gcc/arm-none-eabi/4.9.3/armv6-m/crtn.o
 *crtbegin.o(.ctors)
 *crtbegin?.o(.ctors)
 *(EXCLUDE_FILE(*crtend.o *crtend?.o) .ctors)
 *(SORT(.ctors.*))
 *(.ctors)
 *crtbegin.o(.dtors)
 *crtbegin?.o(.dtors)
 *(EXCLUDE_FILE(*crtend.o *crtend?.o) .dtors)
 *(SORT(.dtors.*))
 *(.dtors)
 *(.rodata*)
 .rodata.str1.1
                0x0002375c       0xaf _build/init.o
 .rodata.str1.1
                0x0002380b      0x100 _build/pr.o
 .rodata.str1.1
                0x0002390b      0x10e _build/sd2app.o
                                0x125 (size before relaxing)
 .rodata.str1.1
                0x00023a19       0xfc _build/lum.o
                                0x113 (size before relaxing)
 .rodata.str1.1
                0x00023b15      0x10b _build/humsolo.o
                                0x122 (size before relaxing)
 .rodata.str1.1
                0x00023c20       0xba _build/SparkFunTSL2561.o
 .rodata.str1.1
                0x00023cda       0xc6 _build/temp.o
                                0x11d (size before relaxing)
 .rodata.str1.1
                0x00023da0       0xef _build/hum.o
                                0x106 (size before relaxing)
 .rodata.str1.1
                0x00023e8f       0x11 _build/SparkFunMS1.o
 .rodata.str1.1
                0x00023ea0       0xf4 _build/battery.o
 .rodata.str1.1
                0x00023f94       0x43 _build/ff.o
 .rodata.str1.1
                0x00023fd7        0x9 _build/SEGGER_RTT.o
 .rodata.str1.1
                0x00023fe0       0x1f _build/fhp_gpio.o
 .rodata        0x00023fff        0xa _build/nrf_pwm.o
 .rodata.str1.1
                0x00024009       0x4d _build/mpu9x50.o
 .rodata        0x00024056        0x3 _build/spi_fhp_master.o
 .rodata        0x00024059       0x10 _build/ble_ambient.o
 .rodata.str1.1
                0x00024069      0x405 _build/main.o
                                0x40a (size before relaxing)
 .rodata.str1.1
                0x0002446e       0xee _build/utils.o
                                 0xef (size before relaxing)
 .rodata.str1.1
                0x0002455c       0x4e _build/ble_dis.o
 .rodata.str1.1
                0x000245aa       0x51 _build/softdevice_handler.o
 .rodata.str1.1
                0x000245fb       0x49 _build/app_timer.o
 .rodata        0x00024644       0x34 _build/device_manager_peripheral.o
                0x00024644                m_service_context_store
                0x00024654                m_service_context_load
                0x00024664                m_service_context_apply
                0x00024674                m_context_init_len
 .rodata.str1.1
                0x00024678       0x4d _build/app_scheduler.o
 *fill*         0x000246c5        0x3 
 .rodata.str1.4
                0x000246c8        0x4 /gcc-arm-none-eabi-4_9-2015q3/bin/../lib/gcc/arm-none-eabi/4.9.3/../../../../arm-none-eabi/lib/armv6-m/libm.a(lib_a-w_pow.o)
 *fill*         0x000246cc        0x4 
 .rodata.dp_h   0x000246d0       0x10 /gcc-arm-none-eabi-4_9-2015q3/bin/../lib/gcc/arm-none-eabi/4.9.3/../../../../arm-none-eabi/lib/armv6-m/libm.a(lib_a-e_pow.o)
 .rodata.dp_l   0x000246e0       0x10 /gcc-arm-none-eabi-4_9-2015q3/bin/../lib/gcc/arm-none-eabi/4.9.3/../../../../arm-none-eabi/lib/armv6-m/libm.a(lib_a-e_pow.o)
 .rodata.bp     0x000246f0       0x10 /gcc-arm-none-eabi-4_9-2015q3/bin/../lib/gcc/arm-none-eabi/4.9.3/../../../../arm-none-eabi/lib/armv6-m/libm.a(lib_a-e_pow.o)
 .rodata.str1.4
                0x00024700        0x4 /gcc-arm-none-eabi-4_9-2015q3/bin/../lib/gcc/arm-none-eabi/4.9.3/../../../../arm-none-eabi/lib/armv6-m/libm.a(lib_a-e_pow.o)
                                  0x1 (size before relaxing)
 *fill*         0x00024704        0x4 
 .rodata.TWO52  0x00024708       0x10 /gcc-arm-none-eabi-4_9-2015q3/bin/../lib/gcc/arm-none-eabi/4.9.3/../../../../arm-none-eabi/lib/armv6-m/libm.a(lib_a-s_rint.o)
 .rodata        0x00024718       0x40 /gcc-arm-none-eabi-4_9-2015q3/bin/../lib/gcc/arm-none-eabi/4.9.3/armv6-m/libgcc.a(divdf3.o)
 .rodata        0x00024758       0x40 /gcc-arm-none-eabi-4_9-2015q3/bin/../lib/gcc/arm-none-eabi/4.9.3/armv6-m/libgcc.a(muldf3.o)
 .rodata.str1.1
                0x00024798        0x2 /gcc-arm-none-eabi-4_9-2015q3/bin/../lib/gcc/arm-none-eabi/4.9.3/../../../../arm-none-eabi/lib/armv6-m/libc_nano.a(lib_a-impure.o)
 *fill*         0x0002479a        0x2 
 .rodata._global_impure_ptr
                0x0002479c        0x4 /gcc-arm-none-eabi-4_9-2015q3/bin/../lib/gcc/arm-none-eabi/4.9.3/../../../../arm-none-eabi/lib/armv6-m/libc_nano.a(lib_a-impure.o)
                0x0002479c                _global_impure_ptr
 .rodata.__sf_fake_stdin
                0x000247a0       0x20 /gcc-arm-none-eabi-4_9-2015q3/bin/../lib/gcc/arm-none-eabi/4.9.3/../../../../arm-none-eabi/lib/armv6-m/libc_nano.a(lib_a-findfp.o)
                0x000247a0                __sf_fake_stdin
 .rodata.__sf_fake_stdout
                0x000247c0       0x20 /gcc-arm-none-eabi-4_9-2015q3/bin/../lib/gcc/arm-none-eabi/4.9.3/../../../../arm-none-eabi/lib/armv6-m/libc_nano.a(lib_a-findfp.o)
                0x000247c0                __sf_fake_stdout
 .rodata.__sf_fake_stderr
                0x000247e0       0x20 /gcc-arm-none-eabi-4_9-2015q3/bin/../lib/gcc/arm-none-eabi/4.9.3/../../../../arm-none-eabi/lib/armv6-m/libc_nano.a(lib_a-findfp.o)
                0x000247e0                __sf_fake_stderr
 .rodata.str1.1
                0x00024800       0x11 /gcc-arm-none-eabi-4_9-2015q3/bin/../lib/gcc/arm-none-eabi/4.9.3/../../../../arm-none-eabi/lib/armv6-m/libc_nano.a(lib_a-nano-svfprintf.o)
 .rodata.str1.1
                0x00000000       0x11 /gcc-arm-none-eabi-4_9-2015q3/bin/../lib/gcc/arm-none-eabi/4.9.3/../../../../arm-none-eabi/lib/armv6-m/libc_nano.a(lib_a-nano-vfprintf.o)
 .rodata.str1.1
                0x00024811       0x22 /gcc-arm-none-eabi-4_9-2015q3/bin/../lib/gcc/arm-none-eabi/4.9.3/../../../../arm-none-eabi/lib/armv6-m/libc_nano.a(lib_a-nano-vfprintf_i.o)
 *(.eh_frame*)

.glue_7         0x00024834        0x0
 .glue_7        0x00000000        0x0 linker stubs

.glue_7t        0x00024834        0x0
 .glue_7t       0x00000000        0x0 linker stubs

.vfp11_veneer   0x00024834        0x0
 .vfp11_veneer  0x00000000        0x0 linker stubs

.v4_bx          0x00024834        0x0
 .v4_bx         0x00000000        0x0 linker stubs

.iplt           0x00024834        0x0
 .iplt          0x00000000        0x0 /gcc-arm-none-eabi-4_9-2015q3/bin/../lib/gcc/arm-none-eabi/4.9.3/armv6-m/crtbegin.o

.ARM.extab
 *(.ARM.extab* .gnu.linkonce.armextab.*)
                0x00024834                __exidx_start = .

.ARM.exidx      0x00024834        0x8
 *(.ARM.exidx* .gnu.linkonce.armexidx.*)
 .ARM.exidx     0x00024834        0x8 /gcc-arm-none-eabi-4_9-2015q3/bin/../lib/gcc/arm-none-eabi/4.9.3/../../../../arm-none-eabi/lib/armv6-m/crt0.o
 .ARM.exidx     0x0002483c        0x0 _build/gcc_startup_nrf51.o
                                  0x8 (size before relaxing)
 .ARM.exidx     0x0002483c        0x0 /gcc-arm-none-eabi-4_9-2015q3/bin/../lib/gcc/arm-none-eabi/4.9.3/armv6-m/libgcc.a(_divdi3.o)
                                  0x8 (size before relaxing)
 .ARM.exidx     0x0002483c        0x0 /gcc-arm-none-eabi-4_9-2015q3/bin/../lib/gcc/arm-none-eabi/4.9.3/armv6-m/libgcc.a(_udivdi3.o)
                                  0x8 (size before relaxing)
                0x0002483c                __exidx_end = .
                0x0002483c                __etext = .

.rel.dyn        0x0002483c        0x0
 .rel.iplt      0x00000000        0x0 /gcc-arm-none-eabi-4_9-2015q3/bin/../lib/gcc/arm-none-eabi/4.9.3/armv6-m/crtbegin.o

.data           0x20002000      0x138 load address 0x0002483c
                0x20002000                __data_start__ = .
 *(vtable)
 *(.data*)
 .data          0x20002000       0x13 _build/SparkFunTSL2561.o
                0x20002000                TSL2561_ADDR
                0x20002001                TSL2561_CMD_CLEAR
                0x20002002                TSL2561_CMD
                0x20002003                TSL2561_REG_ID
                0x20002004                TSL2561_REG_TIMING
                0x20002008                ms
                0x2000200c                TSL2561_REG_INTCTL
                0x2000200d                TSL2561_REG_DATA_0
                0x2000200e                TSL2561_REG_DATA_1
                0x2000200f                TSL2561_REG_THRESH_L
                0x20002010                TSL2561_REG_THRESH_H
                0x20002011                TSL2561_ADDR_1
                0x20002012                TSL2561_ADDR_0
 .data          0x20002013        0x1 _build/diskio.o
 .data          0x20002014       0x78 _build/SEGGER_RTT.o
 .data          0x2000208c       0x3c _build/fhp_gpio.o
 .data          0x200020c8        0x4 _build/nrf_pwm.o
 .data          0x200020cc        0x1 _build/mpu9x50.o
 *fill*         0x200020cd        0x1 
 .data          0x200020ce        0x2 _build/main.o
 .data.__fdlib_version
                0x200020d0        0x1 /gcc-arm-none-eabi-4_9-2015q3/bin/../lib/gcc/arm-none-eabi/4.9.3/../../../../arm-none-eabi/lib/armv6-m/libm.a(lib_a-s_lib_ver.o)
                0x200020d0                __fdlib_version
 *fill*         0x200020d1        0x3 
 .data.impure_data
                0x200020d4       0x60 /gcc-arm-none-eabi-4_9-2015q3/bin/../lib/gcc/arm-none-eabi/4.9.3/../../../../arm-none-eabi/lib/armv6-m/libc_nano.a(lib_a-impure.o)
 .data._impure_ptr
                0x20002134        0x4 /gcc-arm-none-eabi-4_9-2015q3/bin/../lib/gcc/arm-none-eabi/4.9.3/../../../../arm-none-eabi/lib/armv6-m/libc_nano.a(lib_a-impure.o)
                0x20002134                _impure_ptr
                0x20002138                . = ALIGN (0x4)
                0x20002138                PROVIDE (__preinit_array_start, .)
 *(.preinit_array)
                0x20002138                PROVIDE (__preinit_array_end, .)
                0x20002138                . = ALIGN (0x4)
                0x20002138                PROVIDE (__init_array_start, .)
 *(SORT(.init_array.*))
 *(.init_array)
                0x20002138                PROVIDE (__init_array_end, .)
                0x20002138                . = ALIGN (0x4)
                0x20002138                PROVIDE (__fini_array_start, .)
 *(SORT(.fini_array.*))
 *(.fini_array)
                0x20002138                PROVIDE (__fini_array_end, .)
 *(.jcr)
                0x20002138                . = ALIGN (0x4)
                0x20002138                __data_end__ = .

.igot.plt       0x20002138        0x0 load address 0x00024974
 .igot.plt      0x00000000        0x0 /gcc-arm-none-eabi-4_9-2015q3/bin/../lib/gcc/arm-none-eabi/4.9.3/armv6-m/crtbegin.o

.bss            0x20002138     0x165c load address 0x00024978
                0x20002138                . = ALIGN (0x4)
                0x20002138                __bss_start__ = .
 *(.bss*)
 .bss           0x20002138      0x9d4 _build/init.o
 .bss           0x20002b0c        0x4 _build/SparkFunTSL2561.o
                0x20002b0c                TSL2561_REG_CONTROL
                0x20002b0d                time
                0x20002b0e                good
                0x20002b0f                error
 .bss           0x20002b10        0x4 _build/sd_card.o
 .bss           0x20002b14        0x2 _build/battery.o
 .bss           0x20002b16        0x1 _build/max17048.o
 .bss           0x20002b17        0x3 _build/pca9538.o
 *fill*         0x20002b1a        0x2 
 .bss           0x20002b1c        0x6 _build/ff.o
 .bss           0x20002b22        0x1 _build/diskio.o
 .bss           0x20002b23        0x1 _build/max1161x.o
 .bss           0x20002b24      0x411 _build/SEGGER_RTT.o
 *fill*         0x20002f35        0x3 
 .bss           0x20002f38       0x58 _build/nrf_pwm.o
 .bss           0x20002f90       0x11 _build/mpu9x50.o
 *fill*         0x20002fa1        0x3 
 .bss           0x20002fa4        0x4 _build/bme280.o
 .bss           0x20002fa8       0x70 _build/ble_ambient.o
 .bss           0x20003018        0x4 _build/main.o
 .bss           0x2000301c       0x4a _build/ble_dis.o
 *fill*         0x20003066        0x2 
 .bss           0x20003068       0x18 _build/softdevice_handler.o
 .bss           0x20003080       0x35 _build/ble_conn_params.o
 *fill*         0x200030b5        0x3 
 .bss           0x200030b8       0x29 _build/app_timer.o
 *fill*         0x200030e1        0x3 
 .bss           0x200030e4       0xf8 _build/pstorage.o
 .bss           0x200031dc      0x120 _build/device_manager_peripheral.o
 .bss           0x200032fc        0xa _build/app_gpiote.o
 *fill*         0x20003306        0x2 
 .bss           0x20003308        0xe _build/app_scheduler.o
 *fill*         0x20003316        0x2 
 .bss.__malloc_sbrk_start
                0x20003318        0x4 /gcc-arm-none-eabi-4_9-2015q3/bin/../lib/gcc/arm-none-eabi/4.9.3/../../../../arm-none-eabi/lib/armv6-m/libc_nano.a(lib_a-nano-mallocr.o)
                0x20003318                __malloc_sbrk_start
 .bss.__malloc_free_list
                0x2000331c        0x4 /gcc-arm-none-eabi-4_9-2015q3/bin/../lib/gcc/arm-none-eabi/4.9.3/../../../../arm-none-eabi/lib/armv6-m/libc_nano.a(lib_a-nano-mallocr.o)
                0x2000331c                __malloc_free_list
 .bss.heap_end.4079
                0x20003320        0x4 /gcc-arm-none-eabi-4_9-2015q3/bin/../lib/gcc/arm-none-eabi/4.9.3/../../../../arm-none-eabi/lib/armv6-m/libnosys.a(sbrk.o)
 *(COMMON)
 *fill*         0x20003324        0x4 
 COMMON         0x20003328      0x424 _build/init.o
                0x20003328                m_gauge_timer_id
                0x20003330                m_humsolo
                0x20003350                m_gpiote_user_ch
                0x20003351                _i2c_address
                0x20003354                m_watchdog_timer_id
                0x20003358                twi_busy
                0x20003359                m_app_handle
                0x20003360                m_sd2app
                0x20003380                m_pr
                0x200033a0                high_voltage_on
                0x200033a8                m_hum
                0x200033c8                low_battery
                0x200033cc                m_rtc_timer_id
                0x200033d0                m_amb
                0x200034d0                m_temp
                0x200034f0                _error
                0x200034f4                sd_card
                0x20003728                m_lum
                0x20003748                m_base_timer_id
 COMMON         0x2000374c        0x4 _build/SparkFunTSL2561.o
                0x2000374c                data1
                0x2000374d                ID
                0x2000374e                data0
                0x2000374f                gain
 COMMON         0x20003750        0x1 _build/mpu9x50.o
                0x20003750                device_address
 *fill*         0x20003751        0x3 
 COMMON         0x20003754       0x3c _build/bme280.o
                0x20003754                bme280
 COMMON         0x20003790        0x4 /gcc-arm-none-eabi-4_9-2015q3/bin/../lib/gcc/arm-none-eabi/4.9.3/../../../../arm-none-eabi/lib/armv6-m/libc_nano.a(lib_a-reent.o)
                0x20003790                errno
                0x20003794                . = ALIGN (0x4)
                0x20003794                __bss_end__ = .

.heap           0x20003798        0x0
                0x20003798                __end__ = .
                0x20003798                end = __end__
 *(.heap*)
 .heap          0x20003798        0x0 _build/gcc_startup_nrf51.o
                0x20003798                __HeapLimit = .

.stack_dummy    0x20003798      0x800
 *(.stack*)
 .stack         0x20003798      0x800 _build/gcc_startup_nrf51.o
                0x20004000                __StackTop = (ORIGIN (RAM) + 0x2000)
                0x20003800                __StackLimit = (__StackTop - SIZEOF (.stack_dummy))
                0x20004000                PROVIDE (__stack, __StackTop)
                0x00000001                ASSERT ((__StackLimit >= __HeapLimit), region RAM overflowed with stack)
OUTPUT(_build/setec_s110_xxaa.out elf32-littlearm)

.ARM.attributes
                0x00000000       0x28
 .ARM.attributes
                0x00000000       0x1e /gcc-arm-none-eabi-4_9-2015q3/bin/../lib/gcc/arm-none-eabi/4.9.3/armv6-m/crti.o
 .ARM.attributes
                0x0000001e       0x1b /gcc-arm-none-eabi-4_9-2015q3/bin/../lib/gcc/arm-none-eabi/4.9.3/../../../../arm-none-eabi/lib/armv6-m/crt0.o
 .ARM.attributes
                0x00000039       0x31 _build/init.o
 .ARM.attributes
                0x0000006a       0x31 _build/pr.o
 .ARM.attributes
                0x0000009b       0x31 _build/sd2app.o
 .ARM.attributes
                0x000000cc       0x31 _build/lum.o
 .ARM.attributes
                0x000000fd       0x31 _build/humsolo.o
 .ARM.attributes
                0x0000012e       0x31 _build/SparkFunTSL2561.o
 .ARM.attributes
                0x0000015f       0x31 _build/temp.o
 .ARM.attributes
                0x00000190       0x31 _build/hum.o
 .ARM.attributes
                0x000001c1       0x31 _build/SparkFunMS1.o
 .ARM.attributes
                0x000001f2       0x31 _build/sd_card.o
 .ARM.attributes
                0x00000223       0x31 _build/battery.o
 .ARM.attributes
                0x00000254       0x31 _build/max17048.o
 .ARM.attributes
                0x00000285       0x31 _build/pca9538.o
 .ARM.attributes
                0x000002b6       0x31 _build/ff.o
 .ARM.attributes
                0x000002e7       0x31 _build/diskio.o
 .ARM.attributes
                0x00000318       0x31 _build/max1161x.o
 .ARM.attributes
                0x00000349       0x31 _build/SEGGER_RTT.o
 .ARM.attributes
                0x0000037a       0x31 _build/fhp_gpio.o
 .ARM.attributes
                0x000003ab       0x31 _build/nrf_pwm.o
 .ARM.attributes
                0x000003dc       0x31 _build/mpu9x50.o
 .ARM.attributes
                0x0000040d       0x31 _build/bme280.o
 .ARM.attributes
                0x0000043e       0x31 _build/spi_fhp_master.o
 .ARM.attributes
                0x0000046f       0x31 _build/ble_ambient.o
 .ARM.attributes
                0x000004a0       0x31 _build/main.o
 .ARM.attributes
                0x000004d1       0x31 _build/utils.o
 .ARM.attributes
                0x00000502       0x31 _build/twi_hw_master.o
 .ARM.attributes
                0x00000533       0x31 _build/ble_dis.o
 .ARM.attributes
                0x00000564       0x31 _build/ble_srv_common.o
 .ARM.attributes
                0x00000595       0x31 _build/softdevice_handler.o
 .ARM.attributes
                0x000005c6       0x31 _build/ble_advdata.o
 .ARM.attributes
                0x000005f7       0x31 _build/ble_conn_params.o
 .ARM.attributes
                0x00000628       0x31 _build/app_timer.o
 .ARM.attributes
                0x00000659       0x31 _build/pstorage.o
 .ARM.attributes
                0x0000068a       0x31 _build/device_manager_peripheral.o
 .ARM.attributes
                0x000006bb       0x31 _build/app_gpiote.o
 .ARM.attributes
                0x000006ec       0x31 _build/nrf_delay.o
 .ARM.attributes
                0x0000071d       0x31 _build/app_scheduler.o
 .ARM.attributes
                0x0000074e       0x31 _build/system_nrf51.o
 .ARM.attributes
                0x0000077f       0x1b _build/gcc_startup_nrf51.o
 .ARM.attributes
                0x0000079a       0x2c /gcc-arm-none-eabi-4_9-2015q3/bin/../lib/gcc/arm-none-eabi/4.9.3/../../../../arm-none-eabi/lib/armv6-m/libm.a(lib_a-w_pow.o)
 .ARM.attributes
                0x000007c6       0x2c /gcc-arm-none-eabi-4_9-2015q3/bin/../lib/gcc/arm-none-eabi/4.9.3/../../../../arm-none-eabi/lib/armv6-m/libm.a(lib_a-e_pow.o)
 .ARM.attributes
                0x000007f2       0x2c /gcc-arm-none-eabi-4_9-2015q3/bin/../lib/gcc/arm-none-eabi/4.9.3/../../../../arm-none-eabi/lib/armv6-m/libm.a(lib_a-e_sqrt.o)
 .ARM.attributes
                0x0000081e       0x2c /gcc-arm-none-eabi-4_9-2015q3/bin/../lib/gcc/arm-none-eabi/4.9.3/../../../../arm-none-eabi/lib/armv6-m/libm.a(lib_a-s_fabs.o)
 .ARM.attributes
                0x0000084a       0x2c /gcc-arm-none-eabi-4_9-2015q3/bin/../lib/gcc/arm-none-eabi/4.9.3/../../../../arm-none-eabi/lib/armv6-m/libm.a(lib_a-s_finite.o)
 .ARM.attributes
                0x00000876       0x2c /gcc-arm-none-eabi-4_9-2015q3/bin/../lib/gcc/arm-none-eabi/4.9.3/../../../../arm-none-eabi/lib/armv6-m/libm.a(lib_a-s_fpclassify.o)
 .ARM.attributes
                0x000008a2       0x2c /gcc-arm-none-eabi-4_9-2015q3/bin/../lib/gcc/arm-none-eabi/4.9.3/../../../../arm-none-eabi/lib/armv6-m/libm.a(lib_a-s_lib_ver.o)
 .ARM.attributes
                0x000008ce       0x2c /gcc-arm-none-eabi-4_9-2015q3/bin/../lib/gcc/arm-none-eabi/4.9.3/../../../../arm-none-eabi/lib/armv6-m/libm.a(lib_a-s_matherr.o)
 .ARM.attributes
                0x000008fa       0x2c /gcc-arm-none-eabi-4_9-2015q3/bin/../lib/gcc/arm-none-eabi/4.9.3/../../../../arm-none-eabi/lib/armv6-m/libm.a(lib_a-s_nan.o)
 .ARM.attributes
                0x00000926       0x2c /gcc-arm-none-eabi-4_9-2015q3/bin/../lib/gcc/arm-none-eabi/4.9.3/../../../../arm-none-eabi/lib/armv6-m/libm.a(lib_a-s_rint.o)
 .ARM.attributes
                0x00000952       0x2c /gcc-arm-none-eabi-4_9-2015q3/bin/../lib/gcc/arm-none-eabi/4.9.3/../../../../arm-none-eabi/lib/armv6-m/libm.a(lib_a-s_scalbn.o)
 .ARM.attributes
                0x0000097e       0x2c /gcc-arm-none-eabi-4_9-2015q3/bin/../lib/gcc/arm-none-eabi/4.9.3/../../../../arm-none-eabi/lib/armv6-m/libm.a(lib_a-s_copysign.o)
 .ARM.attributes
                0x000009aa       0x1e /gcc-arm-none-eabi-4_9-2015q3/bin/../lib/gcc/arm-none-eabi/4.9.3/armv6-m/libgcc.a(_thumb1_case_uqi.o)
 .ARM.attributes
                0x000009c8       0x1e /gcc-arm-none-eabi-4_9-2015q3/bin/../lib/gcc/arm-none-eabi/4.9.3/armv6-m/libgcc.a(_udivsi3.o)
 .ARM.attributes
                0x000009e6       0x1e /gcc-arm-none-eabi-4_9-2015q3/bin/../lib/gcc/arm-none-eabi/4.9.3/armv6-m/libgcc.a(_divsi3.o)
 .ARM.attributes
                0x00000a04       0x1e /gcc-arm-none-eabi-4_9-2015q3/bin/../lib/gcc/arm-none-eabi/4.9.3/armv6-m/libgcc.a(_dvmd_tls.o)
 .ARM.attributes
                0x00000a22       0x1e /gcc-arm-none-eabi-4_9-2015q3/bin/../lib/gcc/arm-none-eabi/4.9.3/armv6-m/libgcc.a(_arm_cmpdf2.o)
 .ARM.attributes
                0x00000a40       0x1e /gcc-arm-none-eabi-4_9-2015q3/bin/../lib/gcc/arm-none-eabi/4.9.3/armv6-m/libgcc.a(_aeabi_uldivmod.o)
 .ARM.attributes
                0x00000a5e       0x2c /gcc-arm-none-eabi-4_9-2015q3/bin/../lib/gcc/arm-none-eabi/4.9.3/armv6-m/libgcc.a(_fixunsdfsi.o)
 .ARM.attributes
                0x00000a8a       0x2c /gcc-arm-none-eabi-4_9-2015q3/bin/../lib/gcc/arm-none-eabi/4.9.3/armv6-m/libgcc.a(bpabi.o)
 .ARM.attributes
                0x00000ab6       0x2c /gcc-arm-none-eabi-4_9-2015q3/bin/../lib/gcc/arm-none-eabi/4.9.3/armv6-m/libgcc.a(adddf3.o)
 .ARM.attributes
                0x00000ae2       0x2c /gcc-arm-none-eabi-4_9-2015q3/bin/../lib/gcc/arm-none-eabi/4.9.3/armv6-m/libgcc.a(divdf3.o)
 .ARM.attributes
                0x00000b0e       0x2c /gcc-arm-none-eabi-4_9-2015q3/bin/../lib/gcc/arm-none-eabi/4.9.3/armv6-m/libgcc.a(eqdf2.o)
 .ARM.attributes
                0x00000b3a       0x2c /gcc-arm-none-eabi-4_9-2015q3/bin/../lib/gcc/arm-none-eabi/4.9.3/armv6-m/libgcc.a(gedf2.o)
 .ARM.attributes
                0x00000b66       0x2c /gcc-arm-none-eabi-4_9-2015q3/bin/../lib/gcc/arm-none-eabi/4.9.3/armv6-m/libgcc.a(ledf2.o)
 .ARM.attributes
                0x00000b92       0x2c /gcc-arm-none-eabi-4_9-2015q3/bin/../lib/gcc/arm-none-eabi/4.9.3/armv6-m/libgcc.a(muldf3.o)
 .ARM.attributes
                0x00000bbe       0x2c /gcc-arm-none-eabi-4_9-2015q3/bin/../lib/gcc/arm-none-eabi/4.9.3/armv6-m/libgcc.a(subdf3.o)
 .ARM.attributes
                0x00000bea       0x2c /gcc-arm-none-eabi-4_9-2015q3/bin/../lib/gcc/arm-none-eabi/4.9.3/armv6-m/libgcc.a(fixdfsi.o)
 .ARM.attributes
                0x00000c16       0x2c /gcc-arm-none-eabi-4_9-2015q3/bin/../lib/gcc/arm-none-eabi/4.9.3/armv6-m/libgcc.a(floatsidf.o)
 .ARM.attributes
                0x00000c42       0x2c /gcc-arm-none-eabi-4_9-2015q3/bin/../lib/gcc/arm-none-eabi/4.9.3/armv6-m/libgcc.a(floatunsidf.o)
 .ARM.attributes
                0x00000c6e       0x1e /gcc-arm-none-eabi-4_9-2015q3/bin/../lib/gcc/arm-none-eabi/4.9.3/armv6-m/libgcc.a(_clzsi2.o)
 .ARM.attributes
                0x00000c8c       0x2c /gcc-arm-none-eabi-4_9-2015q3/bin/../lib/gcc/arm-none-eabi/4.9.3/armv6-m/libgcc.a(_muldi3.o)
 .ARM.attributes
                0x00000cb8       0x2c /gcc-arm-none-eabi-4_9-2015q3/bin/../lib/gcc/arm-none-eabi/4.9.3/armv6-m/libgcc.a(_divdi3.o)
 .ARM.attributes
                0x00000ce4       0x2c /gcc-arm-none-eabi-4_9-2015q3/bin/../lib/gcc/arm-none-eabi/4.9.3/armv6-m/libgcc.a(_udivdi3.o)
 .ARM.attributes
                0x00000d10       0x1e /gcc-arm-none-eabi-4_9-2015q3/bin/../lib/gcc/arm-none-eabi/4.9.3/armv6-m/libgcc.a(_clzdi2.o)
 .ARM.attributes
                0x00000d2e       0x2c /gcc-arm-none-eabi-4_9-2015q3/bin/../lib/gcc/arm-none-eabi/4.9.3/../../../../arm-none-eabi/lib/armv6-m/libc_nano.a(lib_a-errno.o)
 .ARM.attributes
                0x00000d5a       0x2c /gcc-arm-none-eabi-4_9-2015q3/bin/../lib/gcc/arm-none-eabi/4.9.3/../../../../arm-none-eabi/lib/armv6-m/libc_nano.a(lib_a-exit.o)
 .ARM.attributes
                0x00000d86       0x2c /gcc-arm-none-eabi-4_9-2015q3/bin/../lib/gcc/arm-none-eabi/4.9.3/../../../../arm-none-eabi/lib/armv6-m/libc_nano.a(lib_a-impure.o)
 .ARM.attributes
                0x00000db2       0x2c /gcc-arm-none-eabi-4_9-2015q3/bin/../lib/gcc/arm-none-eabi/4.9.3/../../../../arm-none-eabi/lib/armv6-m/libc_nano.a(lib_a-init.o)
 .ARM.attributes
                0x00000dde       0x2c /gcc-arm-none-eabi-4_9-2015q3/bin/../lib/gcc/arm-none-eabi/4.9.3/../../../../arm-none-eabi/lib/armv6-m/libc_nano.a(lib_a-memcmp.o)
 .ARM.attributes
                0x00000e0a       0x2c /gcc-arm-none-eabi-4_9-2015q3/bin/../lib/gcc/arm-none-eabi/4.9.3/../../../../arm-none-eabi/lib/armv6-m/libc_nano.a(lib_a-memcpy.o)
 .ARM.attributes
                0x00000e36       0x2c /gcc-arm-none-eabi-4_9-2015q3/bin/../lib/gcc/arm-none-eabi/4.9.3/../../../../arm-none-eabi/lib/armv6-m/libc_nano.a(lib_a-memset.o)
 .ARM.attributes
                0x00000e62       0x2c /gcc-arm-none-eabi-4_9-2015q3/bin/../lib/gcc/arm-none-eabi/4.9.3/../../../../arm-none-eabi/lib/armv6-m/libc_nano.a(lib_a-nano-freer.o)
 .ARM.attributes
                0x00000e8e       0x2c /gcc-arm-none-eabi-4_9-2015q3/bin/../lib/gcc/arm-none-eabi/4.9.3/../../../../arm-none-eabi/lib/armv6-m/libc_nano.a(lib_a-nano-mallocr.o)
 .ARM.attributes