Archive member included because of file (symbol)

/gcc-arm-none-eabi-4_9-2015q3/bin/../lib/gcc/arm-none-eabi/4.9.3/armv6-m/libgcc.a(_thumb1_case_uqi.o)
                              _build/pr.o (__gnu_thumb1_case_uqi)
/gcc-arm-none-eabi-4_9-2015q3/bin/../lib/gcc/arm-none-eabi/4.9.3/armv6-m/libgcc.a(_udivsi3.o)
                              _build/ff.o (__aeabi_uidiv)
/gcc-arm-none-eabi-4_9-2015q3/bin/../lib/gcc/arm-none-eabi/4.9.3/armv6-m/libgcc.a(_divsi3.o)
                              _build/fhp_gpio.o (__aeabi_idiv)
/gcc-arm-none-eabi-4_9-2015q3/bin/../lib/gcc/arm-none-eabi/4.9.3/armv6-m/libgcc.a(_dvmd_tls.o)
                              /gcc-arm-none-eabi-4_9-2015q3/bin/../lib/gcc/arm-none-eabi/4.9.3/armv6-m/libgcc.a(_udivsi3.o) (__aeabi_idiv0)
/gcc-arm-none-eabi-4_9-2015q3/bin/../lib/gcc/arm-none-eabi/4.9.3/armv6-m/libgcc.a(_arm_cmpsf2.o)
                              _build/init.o (__aeabi_fcmpeq)
/gcc-arm-none-eabi-4_9-2015q3/bin/../lib/gcc/arm-none-eabi/4.9.3/armv6-m/libgcc.a(_aeabi_uldivmod.o)
                              _build/fhp_gpio.o (__aeabi_uldivmod)
/gcc-arm-none-eabi-4_9-2015q3/bin/../lib/gcc/arm-none-eabi/4.9.3/armv6-m/libgcc.a(bpabi.o)
                              /gcc-arm-none-eabi-4_9-2015q3/bin/../lib/gcc/arm-none-eabi/4.9.3/armv6-m/libgcc.a(_aeabi_uldivmod.o) (__gnu_uldivmod_helper)
/gcc-arm-none-eabi-4_9-2015q3/bin/../lib/gcc/arm-none-eabi/4.9.3/armv6-m/libgcc.a(eqsf2.o)
                              /gcc-arm-none-eabi-4_9-2015q3/bin/../lib/gcc/arm-none-eabi/4.9.3/armv6-m/libgcc.a(_arm_cmpsf2.o) (__eqsf2)
/gcc-arm-none-eabi-4_9-2015q3/bin/../lib/gcc/arm-none-eabi/4.9.3/armv6-m/libgcc.a(gesf2.o)
                              /gcc-arm-none-eabi-4_9-2015q3/bin/../lib/gcc/arm-none-eabi/4.9.3/armv6-m/libgcc.a(_arm_cmpsf2.o) (__gesf2)
/gcc-arm-none-eabi-4_9-2015q3/bin/../lib/gcc/arm-none-eabi/4.9.3/armv6-m/libgcc.a(lesf2.o)
                              /gcc-arm-none-eabi-4_9-2015q3/bin/../lib/gcc/arm-none-eabi/4.9.3/armv6-m/libgcc.a(_arm_cmpsf2.o) (__lesf2)
/gcc-arm-none-eabi-4_9-2015q3/bin/../lib/gcc/arm-none-eabi/4.9.3/armv6-m/libgcc.a(_muldi3.o)
                              /gcc-arm-none-eabi-4_9-2015q3/bin/../lib/gcc/arm-none-eabi/4.9.3/armv6-m/libgcc.a(bpabi.o) (__aeabi_lmul)
/gcc-arm-none-eabi-4_9-2015q3/bin/../lib/gcc/arm-none-eabi/4.9.3/armv6-m/libgcc.a(_divdi3.o)
                              /gcc-arm-none-eabi-4_9-2015q3/bin/../lib/gcc/arm-none-eabi/4.9.3/armv6-m/libgcc.a(bpabi.o) (__divdi3)
/gcc-arm-none-eabi-4_9-2015q3/bin/../lib/gcc/arm-none-eabi/4.9.3/armv6-m/libgcc.a(_udivdi3.o)
                              /gcc-arm-none-eabi-4_9-2015q3/bin/../lib/gcc/arm-none-eabi/4.9.3/armv6-m/libgcc.a(bpabi.o) (__udivdi3)
/gcc-arm-none-eabi-4_9-2015q3/bin/../lib/gcc/arm-none-eabi/4.9.3/armv6-m/libgcc.a(_clzdi2.o)
                              /gcc-arm-none-eabi-4_9-2015q3/bin/../lib/gcc/arm-none-eabi/4.9.3/armv6-m/libgcc.a(_divdi3.o) (__clzdi2)
/gcc-arm-none-eabi-4_9-2015q3/bin/../lib/gcc/arm-none-eabi/4.9.3/armv6-m/libgcc.a(_clzsi2.o)
                              /gcc-arm-none-eabi-4_9-2015q3/bin/../lib/gcc/arm-none-eabi/4.9.3/armv6-m/libgcc.a(_clzdi2.o) (__clzsi2)
/gcc-arm-none-eabi-4_9-2015q3/bin/../lib/gcc/arm-none-eabi/4.9.3/../../../../arm-none-eabi/lib/armv6-m/libc_nano.a(lib_a-exit.o)
                              /gcc-arm-none-eabi-4_9-2015q3/bin/../lib/gcc/arm-none-eabi/4.9.3/../../../../arm-none-eabi/lib/armv6-m/crt0.o (exit)
/gcc-arm-none-eabi-4_9-2015q3/bin/../lib/gcc/arm-none-eabi/4.9.3/../../../../arm-none-eabi/lib/armv6-m/libc_nano.a(lib_a-impure.o)
                              /gcc-arm-none-eabi-4_9-2015q3/bin/../lib/gcc/arm-none-eabi/4.9.3/../../../../arm-none-eabi/lib/armv6-m/libc_nano.a(lib_a-exit.o) (_global_impure_ptr)
/gcc-arm-none-eabi-4_9-2015q3/bin/../lib/gcc/arm-none-eabi/4.9.3/../../../../arm-none-eabi/lib/armv6-m/libc_nano.a(lib_a-init.o)
                              /gcc-arm-none-eabi-4_9-2015q3/bin/../lib/gcc/arm-none-eabi/4.9.3/../../../../arm-none-eabi/lib/armv6-m/crt0.o (__libc_init_array)
/gcc-arm-none-eabi-4_9-2015q3/bin/../lib/gcc/arm-none-eabi/4.9.3/../../../../arm-none-eabi/lib/armv6-m/libc_nano.a(lib_a-malloc.o)
                              _build/mpu9x50.o (malloc)
/gcc-arm-none-eabi-4_9-2015q3/bin/../lib/gcc/arm-none-eabi/4.9.3/../../../../arm-none-eabi/lib/armv6-m/libc_nano.a(lib_a-memcmp.o)
                              _build/mpu9x50.o (memcmp)
/gcc-arm-none-eabi-4_9-2015q3/bin/../lib/gcc/arm-none-eabi/4.9.3/../../../../arm-none-eabi/lib/armv6-m/libc_nano.a(lib_a-memcpy.o)
                              _build/ble_nus.o (memcpy)
/gcc-arm-none-eabi-4_9-2015q3/bin/../lib/gcc/arm-none-eabi/4.9.3/../../../../arm-none-eabi/lib/armv6-m/libc_nano.a(lib_a-memset.o)
                              /gcc-arm-none-eabi-4_9-2015q3/bin/../lib/gcc/arm-none-eabi/4.9.3/../../../../arm-none-eabi/lib/armv6-m/crt0.o (memset)
[...]
Memory Configuration

Name             Origin             Length             Attributes
FLASH            0x00016000         0x0002a000         xr
RAM              0x20002000         0x00002000         xrw
*default*        0x00000000         0xffffffff

Linker script and memory map

LOAD /gcc-arm-none-eabi-4_9-2015q3/bin/../lib/gcc/arm-none-eabi/4.9.3/armv6-m/crti.o
LOAD /gcc-arm-none-eabi-4_9-2015q3/bin/../lib/gcc/arm-none-eabi/4.9.3/armv6-m/crtbegin.o
LOAD /gcc-arm-none-eabi-4_9-2015q3/bin/../lib/gcc/arm-none-eabi/4.9.3/../../../../arm-none-eabi/lib/armv6-m/crt0.o
LOAD _build/init.o
LOAD _build/ble_nus.o
LOAD _build/pr.o
LOAD _build/temp.o
LOAD _build/hum.o
LOAD _build/sd_card.o
LOAD _build/battery.o
LOAD _build/max17048.o
LOAD _build/pca9538.o
LOAD _build/ff.o
LOAD _build/diskio.o
LOAD _build/max1161x.o
LOAD _build/SEGGER_RTT.o
LOAD _build/fhp_gpio.o
LOAD _build/nrf_pwm.o
LOAD _build/mpu9x50.o
LOAD _build/bme280.o
LOAD _build/spi_fhp_master.o
LOAD _build/ble_ambient.o
LOAD _build/main.o
LOAD _build/app_uart_fifo_mod.o
LOAD _build/utils.o
LOAD _build/twi_hw_master.o
LOAD _build/ble_dis.o
LOAD _build/ble_srv_common.o
LOAD _build/softdevice_handler.o
LOAD _build/ble_advdata.o
LOAD _build/ble_conn_params.o
LOAD _build/app_timer.o
LOAD _build/pstorage.o
LOAD _build/device_manager_peripheral.o
LOAD _build/app_gpiote.o
LOAD _build/nrf_delay.o
LOAD _build/app_scheduler.o
LOAD _build/app_fifo.o
LOAD _build/ble_debug_assert_handler.o
LOAD _build/system_nrf51.o
LOAD _build/gcc_startup_nrf51.o
LOAD /gcc-arm-none-eabi-4_9-2015q3/bin/../lib/gcc/arm-none-eabi/4.9.3/../../../../arm-none-eabi/lib/armv6-m/libm.a
START GROUP
LOAD /gcc-arm-none-eabi-4_9-2015q3/bin/../lib/gcc/arm-none-eabi/4.9.3/armv6-m/libgcc.a
LOAD /gcc-arm-none-eabi-4_9-2015q3/bin/../lib/gcc/arm-none-eabi/4.9.3/../../../../arm-none-eabi/lib/armv6-m/libc_nano.a
END GROUP
START GROUP
LOAD /gcc-arm-none-eabi-4_9-2015q3/bin/../lib/gcc/arm-none-eabi/4.9.3/armv6-m/libgcc.a
LOAD /gcc-arm-none-eabi-4_9-2015q3/bin/../lib/gcc/arm-none-eabi/4.9.3/../../../../arm-none-eabi/lib/armv6-m/libc_nano.a
END GROUP
LOAD /gcc-arm-none-eabi-4_9-2015q3/bin/../lib/gcc/arm-none-eabi/4.9.3/armv6-m/crtend.o
LOAD /gcc-arm-none-eabi-4_9-2015q3/bin/../lib/gcc/arm-none-eabi/4.9.3/armv6-m/crtn.o
START GROUP
LOAD /gcc-arm-none-eabi-4_9-2015q3/bin/../lib/gcc/arm-none-eabi/4.9.3/armv6-m/libgcc.a
LOAD /gcc-arm-none-eabi-4_9-2015q3/bin/../lib/gcc/arm-none-eabi/4.9.3/../../../../arm-none-eabi/lib/armv6-m/libc.a
LOAD /gcc-arm-none-eabi-4_9-2015q3/bin/../lib/gcc/arm-none-eabi/4.9.3/../../../../arm-none-eabi/lib/armv6-m/libnosys.a
END GROUP

.text           0x00016000     0x872b
 *(.Vectors)
 .Vectors       0x00016000       0xc0 _build/gcc_startup_nrf51.o
                0x00016000                __Vectors
 *(.text*)
 .text          0x000160c0       0x78 /gcc-arm-none-eabi-4_9-2015q3/bin/../lib/gcc/arm-none-eabi/4.9.3/../../../../arm-none-eabi/lib/armv6-m/crt0.o
                0x000160c0                _mainCRTStartup
                0x000160c0                _start
 .text.sd_ble_gap_tx_power_set
                0x00016138        0x4 _build/init.o
 .text.sd_ble_gap_appearance_set
                0x0001613c        0x4 _build/init.o
 .text.sd_ble_gap_ppcp_set
                0x00016140        0x4 _build/init.o
 .text.sd_ble_gap_device_name_set
                0x00016144        0x4 _build/init.o
 .text.sd_ble_enable
                0x00016148        0x4 _build/init.o
 .text.sd_ble_opt_set
                0x0001614c        0x4 _build/init.o
 .text.gpio_init
                0x00016150       0x60 _build/init.o
                0x00016150                gpio_init
 .text.leds_init
                0x000161b0       0x28 _build/init.o
                0x000161b0                leds_init
 .text.timers_init
                0x000161d8       0x84 _build/init.o
                0x000161d8                timers_init
 .text.gpiote_init
                0x0001625c       0x78 _build/init.o
                0x0001625c                gpiote_init
 .text.ble_stack_init
                0x000162d4       0x98 _build/init.o
                0x000162d4                ble_stack_init
 .text.scheduler_init
                0x0001636c       0x24 _build/init.o
                0x0001636c                scheduler_init
 .text.device_manager_init
                0x00016390       0x80 _build/init.o
                0x00016390                device_manager_init
 .text.gap_params_init
                0x00016410       0x60 _build/init.o
                0x00016410                gap_params_init
 .text.services_init
                0x00016470       0x7c _build/init.o
                0x00016470                services_init
 .text.advertising_init
                0x000164ec       0x4c _build/init.o
                0x000164ec                advertising_init
 .text.conn_params_init
                0x00016538       0x54 _build/init.o
                0x00016538                conn_params_init
 .text.drivers_init
                0x0001658c       0x9c _build/init.o
                0x0001658c                drivers_init
 .text.sensors_init
                0x00016628       0xb8 _build/init.o
                0x00016628                sensors_init
 .text.watchdog_init
                0x000166e0       0x54 _build/init.o
                0x000166e0                watchdog_init
 .text.application_work_start
                0x00016734       0x60 _build/init.o
                0x00016734                application_work_start
 .text.application_work_stop
                0x00016794       0x3c _build/init.o
                0x00016794                application_work_stop
 .text.sd_ble_gatts_service_add
                0x000167d0        0x4 _build/ble_nus.o
 .text.sd_ble_gatts_characteristic_add
                0x000167d4        0x4 _build/ble_nus.o
 .text.sd_ble_gatts_hvx
                0x000167d8        0x4 _build/ble_nus.o
 .text.sd_ble_uuid_vs_add
                0x000167dc        0x4 _build/ble_nus.o
 .text.ble_nus_init
                0x000167e0      0x15c _build/ble_nus.o
                0x000167e0                ble_nus_init
 .text.ble_nus_send_string
                0x0001693c       0x58 _build/ble_nus.o
                0x0001693c                ble_nus_send_string
 .text.pr_init  0x00016994       0x30 _build/pr.o
                0x00016994                pr_init
 .text.pr_configs_update
                0x000169c4       0x98 _build/pr.o
                0x000169c4                pr_configs_update
 .text.pr_values_handler
                0x00016a5c       0x58 _build/pr.o
                0x00016a5c                pr_values_handler
 .text.pr_timer_handler
                0x00016ab4       0x84 _build/pr.o
                0x00016ab4                pr_timer_handler
 .text.pr_reset_configs
                0x00016b38       0x70 _build/pr.o
                0x00016b38                pr_reset_configs
 .text.temp_init
                0x00016ba8       0x30 _build/temp.o
                0x00016ba8                temp_init
 .text.temp_configs_update
                0x00016bd8       0x90 _build/temp.o
                0x00016bd8                temp_configs_update
 .text.temp_values_handler
                0x00016c68       0x58 _build/temp.o
                0x00016c68                temp_values_handler
 .text.temp_timer_handler
                0x00016cc0       0x84 _build/temp.o
                0x00016cc0                temp_timer_handler
 .text.temp_reset_configs
                0x00016d44       0x70 _build/temp.o
                0x00016d44                temp_reset_configs
 .text.hum_init
                0x00016db4       0x30 _build/hum.o
                0x00016db4                hum_init
 .text.hum_configs_update
                0x00016de4       0x90 _build/hum.o
                0x00016de4                hum_configs_update
 .text.hum_values_handler
                0x00016e74       0x58 _build/hum.o
                0x00016e74                hum_values_handler
 .text.hum_timer_handler
                0x00016ecc       0x84 _build/hum.o
                0x00016ecc                hum_timer_handler
 .text.hum_reset_configs
                0x00016f50       0x70 _build/hum.o
                0x00016f50                hum_reset_configs
 .text.induction_charging.part.0
                0x00016fc0       0x3c _build/battery.o
 .text.wired_charging.part.1
                0x00016ffc       0x3c _build/battery.o
 .text.battery_init
                0x00017038       0x18 _build/battery.o
                0x00017038                battery_init
 .text.induction_charging
                0x00017050       0x38 _build/battery.o
                0x00017050                induction_charging
 .text.wired_charging
                0x00017088       0x38 _build/battery.o
                0x00017088                wired_charging
 .text.battery_charge_handler
                0x000170c0       0x68 _build/battery.o
                0x000170c0                battery_charge_handler
 .text.gauge_timer_handler
                0x00017128       0x9c _build/battery.o
                0x00017128                gauge_timer_handler
 .text.enable_high_voltage
                0x000171c4       0x50 _build/battery.o
                0x000171c4                enable_high_voltage
 .text.max17048_write_data
                0x00017214       0x4c _build/max17048.o
                0x00017214                max17048_write_data
 .text.max17048_read_data
                0x00017260       0x6c _build/max17048.o
                0x00017260                max17048_read_data
 .text.max17048_clear_alert
                0x000172cc       0x44 _build/max17048.o
                0x000172cc                max17048_clear_alert
 .text.max17048_init
                0x00017310       0x98 _build/max17048.o
                0x00017310                max17048_init
 .text.max17048_read_soc
                0x000173a8       0x18 _build/max17048.o
                0x000173a8                max17048_read_soc
 .text.max17048_get_alert
                0x000173c0       0x58 _build/max17048.o
                0x000173c0                max17048_get_alert
 .text.nrf_delay_us.constprop.1
                0x00017418       0x26 _build/pca9538.o
 *fill*         0x0001743e        0x2 
 .text.pca9538_write
                0x00017440       0x30 _build/pca9538.o
                0x00017440                pca9538_write
 .text.pca9538_init
                0x00017470       0x4c _build/pca9538.o
                0x00017470                pca9538_init
 .text.max1161x_write_data
                0x000174bc       0x28 _build/max1161x.o
                0x000174bc                max1161x_write_data
 .text.max1161x_init
                0x000174e4       0x28 _build/max1161x.o
                0x000174e4                max1161x_init
 .text.SEGGER_RTT_Write
                0x0001750c       0xcc _build/SEGGER_RTT.o
                0x0001750c                SEGGER_RTT_Write
 .text.SEGGER_RTT_WriteString
                0x000175d8       0x1a _build/SEGGER_RTT.o
                0x000175d8                SEGGER_RTT_WriteString
 *fill*         0x000175f2        0x2 
 .text.timer_handler
                0x000175f4       0x88 _build/fhp_gpio.o
 .text.clear_pwm_pin
                0x0001767c       0x9c _build/fhp_gpio.o
 .text.fhp_gpio_config
                0x00017718      0x128 _build/fhp_gpio.o
 .text.fhp_gpio_init
                0x00017840       0x34 _build/fhp_gpio.o
                0x00017840                fhp_gpio_init
 .text.fhp_gpio_set
                0x00017874       0x2c _build/fhp_gpio.o
                0x00017874                fhp_gpio_set
 .text.fhp_gpio_clear
                0x000178a0       0x30 _build/fhp_gpio.o
                0x000178a0                fhp_gpio_clear
 .text.fhp_gpio_blink
                0x000178d0       0x38 _build/fhp_gpio.o
                0x000178d0                fhp_gpio_blink
 .text.fhp_gpio_fade
                0x00017908       0x3c _build/fhp_gpio.o
                0x00017908                fhp_gpio_fade
 .text.fhp_gpio_is_being_used
                0x00017944       0x20 _build/fhp_gpio.o
                0x00017944                fhp_gpio_is_being_used
 .text.sd_ppi_channel_enable_set
                0x00017964        0x4 _build/nrf_pwm.o
 .text.sd_ppi_channel_assign
                0x00017968        0x4 _build/nrf_pwm.o
 .text.sd_radio_session_open
                0x0001796c        0x4 _build/nrf_pwm.o
 .text.sd_radio_request
                0x00017970        0x4 _build/nrf_pwm.o
 .text.safe_margins_present
                0x00017974       0x3c _build/nrf_pwm.o
 .text.ppi_enable_channel
                0x000179b0       0x18 _build/nrf_pwm.o
 .text.nrf_gpiote_task_config.constprop.2
                0x000179c8       0x44 _build/nrf_pwm.o
 .text.nrf_pwm_init
                0x00017a0c      0x208 _build/nrf_pwm.o
                0x00017a0c                nrf_pwm_init
 .text.nrf_pwm_set_value
                0x00017c14       0x38 _build/nrf_pwm.o
                0x00017c14                nrf_pwm_set_value
 .text.nrf_pwm_set_enabled
                0x00017c4c       0x78 _build/nrf_pwm.o
                0x00017c4c                nrf_pwm_set_enabled
 .text.TIMER2_IRQHandler
                0x00017cc4      0x21c _build/nrf_pwm.o
                0x00017cc4                TIMER2_IRQHandler
 .text.nrf_radio_signal_callback
                0x00017ee0       0x20 _build/nrf_pwm.o
                0x00017ee0                nrf_radio_signal_callback
 .text.read_mult
                0x00017f00       0x74 _build/mpu9x50.o
                0x00017f00                read_mult
 .text.read     0x00017f74        0xa _build/mpu9x50.o
                0x00017f74                read
 .text.get16    0x00017f7e       0x1e _build/mpu9x50.o
                0x00017f7e                get16
 .text.write_mult
                0x00017f9c       0x54 _build/mpu9x50.o
                0x00017f9c                write_mult
 .text.write    0x00017ff0       0x12 _build/mpu9x50.o
                0x00017ff0                write
 .text.writeBits
                0x00018002       0x44 _build/mpu9x50.o
                0x00018002                writeBits
 .text.mpu9x50_setI2cSlaveAddress.part.2
                0x00018046       0x16 _build/mpu9x50.o
 .text.mpu9x50_setI2cSlaveTransactionLength.part.5
                0x0001805c       0x14 _build/mpu9x50.o
 .text.writeBit
                0x00018070        0xc _build/mpu9x50.o
                0x00018070                writeBit
 .text.set16    0x0001807c       0x14 _build/mpu9x50.o
                0x0001807c                set16
 .text.mpu9x50_reset
                0x00018090        0xe _build/mpu9x50.o
                0x00018090                mpu9x50_reset
 .text.mpu9x50_disableTemperatureSensor
                0x0001809e        0xe _build/mpu9x50.o
                0x0001809e                mpu9x50_disableTemperatureSensor
 .text.mpu9x50_clockSelect
                0x000180ac       0x10 _build/mpu9x50.o
                0x000180ac                mpu9x50_clockSelect
 .text.mpu9x50_setStandbyAccX
                0x000180bc        0xe _build/mpu9x50.o
                0x000180bc                mpu9x50_setStandbyAccX
 .text.mpu9x50_setStandbyAccY
                0x000180ca        0xe _build/mpu9x50.o
                0x000180ca                mpu9x50_setStandbyAccY
 .text.mpu9x50_setStandbyAccZ
                0x000180d8        0xe _build/mpu9x50.o
                0x000180d8                mpu9x50_setStandbyAccZ
 .text.mpu9x50_setStandbyGyroX
                0x000180e6        0xe _build/mpu9x50.o
                0x000180e6                mpu9x50_setStandbyGyroX
 .text.mpu9x50_setStandbyGyroY
                0x000180f4        0xe _build/mpu9x50.o
                0x000180f4                mpu9x50_setStandbyGyroY
 .text.mpu9x50_setStandbyGyroZ
                0x00018102        0xe _build/mpu9x50.o
                0x00018102                mpu9x50_setStandbyGyroZ
 .text.mpu9x50_setSampleRateDivider
                0x00018110        0xc _build/mpu9x50.o
                0x00018110                mpu9x50_setSampleRateDivider
 .text.mpu9x50_setGyroscopeDigitalLowPassFilter
                0x0001811c       0x10 _build/mpu9x50.o
                0x0001811c                mpu9x50_setGyroscopeDigitalLowPassFilter
 .text.mpu9x50_setAccelerometerDigitalLowPassFilter
                0x0001812c       0x10 _build/mpu9x50.o
                0x0001812c                mpu9x50_setAccelerometerDigitalLowPassFilter
 .text.mpu9x50_setGyroFullScaleRange
                0x0001813c       0x10 _build/mpu9x50.o
                0x0001813c                mpu9x50_setGyroFullScaleRange
 .text.mpu9x50_setAccelFullScaleRange
                0x0001814c       0x10 _build/mpu9x50.o
                0x0001814c                mpu9x50_setAccelFullScaleRange
 .text.mpu9x50_setXGyroOffset
                0x0001815c        0xc _build/mpu9x50.o
                0x0001815c                mpu9x50_setXGyroOffset
 .text.mpu9x50_setYGyroOffset
                0x00018168        0xc _build/mpu9x50.o
                0x00018168                mpu9x50_setYGyroOffset
 .text.mpu9x50_setZGyroOffset
                0x00018174        0xc _build/mpu9x50.o
                0x00018174                mpu9x50_setZGyroOffset
 .text.mpu9x50_setGyroOffsets
                0x00018180       0x28 _build/mpu9x50.o
                0x00018180                mpu9x50_setGyroOffsets
 .text.mpu9x50_setXAccelOffset
                0x000181a8       0x2c _build/mpu9x50.o
                0x000181a8                mpu9x50_setXAccelOffset
 .text.mpu9x50_setYAccelOffset
                0x000181d4       0x2c _build/mpu9x50.o
                0x000181d4                mpu9x50_setYAccelOffset
 .text.mpu9x50_setZAccelOffset
                0x00018200       0x2c _build/mpu9x50.o
                0x00018200                mpu9x50_setZAccelOffset
 .text.mpu9x50_setAccOffsets
                0x0001822c       0x28 _build/mpu9x50.o
                0x0001822c                mpu9x50_setAccOffsets
 .text.mpu9x50_setGyroFifo
                0x00018254       0x24 _build/mpu9x50.o
                0x00018254                mpu9x50_setGyroFifo
 .text.mpu9x50_setAccelFifo
                0x00018278        0xe _build/mpu9x50.o
                0x00018278                mpu9x50_setAccelFifo
 .text.mpu9x50_setI2cSlaveDelay
                0x00018286       0x14 _build/mpu9x50.o
                0x00018286                mpu9x50_setI2cSlaveDelay
 .text.mpu9x50_setI2cMasterDelay
                0x0001829a       0x10 _build/mpu9x50.o
                0x0001829a                mpu9x50_setI2cMasterDelay
 *fill*         0x000182aa        0x2 
 .text.mpu9x50_initMagnetometer
                0x000182ac       0x78 _build/mpu9x50.o
                0x000182ac                mpu9x50_initMagnetometer
 .text.mpu9x50_setInterruptDataReadyEnable
                0x00018324        0xe _build/mpu9x50.o
                0x00018324                mpu9x50_setInterruptDataReadyEnable
 .text.mpu9x50_setEnableFifo
                0x00018332        0xe _build/mpu9x50.o
                0x00018332                mpu9x50_setEnableFifo
 .text.mpu9x50_setFifoReset
                0x00018340        0xe _build/mpu9x50.o
                0x00018340                mpu9x50_setFifoReset
 *fill*         0x0001834e        0x2 
 .text.mpu9x50_fifoCtrl
                0x00018350       0x2c _build/mpu9x50.o
                0x00018350                mpu9x50_fifoCtrl
 .text.mpu9x50_enableAccelerometer
                0x0001837c       0x58 _build/mpu9x50.o
                0x0001837c                mpu9x50_enableAccelerometer
 .text.mpu9x50_init
                0x000183d4       0x9c _build/mpu9x50.o
                0x000183d4                mpu9x50_init
 .text.check_init
                0x00018470       0x28 _build/mpu9x50.o
 .text.mpu9x50_enableGyroscope
                0x00018498       0x58 _build/mpu9x50.o
                0x00018498                mpu9x50_enableGyroscope
 .text.BME280_I2C_bus_write
                0x000184f0       0x7a _build/bme280.o
                0x000184f0                BME280_I2C_bus_write
 .text.BME280_delay_msek
                0x0001856a        0x8 _build/bme280.o
                0x0001856a                BME280_delay_msek
 .text.BME280_I2C_bus_read
                0x00018572       0x54 _build/bme280.o
                0x00018572                BME280_I2C_bus_read
 *fill*         0x000185c6        0x2 
 .text.bme280_read_uncomp_temperature
                0x000185c8       0x44 _build/bme280.o
                0x000185c8                bme280_read_uncomp_temperature
 .text.bme280_compensate_temperature_int32
                0x0001860c       0x3c _build/bme280.o
                0x0001860c                bme280_compensate_temperature_int32
 .text.bme280_read_uncomp_pressure
                0x00018648       0x44 _build/bme280.o
                0x00018648                bme280_read_uncomp_pressure
 .text.bme280_compensate_pressure_int32
                0x0001868c       0xb0 _build/bme280.o
                0x0001868c                bme280_compensate_pressure_int32
 .text.bme280_read_uncomp_humidity
                0x0001873c       0x3c _build/bme280.o
                0x0001873c                bme280_read_uncomp_humidity
 .text.bme280_compensate_humidity_int32
                0x00018778       0x80 _build/bme280.o
                0x00018778                bme280_compensate_humidity_int32
 .text.bme280_get_calib_param
                0x000187f8      0x114 _build/bme280.o
                0x000187f8                bme280_get_calib_param
 .text.bme280_init
                0x0001890c       0x38 _build/bme280.o
                0x0001890c                bme280_init
 .text.bme280_get_power_mode
                0x00018944       0x38 _build/bme280.o
                0x00018944                bme280_get_power_mode
 .text.bme280_set_soft_rst
                0x0001897c       0x2c _build/bme280.o
                0x0001897c                bme280_set_soft_rst
 .text.bme280_write_register
                0x000189a8       0x28 _build/bme280.o
                0x000189a8                bme280_write_register
 .text.bme280_read_register
                0x000189d0       0x28 _build/bme280.o
                0x000189d0                bme280_read_register
 .text.bme280_set_oversamp_temperature
                0x000189f8       0xe4 _build/bme280.o
                0x000189f8                bme280_set_oversamp_temperature
 .text.bme280_set_oversamp_pressure
                0x00018adc       0xe8 _build/bme280.o
                0x00018adc                bme280_set_oversamp_pressure
 .text.bme280_set_oversamp_humidity
                0x00018bc4      0x118 _build/bme280.o
                0x00018bc4                bme280_set_oversamp_humidity
 .text.bme280_set_power_mode
                0x00018cdc       0xdc _build/bme280.o
                0x00018cdc                bme280_set_power_mode
 .text.bme280_set_filter
                0x00018db8       0xf0 _build/bme280.o
                0x00018db8                bme280_set_filter
 .text.bme280_init_nrf51
                0x00018ea8       0x74 _build/bme280.o
                0x00018ea8                bme280_init_nrf51
 .text.bme280_read_temperature
                0x00018f1c       0x38 _build/bme280.o
                0x00018f1c                bme280_read_temperature
 .text.bme280_read_pressure
                0x00018f54       0x38 _build/bme280.o
                0x00018f54                bme280_read_pressure
 .text.bme280_read_humidity
                0x00018f8c       0x38 _build/bme280.o
                0x00018f8c                bme280_read_humidity
 .text.sd_ble_gatts_service_add
                0x00018fc4        0x4 _build/ble_ambient.o
 .text.sd_ble_gatts_characteristic_add
                0x00018fc8        0x4 _build/ble_ambient.o
 .text.sd_ble_gatts_value_set
                0x00018fcc        0x4 _build/ble_ambient.o
 .text.sd_ble_gatts_hvx
                0x00018fd0        0x4 _build/ble_ambient.o
 .text.sd_ble_uuid_vs_add
                0x00018fd4        0x4 _build/ble_ambient.o
 .text.ble_ambient_init
                0x00018fd8      0x2a4 _build/ble_ambient.o
                0x00018fd8                ble_ambient_init
 .text.ble_ambient_sensor_update
                0x0001927c       0x98 _build/ble_ambient.o
                0x0001927c                ble_ambient_sensor_update
 .text.ble_ambient_config_update
                0x00019314       0x52 _build/ble_ambient.o
                0x00019314                ble_ambient_config_update
 .text.ble_ambient_on_ble_evt
                0x00019366       0xa6 _build/ble_ambient.o
                0x00019366                ble_ambient_on_ble_evt
 .text.sd_ble_gap_adv_start
                0x0001940c        0x4 _build/main.o
 .text.sd_app_evt_wait
                0x00019410        0x4 _build/main.o
 .text.nus_data_handler
                0x00019414       0x20 _build/main.o
                0x00019414                nus_data_handler
 .text.uart_evt_callback
                0x00019434       0x5c _build/main.o
                0x00019434                uart_evt_callback
 .text.app_error_handler
                0x00019490       0x3c _build/main.o
                0x00019490                app_error_handler
 .text.HardFault_Handler
                0x000194cc       0x3c _build/main.o
                0x000194cc                HardFault_Handler
 .text.assert_nrf_callback
                0x00019508       0x4c _build/main.o
                0x00019508                assert_nrf_callback
 .text.conn_params_error_handler
                0x00019554       0x10 _build/main.o
                0x00019554                conn_params_error_handler
 .text.on_conn_params_evt
                0x00019564       0x24 _build/main.o
                0x00019564                on_conn_params_evt
 .text.advertising_start
                0x00019588       0x58 _build/main.o
                0x00019588                advertising_start
 .text.on_ble_evt
                0x000195e0       0xe8 _build/main.o
 .text.device_manager_evt_handler
                0x000196c8       0x1c _build/main.o
                0x000196c8                device_manager_evt_handler
 .text.ble_evt_dispatch
                0x000196e4       0x24 _build/main.o
                0x000196e4                ble_evt_dispatch
 .text.sys_evt_dispatch
                0x00019708        0x8 _build/main.o
                0x00019708                sys_evt_dispatch
 .text.ble_amb_evt
                0x00019710       0xc8 _build/main.o
                0x00019710                ble_amb_evt
 .text.base_timer_handler
                0x000197d8       0x44 _build/main.o
                0x000197d8                base_timer_handler
 .text.watchdog_timer_handler
                0x0001981c       0x14 _build/main.o
                0x0001981c                watchdog_timer_handler
 .text.uart_putstring
                0x00019830       0x34 _build/main.o
                0x00019830                uart_putstring
 .text.ble_attempt_to_send
                0x00019864       0x3c _build/main.o
                0x00019864                ble_attempt_to_send
 .text.startup.main
                0x000198a0      0x2c8 _build/main.o
                0x000198a0                main
 .text.action_uart_deactivate
                0x00019b68       0x20 _build/app_uart_fifo_mod.o
 .text.on_cts_high
                0x00019b88       0x20 _build/app_uart_fifo_mod.o
 .text.action_tx_stop
                0x00019ba8       0x24 _build/app_uart_fifo_mod.o
                0x00019ba8                action_tx_stop
 .text.action_tx_send
                0x00019bcc       0x50 _build/app_uart_fifo_mod.o
 .text.on_cts_low
                0x00019c1c       0x3c _build/app_uart_fifo_mod.o
 .text.gpiote_uart_event_handler
                0x00019c58       0x3c _build/app_uart_fifo_mod.o
 .text.UART0_IRQHandler
                0x00019c94       0xc4 _build/app_uart_fifo_mod.o
                0x00019c94                UART0_IRQHandler
 .text.app_uart_init
                0x00019d58      0x228 _build/app_uart_fifo_mod.o
                0x00019d58                app_uart_init
 .text.app_uart_get
                0x00019f80       0x50 _build/app_uart_fifo_mod.o
                0x00019f80                app_uart_get
 .text.app_uart_put
                0x00019fd0       0x24 _build/app_uart_fifo_mod.o
                0x00019fd0                app_uart_put
 .text.msec_to_ticks
                0x00019ff4        0x4 _build/utils.o
                0x00019ff4                msec_to_ticks
 .text.check_ble_service_err_code
                0x00019ff8       0x48 _build/utils.o
                0x00019ff8                check_ble_service_err_code
 .text.nrf_delay_us
                0x0001a040       0x2e _build/twi_hw_master.o
 *fill*         0x0001a06e        0x2 
 .text.twi_master_clear_bus
                0x0001a070       0xb8 _build/twi_hw_master.o
 .text.twi_master_init
                0x0001a128       0x74 _build/twi_hw_master.o
                0x0001a128                twi_master_init
 .text.twi_master_transfer
                0x0001a19c      0x174 _build/twi_hw_master.o
                0x0001a19c                twi_master_transfer
 .text.sd_ble_gatts_service_add
                0x0001a310        0x4 _build/ble_dis.o
 .text.sd_ble_gatts_characteristic_add
                0x0001a314        0x4 _build/ble_dis.o
 .text.char_add
                0x0001a318       0x88 _build/ble_dis.o
 .text.ble_dis_init
                0x0001a3a0      0x19c _build/ble_dis.o
                0x0001a3a0                ble_dis_init
 .text.ble_srv_ascii_to_utf8
                0x0001a53c       0x12 _build/ble_srv_common.o
                0x0001a53c                ble_srv_ascii_to_utf8
 .text.sd_nvic_EnableIRQ
                0x0001a54e        0x4 _build/softdevice_handler.o
 .text.sd_evt_get
                0x0001a552        0x4 _build/softdevice_handler.o
 .text.sd_softdevice_enable
                0x0001a556        0x4 _build/softdevice_handler.o
 .text.sd_ble_evt_get
                0x0001a55a        0x4 _build/softdevice_handler.o
 .text.softdevice_assertion_handler
                0x0001a55e        0xc _build/softdevice_handler.o
                0x0001a55e                softdevice_assertion_handler
 *fill*         0x0001a56a        0x2 
 .text.intern_softdevice_events_execute
                0x0001a56c       0x98 _build/softdevice_handler.o
                0x0001a56c                intern_softdevice_events_execute
 .text.softdevice_handler_init
                0x0001a604       0x38 _build/softdevice_handler.o
                0x0001a604                softdevice_handler_init
 .text.softdevice_ble_evt_handler_set
                0x0001a63c       0x14 _build/softdevice_handler.o
                0x0001a63c                softdevice_ble_evt_handler_set
 .text.softdevice_sys_evt_handler_set
                0x0001a650       0x14 _build/softdevice_handler.o
                0x0001a650                softdevice_sys_evt_handler_set
 .text.SWI2_IRQHandler
                0x0001a664       0x2c _build/softdevice_handler.o
                0x0001a664                SWI2_IRQHandler
 .text.sd_ble_gap_adv_data_set
                0x0001a690        0x4 _build/ble_advdata.o
 .text.sd_ble_gap_appearance_get
                0x0001a694        0x4 _build/ble_advdata.o
 .text.sd_ble_gap_device_name_get
                0x0001a698        0x4 _build/ble_advdata.o
 .text.sd_ble_uuid_encode
                0x0001a69c        0x4 _build/ble_advdata.o
 .text.uuid_list_sized_encode
                0x0001a6a0       0xaa _build/ble_advdata.o
 .text.uuid_list_encode
                0x0001a74a       0x26 _build/ble_advdata.o
 .text.adv_data_encode
                0x0001a770      0x2fc _build/ble_advdata.o
 .text.ble_advdata_set
                0x0001aa6c       0x70 _build/ble_advdata.o
                0x0001aa6c                ble_advdata_set
 .text.sd_ble_gap_conn_param_update
                0x0001aadc        0x4 _build/ble_conn_params.o
 .text.sd_ble_gap_disconnect
                0x0001aae0        0x4 _build/ble_conn_params.o
 .text.sd_ble_gap_ppcp_set
                0x0001aae4        0x4 _build/ble_conn_params.o
 .text.sd_ble_gap_ppcp_get
                0x0001aae8        0x4 _build/ble_conn_params.o
 .text.update_timeout_handler
                0x0001aaec       0x64 _build/ble_conn_params.o
 .text.conn_params_negotiation
                0x0001ab50       0x64 _build/ble_conn_params.o
 .text.ble_conn_params_init
                0x0001abb4       0x60 _build/ble_conn_params.o
                0x0001abb4                ble_conn_params_init
 .text.ble_conn_params_on_ble_evt
                0x0001ac14       0x8c _build/ble_conn_params.o
                0x0001ac14                ble_conn_params_on_ble_evt
 .text.user_op_alloc
                0x0001aca0       0x2a _build/app_timer.o
 *fill*         0x0001acca        0x2 
 .text.user_id_get
                0x0001accc       0x64 _build/app_timer.o
 .text.nrf_delay_us.constprop.5
                0x0001ad30       0x26 _build/app_timer.o
 *fill*         0x0001ad56        0x2 
 .text.rtc1_stop
                0x0001ad58       0x40 _build/app_timer.o
 .text.RTC1_IRQHandler
                0x0001ad98       0xa0 _build/app_timer.o
                0x0001ad98                RTC1_IRQHandler
 .text.SWI0_IRQHandler
                0x0001ae38      0x37c _build/app_timer.o
                0x0001ae38                SWI0_IRQHandler
 .text.app_timer_init
                0x0001b1b4       0xc0 _build/app_timer.o
                0x0001b1b4                app_timer_init
 .text.app_timer_create
                0x0001b274       0x4c _build/app_timer.o
                0x0001b274                app_timer_create
 .text.app_timer_start
                0x0001b2c0       0x90 _build/app_timer.o
                0x0001b2c0                app_timer_start
 .text.app_timer_stop
                0x0001b350       0x60 _build/app_timer.o
                0x0001b350                app_timer_stop
 .text.sd_flash_write
                0x0001b3b0        0x4 _build/pstorage.o
 .text.sd_flash_page_erase
                0x0001b3b4        0x4 _build/pstorage.o
 .text.app_notify
                0x0001b3b8       0x30 _build/pstorage.o
 .text.swap_state_process
                0x0001b3e8      0x1bc _build/pstorage.o
 .text.cmd_process
                0x0001b5a4      0x118 _build/pstorage.o
 .text.unlikely.cmd_queue_enqueue
                0x0001b6bc       0x54 _build/pstorage.o
 .text.cmd_queue_dequeue
                0x0001b710       0x20 _build/pstorage.o
 .text.pstorage_sys_event_handler
                0x0001b730       0xec _build/pstorage.o
                0x0001b730                pstorage_sys_event_handler
 .text.pstorage_init
                0x0001b81c       0xc4 _build/pstorage.o
                0x0001b81c                pstorage_init
 .text.pstorage_register
                0x0001b8e0      0x11c _build/pstorage.o
                0x0001b8e0                pstorage_register
 .text.pstorage_block_identifier_get
                0x0001b9fc       0x5c _build/pstorage.o
                0x0001b9fc                pstorage_block_identifier_get
 .text.pstorage_store
                0x0001ba58       0x88 _build/pstorage.o
                0x0001ba58                pstorage_store
 .text.pstorage_update
                0x0001bae0       0x88 _build/pstorage.o
                0x0001bae0                pstorage_update
 .text.pstorage_load
                0x0001bb68       0xac _build/pstorage.o
                0x0001bb68                pstorage_load
 .text.pstorage_clear
                0x0001bc14       0x6c _build/pstorage.o
                0x0001bc14                pstorage_clear
 .text.sd_ble_gap_sec_params_reply
                0x0001bc80        0x4 _build/device_manager_peripheral.o
 .text.sd_ble_gap_sec_info_reply
                0x0001bc84        0x4 _build/device_manager_peripheral.o
 .text.sd_ble_gatts_sys_attr_set
                0x0001bc88        0x4 _build/device_manager_peripheral.o
 .text.sd_ble_gatts_sys_attr_get
                0x0001bc8c        0x4 _build/device_manager_peripheral.o
 .text.storage_operation_dummy_handler
                0x0001bc90        0x4 _build/device_manager_peripheral.o
 .text.no_service_context_store
                0x0001bc94        0x4 _build/device_manager_peripheral.o
 .text.gattc_context_store
                0x0001bc98        0x4 _build/device_manager_peripheral.o
 .text.no_service_context_load
                0x0001bc9c        0x4 _build/device_manager_peripheral.o
 .text.gattc_context_load
                0x0001bca0        0x4 _build/device_manager_peripheral.o
 .text.no_service_context_apply
                0x0001bca4        0x4 _build/device_manager_peripheral.o
 .text.gatts_context_apply
                0x0001bca8       0x4c _build/device_manager_peripheral.o
 .text.gattc_context_apply
                0x0001bcf4        0x4 _build/device_manager_peripheral.o
 .text.gattsc_context_apply
                0x0001bcf8        0x8 _build/device_manager_peripheral.o
 .text.gatts_context_store
                0x0001bd00       0xac _build/device_manager_peripheral.o
 .text.gattsc_context_store
                0x0001bdac        0x8 _build/device_manager_peripheral.o
 .text.device_context_store
                0x0001bdb4       0xbc _build/device_manager_peripheral.o
 .text.gatts_context_load
                0x0001be70       0x30 _build/device_manager_peripheral.o
 .text.gattsc_context_load
                0x0001bea0        0x8 _build/device_manager_peripheral.o
 .text.dm_pstorage_cb_handler
                0x0001bea8      0x130 _build/device_manager_peripheral.o
 .text.peer_instance_init
                0x0001bfd8       0x4c _build/device_manager_peripheral.o
 .text.dm_init  0x0001c024       0xdc _build/device_manager_peripheral.o
                0x0001c024                dm_init
 .text.dm_register
                0x0001c100       0x58 _build/device_manager_peripheral.o
                0x0001c100                dm_register
 .text.bond_data_load
                0x0001c158       0x50 _build/device_manager_peripheral.o
                0x0001c158                bond_data_load
 .text.dm_ble_evt_handler
                0x0001c1a8      0x354 _build/device_manager_peripheral.o
                0x0001c1a8                dm_ble_evt_handler
 .text.pins_sense_disable
                0x0001c4fc       0x40 _build/app_gpiote.o
 .text.sense_level_toggle.isra.0
                0x0001c53c       0x4c _build/app_gpiote.o
 .text.GPIOTE_IRQHandler
                0x0001c588       0x98 _build/app_gpiote.o
                0x0001c588                GPIOTE_IRQHandler
 .text.app_gpiote_init
                0x0001c620       0x68 _build/app_gpiote.o
                0x0001c620                app_gpiote_init
 .text.app_gpiote_user_register
                0x0001c688       0x48 _build/app_gpiote.o
                0x0001c688                app_gpiote_user_register
 .text.app_gpiote_user_enable
                0x0001c6d0       0x98 _build/app_gpiote.o
                0x0001c6d0                app_gpiote_user_enable
 .text.app_gpiote_pins_state_get
                0x0001c768       0x34 _build/app_gpiote.o
                0x0001c768                app_gpiote_pins_state_get
 .text.nrf_delay_ms
                0x0001c79c       0x40 _build/nrf_delay.o
                0x0001c79c                nrf_delay_ms
 .text.sd_nvic_critical_region_enter
                0x0001c7dc        0x4 _build/app_scheduler.o
 .text.sd_nvic_critical_region_exit
                0x0001c7e0        0x4 _build/app_scheduler.o
 .text.app_sched_init
                0x0001c7e4       0x2c _build/app_scheduler.o
                0x0001c7e4                app_sched_init
 .text.app_sched_event_put
                0x0001c810      0x12c _build/app_scheduler.o
                0x0001c810                app_sched_event_put
 .text.app_sched_execute
                0x0001c93c       0x40 _build/app_scheduler.o
                0x0001c93c                app_sched_execute
 .text.app_fifo_init
                0x0001c97c       0x22 _build/app_fifo.o
                0x0001c97c                app_fifo_init
 .text.app_fifo_put
                0x0001c99e       0x24 _build/app_fifo.o
                0x0001c99e                app_fifo_put
 .text.app_fifo_get
                0x0001c9c2       0x24 _build/app_fifo.o
                0x0001c9c2                app_fifo_get
 *fill*         0x0001c9e6        0x2 
 .text.SystemInit
                0x0001c9e8       0x8c _build/system_nrf51.o
                0x0001c9e8                SystemInit
 .text          0x0001ca74       0x54 _build/gcc_startup_nrf51.o
                0x0001ca74                Reset_Handler
                0x0001cabc                NMI_Handler
                0x0001cac0                SVC_Handler
                0x0001cac2                PendSV_Handler
                0x0001cac4                SysTick_Handler
                0x0001cac6                SPI0_TWI0_IRQHandler
                0x0001cac6                RTC0_IRQHandler
                0x0001cac6                POWER_CLOCK_IRQHandler
                0x0001cac6                RADIO_IRQHandler
                0x0001cac6                LPCOMP_IRQHandler
                0x0001cac6                SWI4_IRQHandler
                0x0001cac6                TEMP_IRQHandler
                0x0001cac6                QDEC_IRQHandler
                0x0001cac6                SWI5_IRQHandler
                0x0001cac6                TIMER0_IRQHandler
                0x0001cac6                TIMER1_IRQHandler
                0x0001cac6                ECB_IRQHandler
                0x0001cac6                Default_Handler
                0x0001cac6                ADC_IRQHandler
                0x0001cac6                SWI3_IRQHandler
                0x0001cac6                CCM_AAR_IRQHandler
                0x0001cac6                WDT_IRQHandler
                0x0001cac6                RNG_IRQHandler
                0x0001cac6                SPI1_TWI1_IRQHandler
                0x0001cac6                SWI1_IRQHandler
 .text          0x0001cac8       0x14 /gcc-arm-none-eabi-4_9-2015q3/bin/../lib/gcc/arm-none-eabi/4.9.3/armv6-m/libgcc.a(_thumb1_case_uqi.o)
                0x0001cac8                __gnu_thumb1_case_uqi
 .text          0x0001cadc      0x120 /gcc-arm-none-eabi-4_9-2015q3/bin/../lib/gcc/arm-none-eabi/4.9.3/armv6-m/libgcc.a(_udivsi3.o)
                0x0001cadc                __udivsi3
                0x0001cadc                __aeabi_uidiv
                0x0001cbe8                __aeabi_uidivmod
 .text          0x0001cbfc      0x1e0 /gcc-arm-none-eabi-4_9-2015q3/bin/../lib/gcc/arm-none-eabi/4.9.3/armv6-m/libgcc.a(_divsi3.o)
                0x0001cbfc                __aeabi_idiv
                0x0001cbfc                __divsi3
                0x0001cdc8                __aeabi_idivmod
 .text          0x0001cddc        0x4 /gcc-arm-none-eabi-4_9-2015q3/bin/../lib/gcc/arm-none-eabi/4.9.3/armv6-m/libgcc.a(_dvmd_tls.o)
                0x0001cddc                __aeabi_ldiv0
                0x0001cddc                __aeabi_idiv0
 .text          0x0001cde0       0x40 /gcc-arm-none-eabi-4_9-2015q3/bin/../lib/gcc/arm-none-eabi/4.9.3/armv6-m/libgcc.a(_aeabi_uldivmod.o)
                0x0001cde0                __aeabi_uldivmod
 .text          0x0001ce20       0x6c /gcc-arm-none-eabi-4_9-2015q3/bin/../lib/gcc/arm-none-eabi/4.9.3/armv6-m/libgcc.a(bpabi.o)
                0x0001ce20                __gnu_ldivmod_helper
                0x0001ce58                __gnu_uldivmod_helper
 .text          0x0001ce8c       0x54 /gcc-arm-none-eabi-4_9-2015q3/bin/../lib/gcc/arm-none-eabi/4.9.3/armv6-m/libgcc.a(_muldi3.o)
                0x0001ce8c                __aeabi_lmul
                0x0001ce8c                __muldi3
 .text          0x0001cee0      0x1f0 /gcc-arm-none-eabi-4_9-2015q3/bin/../lib/gcc/arm-none-eabi/4.9.3/armv6-m/libgcc.a(_divdi3.o)
                0x0001cee0                __divdi3
 .text          0x0001d0d0      0x158 /gcc-arm-none-eabi-4_9-2015q3/bin/../lib/gcc/arm-none-eabi/4.9.3/armv6-m/libgcc.a(_udivdi3.o)
                0x0001d0d0                __udivdi3
 .text          0x0001d228       0x18 /gcc-arm-none-eabi-4_9-2015q3/bin/../lib/gcc/arm-none-eabi/4.9.3/armv6-m/libgcc.a(_clzdi2.o)
                0x0001d228                __clzdi2
 .text          0x0001d240       0x3c /gcc-arm-none-eabi-4_9-2015q3/bin/../lib/gcc/arm-none-eabi/4.9.3/armv6-m/libgcc.a(_clzsi2.o)
                0x0001d240                __clzsi2
 .text.exit     0x0001d27c       0x2c /gcc-arm-none-eabi-4_9-2015q3/bin/../lib/gcc/arm-none-eabi/4.9.3/../../../../arm-none-eabi/lib/armv6-m/libc_nano.a(lib_a-exit.o)
                0x0001d27c                exit
 .text.__libc_init_array
                0x0001d2a8       0x4c /gcc-arm-none-eabi-4_9-2015q3/bin/../lib/gcc/arm-none-eabi/4.9.3/../../../../arm-none-eabi/lib/armv6-m/libc_nano.a(lib_a-init.o)
                0x0001d2a8                __libc_init_array
 .text.memcmp   0x0001d2f4       0x1e /gcc-arm-none-eabi-4_9-2015q3/bin/../lib/gcc/arm-none-eabi/4.9.3/../../../../arm-none-eabi/lib/armv6-m/libc_nano.a(lib_a-memcmp.o)
                0x0001d2f4                memcmp
 .text.memcpy   0x0001d312       0x12 /gcc-arm-none-eabi-4_9-2015q3/bin/../lib/gcc/arm-none-eabi/4.9.3/../../../../arm-none-eabi/lib/armv6-m/libc_nano.a(lib_a-memcpy.o)
                0x0001d312                memcpy
 .text.memset   0x0001d324       0x10 /gcc-arm-none-eabi-4_9-2015q3/bin/../lib/gcc/arm-none-eabi/4.9.3/../../../../arm-none-eabi/lib/armv6-m/libc_nano.a(lib_a-memset.o)
                0x0001d324                memset
 .text._free_r  0x0001d334       0x8c /gcc-arm-none-eabi-4_9-2015q3/bin/../lib/gcc/arm-none-eabi/4.9.3/../../../../arm-none-eabi/lib/armv6-m/libc_nano.a(lib_a-nano-freer.o)
                0x0001d334                _free_r
 .text._malloc_r
                0x0001d3c0       0xb0 /gcc-arm-none-eabi-4_9-2015q3/bin/../lib/gcc/arm-none-eabi/4.9.3/../../../../arm-none-eabi/lib/armv6-m/libc_nano.a(lib_a-nano-mallocr.o)
                0x0001d3c0                _malloc_r
 .text._sbrk_r  0x0001d470       0x24 /gcc-arm-none-eabi-4_9-2015q3/bin/../lib/gcc/arm-none-eabi/4.9.3/../../../../arm-none-eabi/lib/armv6-m/libc_nano.a(lib_a-sbrkr.o)
                0x0001d470                _sbrk_r
 .text.sprintf  0x0001d494       0x44 /gcc-arm-none-eabi-4_9-2015q3/bin/../lib/gcc/arm-none-eabi/4.9.3/../../../../arm-none-eabi/lib/armv6-m/libc_nano.a(lib_a-sprintf.o)
                0x0001d494                sprintf
                0x0001d494                siprintf
 .text.strcpy   0x0001d4d8       0x10 /gcc-arm-none-eabi-4_9-2015q3/bin/../lib/gcc/arm-none-eabi/4.9.3/../../../../arm-none-eabi/lib/armv6-m/libc_nano.a(lib_a-strcpy.o)
                0x0001d4d8                strcpy
 .text.strlen   0x0001d4e8        0xe /gcc-arm-none-eabi-4_9-2015q3/bin/../lib/gcc/arm-none-eabi/4.9.3/../../../../arm-none-eabi/lib/armv6-m/libc_nano.a(lib_a-strlen.o)
                0x0001d4e8                strlen
 *fill*         0x0001d4f6        0x2 
 .text.__ssputs_r
                0x0001d4f8       0xc0 /gcc-arm-none-eabi-4_9-2015q3/bin/../lib/gcc/arm-none-eabi/4.9.3/../../../../arm-none-eabi/lib/armv6-m/libc_nano.a(lib_a-nano-svfprintf.o)
                0x0001d4f8                __ssputs_r
 .text._svfprintf_r
                0x0001d5b8      0x1ec /gcc-arm-none-eabi-4_9-2015q3/bin/../lib/gcc/arm-none-eabi/4.9.3/../../../../arm-none-eabi/lib/armv6-m/libc_nano.a(lib_a-nano-svfprintf.o)
                0x0001d5b8                _svfprintf_r
                0x0001d5b8                _svfiprintf_r
 .text._printf_common
                0x0001d7a4       0xdc /gcc-arm-none-eabi-4_9-2015q3/bin/../lib/gcc/arm-none-eabi/4.9.3/../../../../arm-none-eabi/lib/armv6-m/libc_nano.a(lib_a-nano-vfprintf_i.o)
                0x0001d7a4                _printf_common
 .text._printf_i
                0x0001d880      0x230 /gcc-arm-none-eabi-4_9-2015q3/bin/../lib/gcc/arm-none-eabi/4.9.3/../../../../arm-none-eabi/lib/armv6-m/libc_nano.a(lib_a-nano-vfprintf_i.o)
                0x0001d880                _printf_i
 .text.memchr   0x0001dab0       0x16 /gcc-arm-none-eabi-4_9-2015q3/bin/../lib/gcc/arm-none-eabi/4.9.3/../../../../arm-none-eabi/lib/armv6-m/libc_nano.a(lib_a-memchr.o)
                0x0001dab0                memchr
 .text.memmove  0x0001dac6       0x28 /gcc-arm-none-eabi-4_9-2015q3/bin/../lib/gcc/arm-none-eabi/4.9.3/../../../../arm-none-eabi/lib/armv6-m/libc_nano.a(lib_a-memmove.o)
                0x0001dac6                memmove
 .text._realloc_r
                0x0001daee       0x4c /gcc-arm-none-eabi-4_9-2015q3/bin/../lib/gcc/arm-none-eabi/4.9.3/../../../../arm-none-eabi/lib/armv6-m/libc_nano.a(lib_a-nano-reallocr.o)
                0x0001daee                _realloc_r
 .text._malloc_usable_size_r
                0x0001db3a       0x16 /gcc-arm-none-eabi-4_9-2015q3/bin/../lib/gcc/arm-none-eabi/4.9.3/../../../../arm-none-eabi/lib/armv6-m/libc_nano.a(lib_a-nano-msizer.o)
                0x0001db3a                _malloc_usable_size_r
 .text._sbrk    0x0001db50       0x1c /gcc-arm-none-eabi-4_9-2015q3/bin/../lib/gcc/arm-none-eabi/4.9.3/../../../../arm-none-eabi/lib/armv6-m/libnosys.a(sbrk.o)
                0x0001db50                _sbrk
 .text._exit    0x0001db6c        0x4 /gcc-arm-none-eabi-4_9-2015q3/bin/../lib/gcc/arm-none-eabi/4.9.3/../../../../arm-none-eabi/lib/armv6-m/libnosys.a(_exit.o)
                0x0001db6c                _exit
 *(.init)
 .init          0x0001db70        0x4 /gcc-arm-none-eabi-4_9-2015q3/bin/../lib/gcc/arm-none-eabi/4.9.3/armv6-m/crti.o
                0x0001db70                _init
 .init          0x0001db74        0x8 /gcc-arm-none-eabi-4_9-2015q3/bin/../lib/gcc/arm-none-eabi/4.9.3/armv6-m/crtn.o
 *(.fini)
 .fini          0x0001db7c        0x4 /gcc-arm-none-eabi-4_9-2015q3/bin/../lib/gcc/arm-none-eabi/4.9.3/armv6-m/crti.o
                0x0001db7c                _fini
 .fini          0x0001db80        0x8 /gcc-arm-none-eabi-4_9-2015q3/bin/../lib/gcc/arm-none-eabi/4.9.3/armv6-m/crtn.o
 *crtbegin.o(.ctors)
 *crtbegin?.o(.ctors)
 *(EXCLUDE_FILE(*crtend.o *crtend?.o) .ctors)
 *(SORT(.ctors.*))
 *(.ctors)
 *crtbegin.o(.dtors)
 *crtbegin?.o(.dtors)
 *(EXCLUDE_FILE(*crtend.o *crtend?.o) .dtors)
 *(SORT(.dtors.*))
 *(.dtors)
 *(.rodata*)
 .rodata.str1.1
                0x0001db88       0xb5 _build/init.o
 .rodata        0x0001dc3d       0x10 _build/ble_nus.o
 .rodata.str1.1
                0x0001dc4d       0xe9 _build/pr.o
 .rodata.str1.1
                0x0001dd36      0x106 _build/temp.o
 .rodata.str1.1
                0x0001de3c       0xef _build/hum.o
 .rodata.str1.1
                0x0001df2b       0xf4 _build/battery.o
 .rodata.str1.1
                0x0001e01f        0x9 _build/SEGGER_RTT.o
 .rodata.str1.1
                0x0001e028       0x1f _build/fhp_gpio.o
 .rodata        0x0001e047        0xa _build/nrf_pwm.o
 .rodata.str1.1
                0x0001e051       0x4d _build/mpu9x50.o
 .rodata        0x0001e09e       0x10 _build/ble_ambient.o
 *fill*         0x0001e0ae        0x2 
 .rodata        0x0001e0b0        0xc _build/main.o
 .rodata.str1.1
                0x0001e0bc      0x433 _build/main.o
 .rodata.str1.1
                0x0001e4ef       0x99 _build/utils.o
 .rodata.str1.1
                0x0001e588       0x4e _build/ble_dis.o
 .rodata.str1.1
                0x0001e5d6       0x51 _build/softdevice_handler.o
 .rodata.str1.1
                0x0001e627       0x49 _build/app_timer.o
 .rodata        0x0001e670       0x34 _build/device_manager_peripheral.o
                0x0001e670                m_service_context_store
                0x0001e680                m_service_context_load
                0x0001e690                m_service_context_apply
                0x0001e6a0                m_context_init_len
 .rodata.str1.1
                0x0001e6a4       0x4d _build/app_scheduler.o
 .rodata.str1.1
                0x0001e6f1        0x2 /gcc-arm-none-eabi-4_9-2015q3/bin/../lib/gcc/arm-none-eabi/4.9.3/../../../../arm-none-eabi/lib/armv6-m/libc_nano.a(lib_a-impure.o)
 *fill*         0x0001e6f3        0x1 
 .rodata._global_impure_ptr
                0x0001e6f4        0x4 /gcc-arm-none-eabi-4_9-2015q3/bin/../lib/gcc/arm-none-eabi/4.9.3/../../../../arm-none-eabi/lib/armv6-m/libc_nano.a(lib_a-impure.o)
                0x0001e6f4                _global_impure_ptr
 .rodata.str1.1
                0x0001e6f8       0x11 /gcc-arm-none-eabi-4_9-2015q3/bin/../lib/gcc/arm-none-eabi/4.9.3/../../../../arm-none-eabi/lib/armv6-m/libc_nano.a(lib_a-nano-svfprintf.o)
 .rodata.str1.1
                0x0001e709       0x22 /gcc-arm-none-eabi-4_9-2015q3/bin/../lib/gcc/arm-none-eabi/4.9.3/../../../../arm-none-eabi/lib/armv6-m/libc_nano.a(lib_a-nano-vfprintf_i.o)
 *(.eh_frame*)

.glue_7         0x0001e72c        0x0
 .glue_7        0x00000000        0x0 linker stubs

.glue_7t        0x0001e72c        0x0
 .glue_7t       0x00000000        0x0 linker stubs

.vfp11_veneer   0x0001e72c        0x0
 .vfp11_veneer  0x00000000        0x0 linker stubs

.v4_bx          0x0001e72c        0x0
 .v4_bx         0x00000000        0x0 linker stubs

.iplt           0x0001e72c        0x0
 .iplt          0x00000000        0x0 /gcc-arm-none-eabi-4_9-2015q3/bin/../lib/gcc/arm-none-eabi/4.9.3/armv6-m/crtbegin.o

.ARM.extab
 *(.ARM.extab* .gnu.linkonce.armextab.*)
                0x0001e72c                __exidx_start = .

.ARM.exidx      0x0001e72c        0x8
 *(.ARM.exidx* .gnu.linkonce.armexidx.*)
 .ARM.exidx     0x0001e72c        0x8 /gcc-arm-none-eabi-4_9-2015q3/bin/../lib/gcc/arm-none-eabi/4.9.3/../../../../arm-none-eabi/lib/armv6-m/crt0.o
 .ARM.exidx     0x0001e734        0x0 _build/gcc_startup_nrf51.o
                                  0x8 (size before relaxing)
 .ARM.exidx     0x0001e734        0x0 /gcc-arm-none-eabi-4_9-2015q3/bin/../lib/gcc/arm-none-eabi/4.9.3/armv6-m/libgcc.a(_divdi3.o)
                                  0x8 (size before relaxing)
 .ARM.exidx     0x0001e734        0x0 /gcc-arm-none-eabi-4_9-2015q3/bin/../lib/gcc/arm-none-eabi/4.9.3/armv6-m/libgcc.a(_udivdi3.o)
                                  0x8 (size before relaxing)
                0x0001e734                __exidx_end = .
                0x0001e734                __etext = .

.rel.dyn        0x0001e734        0x0
 .rel.iplt      0x00000000        0x0 /gcc-arm-none-eabi-4_9-2015q3/bin/../lib/gcc/arm-none-eabi/4.9.3/armv6-m/crtbegin.o

.data           0x20002000      0x124 load address 0x0001e734
                0x20002000                __data_start__ = .
 *(vtable)
 *(.data*)
 .data          0x20002000       0x78 _build/SEGGER_RTT.o
 .data          0x20002078       0x3c _build/fhp_gpio.o
 .data          0x200020b4        0x4 _build/nrf_pwm.o
 .data          0x200020b8        0x1 _build/mpu9x50.o
 *fill*         0x200020b9        0x1 
 .data          0x200020ba        0x3 _build/main.o
 .data          0x200020bd        0x1 _build/app_uart_fifo_mod.o
 *fill*         0x200020be        0x2 
 .data.impure_data
                0x200020c0       0x60 /gcc-arm-none-eabi-4_9-2015q3/bin/../lib/gcc/arm-none-eabi/4.9.3/../../../../arm-none-eabi/lib/armv6-m/libc_nano.a(lib_a-impure.o)
 .data._impure_ptr
                0x20002120        0x4 /gcc-arm-none-eabi-4_9-2015q3/bin/../lib/gcc/arm-none-eabi/4.9.3/../../../../arm-none-eabi/lib/armv6-m/libc_nano.a(lib_a-impure.o)
                0x20002120                _impure_ptr
                0x20002124                . = ALIGN (0x4)
                0x20002124                PROVIDE (__preinit_array_start, .)
 *(.preinit_array)
                0x20002124                PROVIDE (__preinit_array_end, .)
                0x20002124                . = ALIGN (0x4)
                0x20002124                PROVIDE (__init_array_start, .)
 *(SORT(.init_array.*))
 *(.init_array)
                0x20002124                PROVIDE (__init_array_end, .)
                0x20002124                . = ALIGN (0x4)
                0x20002124                PROVIDE (__fini_array_start, .)
 *(SORT(.fini_array.*))
 *(.fini_array)
                0x20002124                PROVIDE (__fini_array_end, .)
 *(.jcr)
                0x20002124                . = ALIGN (0x4)
                0x20002124                __data_end__ = .

.igot.plt       0x20002124        0x0 load address 0x0001e858
 .igot.plt      0x00000000        0x0 /gcc-arm-none-eabi-4_9-2015q3/bin/../lib/gcc/arm-none-eabi/4.9.3/armv6-m/crtbegin.o

.bss            0x20002128     0x1368 load address 0x0001e860
                0x20002128                . = ALIGN (0x4)
                0x20002128                __bss_start__ = .
 *(.bss*)
 .bss           0x20002128      0x9e8 _build/init.o
 .bss           0x20002b10        0x2 _build/battery.o
 .bss           0x20002b12        0x1 _build/max17048.o
 .bss           0x20002b13        0x3 _build/pca9538.o
 .bss           0x20002b16        0x1 _build/max1161x.o
 .bss           0x20002b17      0x411 _build/SEGGER_RTT.o
 .bss           0x20002f28       0x58 _build/nrf_pwm.o
 .bss           0x20002f80       0x11 _build/mpu9x50.o
 *fill*         0x20002f91        0x3 
 .bss           0x20002f94        0x4 _build/bme280.o
 .bss           0x20002f98       0x30 _build/ble_ambient.o
 .bss           0x20002fc8       0x78 _build/main.o
 .bss           0x20003040       0x31 _build/app_uart_fifo_mod.o
 *fill*         0x20003071        0x1 
 .bss           0x20003072       0x4a _build/ble_dis.o
 .bss           0x200030bc       0x18 _build/softdevice_handler.o
 .bss           0x200030d4       0x35 _build/ble_conn_params.o
 *fill*         0x20003109        0x3 
 .bss           0x2000310c       0x29 _build/app_timer.o
 *fill*         0x20003135        0x3 
 .bss           0x20003138       0xf8 _build/pstorage.o
 .bss           0x20003230      0x120 _build/device_manager_peripheral.o
 .bss           0x20003350        0xa _build/app_gpiote.o
 *fill*         0x2000335a        0x2 
 .bss           0x2000335c        0xe _build/app_scheduler.o
 *fill*         0x2000336a        0x2 
 .bss.__malloc_sbrk_start
                0x2000336c        0x4 /gcc-arm-none-eabi-4_9-2015q3/bin/../lib/gcc/arm-none-eabi/4.9.3/../../../../arm-none-eabi/lib/armv6-m/libc_nano.a(lib_a-nano-mallocr.o)
                0x2000336c                __malloc_sbrk_start
 .bss.__malloc_free_list
                0x20003370        0x4 /gcc-arm-none-eabi-4_9-2015q3/bin/../lib/gcc/arm-none-eabi/4.9.3/../../../../arm-none-eabi/lib/armv6-m/libc_nano.a(lib_a-nano-mallocr.o)
                0x20003370                __malloc_free_list
 .bss.heap_end.4079
                0x20003374        0x4 /gcc-arm-none-eabi-4_9-2015q3/bin/../lib/gcc/arm-none-eabi/4.9.3/../../../../arm-none-eabi/lib/armv6-m/libnosys.a(sbrk.o)
 *(COMMON)
 COMMON         0x20003378       0xd4 _build/init.o
                0x20003378                m_gauge_timer_id
                0x2000337c                m_gpiote_user_ch
                0x20003380                m_watchdog_timer_id
                0x20003384                twi_busy
                0x20003385                m_app_handle
                0x20003388                m_pr
                0x200033a8                high_voltage_on
                0x200033b0                m_hum
                0x200033d0                low_battery
                0x200033d4                m_amb
                0x20003428                m_temp
                0x20003448                m_base_timer_id
 COMMON         0x2000344c        0x1 _build/mpu9x50.o
                0x2000344c                device_address
 *fill*         0x2000344d        0x3 
 COMMON         0x20003450       0x3c _build/bme280.o
                0x20003450                bme280
 COMMON         0x2000348c        0x4 /gcc-arm-none-eabi-4_9-2015q3/bin/../lib/gcc/arm-none-eabi/4.9.3/../../../../arm-none-eabi/lib/armv6-m/libc_nano.a(lib_a-reent.o)
                0x2000348c                errno
                0x20003490                . = ALIGN (0x4)
                0x20003490                __bss_end__ = .

.heap           0x20003490        0x0
                0x20003490                __end__ = .
                0x20003490                end = __end__
 *(.heap*)
 .heap          0x20003490        0x0 _build/gcc_startup_nrf51.o
                0x20003490                __HeapLimit = .

.stack_dummy    0x20003490      0x800
 *(.stack*)
 .stack         0x20003490      0x800 _build/gcc_startup_nrf51.o
                0x20004000                __StackTop = (ORIGIN (RAM) + 0x2000)
                0x20003800                __StackLimit = (__StackTop - SIZEOF (.stack_dummy))
                0x20004000                PROVIDE (__stack, __StackTop)
                0x00000001                ASSERT ((__StackLimit >= __HeapLimit), region RAM overflowed with stack)
OUTPUT(_build/setec_s110_xxaa.out elf32-littlearm)

.ARM.attributes
                0x00000000       0x28
 .ARM.attributes
                0x00000000       0x1e /gcc-arm-none-eabi-4_9-2015q3/bin/../lib/gcc/arm-none-eabi/4.9.3/armv6-m/crti.o
 .ARM.attributes
                0x0000001e       0x1b /gcc-arm-none-eabi-4_9-2015q3/bin/../lib/gcc/arm-none-eabi/4.9.3/../../../../arm-none-eabi/lib/armv6-m/crt0.o
 .ARM.attributes
                0x00000039       0x31 _build/init.o
 .ARM.attributes
                0x0000006a       0x31 _build/ble_nus.o
 .ARM.attributes
                0x0000009b       0x31 _build/pr.o
 .ARM.attributes
                0x000000cc       0x31 _build/temp.o
 .ARM.attributes
                0x000000fd       0x31 _build/hum.o
 .ARM.attributes
                0x0000012e       0x31 _build/battery.o
 .ARM.attributes
                0x0000015f       0x31 _build/max17048.o
 .ARM.attributes
                0x00000190       0x31 _build/pca9538.o
 .ARM.attributes
                0x000001c1       0x31 _build/max1161x.o
 .ARM.attributes
                0x000001f2       0x31 _build/SEGGER_RTT.o
 .ARM.attributes
                0x00000223       0x31 _build/fhp_gpio.o
 .ARM.attributes
                0x00000254       0x31 _build/nrf_pwm.o
 .ARM.attributes
                0x00000285       0x31 _build/mpu9x50.o
 .ARM.attributes
                0x000002b6       0x31 _build/bme280.o
 .ARM.attributes
                0x000002e7       0x31 _build/ble_ambient.o
 .ARM.attributes
                0x00000318       0x31 _build/main.o
 .ARM.attributes
                0x00000349       0x31 _build/app_uart_fifo_mod.o
 .ARM.attributes
                0x0000037a       0x31 _build/utils.o
 .ARM.attributes
                0x000003ab       0x31 _build/twi_hw_master.o
 .ARM.attributes
                0x000003dc       0x31 _build/ble_dis.o
 .ARM.attributes
                0x0000040d       0x31 _build/ble_srv_common.o
 .ARM.attributes
                0x0000043e       0x31 _build/softdevice_handler.o
 .ARM.attributes
                0x0000046f       0x31 _build/ble_advdata.o
 .ARM.attributes
                0x000004a0       0x31 _build/ble_conn_params.o
 .ARM.attributes
                0x000004d1       0x31 _build/app_timer.o
 .ARM.attributes
                0x00000502       0x31 _build/pstorage.o
 .ARM.attributes
                0x00000533       0x31 _build/device_manager_peripheral.o
 .ARM.attributes
                0x00000564       0x31 _build/app_gpiote.o
 .ARM.attributes
                0x00000595       0x31 _build/nrf_delay.o
 .ARM.attributes
                0x000005c6       0x31 _build/app_scheduler.o
 .ARM.attributes
                0x000005f7       0x31 _build/app_fifo.o
 .ARM.attributes
                0x00000628       0x31 _build/system_nrf51.o
 .ARM.attributes
                0x00000659       0x1b _build/gcc_startup_nrf51.o
 .ARM.attributes
                0x00000674       0x1e /gcc-arm-none-eabi-4_9-2015q3/bin/../lib/gcc/arm-none-eabi/4.9.3/armv6-m/libgcc.a(_thumb1_case_uqi.o)
 .ARM.attributes
                0x00000692       0x1e /gcc-arm-none-eabi-4_9-2015q3/bin/../lib/gcc/arm-none-eabi/4.9.3/armv6-m/libgcc.a(_udivsi3.o)
 .ARM.attributes
                0x000006b0       0x1e /gcc-arm-none-eabi-4_9-2015q3/bin/../lib/gcc/arm-none-eabi/4.9.3/armv6-m/libgcc.a(_divsi3.o)
 .ARM.attributes
                0x000006ce       0x1e /gcc-arm-none-eabi-4_9-2015q3/bin/../lib/gcc/arm-none-eabi/4.9.3/armv6-m/libgcc.a(_dvmd_tls.o)
 .ARM.attributes
                0x000006ec       0x1e /gcc-arm-none-eabi-4_9-2015q3/bin/../lib/gcc/arm-none-eabi/4.9.3/armv6-m/libgcc.a(_aeabi_uldivmod.o)
 .ARM.attributes
                0x0000070a       0x2c /gcc-arm-none-eabi-4_9-2015q3/bin/../lib/gcc/arm-none-eabi/4.9.3/armv6-m/libgcc.a(bpabi.o)
 .ARM.attributes
                0x00000736       0x2c /gcc-arm-none-eabi-4_9-2015q3/bin/../lib/gcc/arm-none-eabi/4.9.3/armv6-m/libgcc.a(_muldi3.o)
 .ARM.attributes
                0x00000762       0x2c /gcc-arm-none-eabi-4_9-2015q3/bin/../lib/gcc/arm-none-eabi/4.9.3/armv6-m/libgcc.a(_divdi3.o)
 .ARM.attributes
                0x0000078e       0x2c /gcc-arm-none-eabi-4_9-2015q3/bin/../lib/gcc/arm-none-eabi/4.9.3/armv6-m/libgcc.a(_udivdi3.o)
 .ARM.attributes
                0x000007ba       0x1e /gcc-arm-none-eabi-4_9-2015q3/bin/../lib/gcc/arm-none-eabi/4.9.3/armv6-m/libgcc.a(_clzdi2.o)
 .ARM.attributes
                0x000007d8       0x1e /gcc-arm-none-eabi-4_9-2015q3/bin/../lib/gcc/arm-none-eabi/4.9.3/armv6-m/libgcc.a(_clzsi2.o)
 .ARM.attributes
                0x000007f6       0x2c /gcc-arm-none-eabi-4_9-2015q3/bin/../lib/gcc/arm-none-eabi/4.9.3/../../../../arm-none-eabi/lib/armv6-m/libc_nano.a(lib_a-exit.o)
 .ARM.attributes
                0x00000822       0x2c /gcc-arm-none-eabi-4_9-2015q3/bin/../lib/gcc/arm-none-eabi/4.9.3/../../../../arm-none-eabi/lib/armv6-m/libc_nano.a(lib_a-impure.o)
 .ARM.attributes
                0x0000084e       0x2c /gcc-arm-none-eabi-4_9-2015q3/bin/../lib/gcc/arm-none-eabi/4.9.3/../../../../arm-none-eabi/lib/armv6-m/libc_nano.a(lib_a-init.o)
 .ARM.attributes
                0x0000087a       0x2c /gcc-arm-none-eabi-4_9-2015q3/bin/../lib/gcc/arm-none-eabi/4.9.3/../../../../arm-none-eabi/lib/armv6-m/libc_nano.a(lib_a-memcmp.o)
 .ARM.attributes
                0x000008a6       0x2c /gcc-arm-none-eabi-4_9-2015q3/bin/../lib/gcc/arm-none-eabi/4.9.3/../../../../arm-none-eabi/lib/armv6-m/libc_nano.a(lib_a-memcpy.o)
 .ARM.attributes
                0x000008d2       0x2c /gcc-arm-none-eabi-4_9-2015q3/bin/../lib/gcc/arm-none-eabi/4.9.3/../../../../arm-none-eabi/lib/armv6-m/libc_nano.a(lib_a-memset.o)
 .ARM.attributes
                0x000008fe       0x2c /gcc-arm-none-eabi-4_9-2015q3/bin/../lib/gcc/arm-none-eabi/4.9.3/../../../../arm-none-eabi/lib/armv6-m/libc_nano.a(lib_a-nano-freer.o)
 .ARM.attributes
                0x0000092a       0x2c /gcc-arm-none-eabi-4_9-2015q3/bin/../lib/gcc/arm-none-eabi/4.9.3/../../../../arm-none-eabi/lib/armv6-m/libc_nano.a(lib_a-nano-mallocr.o)
 .ARM.attributes
                0x00000956       0x2c /gcc-arm-none-eabi-4_9-2015q3/bin/../lib/gcc/arm-none-eabi/4.9.3/../../../../arm-none-eabi/lib/armv6-m/libc_nano.a(lib_a-sbrkr.o)
 .ARM.attributes
                0x00000982       0x2c /gcc-arm-none-eabi-4_9-2015q3/bin/../lib/gcc/arm-none-eabi/4.9.3/../../../../arm-none-eabi/lib/armv6-m/libc_nano.a(lib_a-sprintf.o)
 .ARM.attributes
                0x000009ae       0x2c /gcc-arm-none-eabi-4_9-2015q3/bin/../lib/gcc/arm-none-eabi/4.9.3/../../../../arm-none-eabi/lib/armv6-m/libc_nano.a(lib_a-strcpy.o)
 .ARM.attributes
                0x000009da       0x2c /gcc-arm-none-eabi-4_9-2015q3/bin/../lib/gcc/arm-none-eabi/4.9.3/../../../../arm-none-eabi/lib/armv6-m/libc_nano.a(lib_a-strlen.o)
 .ARM.attributes
                0x00000a06       0x2c /gcc-arm-none-eabi-4_9-2015q3/bin/../lib/gcc/arm-none-eabi/4.9.3/../../../../arm-none-eabi/lib/armv6-m/libc_nano.a(lib_a-nano-svfprintf.o)
 .ARM.attributes
                0x00000a32       0x2c /gcc-arm-none-eabi-4_9-2015q3/bin/../lib/gcc/arm-none-eabi/4.9.3/../../../../arm-none-eabi/lib/armv6-m/libc_nano.a(lib_a-nano-vfprintf_i.o)
 .ARM.attributes
                0x00000a5e       0x2c /gcc-arm-none-eabi-4_9-2015q3/bin/../lib/gcc/arm-none-eabi/4.9.3/../../../../arm-none-eabi/lib/armv6-m/libc_nano.a(lib_a-reent.o)
 .ARM.attributes
                0x00000a8a       0x2c /gcc-arm-none-eabi-4_9-2015q3/bin/../lib/gcc/arm-none-eabi/4.9.3/../../../../arm-none-eabi/lib/armv6-m/libc_nano.a(lib_a-memchr.o)
 .ARM.attributes
                0x00000ab6       0x2c /gcc-arm-none-eabi-4_9-2015q3/bin/../lib/gcc/arm-none-eabi/4.9.3/../../../../arm-none-eabi/lib/armv6-m/libc_nano.a(lib_a-memmove.o)
 .ARM.attributes
                0x00000ae2       0x2c /gcc-arm-none-eabi-4_9-2015q3/bin/../lib/gcc/arm-none-eabi/4.9.3/../../../../arm-none-eabi/lib/armv6-m/libc_nano.a(lib_a-nano-reallocr.o)
 .ARM.attributes
                0x00000b0e       0x2c /gcc-arm-none-eabi-4_9-2015q3/bin/../lib/gcc/arm-none-eabi/4.9.3/../../../../arm-none-eabi/lib/armv6-m/libc_nano.a(lib_a-nano-msizer.o)
 .ARM.attributes
                0x00000b3a       0x1e /gcc-arm-none-eabi-4_9-2015q3/bin/../lib/gcc/arm-none-eabi/4.9.3/armv6-m/crtn.o
 .ARM.attributes
                0x00000b58       0x2c /gcc-arm-none-eabi-4_9-2015q3/bin/../lib/gcc/arm-none-eabi/4.9.3/../../../../arm-none-eabi/lib/armv6-m/libnosys.a(sbrk.o)
 .ARM.attributes
                0x00000b84       0x2c /gcc-arm-none-eabi-4_9-2015q3/bin/../lib/gcc/arm-none-eabi/4.9.3/../../../../arm-none-eabi/lib/armv6-m/libnosys.a(_exit.o)

.comment        0x00000000       0x70
 .comment       0x00000000       0x70 _build/init.o
                                 0x71 (size before relaxing)
 .comment       0x00000000       0x71 _build/ble_nus.o
 .comment       0x00000000       0x71 _build/pr.o
 .comment       0x00000000       0x71 _build/temp.o
 .comment       0x00000000       0x71 _build/hum.o
 .comment       0x00000000       0x71 _build/battery.o
 .comment       0x00000000       0x71 _build/max17048.o
 .comment       0x00000000       0x71 _build/pca9538.o
 .comment       0x00000000       0x71 _build/max1161x.o
 .comment       0x00000000       0x71 _build/SEGGER_RTT.o
 .comment       0x00000000       0x71 _build/fhp_gpio.o
 .comment       0x00000000       0x71 _build/nrf_pwm.o
 .comment       0x00000000       0x71 _build/mpu9x50.o
 .comment       0x00000000       0x71 _build/bme280.o
 .comment       0x00000000       0x71 _build/ble_ambient.o
 .comment       0x00000000       0x71 _build/main.o
 .comment       0x00000000       0x71 _build/app_uart_fifo_mod.o
 .comment       0x00000000       0x71 _build/utils.o
 .comment       0x00000000       0x71 _build/twi_hw_master.o
 .comment       0x00000000       0x71 _build/ble_dis.o
 .comment       0x00000000       0x71 _build/ble_srv_common.o
 .comment       0x00000000       0x71 _build/softdevice_handler.o
 .comment       0x00000000       0x71 _build/ble_advdata.o
 .comment       0x00000000       0x71 _build/ble_conn_params.o
 .comment       0x00000000       0x71 _build/app_timer.o
 .comment       0x00000000       0x71 _build/pstorage.o
 .comment       0x00000000       0x71 _build/device_manager_peripheral.o
 .comment       0x00000000       0x71 _build/app_gpiote.o
 .comment       0x00000000       0x71 _build/nrf_delay.o
 .comment       0x00000000       0x71 _build/app_scheduler.o
 .comment       0x00000000       0x71 _build/app_fifo.o
 .comment       0x00000000       0x71 _build/system_nrf51.o

.debug_frame    0x00000000      0x500
 .debug_frame   0x00000000       0x20 /gcc-arm-none-eabi-4_9-2015q3/bin/../lib/gcc/arm-none-eabi/4.9.3/armv6-m/libgcc.a(_udivsi3.o)
 .debug_frame   0x00000020       0x20 /gcc-arm-none-eabi-4_9-2015q3/bin/../lib/gcc/arm-none-eabi/4.9.3/armv6-m/libgcc.a(_divsi3.o)
 .debug_frame   0x00000040       0x50 /gcc-arm-none-eabi-4_9-2015q3/bin/../lib/gcc/arm-none-eabi/4.9.3/armv6-m/libgcc.a(bpabi.o)
 .debug_frame   0x00000090       0x34 /gcc-arm-none-eabi-4_9-2015q3/bin/../lib/gcc/arm-none-eabi/4.9.3/armv6-m/libgcc.a(_muldi3.o)
 .debug_frame   0x000000c4       0x3c /gcc-arm-none-eabi-4_9-2015q3/bin/../lib/gcc/arm-none-eabi/4.9.3/armv6-m/libgcc.a(_divdi3.o)
 .debug_frame   0x00000100       0x3c /gcc-arm-none-eabi-4_9-2015q3/bin/../lib/gcc/arm-none-eabi/4.9.3/armv6-m/libgcc.a(_udivdi3.o)
 .debug_frame   0x0000013c       0x28 /gcc-arm-none-eabi-4_9-2015q3/bin/../lib/gcc/arm-none-eabi/4.9.3/../../../../arm-none-eabi/lib/armv6-m/libc_nano.a(lib_a-exit.o)
 .debug_frame   0x00000164       0x2c /gcc-arm-none-eabi-4_9-2015q3/bin/../lib/gcc/arm-none-eabi/4.9.3/../../../../arm-none-eabi/lib/armv6-m/libc_nano.a(lib_a-init.o)
 .debug_frame   0x00000190       0x2c /gcc-arm-none-eabi-4_9-2015q3/bin/../lib/gcc/arm-none-eabi/4.9.3/../../../../arm-none-eabi/lib/armv6-m/libc_nano.a(lib_a-memcmp.o)
 .debug_frame   0x000001bc       0x28 /gcc-arm-none-eabi-4_9-2015q3/bin/../lib/gcc/arm-none-eabi/4.9.3/../../../../arm-none-eabi/lib/armv6-m/libc_nano.a(lib_a-memcpy.o)
 .debug_frame   0x000001e4       0x20 /gcc-arm-none-eabi-4_9-2015q3/bin/../lib/gcc/arm-none-eabi/4.9.3/../../../../arm-none-eabi/lib/armv6-m/libc_nano.a(lib_a-memset.o)
 .debug_frame   0x00000204       0x2c /gcc-arm-none-eabi-4_9-2015q3/bin/../lib/gcc/arm-none-eabi/4.9.3/../../../../arm-none-eabi/lib/armv6-m/libc_nano.a(lib_a-nano-freer.o)
 .debug_frame   0x00000230       0x2c /gcc-arm-none-eabi-4_9-2015q3/bin/../lib/gcc/arm-none-eabi/4.9.3/../../../../arm-none-eabi/lib/armv6-m/libc_nano.a(lib_a-nano-mallocr.o)
 .debug_frame   0x0000025c       0x2c /gcc-arm-none-eabi-4_9-2015q3/bin/../lib/gcc/arm-none-eabi/4.9.3/../../../../arm-none-eabi/lib/armv6-m/libc_nano.a(lib_a-sbrkr.o)
 .debug_frame   0x00000288       0x50 /gcc-arm-none-eabi-4_9-2015q3/bin/../lib/gcc/arm-none-eabi/4.9.3/../../../../arm-none-eabi/lib/armv6-m/libc_nano.a(lib_a-sprintf.o)
 .debug_frame   0x000002d8       0x20 /gcc-arm-none-eabi-4_9-2015q3/bin/../lib/gcc/arm-none-eabi/4.9.3/../../../../arm-none-eabi/lib/armv6-m/libc_nano.a(lib_a-strcpy.o)
 .debug_frame   0x000002f8       0x20 /gcc-arm-none-eabi-4_9-2015q3/bin/../lib/gcc/arm-none-eabi/4.9.3/../../../../arm-none-eabi/lib/armv6-m/libc_nano.a(lib_a-strlen.o)
 .debug_frame   0x00000318       0x74 /gcc-arm-none-eabi-4_9-2015q3/bin/../lib/gcc/arm-none-eabi/4.9.3/../../../../arm-none-eabi/lib/armv6-m/libc_nano.a(lib_a-nano-svfprintf.o)
 .debug_frame   0x0000038c       0x54 /gcc-arm-none-eabi-4_9-2015q3/bin/../lib/gcc/arm-none-eabi/4.9.3/../../../../arm-none-eabi/lib/armv6-m/libc_nano.a(lib_a-nano-vfprintf_i.o)
 .debug_frame   0x000003e0       0x48 /gcc-arm-none-eabi-4_9-2015q3/bin/../lib/gcc/arm-none-eabi/4.9.3/../../../../arm-none-eabi/lib/armv6-m/libc_nano.a(lib_a-reent.o)
 .debug_frame   0x00000428       0x20 /gcc-arm-none-eabi-4_9-2015q3/bin/../lib/gcc/arm-none-eabi/4.9.3/../../../../arm-none-eabi/lib/armv6-m/libc_nano.a(lib_a-memchr.o)
 .debug_frame   0x00000448       0x28 /gcc-arm-none-eabi-4_9-2015q3/bin/../lib/gcc/arm-none-eabi/4.9.3/../../../../arm-none-eabi/lib/armv6-m/libc_nano.a(lib_a-memmove.o)
 .debug_frame   0x00000470       0x30 /gcc-arm-none-eabi-4_9-2015q3/bin/../lib/gcc/arm-none-eabi/4.9.3/../../../../arm-none-eabi/lib/armv6-m/libc_nano.a(lib_a-nano-reallocr.o)
 .debug_frame   0x000004a0       0x20 /gcc-arm-none-eabi-4_9-2015q3/bin/../lib/gcc/arm-none-eabi/4.9.3/../../../../arm-none-eabi/lib/armv6-m/libc_nano.a(lib_a-nano-msizer.o)
 .debug_frame   0x000004c0       0x20 /gcc-arm-none-eabi-4_9-2015q3/bin/../lib/gcc/arm-none-eabi/4.9.3/../../../../arm-none-eabi/lib/armv6-m/libnosys.a(sbrk.o)
 .debug_frame   0x000004e0       0x20 /gcc-arm-none-eabi-4_9-2015q3/bin/../lib/gcc/arm-none-eabi/4.9.3/../../../../arm-none-eabi/lib/armv6-m/libnosys.a(_exit.o)
